******************************************************************************
                  TI ARM Linker PC v16.6.0                     
******************************************************************************
>> Linked Mon Nov 28 18:26:18 2016

OUTPUT FILE NAME:   <UART.out>
ENTRY POINT SYMBOL: "_c_int00"  address: 00000d95


MEMORY CONFIGURATION

         name            origin    length      used     unused   attr    fill
----------------------  --------  ---------  --------  --------  ----  --------
  MAIN                  00000000   00040000  0000102a  0003efd6  R  X
  INFO                  00200000   00004000  00000000  00004000  R  X
  SRAM_CODE             01000000   00010000  000009fc  0000f604  RW X
  SRAM_DATA             20000000   00010000  000009fc  0000f604  RW  


SEGMENT ALLOCATION MAP

run origin  load origin   length   init length attrs members
----------  ----------- ---------- ----------- ----- -------
00000000    00000000    00001030   00001030    r-x
  00000000    00000000    000000e4   000000e4    r-- .intvecs
  000000e4    000000e4    00000f0a   00000f0a    r-x .text
  00000ff0    00000ff0    00000004   00000004    r-- .init_array
  00000ff8    00000ff8    00000038   00000038    r-- .cinit
20000000    20000000    000007fc   00000000    rw-
  20000000    20000000    000007e0   00000000    rw- .bss
  200007e0    200007e0    0000001c   00000000    rw- .data
2000fe00    2000fe00    00000200   00000000    rw-
  2000fe00    2000fe00    00000200   00000000    rw- .stack


SECTION ALLOCATION MAP

 output                                  attributes/
section   page    origin      length       input sections
--------  ----  ----------  ----------   ----------------
.intvecs   0    00000000    000000e4     
                  00000000    000000e4     startup_msp432p401r_ccs.obj (.intvecs:retain)

.binit     0    00000000    00000000     

.text      0    000000e4    00000f0a     
                  000000e4    000003d8     Shared.lib : uart.obj (.text)
                  000004bc    00000370     system_msp432p401r.obj (.text)
                  0000082c    000001f4     rtsv7M4_T_le_v4SPD16_eabi.lib : ull_div_t2.obj (.text)
                  00000a20    00000130     main.obj (.text)
                  00000b50    0000009c     rtsv7M4_T_le_v4SPD16_eabi.lib : memcpy_t2.obj (.text)
                  00000bec    0000007a                                   : memset_t2.obj (.text)
                  00000c66    00000002                                   : mpu_init.obj (.text)
                  00000c68    00000070                                   : autoinit.obj (.text)
                  00000cd8    00000066                                   : copy_decompress_lzss.obj (.text:decompress:lzss)
                  00000d3e    00000054     Shared.lib : uart.obj (.text:_ZN7Buffers13RollingBufferC1ENS_10BaseBufferE)
                  00000d92    00000002     rtsv7M4_T_le_v4SPD16_eabi.lib : startup.obj (.text)
                  00000d94    00000054                                   : boot.obj (.text)
                  00000de8    00000054                                   : exit.obj (.text)
                  00000e3c    0000004e     Shared.lib : uart.obj (.text:_ZN7Buffers13RollingBuffer7DequeueEv)
                  00000e8a    0000004e                : uart.obj (.text:_ZN7Buffers13RollingBuffer7EnqueueEh)
                  00000ed8    0000004c     rtsv7M4_T_le_v4SPD16_eabi.lib : cpy_tbl.obj (.text)
                  00000f24    0000001c     Shared.lib : uart.obj (.text:_ZN7Buffers10BaseBufferC1EPhi)
                  00000f40    00000018     rtsv7M4_T_le_v4SPD16_eabi.lib : args_main.obj (.text)
                  00000f58    00000014     Shared.lib : uart.obj (.text:_ZN7Buffers13RollingBuffer7IsEmptyEv)
                  00000f6c    00000014     rtsv7M4_T_le_v4SPD16_eabi.lib : _lock.obj (.text)
                  00000f80    0000000e     Shared.lib : uart.obj (.text:_ZN7Buffers10AutoBufferILi300EE7GetSizeEv)
                  00000f8e    0000000e     main.obj (.text:_ZN7Buffers10BaseBuffer7GetDataEv)
                  00000f9c    0000000e     Shared.lib : uart.obj (.text:_ZN7Buffers10BaseBuffer7GetSizeEv)
                  00000faa    0000000e     rtsv7M4_T_le_v4SPD16_eabi.lib : copy_decompress_none.obj (.text:decompress:none)
                  00000fb8    0000000e     startup_msp432p401r_ccs.obj (.text)
                  00000fc6    0000000c     Shared.lib : uart.obj (.text:_ZN7Buffers10AutoBufferILi300EE7GetDataEv)
                  00000fd2    0000000c                : uart.obj (.text:_ZN7Buffers10AutoBufferILi300EEC1Ev)
                  00000fde    0000000c     rtsv7M4_T_le_v4SPD16_eabi.lib : copy_zero_init.obj (.text:decompress:ZI)
                  00000fea    00000004                                   : pre_init.obj (.text)

.init_array 
*          0    00000ff0    00000004     
                  00000ff0    00000004     Shared.lib : uart.obj (.init_array)

.cinit     0    00000ff8    00000038     
                  00000ff8    00000014     (.cinit..data.load) [load image, compression = lzss]
                  0000100c    0000000c     (__TI_handler_table)
                  00001018    00000008     (.cinit..bss.load) [load image, compression = zero_init]
                  00001020    00000010     (__TI_cinit_table)

.bss       0    20000000    000007e0     UNINITIALIZED
                  20000000    0000012c     Shared.lib : uart.obj (.bss:_ZN12Peripherials8A1_rawRxE)
                  2000012c    0000012c                : uart.obj (.bss:_ZN12Peripherials8A1_rawTxE)
                  20000258    0000012c                : uart.obj (.bss:_ZN12Peripherials8A2_rawRxE)
                  20000384    0000012c                : uart.obj (.bss:_ZN12Peripherials8A2_rawTxE)
                  200004b0    0000012c                : uart.obj (.bss:_ZN12Peripherials8A3_rawRxE)
                  200005dc    0000012c                : uart.obj (.bss:_ZN12Peripherials8A3_rawTxE)
                  20000708    00000024                : uart.obj (.bss:_ZN12Peripherials7UART_A1E)
                  2000072c    00000024                : uart.obj (.bss:_ZN12Peripherials7UART_A2E)
                  20000750    00000024                : uart.obj (.bss:_ZN12Peripherials7UART_A3E)
                  20000774    00000014                : uart.obj (.bss:_ZN12Peripherials10A1_txQueueE)
                  20000788    00000014                : uart.obj (.bss:_ZN12Peripherials10A2_txQueueE)
                  2000079c    00000014                : uart.obj (.bss:_ZN12Peripherials10A3_txQueueE)
                  200007b0    00000008                : uart.obj (.bss:_ZN12Peripherials11A1_rxBufferE)
                  200007b8    00000008                : uart.obj (.bss:_ZN12Peripherials11A1_txBufferE)
                  200007c0    00000008                : uart.obj (.bss:_ZN12Peripherials11A2_rxBufferE)
                  200007c8    00000008                : uart.obj (.bss:_ZN12Peripherials11A2_txBufferE)
                  200007d0    00000008                : uart.obj (.bss:_ZN12Peripherials11A3_rxBufferE)
                  200007d8    00000008                : uart.obj (.bss:_ZN12Peripherials11A3_txBufferE)

.data      0    200007e0    0000001c     UNINITIALIZED
                  200007e0    0000000c     rtsv7M4_T_le_v4SPD16_eabi.lib : exit.obj (.data:$O1$$)
                  200007ec    00000008                                   : _lock.obj (.data:$O1$$)
                  200007f4    00000004                                   : stkdepth_vars.obj (.data)
                  200007f8    00000004     system_msp432p401r.obj (.data)

.stack     0    2000fe00    00000200     UNINITIALIZED
                  2000fe00    00000200     --HOLE--

MODULE SUMMARY

       Module                        code   ro data   rw data
       ------                        ----   -------   -------
    .\
       system_msp432p401r.obj        880    0         8      
       main.obj                      318    0         0      
       startup_msp432p401r_ccs.obj   14     228       0      
    +--+-----------------------------+------+---------+---------+
       Total:                        1212   228       8      
                                                             
    C:\TI\ccsv6\tools\compiler\ti-cgt-arm_16.6.0.STS\lib\rtsv7M4_T_le_v4SPD16_eabi.lib
       ull_div_t2.obj                500    0         0      
       memcpy_t2.obj                 156    0         0      
       memset_t2.obj                 122    0         0      
       autoinit.obj                  112    0         0      
       exit.obj                      84     0         24     
       copy_decompress_lzss.obj      102    0         0      
       boot.obj                      84     0         0      
       cpy_tbl.obj                   76     0         0      
       _lock.obj                     20     0         16     
       args_main.obj                 24     0         0      
       copy_decompress_none.obj      14     0         0      
       copy_zero_init.obj            12     0         0      
       stkdepth_vars.obj             0      0         8      
       pre_init.obj                  4      0         0      
       mpu_init.obj                  2      0         0      
       startup.obj                   2      0         0      
    +--+-----------------------------+------+---------+---------+
       Total:                        1314   0         48     
                                                             
    G:/Data/MAVRIC/MAVRIC_Firmware/FW2017/Shared/Debug/Shared.lib
       uart.obj                      1324   4         4032   
    +--+-----------------------------+------+---------+---------+
       Total:                        1324   4         4032   
                                                             
       Stack:                        0      0         1024   
       Linker Generated:             0      56        0      
    +--+-----------------------------+------+---------+---------+
       Grand Total:                  3850   288       5112   


LINKER GENERATED COPY TABLES

__TI_cinit_table @ 00001020 records: 2, size/record: 8, table size: 16
	.data: load addr=00000ff8, load size=00000014 bytes, run addr=200007e0, run size=0000001c bytes, compression=lzss
	.bss: load addr=00001018, load size=00000008 bytes, run addr=20000000, run size=000007e0 bytes, compression=zero_init


LINKER GENERATED HANDLER TABLE

__TI_handler_table @ 0000100c records: 3, size/record: 4, table size: 12
	index: 0, handler: __TI_decompress_lzss
	index: 1, handler: __TI_decompress_none
	index: 2, handler: __TI_zero_init


GLOBAL SYMBOLS: SORTED ALPHABETICALLY BY Name 

address   name                                                                                
-------   ----                                                                                
00000fc5  ADC14_IRQHandler                                                                    
00000fc5  AES256_IRQHandler                                                                   
00000fc5  BusFault_Handler                                                                    
00000de9  C$$EXIT                                                                             
00000fc5  COMP_E0_IRQHandler                                                                  
00000fc5  COMP_E1_IRQHandler                                                                  
00000fc5  CS_IRQHandler                                                                       
00000fc5  DMA_ERR_IRQHandler                                                                  
00000fc5  DMA_INT0_IRQHandler                                                                 
00000fc5  DMA_INT1_IRQHandler                                                                 
00000fc5  DMA_INT2_IRQHandler                                                                 
00000fc5  DMA_INT3_IRQHandler                                                                 
00000fc5  DebugMon_Handler                                                                    
00000fc5  Default_Handler                                                                     
00000fc5  EUSCIA0_IRQHandler                                                                  
000000e5  EUSCIA1_IRQHandler                                                                  
000000e5  EUSCIA1_IRQHandler                                                                  
000000ef  EUSCIA2_IRQHandler                                                                  
000000ef  EUSCIA2_IRQHandler                                                                  
000000f9  EUSCIA3_IRQHandler                                                                  
000000f9  EUSCIA3_IRQHandler                                                                  
00000fc5  EUSCIB0_IRQHandler                                                                  
00000fc5  EUSCIB1_IRQHandler                                                                  
00000fc5  EUSCIB2_IRQHandler                                                                  
00000fc5  EUSCIB3_IRQHandler                                                                  
00000fc5  FLCTL_IRQHandler                                                                    
00000fc5  FPU_IRQHandler                                                                      
00000fc5  HardFault_Handler                                                                   
00000fc5  MemManage_Handler                                                                   
00000fc5  NMI_Handler                                                                         
00000fc5  PCM_IRQHandler                                                                      
00000fc5  PORT1_IRQHandler                                                                    
00000fc5  PORT2_IRQHandler                                                                    
00000fc5  PORT3_IRQHandler                                                                    
00000fc5  PORT4_IRQHandler                                                                    
00000fc5  PORT5_IRQHandler                                                                    
00000fc5  PORT6_IRQHandler                                                                    
00000fc5  PSS_IRQHandler                                                                      
00000fc5  PendSV_Handler                                                                      
00000fc5  RTC_C_IRQHandler                                                                    
00000fb9  Reset_Handler                                                                       
00000ff0  SHT$$INIT_ARRAY$$Base                                                               
00000ff4  SHT$$INIT_ARRAY$$Limit                                                              
00000fc5  SVC_Handler                                                                         
00000fc5  SysTick_Handler                                                                     
200007f8  SystemCoreClock                                                                     
000004bd  SystemCoreClockUpdate                                                               
00000731  SystemInit                                                                          
00000fc5  T32_INT1_IRQHandler                                                                 
00000fc5  T32_INT2_IRQHandler                                                                 
00000fc5  T32_INTC_IRQHandler                                                                 
00000fc5  TA0_0_IRQHandler                                                                    
00000fc5  TA0_N_IRQHandler                                                                    
00000fc5  TA1_0_IRQHandler                                                                    
00000fc5  TA1_N_IRQHandler                                                                    
00000fc5  TA2_0_IRQHandler                                                                    
00000fc5  TA2_N_IRQHandler                                                                    
00000fc5  TA3_0_IRQHandler                                                                    
00000fc5  TA3_N_IRQHandler                                                                    
00000fc5  UsageFault_Handler                                                                  
4000480c  WDTCTL_SYM                                                                          
00000fc5  WDT_A_IRQHandler                                                                    
20000774  _ZN12Peripherials10A1_txQueueE                                                      
20000788  _ZN12Peripherials10A2_txQueueE                                                      
2000079c  _ZN12Peripherials10A3_txQueueE                                                      
200007b0  _ZN12Peripherials11A1_rxBufferE                                                     
200007b8  _ZN12Peripherials11A1_txBufferE                                                     
200007c0  _ZN12Peripherials11A2_rxBufferE                                                     
200007c8  _ZN12Peripherials11A2_txBufferE                                                     
200007d0  _ZN12Peripherials11A3_rxBufferE                                                     
200007d8  _ZN12Peripherials11A3_txBufferE                                                     
00000245  _ZN12Peripherials4UART11ClearBufferEv                                               
00000263  _ZN12Peripherials4UART11OnInterruptEv                                               
00000255  _ZN12Peripherials4UART15GetBufferLengthEv                                           
00000203  _ZN12Peripherials4UART4SendEPc                                                      
000001e1  _ZN12Peripherials4UART4SendEc                                                       
00000231  _ZN12Peripherials4UART9GetBufferEv                                                  
00000103  _ZN12Peripherials4UARTC1ER12EUSCI_A_TypeiN7Buffers13RollingBufferENS3_10BaseBufferEb
00000103  _ZN12Peripherials4UARTC2ER12EUSCI_A_TypeiN7Buffers13RollingBufferENS3_10BaseBufferEb
20000708  _ZN12Peripherials7UART_A1E                                                          
2000072c  _ZN12Peripherials7UART_A2E                                                          
20000750  _ZN12Peripherials7UART_A3E                                                          
20000000  _ZN12Peripherials8A1_rawRxE                                                         
2000012c  _ZN12Peripherials8A1_rawTxE                                                         
20000258  _ZN12Peripherials8A2_rawRxE                                                         
20000384  _ZN12Peripherials8A2_rawTxE                                                         
200004b0  _ZN12Peripherials8A3_rawRxE                                                         
200005dc  _ZN12Peripherials8A3_rawTxE                                                         
00000fc7  _ZN7Buffers10AutoBufferILi300EE7GetDataEv                                           
00000f81  _ZN7Buffers10AutoBufferILi300EE7GetSizeEv                                           
00000fd3  _ZN7Buffers10AutoBufferILi300EEC1Ev                                                 
00000f8f  _ZN7Buffers10BaseBuffer7GetDataEv                                                   
00000f9d  _ZN7Buffers10BaseBuffer7GetSizeEv                                                   
00000f25  _ZN7Buffers10BaseBufferC1EPhi                                                       
00000e3d  _ZN7Buffers13RollingBuffer7DequeueEv                                                
00000e8b  _ZN7Buffers13RollingBuffer7EnqueueEh                                                
00000f59  _ZN7Buffers13RollingBuffer7IsEmptyEv                                                
00000d3f  _ZN7Buffers13RollingBufferC1ENS_10BaseBufferE                                       
20010000  __STACK_END                                                                         
00000200  __STACK_SIZE                                                                        
00001020  __TI_CINIT_Base                                                                     
00001030  __TI_CINIT_Limit                                                                    
0000100c  __TI_Handler_Table_Base                                                             
00001018  __TI_Handler_Table_Limit                                                            
00000c69  __TI_auto_init                                                                      
200007e0  __TI_cleanup_ptr                                                                    
00000cd9  __TI_decompress_lzss                                                                
00000fab  __TI_decompress_none                                                                
200007e4  __TI_dtors_ptr                                                                      
200007e8  __TI_enable_exit_profile_output                                                     
ffffffff  __TI_pprof_out_hndl                                                                 
ffffffff  __TI_prof_data_size                                                                 
ffffffff  __TI_prof_data_start                                                                
00000000  __TI_static_base__                                                                  
00000fdf  __TI_zero_init                                                                      
00000bed  __aeabi_memclr                                                                      
00000bed  __aeabi_memclr4                                                                     
00000bed  __aeabi_memclr8                                                                     
00000b51  __aeabi_memcpy                                                                      
00000b51  __aeabi_memcpy4                                                                     
00000b51  __aeabi_memcpy8                                                                     
00000bef  __aeabi_memset                                                                      
00000bef  __aeabi_memset4                                                                     
00000bef  __aeabi_memset8                                                                     
0000082d  __aeabi_uldivmod                                                                    
ffffffff  __binit__                                                                           
ffffffff  __c_args__                                                                          
00000c67  __mpu_init                                                                          
2000fe00  __stack                                                                             
000002e9  __sti___8_uart_cpp_4dae890a                                                         
00000f41  _args_main                                                                          
00000d95  _c_int00                                                                            
200007ec  _lock                                                                               
00000f7b  _nop                                                                                
00000f73  _register_lock                                                                      
00000f6d  _register_unlock                                                                    
00000d93  _system_post_cinit                                                                  
00000feb  _system_pre_init                                                                    
200007f0  _unlock                                                                             
00000ded  abort                                                                               
ffffffff  binit                                                                               
00000ed9  copy_in                                                                             
00000df5  exit                                                                                
00000000  interruptVectors                                                                    
00000a45  main                                                                                
200007f4  main_func_sp                                                                        
00000b51  memcpy                                                                              
00000bf5  memset                                                                              


GLOBAL SYMBOLS: SORTED BY Symbol Address 

address   name                                                                                
-------   ----                                                                                
00000000  __TI_static_base__                                                                  
00000000  interruptVectors                                                                    
000000e5  EUSCIA1_IRQHandler                                                                  
000000e5  EUSCIA1_IRQHandler                                                                  
000000ef  EUSCIA2_IRQHandler                                                                  
000000ef  EUSCIA2_IRQHandler                                                                  
000000f9  EUSCIA3_IRQHandler                                                                  
000000f9  EUSCIA3_IRQHandler                                                                  
00000103  _ZN12Peripherials4UARTC1ER12EUSCI_A_TypeiN7Buffers13RollingBufferENS3_10BaseBufferEb
00000103  _ZN12Peripherials4UARTC2ER12EUSCI_A_TypeiN7Buffers13RollingBufferENS3_10BaseBufferEb
000001e1  _ZN12Peripherials4UART4SendEc                                                       
00000200  __STACK_SIZE                                                                        
00000203  _ZN12Peripherials4UART4SendEPc                                                      
00000231  _ZN12Peripherials4UART9GetBufferEv                                                  
00000245  _ZN12Peripherials4UART11ClearBufferEv                                               
00000255  _ZN12Peripherials4UART15GetBufferLengthEv                                           
00000263  _ZN12Peripherials4UART11OnInterruptEv                                               
000002e9  __sti___8_uart_cpp_4dae890a                                                         
000004bd  SystemCoreClockUpdate                                                               
00000731  SystemInit                                                                          
0000082d  __aeabi_uldivmod                                                                    
00000a45  main                                                                                
00000b51  __aeabi_memcpy                                                                      
00000b51  __aeabi_memcpy4                                                                     
00000b51  __aeabi_memcpy8                                                                     
00000b51  memcpy                                                                              
00000bed  __aeabi_memclr                                                                      
00000bed  __aeabi_memclr4                                                                     
00000bed  __aeabi_memclr8                                                                     
00000bef  __aeabi_memset                                                                      
00000bef  __aeabi_memset4                                                                     
00000bef  __aeabi_memset8                                                                     
00000bf5  memset                                                                              
00000c67  __mpu_init                                                                          
00000c69  __TI_auto_init                                                                      
00000cd9  __TI_decompress_lzss                                                                
00000d3f  _ZN7Buffers13RollingBufferC1ENS_10BaseBufferE                                       
00000d93  _system_post_cinit                                                                  
00000d95  _c_int00                                                                            
00000de9  C$$EXIT                                                                             
00000ded  abort                                                                               
00000df5  exit                                                                                
00000e3d  _ZN7Buffers13RollingBuffer7DequeueEv                                                
00000e8b  _ZN7Buffers13RollingBuffer7EnqueueEh                                                
00000ed9  copy_in                                                                             
00000f25  _ZN7Buffers10BaseBufferC1EPhi                                                       
00000f41  _args_main                                                                          
00000f59  _ZN7Buffers13RollingBuffer7IsEmptyEv                                                
00000f6d  _register_unlock                                                                    
00000f73  _register_lock                                                                      
00000f7b  _nop                                                                                
00000f81  _ZN7Buffers10AutoBufferILi300EE7GetSizeEv                                           
00000f8f  _ZN7Buffers10BaseBuffer7GetDataEv                                                   
00000f9d  _ZN7Buffers10BaseBuffer7GetSizeEv                                                   
00000fab  __TI_decompress_none                                                                
00000fb9  Reset_Handler                                                                       
00000fc5  ADC14_IRQHandler                                                                    
00000fc5  AES256_IRQHandler                                                                   
00000fc5  BusFault_Handler                                                                    
00000fc5  COMP_E0_IRQHandler                                                                  
00000fc5  COMP_E1_IRQHandler                                                                  
00000fc5  CS_IRQHandler                                                                       
00000fc5  DMA_ERR_IRQHandler                                                                  
00000fc5  DMA_INT0_IRQHandler                                                                 
00000fc5  DMA_INT1_IRQHandler                                                                 
00000fc5  DMA_INT2_IRQHandler                                                                 
00000fc5  DMA_INT3_IRQHandler                                                                 
00000fc5  DebugMon_Handler                                                                    
00000fc5  Default_Handler                                                                     
00000fc5  EUSCIA0_IRQHandler                                                                  
00000fc5  EUSCIB0_IRQHandler                                                                  
00000fc5  EUSCIB1_IRQHandler                                                                  
00000fc5  EUSCIB2_IRQHandler                                                                  
00000fc5  EUSCIB3_IRQHandler                                                                  
00000fc5  FLCTL_IRQHandler                                                                    
00000fc5  FPU_IRQHandler                                                                      
00000fc5  HardFault_Handler                                                                   
00000fc5  MemManage_Handler                                                                   
00000fc5  NMI_Handler                                                                         
00000fc5  PCM_IRQHandler                                                                      
00000fc5  PORT1_IRQHandler                                                                    
00000fc5  PORT2_IRQHandler                                                                    
00000fc5  PORT3_IRQHandler                                                                    
00000fc5  PORT4_IRQHandler                                                                    
00000fc5  PORT5_IRQHandler                                                                    
00000fc5  PORT6_IRQHandler                                                                    
00000fc5  PSS_IRQHandler                                                                      
00000fc5  PendSV_Handler                                                                      
00000fc5  RTC_C_IRQHandler                                                                    
00000fc5  SVC_Handler                                                                         
00000fc5  SysTick_Handler                                                                     
00000fc5  T32_INT1_IRQHandler                                                                 
00000fc5  T32_INT2_IRQHandler                                                                 
00000fc5  T32_INTC_IRQHandler                                                                 
00000fc5  TA0_0_IRQHandler                                                                    
00000fc5  TA0_N_IRQHandler                                                                    
00000fc5  TA1_0_IRQHandler                                                                    
00000fc5  TA1_N_IRQHandler                                                                    
00000fc5  TA2_0_IRQHandler                                                                    
00000fc5  TA2_N_IRQHandler                                                                    
00000fc5  TA3_0_IRQHandler                                                                    
00000fc5  TA3_N_IRQHandler                                                                    
00000fc5  UsageFault_Handler                                                                  
00000fc5  WDT_A_IRQHandler                                                                    
00000fc7  _ZN7Buffers10AutoBufferILi300EE7GetDataEv                                           
00000fd3  _ZN7Buffers10AutoBufferILi300EEC1Ev                                                 
00000fdf  __TI_zero_init                                                                      
00000feb  _system_pre_init                                                                    
00000ff0  SHT$$INIT_ARRAY$$Base                                                               
00000ff4  SHT$$INIT_ARRAY$$Limit                                                              
0000100c  __TI_Handler_Table_Base                                                             
00001018  __TI_Handler_Table_Limit                                                            
00001020  __TI_CINIT_Base                                                                     
00001030  __TI_CINIT_Limit                                                                    
20000000  _ZN12Peripherials8A1_rawRxE                                                         
2000012c  _ZN12Peripherials8A1_rawTxE                                                         
20000258  _ZN12Peripherials8A2_rawRxE                                                         
20000384  _ZN12Peripherials8A2_rawTxE                                                         
200004b0  _ZN12Peripherials8A3_rawRxE                                                         
200005dc  _ZN12Peripherials8A3_rawTxE                                                         
20000708  _ZN12Peripherials7UART_A1E                                                          
2000072c  _ZN12Peripherials7UART_A2E                                                          
20000750  _ZN12Peripherials7UART_A3E                                                          
20000774  _ZN12Peripherials10A1_txQueueE                                                      
20000788  _ZN12Peripherials10A2_txQueueE                                                      
2000079c  _ZN12Peripherials10A3_txQueueE                                                      
200007b0  _ZN12Peripherials11A1_rxBufferE                                                     
200007b8  _ZN12Peripherials11A1_txBufferE                                                     
200007c0  _ZN12Peripherials11A2_rxBufferE                                                     
200007c8  _ZN12Peripherials11A2_txBufferE                                                     
200007d0  _ZN12Peripherials11A3_rxBufferE                                                     
200007d8  _ZN12Peripherials11A3_txBufferE                                                     
200007e0  __TI_cleanup_ptr                                                                    
200007e4  __TI_dtors_ptr                                                                      
200007e8  __TI_enable_exit_profile_output                                                     
200007ec  _lock                                                                               
200007f0  _unlock                                                                             
200007f4  main_func_sp                                                                        
200007f8  SystemCoreClock                                                                     
2000fe00  __stack                                                                             
20010000  __STACK_END                                                                         
4000480c  WDTCTL_SYM                                                                          
ffffffff  __TI_pprof_out_hndl                                                                 
ffffffff  __TI_prof_data_size                                                                 
ffffffff  __TI_prof_data_start                                                                
ffffffff  __binit__                                                                           
ffffffff  __c_args__                                                                          
ffffffff  binit                                                                               

[148 symbols]
