******************************************************************************
                  TI ARM Linker PC v16.6.0                     
******************************************************************************
>> Linked Sat Oct 08 14:08:30 2016

OUTPUT FILE NAME:   <Base Station Communication.out>
ENTRY POINT SYMBOL: "_c_int00"  address: 000018f1


MEMORY CONFIGURATION

         name            origin    length      used     unused   attr    fill
----------------------  --------  ---------  --------  --------  ----  --------
  MAIN                  00000000   00040000  00001da7  0003e259  R  X
  INFO                  00200000   00004000  00000000  00004000  R  X
  SRAM_CODE             01000000   00010000  00000b6c  0000f494  RW X
  SRAM_DATA             20000000   00010000  00000b6c  0000f494  RW  


SEGMENT ALLOCATION MAP

run origin  load origin   length   init length attrs members
----------  ----------- ---------- ----------- ----- -------
00000000    00000000    00001da8   00001da8    r-x
  00000000    00000000    000000e4   000000e4    r-- .intvecs
  000000e4    000000e4    00001a9c   00001a9c    r-x .text
  00001b80    00001b80    000001db   000001db    r-- .const
  00001d5c    00001d5c    00000004   00000004    r-- .init_array
  00001d60    00001d60    00000048   00000048    r-- .cinit
20000000    20000000    00000970   00000000    rw-
  20000000    20000000    00000544   00000000    rw- .bss
  20000548    20000548    00000400   00000000    rw- .sysmem
  20000948    20000948    00000028   00000000    rw- .data
2000fe00    2000fe00    00000200   00000000    rw-
  2000fe00    2000fe00    00000200   00000000    rw- .stack


SECTION ALLOCATION MAP

 output                                  attributes/
section   page    origin      length       input sections
--------  ----  ----------  ----------   ----------------
.intvecs   0    00000000    000000e4     
                  00000000    000000e4     startup_msp432p401r_ccs.obj (.intvecs:retain)

.binit     0    00000000    00000000     

.text      0    000000e4    00001a9c     
                  000000e4    000004a8     Shared.lib : PCA9685.obj (.text)
                  0000058c    000003d0     rtsv7M4_T_le_v4SPD16_eabi.lib : memory.obj (.text)
                  0000095c    00000334     Shared.lib : uart.obj (.text)
                  00000c90    0000032c     system_msp432p401r.obj (.text)
                  00000fbc    000001fc     main.obj (.text)
                  000011b8    000001f4     rtsv7M4_T_le_v4SPD16_eabi.lib : ull_div_t2.obj (.text)
                  000013ac    00000150     Shared.lib : I2C.obj (.text)
                  000014fc    000000f2     Protocol.obj (.text)
                  000015ee    00000002     rtsv7M4_T_le_v4SPD16_eabi.lib : mpu_init.obj (.text)
                  000015f0    000000bc                                   : typeinfo_.obj (.text)
                  000016ac    0000009c                                   : memcpy_t2.obj (.text)
                  00001748    0000007a                                   : memset_t2.obj (.text)
                  000017c2    00000002                                   : startup.obj (.text)
                  000017c4    00000070                                   : autoinit.obj (.text)
                  00001834    00000066                                   : copy_decompress_lzss.obj (.text:decompress:lzss)
                  0000189a    00000054     Shared.lib : uart.obj (.text:_ZN7Buffers13RollingBufferC1ENS_10BaseBufferE)
                  000018ee    00000002     --HOLE-- [fill = 0]
                  000018f0    00000054     rtsv7M4_T_le_v4SPD16_eabi.lib : boot.obj (.text)
                  00001944    00000054                                   : exit.obj (.text)
                  00001998    0000004e     Shared.lib : uart.obj (.text:_ZN7Buffers13RollingBuffer7DequeueEv)
                  000019e6    0000004e                : uart.obj (.text:_ZN7Buffers13RollingBuffer7EnqueueEh)
                  00001a34    0000004c     rtsv7M4_T_le_v4SPD16_eabi.lib : cpy_tbl.obj (.text)
                  00001a80    0000001c     Shared.lib : uart.obj (.text:_ZN7Buffers10BaseBufferC1EPhi)
                  00001a9c    00000018                : PCA9685.obj (.text:_ZN5ServoC1Ev)
                  00001ab4    00000018     rtsv7M4_T_le_v4SPD16_eabi.lib : args_main.obj (.text)
                  00001acc    00000014     Shared.lib : uart.obj (.text:_ZN7Buffers13RollingBuffer7IsEmptyEv)
                  00001ae0    00000014     rtsv7M4_T_le_v4SPD16_eabi.lib : _lock.obj (.text)
                  00001af4    0000000e     Shared.lib : uart.obj (.text:_ZN7Buffers10AutoBufferILi300EE7GetSizeEv)
                  00001b02    0000000e     main.obj (.text:_ZN7Buffers10BaseBuffer7GetDataEv)
                  00001b10    0000000e     Shared.lib : uart.obj (.text:_ZN7Buffers10BaseBuffer7GetSizeEv)
                  00001b1e    0000000e     rtsv7M4_T_le_v4SPD16_eabi.lib : copy_decompress_none.obj (.text:decompress:none)
                  00001b2c    0000000e     startup_msp432p401r_ccs.obj (.text)
                  00001b3a    0000000c     Shared.lib : PCA9685.obj (.text:_ZN5ServoC2Ev)
                  00001b46    0000000c                : uart.obj (.text:_ZN7Buffers10AutoBufferILi300EE7GetDataEv)
                  00001b52    0000000c                : uart.obj (.text:_ZN7Buffers10AutoBufferILi300EEC1Ev)
                  00001b5e    0000000c     rtsv7M4_T_le_v4SPD16_eabi.lib : copy_zero_init.obj (.text:decompress:ZI)
                  00001b6a    00000008                                   : delete.obj (.text)
                  00001b72    00000006                                   : pure_virt.obj (.text)
                  00001b78    00000004                                   : error.obj (.text)
                  00001b7c    00000004                                   : pre_init.obj (.text)

.const     0    00001b80    000001db     
                  00001b80    00000028     rtsv7M4_T_le_v4SPD16_eabi.lib : typeinfo_.obj (.const:.typeinfo:_ZTSN10__cxxabiv123__fundamental_type_infoE)
                  00001ba8    00000025                                   : typeinfo_.obj (.const:.typeinfo:_ZTSN10__cxxabiv120__si_class_type_infoE)
                  00001bcd    00000024                                   : typeinfo_.obj (.const:.typeinfo:_ZTSN10__cxxabiv119__pointer_type_infoE)
                  00001bf1    00000022                                   : typeinfo_.obj (.const:.typeinfo:_ZTSN10__cxxabiv117__class_type_infoE)
                  00001c13    00000022                                   : typeinfo_.obj (.const:.typeinfo:_ZTSN10__cxxabiv117__pbase_type_infoE)
                  00001c35    0000001a     Shared.lib : PCA9685.obj (.const:.typeinfo:_ZTSN9Externals7PCA96854PortE)
                  00001c4f    00000001     --HOLE-- [fill = 0]
                  00001c50    00000018                : PCA9685.obj (.const:_ZTV5Servo)
                  00001c68    00000018                : PCA9685.obj (.const:_ZTVN9Externals7PCA96854PortE)
                  00001c80    00000010     rtsv7M4_T_le_v4SPD16_eabi.lib : typeinfo_.obj (.const:.typeinfo:_ZTIPKe)
                  00001c90    00000010                                   : typeinfo_.obj (.const:_ZTVN10__cxxabiv117__class_type_infoE)
                  00001ca0    00000010                                   : typeinfo_.obj (.const:_ZTVN10__cxxabiv119__pointer_type_infoE)
                  00001cb0    00000010                                   : typeinfo_.obj (.const:_ZTVN10__cxxabiv120__si_class_type_infoE)
                  00001cc0    00000010                                   : typeinfo_.obj (.const:_ZTVN10__cxxabiv123__fundamental_type_infoE)
                  00001cd0    0000000d                                   : typeinfo_.obj (.const:.typeinfo:_ZTSSt9type_info)
                  00001cdd    00000002                                   : typeinfo_.obj (.const:.typeinfo:_ZTSe)
                  00001cdf    00000001     --HOLE-- [fill = 0]
                  00001ce0    0000000c                                   : typeinfo_.obj (.const:.typeinfo:_ZTIN10__cxxabiv117__class_type_infoE)
                  00001cec    0000000c                                   : typeinfo_.obj (.const:.typeinfo:_ZTIN10__cxxabiv117__pbase_type_infoE)
                  00001cf8    0000000c                                   : typeinfo_.obj (.const:.typeinfo:_ZTIN10__cxxabiv119__pointer_type_infoE)
                  00001d04    0000000c                                   : typeinfo_.obj (.const:.typeinfo:_ZTIN10__cxxabiv120__si_class_type_infoE)
                  00001d10    0000000c                                   : typeinfo_.obj (.const:.typeinfo:_ZTIN10__cxxabiv123__fundamental_type_infoE)
                  00001d1c    0000000c     Shared.lib : PCA9685.obj (.const:.typeinfo:_ZTIN9Externals7PCA96854PortE)
                  00001d28    00000008     main.obj (.const:$P$T46$1)
                  00001d30    00000008     main.obj (.const:$P$T47$2)
                  00001d38    00000008     Shared.lib : PCA9685.obj (.const:.typeinfo:_ZTI5Servo)
                  00001d40    00000008     rtsv7M4_T_le_v4SPD16_eabi.lib : typeinfo_.obj (.const:.typeinfo:_ZTISt9type_info)
                  00001d48    00000008                                   : typeinfo_.obj (.const:.typeinfo:_ZTIe)
                  00001d50    00000007     Shared.lib : PCA9685.obj (.const:.typeinfo:_ZTS5Servo)
                  00001d57    00000004     rtsv7M4_T_le_v4SPD16_eabi.lib : typeinfo_.obj (.const:.typeinfo:_ZTSPKe)

.init_array 
*          0    00001d5c    00000004     
                  00001d5c    00000004     Shared.lib : uart.obj (.init_array)

.cinit     0    00001d60    00000048     
                  00001d60    0000001e     (.cinit..data.load) [load image, compression = lzss]
                  00001d7e    00000002     --HOLE-- [fill = 0]
                  00001d80    0000000c     (__TI_handler_table)
                  00001d8c    00000004     --HOLE-- [fill = 0]
                  00001d90    00000008     (.cinit..bss.load) [load image, compression = zero_init]
                  00001d98    00000010     (__TI_cinit_table)

.bss       0    20000000    00000544     UNINITIALIZED
                  20000000    0000012c     Shared.lib : uart.obj (.bss:_ZN12Peripherials8A1_rawRxE)
                  2000012c    0000012c                : uart.obj (.bss:_ZN12Peripherials8A1_rawTxE)
                  20000258    0000012c                : uart.obj (.bss:_ZN12Peripherials8A3_rawRxE)
                  20000384    0000012c                : uart.obj (.bss:_ZN12Peripherials8A3_rawTxE)
                  200004b0    00000024                : uart.obj (.bss:_ZN12Peripherials7UART_A1E)
                  200004d4    00000024                : uart.obj (.bss:_ZN12Peripherials7UART_A3E)
                  200004f8    00000014                : uart.obj (.bss:_ZN12Peripherials10A1_txQueueE)
                  2000050c    00000014                : uart.obj (.bss:_ZN12Peripherials10A3_txQueueE)
                  20000520    00000008                : uart.obj (.bss:_ZN12Peripherials11A1_rxBufferE)
                  20000528    00000008                : uart.obj (.bss:_ZN12Peripherials11A1_txBufferE)
                  20000530    00000008                : uart.obj (.bss:_ZN12Peripherials11A3_rxBufferE)
                  20000538    00000008                : uart.obj (.bss:_ZN12Peripherials11A3_txBufferE)
                  20000540    00000004     (.common:_ZSt16__dummy_typeinfo)

.sysmem    0    20000548    00000400     UNINITIALIZED
                  20000548    00000008     rtsv7M4_T_le_v4SPD16_eabi.lib : memory.obj (.sysmem)
                  20000550    000003f8     --HOLE--

.data      0    20000948    00000028     UNINITIALIZED
                  20000948    0000000c     rtsv7M4_T_le_v4SPD16_eabi.lib : exit.obj (.data:$O1$$)
                  20000954    0000000c                                   : memory.obj (.data:$O1$$)
                  20000960    00000008                                   : _lock.obj (.data:$O1$$)
                  20000968    00000004                                   : stkdepth_vars.obj (.data)
                  2000096c    00000004     system_msp432p401r.obj (.data)

.stack     0    2000fe00    00000200     UNINITIALIZED
                  2000fe00    00000200     --HOLE--

MODULE SUMMARY

       Module                        code   ro data   rw data
       ------                        ----   -------   -------
    .\
       system_msp432p401r.obj        812    0         8      
       main.obj                      522    16        0      
       startup_msp432p401r_ccs.obj   14     228       0      
    +--+-----------------------------+------+---------+---------+
       Total:                        1348   244       8      
                                                             
    .\Protocol\
       Protocol.obj                  242    0         0      
    +--+-----------------------------+------+---------+---------+
       Total:                        242    0         0      
                                                             
    C:\TI\ccsv6\tools\compiler\ti-cgt-arm_16.6.0.STS\lib\rtsv7M4_T_le_v4SPD16_eabi.lib
       memory.obj                    976    0         24     
       typeinfo_.obj                 188    356       8      
       ull_div_t2.obj                500    0         0      
       memcpy_t2.obj                 156    0         0      
       memset_t2.obj                 122    0         0      
       autoinit.obj                  112    0         0      
       exit.obj                      84     0         24     
       copy_decompress_lzss.obj      102    0         0      
       boot.obj                      84     0         0      
       cpy_tbl.obj                   76     0         0      
       _lock.obj                     20     0         16     
       args_main.obj                 24     0         0      
       copy_decompress_none.obj      14     0         0      
       copy_zero_init.obj            12     0         0      
       delete.obj                    8      0         0      
       stkdepth_vars.obj             0      0         8      
       pure_virt.obj                 6      0         0      
       error.obj                     4      0         0      
       pre_init.obj                  4      0         0      
       mpu_init.obj                  2      0         0      
       startup.obj                   2      0         0      
    +--+-----------------------------+------+---------+---------+
       Total:                        2496   356       80     
                                                             
    G:/Data/MAVRIC/MAVRIC_Firmware/FW2017/Shared/Debug/Shared.lib
       uart.obj                      1160   4         2688   
       PCA9685.obj                   1228   101       0      
       I2C.obj                       336    0         0      
    +--+-----------------------------+------+---------+---------+
       Total:                        2724   105       2688   
                                                             
       Heap:                         0      0         2048   
       Stack:                        0      0         1024   
       Linker Generated:             0      66        0      
    +--+-----------------------------+------+---------+---------+
       Grand Total:                  6810   771       5848   


LINKER GENERATED COPY TABLES

__TI_cinit_table @ 00001d98 records: 2, size/record: 8, table size: 16
	.data: load addr=00001d60, load size=0000001e bytes, run addr=20000948, run size=00000028 bytes, compression=lzss
	.bss: load addr=00001d90, load size=00000008 bytes, run addr=20000000, run size=00000544 bytes, compression=zero_init


LINKER GENERATED HANDLER TABLE

__TI_handler_table @ 00001d80 records: 3, size/record: 4, table size: 12
	index: 0, handler: __TI_decompress_lzss
	index: 1, handler: __TI_decompress_none
	index: 2, handler: __TI_zero_init


GLOBAL SYMBOLS: SORTED ALPHABETICALLY BY Name 

address   name                                                                                
-------   ----                                                                                
00001b39  ADC14_IRQHandler                                                                    
00001b39  AES256_IRQHandler                                                                   
00001b39  BusFault_Handler                                                                    
00001945  C$$EXIT                                                                             
00001b39  COMP_E0_IRQHandler                                                                  
00001b39  COMP_E1_IRQHandler                                                                  
00001b39  CS_IRQHandler                                                                       
00001b39  DMA_ERR_IRQHandler                                                                  
00001b39  DMA_INT0_IRQHandler                                                                 
00001b39  DMA_INT1_IRQHandler                                                                 
00001b39  DMA_INT2_IRQHandler                                                                 
00001b39  DMA_INT3_IRQHandler                                                                 
00001b39  DebugMon_Handler                                                                    
00001b39  Default_Handler                                                                     
00001b39  EUSCIA0_IRQHandler                                                                  
0000095d  EUSCIA1_IRQHandler                                                                  
0000095d  EUSCIA1_IRQHandler                                                                  
00001b39  EUSCIA2_IRQHandler                                                                  
00000967  EUSCIA3_IRQHandler                                                                  
00000967  EUSCIA3_IRQHandler                                                                  
00001b39  EUSCIB0_IRQHandler                                                                  
00001b39  EUSCIB1_IRQHandler                                                                  
00001b39  EUSCIB2_IRQHandler                                                                  
00001b39  EUSCIB3_IRQHandler                                                                  
00001b39  FLCTL_IRQHandler                                                                    
00001b39  FPU_IRQHandler                                                                      
00001b39  HardFault_Handler                                                                   
00001b39  MemManage_Handler                                                                   
00001b39  NMI_Handler                                                                         
00001b39  PCM_IRQHandler                                                                      
00001b39  PORT1_IRQHandler                                                                    
00001b39  PORT2_IRQHandler                                                                    
00001b39  PORT3_IRQHandler                                                                    
00001b39  PORT4_IRQHandler                                                                    
00001b39  PORT5_IRQHandler                                                                    
00001b39  PORT6_IRQHandler                                                                    
00001b39  PSS_IRQHandler                                                                      
00001b39  PendSV_Handler                                                                      
00001b39  RTC_C_IRQHandler                                                                    
00001b2d  Reset_Handler                                                                       
00001d5c  SHT$$INIT_ARRAY$$Base                                                               
00001d60  SHT$$INIT_ARRAY$$Limit                                                              
00001b39  SVC_Handler                                                                         
00001b39  SysTick_Handler                                                                     
2000096c  SystemCoreClock                                                                     
00000c91  SystemCoreClockUpdate                                                               
00000f05  SystemInit                                                                          
00001b39  T32_INT1_IRQHandler                                                                 
00001b39  T32_INT2_IRQHandler                                                                 
00001b39  T32_INTC_IRQHandler                                                                 
00001b39  TA0_0_IRQHandler                                                                    
00001b39  TA0_N_IRQHandler                                                                    
00001b39  TA1_0_IRQHandler                                                                    
00001b39  TA1_N_IRQHandler                                                                    
00001b39  TA2_0_IRQHandler                                                                    
00001b39  TA2_N_IRQHandler                                                                    
00001b39  TA3_0_IRQHandler                                                                    
00001b39  TA3_N_IRQHandler                                                                    
00001b39  UsageFault_Handler                                                                  
4000480c  WDTCTL_SYM                                                                          
00001b39  WDT_A_IRQHandler                                                                    
000014fd  _Z10IsComplete14IncomingHeaderi                                                     
0000155f  _Z6DecodePh                                                                         
000013ad  _Z7InitI2CP12EUSCI_B_Type                                                           
00001405  _Z7ReadI2CP12EUSCI_B_TypehPhib                                                      
00001481  _Z8WriteI2CP12EUSCI_B_TypehPhib                                                     
0000169d  _ZN10__cxxabiv116__enum_type_infoD0Ev                                               
0000169b  _ZN10__cxxabiv116__enum_type_infoD1Ev                                               
0000169b  _ZN10__cxxabiv116__enum_type_infoD2Ev                                               
00001693  _ZN10__cxxabiv117__array_type_infoD0Ev                                              
00001691  _ZN10__cxxabiv117__array_type_infoD1Ev                                              
00001691  _ZN10__cxxabiv117__array_type_infoD2Ev                                              
00001689  _ZN10__cxxabiv117__class_type_infoD0Ev                                              
00001687  _ZN10__cxxabiv117__class_type_infoD1Ev                                              
00001687  _ZN10__cxxabiv117__class_type_infoD2Ev                                              
0000167f  _ZN10__cxxabiv117__pbase_type_infoD0Ev                                              
0000167d  _ZN10__cxxabiv117__pbase_type_infoD1Ev                                              
0000167d  _ZN10__cxxabiv117__pbase_type_infoD2Ev                                              
00001675  _ZN10__cxxabiv119__pointer_type_infoD0Ev                                            
00001673  _ZN10__cxxabiv119__pointer_type_infoD1Ev                                            
00001673  _ZN10__cxxabiv119__pointer_type_infoD2Ev                                            
0000166b  _ZN10__cxxabiv120__function_type_infoD0Ev                                           
00001669  _ZN10__cxxabiv120__function_type_infoD1Ev                                           
00001669  _ZN10__cxxabiv120__function_type_infoD2Ev                                           
00001661  _ZN10__cxxabiv120__si_class_type_infoD0Ev                                           
0000165f  _ZN10__cxxabiv120__si_class_type_infoD1Ev                                           
0000165f  _ZN10__cxxabiv120__si_class_type_infoD2Ev                                           
00001657  _ZN10__cxxabiv121__vmi_class_type_infoD0Ev                                          
00001655  _ZN10__cxxabiv121__vmi_class_type_infoD1Ev                                          
00001655  _ZN10__cxxabiv121__vmi_class_type_infoD2Ev                                          
0000164d  _ZN10__cxxabiv123__fundamental_type_infoD0Ev                                        
0000164b  _ZN10__cxxabiv123__fundamental_type_infoD1Ev                                        
0000164b  _ZN10__cxxabiv123__fundamental_type_infoD2Ev                                        
00001643  _ZN10__cxxabiv129__pointer_to_member_type_infoD0Ev                                  
00001641  _ZN10__cxxabiv129__pointer_to_member_type_infoD1Ev                                  
00001641  _ZN10__cxxabiv129__pointer_to_member_type_infoD2Ev                                  
200004f8  _ZN12Peripherials10A1_txQueueE                                                      
2000050c  _ZN12Peripherials10A3_txQueueE                                                      
20000520  _ZN12Peripherials11A1_rxBufferE                                                     
20000528  _ZN12Peripherials11A1_txBufferE                                                     
20000530  _ZN12Peripherials11A3_rxBufferE                                                     
20000538  _ZN12Peripherials11A3_txBufferE                                                     
00000ab5  _ZN12Peripherials4UART11ClearBufferEv                                               
00000ad3  _ZN12Peripherials4UART11OnInterruptEv                                               
00000ac5  _ZN12Peripherials4UART15GetBufferLengthEv                                           
00000a73  _ZN12Peripherials4UART4SendEPc                                                      
00000a51  _ZN12Peripherials4UART4SendEc                                                       
00000aa1  _ZN12Peripherials4UART9GetBufferEv                                                  
00000971  _ZN12Peripherials4UARTC1ER12EUSCI_A_TypeiN7Buffers13RollingBufferENS3_10BaseBufferEb
00000971  _ZN12Peripherials4UARTC2ER12EUSCI_A_TypeiN7Buffers13RollingBufferENS3_10BaseBufferEb
200004b0  _ZN12Peripherials7UART_A1E                                                          
200004d4  _ZN12Peripherials7UART_A3E                                                          
20000000  _ZN12Peripherials8A1_rawRxE                                                         
2000012c  _ZN12Peripherials8A1_rawTxE                                                         
20000258  _ZN12Peripherials8A3_rawRxE                                                         
20000384  _ZN12Peripherials8A3_rawTxE                                                         
00001a9d  _ZN5ServoC1Ev                                                                       
00001b3b  _ZN5ServoC2Ev                                                                       
00001b47  _ZN7Buffers10AutoBufferILi300EE7GetDataEv                                           
00001af5  _ZN7Buffers10AutoBufferILi300EE7GetSizeEv                                           
00001b53  _ZN7Buffers10AutoBufferILi300EEC1Ev                                                 
00001b03  _ZN7Buffers10BaseBuffer7GetDataEv                                                   
00001b11  _ZN7Buffers10BaseBuffer7GetSizeEv                                                   
00001a81  _ZN7Buffers10BaseBufferC1EPhi                                                       
00001999  _ZN7Buffers13RollingBuffer7DequeueEv                                                
000019e7  _ZN7Buffers13RollingBuffer7EnqueueEh                                                
00001acd  _ZN7Buffers13RollingBuffer7IsEmptyEv                                                
0000189b  _ZN7Buffers13RollingBufferC1ENS_10BaseBufferE                                       
00000313  _ZN9Externals7PCA968514SetServoCountsEitt                                           
0000045f  _ZN9Externals7PCA96854Port14SetCalibrationENS_23pca9685_servo_cal_pointES2_         
00000527  _ZN9Externals7PCA96854Port6CenterEv                                                 
00000567  _ZN9Externals7PCA96854Port6ResumeEv                                                 
00000551  _ZN9Externals7PCA96854Port7SuspendEv                                                
0000048f  _ZN9Externals7PCA96854Port9GoToAngleEf                                              
00000415  _ZN9Externals7PCA96854PortC1EiRS0_                                                  
000003af  _ZN9Externals7PCA96854PortC1EiRS0_NS_23pca9685_servo_cal_pointES3_                  
00000415  _ZN9Externals7PCA96854PortC2EiRS0_                                                  
000003af  _ZN9Externals7PCA96854PortC2EiRS0_NS_23pca9685_servo_cal_pointES3_                  
000000e5  _ZN9Externals7PCA9685C1EP12EUSCI_B_Typeh                                            
000000e5  _ZN9Externals7PCA9685C2EP12EUSCI_B_Typeh                                            
00001603  _ZNKSt9type_info4nameEv                                                             
00001633  _ZNKSt9type_info6beforeERKS_                                                        
0000161d  _ZNKSt9type_infoeqERKS_                                                             
00001607  _ZNKSt9type_infoneERKS_                                                             
000015fb  _ZNSt9type_infoD0Ev                                                                 
000015f9  _ZNSt9type_infoD1Ev                                                                 
000015f9  _ZNSt9type_infoD2Ev                                                                 
20000540  _ZSt16__dummy_typeinfo                                                              
000015f1  _ZSt21__gen_dummy_typeinfosv                                                        
00001d38  _ZTI5Servo                                                                          
00001ce0  _ZTIN10__cxxabiv117__class_type_infoE                                               
00001cec  _ZTIN10__cxxabiv117__pbase_type_infoE                                               
00001cf8  _ZTIN10__cxxabiv119__pointer_type_infoE                                             
00001d04  _ZTIN10__cxxabiv120__si_class_type_infoE                                            
00001d10  _ZTIN10__cxxabiv123__fundamental_type_infoE                                         
00001d1c  _ZTIN9Externals7PCA96854PortE                                                       
00001c80  _ZTIPKe                                                                             
00001d40  _ZTISt9type_info                                                                    
00001d48  _ZTIe                                                                               
00001d50  _ZTS5Servo                                                                          
00001bf1  _ZTSN10__cxxabiv117__class_type_infoE                                               
00001c13  _ZTSN10__cxxabiv117__pbase_type_infoE                                               
00001bcd  _ZTSN10__cxxabiv119__pointer_type_infoE                                             
00001ba8  _ZTSN10__cxxabiv120__si_class_type_infoE                                            
00001b80  _ZTSN10__cxxabiv123__fundamental_type_infoE                                         
00001c35  _ZTSN9Externals7PCA96854PortE                                                       
00001d57  _ZTSPKe                                                                             
00001cd0  _ZTSSt9type_info                                                                    
00001cdd  _ZTSe                                                                               
00001c50  _ZTV5Servo                                                                          
00001c90  _ZTVN10__cxxabiv117__class_type_infoE                                               
00001ca0  _ZTVN10__cxxabiv119__pointer_type_infoE                                             
00001cb0  _ZTVN10__cxxabiv120__si_class_type_infoE                                            
00001cc0  _ZTVN10__cxxabiv123__fundamental_type_infoE                                         
00001c68  _ZTVN9Externals7PCA96854PortE                                                       
00001b6b  _ZdlPv                                                                              
20010000  __STACK_END                                                                         
00000200  __STACK_SIZE                                                                        
00000400  __SYSMEM_SIZE                                                                       
00001d98  __TI_CINIT_Base                                                                     
00001da8  __TI_CINIT_Limit                                                                    
00001d80  __TI_Handler_Table_Base                                                             
00001d8c  __TI_Handler_Table_Limit                                                            
000017c5  __TI_auto_init                                                                      
20000948  __TI_cleanup_ptr                                                                    
00001835  __TI_decompress_lzss                                                                
00001b1f  __TI_decompress_none                                                                
2000094c  __TI_dtors_ptr                                                                      
20000950  __TI_enable_exit_profile_output                                                     
ffffffff  __TI_pprof_out_hndl                                                                 
ffffffff  __TI_prof_data_size                                                                 
ffffffff  __TI_prof_data_start                                                                
00000000  __TI_static_base__                                                                  
00001b5f  __TI_zero_init                                                                      
00001b79  __abort_execution                                                                   
00001749  __aeabi_memclr                                                                      
00001749  __aeabi_memclr4                                                                     
00001749  __aeabi_memclr8                                                                     
000016ad  __aeabi_memcpy                                                                      
000016ad  __aeabi_memcpy4                                                                     
000016ad  __aeabi_memcpy8                                                                     
0000174b  __aeabi_memset                                                                      
0000174b  __aeabi_memset4                                                                     
0000174b  __aeabi_memset8                                                                     
000011b9  __aeabi_uldivmod                                                                    
ffffffff  __binit__                                                                           
ffffffff  __c_args__                                                                          
00001b73  __cxa_pure_virtual                                                                  
000015ef  __mpu_init                                                                          
2000fe00  __stack                                                                             
00000b4b  __sti___8_uart_cpp_4dae890a                                                         
00001ab5  _args_main                                                                          
000018f1  _c_int00                                                                            
20000960  _lock                                                                               
00001aef  _nop                                                                                
00001ae7  _register_lock                                                                      
00001ae1  _register_unlock                                                                    
20000548  _sys_memory                                                                         
000017c3  _system_post_cinit                                                                  
00001b7d  _system_pre_init                                                                    
20000964  _unlock                                                                             
00001949  abort                                                                               
ffffffff  binit                                                                               
0000092d  calloc                                                                              
00001a35  copy_in                                                                             
00001951  exit                                                                                
00000677  free                                                                                
00000000  interruptVectors                                                                    
00000fe1  main                                                                                
20000968  main_func_sp                                                                        
0000060d  malloc                                                                              
00000841  memalign                                                                            
000016ad  memcpy                                                                              
00001751  memset                                                                              
0000058d  minit                                                                               
00000739  realloc                                                                             


GLOBAL SYMBOLS: SORTED BY Symbol Address 

address   name                                                                                
-------   ----                                                                                
00000000  __TI_static_base__                                                                  
00000000  interruptVectors                                                                    
000000e5  _ZN9Externals7PCA9685C1EP12EUSCI_B_Typeh                                            
000000e5  _ZN9Externals7PCA9685C2EP12EUSCI_B_Typeh                                            
00000200  __STACK_SIZE                                                                        
00000313  _ZN9Externals7PCA968514SetServoCountsEitt                                           
000003af  _ZN9Externals7PCA96854PortC1EiRS0_NS_23pca9685_servo_cal_pointES3_                  
000003af  _ZN9Externals7PCA96854PortC2EiRS0_NS_23pca9685_servo_cal_pointES3_                  
00000400  __SYSMEM_SIZE                                                                       
00000415  _ZN9Externals7PCA96854PortC1EiRS0_                                                  
00000415  _ZN9Externals7PCA96854PortC2EiRS0_                                                  
0000045f  _ZN9Externals7PCA96854Port14SetCalibrationENS_23pca9685_servo_cal_pointES2_         
0000048f  _ZN9Externals7PCA96854Port9GoToAngleEf                                              
00000527  _ZN9Externals7PCA96854Port6CenterEv                                                 
00000551  _ZN9Externals7PCA96854Port7SuspendEv                                                
00000567  _ZN9Externals7PCA96854Port6ResumeEv                                                 
0000058d  minit                                                                               
0000060d  malloc                                                                              
00000677  free                                                                                
00000739  realloc                                                                             
00000841  memalign                                                                            
0000092d  calloc                                                                              
0000095d  EUSCIA1_IRQHandler                                                                  
0000095d  EUSCIA1_IRQHandler                                                                  
00000967  EUSCIA3_IRQHandler                                                                  
00000967  EUSCIA3_IRQHandler                                                                  
00000971  _ZN12Peripherials4UARTC1ER12EUSCI_A_TypeiN7Buffers13RollingBufferENS3_10BaseBufferEb
00000971  _ZN12Peripherials4UARTC2ER12EUSCI_A_TypeiN7Buffers13RollingBufferENS3_10BaseBufferEb
00000a51  _ZN12Peripherials4UART4SendEc                                                       
00000a73  _ZN12Peripherials4UART4SendEPc                                                      
00000aa1  _ZN12Peripherials4UART9GetBufferEv                                                  
00000ab5  _ZN12Peripherials4UART11ClearBufferEv                                               
00000ac5  _ZN12Peripherials4UART15GetBufferLengthEv                                           
00000ad3  _ZN12Peripherials4UART11OnInterruptEv                                               
00000b4b  __sti___8_uart_cpp_4dae890a                                                         
00000c91  SystemCoreClockUpdate                                                               
00000f05  SystemInit                                                                          
00000fe1  main                                                                                
000011b9  __aeabi_uldivmod                                                                    
000013ad  _Z7InitI2CP12EUSCI_B_Type                                                           
00001405  _Z7ReadI2CP12EUSCI_B_TypehPhib                                                      
00001481  _Z8WriteI2CP12EUSCI_B_TypehPhib                                                     
000014fd  _Z10IsComplete14IncomingHeaderi                                                     
0000155f  _Z6DecodePh                                                                         
000015ef  __mpu_init                                                                          
000015f1  _ZSt21__gen_dummy_typeinfosv                                                        
000015f9  _ZNSt9type_infoD1Ev                                                                 
000015f9  _ZNSt9type_infoD2Ev                                                                 
000015fb  _ZNSt9type_infoD0Ev                                                                 
00001603  _ZNKSt9type_info4nameEv                                                             
00001607  _ZNKSt9type_infoneERKS_                                                             
0000161d  _ZNKSt9type_infoeqERKS_                                                             
00001633  _ZNKSt9type_info6beforeERKS_                                                        
00001641  _ZN10__cxxabiv129__pointer_to_member_type_infoD1Ev                                  
00001641  _ZN10__cxxabiv129__pointer_to_member_type_infoD2Ev                                  
00001643  _ZN10__cxxabiv129__pointer_to_member_type_infoD0Ev                                  
0000164b  _ZN10__cxxabiv123__fundamental_type_infoD1Ev                                        
0000164b  _ZN10__cxxabiv123__fundamental_type_infoD2Ev                                        
0000164d  _ZN10__cxxabiv123__fundamental_type_infoD0Ev                                        
00001655  _ZN10__cxxabiv121__vmi_class_type_infoD1Ev                                          
00001655  _ZN10__cxxabiv121__vmi_class_type_infoD2Ev                                          
00001657  _ZN10__cxxabiv121__vmi_class_type_infoD0Ev                                          
0000165f  _ZN10__cxxabiv120__si_class_type_infoD1Ev                                           
0000165f  _ZN10__cxxabiv120__si_class_type_infoD2Ev                                           
00001661  _ZN10__cxxabiv120__si_class_type_infoD0Ev                                           
00001669  _ZN10__cxxabiv120__function_type_infoD1Ev                                           
00001669  _ZN10__cxxabiv120__function_type_infoD2Ev                                           
0000166b  _ZN10__cxxabiv120__function_type_infoD0Ev                                           
00001673  _ZN10__cxxabiv119__pointer_type_infoD1Ev                                            
00001673  _ZN10__cxxabiv119__pointer_type_infoD2Ev                                            
00001675  _ZN10__cxxabiv119__pointer_type_infoD0Ev                                            
0000167d  _ZN10__cxxabiv117__pbase_type_infoD1Ev                                              
0000167d  _ZN10__cxxabiv117__pbase_type_infoD2Ev                                              
0000167f  _ZN10__cxxabiv117__pbase_type_infoD0Ev                                              
00001687  _ZN10__cxxabiv117__class_type_infoD1Ev                                              
00001687  _ZN10__cxxabiv117__class_type_infoD2Ev                                              
00001689  _ZN10__cxxabiv117__class_type_infoD0Ev                                              
00001691  _ZN10__cxxabiv117__array_type_infoD1Ev                                              
00001691  _ZN10__cxxabiv117__array_type_infoD2Ev                                              
00001693  _ZN10__cxxabiv117__array_type_infoD0Ev                                              
0000169b  _ZN10__cxxabiv116__enum_type_infoD1Ev                                               
0000169b  _ZN10__cxxabiv116__enum_type_infoD2Ev                                               
0000169d  _ZN10__cxxabiv116__enum_type_infoD0Ev                                               
000016ad  __aeabi_memcpy                                                                      
000016ad  __aeabi_memcpy4                                                                     
000016ad  __aeabi_memcpy8                                                                     
000016ad  memcpy                                                                              
00001749  __aeabi_memclr                                                                      
00001749  __aeabi_memclr4                                                                     
00001749  __aeabi_memclr8                                                                     
0000174b  __aeabi_memset                                                                      
0000174b  __aeabi_memset4                                                                     
0000174b  __aeabi_memset8                                                                     
00001751  memset                                                                              
000017c3  _system_post_cinit                                                                  
000017c5  __TI_auto_init                                                                      
00001835  __TI_decompress_lzss                                                                
0000189b  _ZN7Buffers13RollingBufferC1ENS_10BaseBufferE                                       
000018f1  _c_int00                                                                            
00001945  C$$EXIT                                                                             
00001949  abort                                                                               
00001951  exit                                                                                
00001999  _ZN7Buffers13RollingBuffer7DequeueEv                                                
000019e7  _ZN7Buffers13RollingBuffer7EnqueueEh                                                
00001a35  copy_in                                                                             
00001a81  _ZN7Buffers10BaseBufferC1EPhi                                                       
00001a9d  _ZN5ServoC1Ev                                                                       
00001ab5  _args_main                                                                          
00001acd  _ZN7Buffers13RollingBuffer7IsEmptyEv                                                
00001ae1  _register_unlock                                                                    
00001ae7  _register_lock                                                                      
00001aef  _nop                                                                                
00001af5  _ZN7Buffers10AutoBufferILi300EE7GetSizeEv                                           
00001b03  _ZN7Buffers10BaseBuffer7GetDataEv                                                   
00001b11  _ZN7Buffers10BaseBuffer7GetSizeEv                                                   
00001b1f  __TI_decompress_none                                                                
00001b2d  Reset_Handler                                                                       
00001b39  ADC14_IRQHandler                                                                    
00001b39  AES256_IRQHandler                                                                   
00001b39  BusFault_Handler                                                                    
00001b39  COMP_E0_IRQHandler                                                                  
00001b39  COMP_E1_IRQHandler                                                                  
00001b39  CS_IRQHandler                                                                       
00001b39  DMA_ERR_IRQHandler                                                                  
00001b39  DMA_INT0_IRQHandler                                                                 
00001b39  DMA_INT1_IRQHandler                                                                 
00001b39  DMA_INT2_IRQHandler                                                                 
00001b39  DMA_INT3_IRQHandler                                                                 
00001b39  DebugMon_Handler                                                                    
00001b39  Default_Handler                                                                     
00001b39  EUSCIA0_IRQHandler                                                                  
00001b39  EUSCIA2_IRQHandler                                                                  
00001b39  EUSCIB0_IRQHandler                                                                  
00001b39  EUSCIB1_IRQHandler                                                                  
00001b39  EUSCIB2_IRQHandler                                                                  
00001b39  EUSCIB3_IRQHandler                                                                  
00001b39  FLCTL_IRQHandler                                                                    
00001b39  FPU_IRQHandler                                                                      
00001b39  HardFault_Handler                                                                   
00001b39  MemManage_Handler                                                                   
00001b39  NMI_Handler                                                                         
00001b39  PCM_IRQHandler                                                                      
00001b39  PORT1_IRQHandler                                                                    
00001b39  PORT2_IRQHandler                                                                    
00001b39  PORT3_IRQHandler                                                                    
00001b39  PORT4_IRQHandler                                                                    
00001b39  PORT5_IRQHandler                                                                    
00001b39  PORT6_IRQHandler                                                                    
00001b39  PSS_IRQHandler                                                                      
00001b39  PendSV_Handler                                                                      
00001b39  RTC_C_IRQHandler                                                                    
00001b39  SVC_Handler                                                                         
00001b39  SysTick_Handler                                                                     
00001b39  T32_INT1_IRQHandler                                                                 
00001b39  T32_INT2_IRQHandler                                                                 
00001b39  T32_INTC_IRQHandler                                                                 
00001b39  TA0_0_IRQHandler                                                                    
00001b39  TA0_N_IRQHandler                                                                    
00001b39  TA1_0_IRQHandler                                                                    
00001b39  TA1_N_IRQHandler                                                                    
00001b39  TA2_0_IRQHandler                                                                    
00001b39  TA2_N_IRQHandler                                                                    
00001b39  TA3_0_IRQHandler                                                                    
00001b39  TA3_N_IRQHandler                                                                    
00001b39  UsageFault_Handler                                                                  
00001b39  WDT_A_IRQHandler                                                                    
00001b3b  _ZN5ServoC2Ev                                                                       
00001b47  _ZN7Buffers10AutoBufferILi300EE7GetDataEv                                           
00001b53  _ZN7Buffers10AutoBufferILi300EEC1Ev                                                 
00001b5f  __TI_zero_init                                                                      
00001b6b  _ZdlPv                                                                              
00001b73  __cxa_pure_virtual                                                                  
00001b79  __abort_execution                                                                   
00001b7d  _system_pre_init                                                                    
00001b80  _ZTSN10__cxxabiv123__fundamental_type_infoE                                         
00001ba8  _ZTSN10__cxxabiv120__si_class_type_infoE                                            
00001bcd  _ZTSN10__cxxabiv119__pointer_type_infoE                                             
00001bf1  _ZTSN10__cxxabiv117__class_type_infoE                                               
00001c13  _ZTSN10__cxxabiv117__pbase_type_infoE                                               
00001c35  _ZTSN9Externals7PCA96854PortE                                                       
00001c50  _ZTV5Servo                                                                          
00001c68  _ZTVN9Externals7PCA96854PortE                                                       
00001c80  _ZTIPKe                                                                             
00001c90  _ZTVN10__cxxabiv117__class_type_infoE                                               
00001ca0  _ZTVN10__cxxabiv119__pointer_type_infoE                                             
00001cb0  _ZTVN10__cxxabiv120__si_class_type_infoE                                            
00001cc0  _ZTVN10__cxxabiv123__fundamental_type_infoE                                         
00001cd0  _ZTSSt9type_info                                                                    
00001cdd  _ZTSe                                                                               
00001ce0  _ZTIN10__cxxabiv117__class_type_infoE                                               
00001cec  _ZTIN10__cxxabiv117__pbase_type_infoE                                               
00001cf8  _ZTIN10__cxxabiv119__pointer_type_infoE                                             
00001d04  _ZTIN10__cxxabiv120__si_class_type_infoE                                            
00001d10  _ZTIN10__cxxabiv123__fundamental_type_infoE                                         
00001d1c  _ZTIN9Externals7PCA96854PortE                                                       
00001d38  _ZTI5Servo                                                                          
00001d40  _ZTISt9type_info                                                                    
00001d48  _ZTIe                                                                               
00001d50  _ZTS5Servo                                                                          
00001d57  _ZTSPKe                                                                             
00001d5c  SHT$$INIT_ARRAY$$Base                                                               
00001d60  SHT$$INIT_ARRAY$$Limit                                                              
00001d80  __TI_Handler_Table_Base                                                             
00001d8c  __TI_Handler_Table_Limit                                                            
00001d98  __TI_CINIT_Base                                                                     
00001da8  __TI_CINIT_Limit                                                                    
20000000  _ZN12Peripherials8A1_rawRxE                                                         
2000012c  _ZN12Peripherials8A1_rawTxE                                                         
20000258  _ZN12Peripherials8A3_rawRxE                                                         
20000384  _ZN12Peripherials8A3_rawTxE                                                         
200004b0  _ZN12Peripherials7UART_A1E                                                          
200004d4  _ZN12Peripherials7UART_A3E                                                          
200004f8  _ZN12Peripherials10A1_txQueueE                                                      
2000050c  _ZN12Peripherials10A3_txQueueE                                                      
20000520  _ZN12Peripherials11A1_rxBufferE                                                     
20000528  _ZN12Peripherials11A1_txBufferE                                                     
20000530  _ZN12Peripherials11A3_rxBufferE                                                     
20000538  _ZN12Peripherials11A3_txBufferE                                                     
20000540  _ZSt16__dummy_typeinfo                                                              
20000548  _sys_memory                                                                         
20000948  __TI_cleanup_ptr                                                                    
2000094c  __TI_dtors_ptr                                                                      
20000950  __TI_enable_exit_profile_output                                                     
20000960  _lock                                                                               
20000964  _unlock                                                                             
20000968  main_func_sp                                                                        
2000096c  SystemCoreClock                                                                     
2000fe00  __stack                                                                             
20010000  __STACK_END                                                                         
4000480c  WDTCTL_SYM                                                                          
ffffffff  __TI_pprof_out_hndl                                                                 
ffffffff  __TI_prof_data_size                                                                 
ffffffff  __TI_prof_data_start                                                                
ffffffff  __binit__                                                                           
ffffffff  __c_args__                                                                          
ffffffff  binit                                                                               

[236 symbols]
