<?xml version="1.0"?>
<link_info>
   <banner>TI ARM Linker PC v16.6.0.STS</banner>
   <copyright>Copyright (c) 1996-2015 Texas Instruments Incorporated</copyright>
   <link_time>0x57ce2360</link_time>
   <link_errors>0x0</link_errors>
   <output_file>ServoControl.out</output_file>
   <entry_point>
      <name>_c_int00</name>
      <address>0xc8d</address>
   </entry_point>
   <input_file_list>
      <input_file id="fl-2">
         <path>.\</path>
         <kind>object</kind>
         <file>main.obj</file>
         <name>main.obj</name>
      </input_file>
      <input_file id="fl-3">
         <path>.\</path>
         <kind>object</kind>
         <file>startup_msp432p401r_ccs.obj</file>
         <name>startup_msp432p401r_ccs.obj</name>
      </input_file>
      <input_file id="fl-4">
         <path>.\</path>
         <kind>object</kind>
         <file>system_msp432p401r.obj</file>
         <name>system_msp432p401r.obj</name>
      </input_file>
      <input_file id="fl-5">
         <path>.\Timer\</path>
         <kind>object</kind>
         <file>timer.obj</file>
         <name>timer.obj</name>
      </input_file>
      <input_file id="fl-bf">
         <path>C:\TI\ccsv6\tools\compiler\ti-cgt-arm_16.6.0.STS\lib\</path>
         <kind>archive</kind>
         <file>rtsv7M4_T_le_v4SPD16_eabi.lib</file>
         <name>boot.obj</name>
      </input_file>
      <input_file id="fl-c0">
         <path>C:\TI\ccsv6\tools\compiler\ti-cgt-arm_16.6.0.STS\lib\</path>
         <kind>archive</kind>
         <file>rtsv7M4_T_le_v4SPD16_eabi.lib</file>
         <name>copy_decompress_lzss.obj</name>
      </input_file>
      <input_file id="fl-c1">
         <path>C:\TI\ccsv6\tools\compiler\ti-cgt-arm_16.6.0.STS\lib\</path>
         <kind>archive</kind>
         <file>rtsv7M4_T_le_v4SPD16_eabi.lib</file>
         <name>copy_decompress_none.obj</name>
      </input_file>
      <input_file id="fl-c2">
         <path>C:\TI\ccsv6\tools\compiler\ti-cgt-arm_16.6.0.STS\lib\</path>
         <kind>archive</kind>
         <file>rtsv7M4_T_le_v4SPD16_eabi.lib</file>
         <name>copy_zero_init.obj</name>
      </input_file>
      <input_file id="fl-c3">
         <path>C:\TI\ccsv6\tools\compiler\ti-cgt-arm_16.6.0.STS\lib\</path>
         <kind>archive</kind>
         <file>rtsv7M4_T_le_v4SPD16_eabi.lib</file>
         <name>exit.obj</name>
      </input_file>
      <input_file id="fl-c4">
         <path>C:\TI\ccsv6\tools\compiler\ti-cgt-arm_16.6.0.STS\lib\</path>
         <kind>archive</kind>
         <file>rtsv7M4_T_le_v4SPD16_eabi.lib</file>
         <name>memcpy_t2.obj</name>
      </input_file>
      <input_file id="fl-c5">
         <path>C:\TI\ccsv6\tools\compiler\ti-cgt-arm_16.6.0.STS\lib\</path>
         <kind>archive</kind>
         <file>rtsv7M4_T_le_v4SPD16_eabi.lib</file>
         <name>memset_t2.obj</name>
      </input_file>
      <input_file id="fl-c6">
         <path>C:\TI\ccsv6\tools\compiler\ti-cgt-arm_16.6.0.STS\lib\</path>
         <kind>archive</kind>
         <file>rtsv7M4_T_le_v4SPD16_eabi.lib</file>
         <name>mpu_init.obj</name>
      </input_file>
      <input_file id="fl-c7">
         <path>C:\TI\ccsv6\tools\compiler\ti-cgt-arm_16.6.0.STS\lib\</path>
         <kind>archive</kind>
         <file>rtsv7M4_T_le_v4SPD16_eabi.lib</file>
         <name>pre_init.obj</name>
      </input_file>
      <input_file id="fl-c8">
         <path>C:\TI\ccsv6\tools\compiler\ti-cgt-arm_16.6.0.STS\lib\</path>
         <kind>archive</kind>
         <file>rtsv7M4_T_le_v4SPD16_eabi.lib</file>
         <name>stkdepth_vars.obj</name>
      </input_file>
      <input_file id="fl-c9">
         <path>C:\TI\ccsv6\tools\compiler\ti-cgt-arm_16.6.0.STS\lib\</path>
         <kind>archive</kind>
         <file>rtsv7M4_T_le_v4SPD16_eabi.lib</file>
         <name>_lock.obj</name>
      </input_file>
      <input_file id="fl-ca">
         <path>C:\TI\ccsv6\tools\compiler\ti-cgt-arm_16.6.0.STS\lib\</path>
         <kind>archive</kind>
         <file>rtsv7M4_T_le_v4SPD16_eabi.lib</file>
         <name>args_main.obj</name>
      </input_file>
      <input_file id="fl-cb">
         <path>C:\TI\ccsv6\tools\compiler\ti-cgt-arm_16.6.0.STS\lib\</path>
         <kind>archive</kind>
         <file>rtsv7M4_T_le_v4SPD16_eabi.lib</file>
         <name>autoinit.obj</name>
      </input_file>
      <input_file id="fl-cc">
         <path>C:\TI\ccsv6\tools\compiler\ti-cgt-arm_16.6.0.STS\lib\</path>
         <kind>archive</kind>
         <file>rtsv7M4_T_le_v4SPD16_eabi.lib</file>
         <name>cpy_tbl.obj</name>
      </input_file>
      <input_file id="fl-cd">
         <path>C:\TI\ccsv6\tools\compiler\ti-cgt-arm_16.6.0.STS\lib\</path>
         <kind>archive</kind>
         <file>rtsv7M4_T_le_v4SPD16_eabi.lib</file>
         <name>startup.obj</name>
      </input_file>
   </input_file_list>
   <object_component_list>
      <object_component id="oc-2c">
         <name>.intvecs:retain</name>
         <load_address>0x0</load_address>
         <run_address>0x0</run_address>
         <size>0xe4</size>
         <input_file_ref idref="fl-3"/>
      </object_component>
      <object_component id="oc-7c">
         <name>.text</name>
         <load_address>0xe4</load_address>
         <run_address>0xe4</run_address>
         <size>0x5b0</size>
         <input_file_ref idref="fl-5"/>
      </object_component>
      <object_component id="oc-be">
         <name>.text</name>
         <load_address>0x694</load_address>
         <run_address>0x694</run_address>
         <size>0x370</size>
         <input_file_ref idref="fl-4"/>
      </object_component>
      <object_component id="oc-3c">
         <name>.text</name>
         <load_address>0xa04</load_address>
         <run_address>0xa04</run_address>
         <size>0x9c</size>
         <input_file_ref idref="fl-c4"/>
      </object_component>
      <object_component id="oc-ab">
         <name>.text</name>
         <load_address>0xaa0</load_address>
         <run_address>0xaa0</run_address>
         <size>0x98</size>
         <input_file_ref idref="fl-2"/>
      </object_component>
      <object_component id="oc-48">
         <name>.text</name>
         <load_address>0xb38</load_address>
         <run_address>0xb38</run_address>
         <size>0x7a</size>
         <input_file_ref idref="fl-c5"/>
      </object_component>
      <object_component id="oc-54">
         <name>.text</name>
         <load_address>0xbb2</load_address>
         <run_address>0xbb2</run_address>
         <size>0x2</size>
         <input_file_ref idref="fl-c6"/>
      </object_component>
      <object_component id="oc-60">
         <name>.text</name>
         <load_address>0xbb4</load_address>
         <run_address>0xbb4</run_address>
         <size>0x70</size>
         <input_file_ref idref="fl-cb"/>
      </object_component>
      <object_component id="oc-14">
         <name>.text:decompress:lzss</name>
         <load_address>0xc24</load_address>
         <run_address>0xc24</run_address>
         <size>0x66</size>
         <input_file_ref idref="fl-c0"/>
      </object_component>
      <object_component id="oc-a3">
         <name>.text</name>
         <load_address>0xc8a</load_address>
         <run_address>0xc8a</run_address>
         <size>0x2</size>
         <input_file_ref idref="fl-cd"/>
      </object_component>
      <object_component id="oc-26">
         <name>.text</name>
         <load_address>0xc8c</load_address>
         <run_address>0xc8c</run_address>
         <size>0x54</size>
         <input_file_ref idref="fl-bf"/>
      </object_component>
      <object_component id="oc-6c">
         <name>.text</name>
         <load_address>0xce0</load_address>
         <run_address>0xce0</run_address>
         <size>0x54</size>
         <input_file_ref idref="fl-c3"/>
      </object_component>
      <object_component id="oc-9d">
         <name>.text</name>
         <load_address>0xd34</load_address>
         <run_address>0xd34</run_address>
         <size>0x4c</size>
         <input_file_ref idref="fl-cc"/>
      </object_component>
      <object_component id="oc-66">
         <name>.text</name>
         <load_address>0xd80</load_address>
         <run_address>0xd80</run_address>
         <size>0x18</size>
         <input_file_ref idref="fl-ca"/>
      </object_component>
      <object_component id="oc-100">
         <name>.text</name>
         <load_address>0xd98</load_address>
         <run_address>0xd98</run_address>
         <size>0x14</size>
         <input_file_ref idref="fl-c9"/>
      </object_component>
      <object_component id="oc-1a">
         <name>.text:decompress:none</name>
         <load_address>0xdac</load_address>
         <run_address>0xdac</run_address>
         <size>0xe</size>
         <input_file_ref idref="fl-c1"/>
      </object_component>
      <object_component id="oc-76">
         <name>.text</name>
         <load_address>0xdba</load_address>
         <run_address>0xdba</run_address>
         <size>0xe</size>
         <input_file_ref idref="fl-3"/>
      </object_component>
      <object_component id="oc-20">
         <name>.text:decompress:ZI</name>
         <load_address>0xdc8</load_address>
         <run_address>0xdc8</run_address>
         <size>0xc</size>
         <input_file_ref idref="fl-c2"/>
      </object_component>
      <object_component id="oc-5a">
         <name>.text</name>
         <load_address>0xdd4</load_address>
         <run_address>0xdd4</run_address>
         <size>0x4</size>
         <input_file_ref idref="fl-c7"/>
      </object_component>
      <object_component id="oc-15b">
         <name>.cinit..data.load</name>
         <load_address>0xde0</load_address>
         <run_address>0xde0</run_address>
         <size>0x14</size>
      </object_component>
      <object_component id="oc-159">
         <name>__TI_handler_table</name>
         <load_address>0xdf4</load_address>
         <run_address>0xdf4</run_address>
         <size>0xc</size>
      </object_component>
      <object_component id="oc-15c">
         <name>.cinit..bss.load</name>
         <load_address>0xe00</load_address>
         <run_address>0xe00</run_address>
         <size>0x8</size>
      </object_component>
      <object_component id="oc-15a">
         <name>__TI_cinit_table</name>
         <load_address>0xe08</load_address>
         <run_address>0xe08</run_address>
         <size>0x10</size>
      </object_component>
      <object_component id="oc-2f">
         <name>.init_array</name>
         <load_address>0xdd8</load_address>
         <run_address>0xdd8</run_address>
         <size>0x4</size>
         <input_file_ref idref="fl-5"/>
      </object_component>
      <object_component id="oc-136">
         <name>.binit</name>
         <load_address>0x0</load_address>
         <run_address>0x0</run_address>
         <size>0x0</size>
      </object_component>
      <object_component id="oc-10c">
         <name>.data</name>
         <load_address>0x20000098</load_address>
         <run_address>0x20000098</run_address>
         <size>0x4</size>
         <input_file_ref idref="fl-4"/>
      </object_component>
      <object_component id="oc-b3">
         <name>.data:$O1$$</name>
         <load_address>0x20000080</load_address>
         <run_address>0x20000080</run_address>
         <size>0xc</size>
         <input_file_ref idref="fl-c3"/>
      </object_component>
      <object_component id="oc-72">
         <name>.data</name>
         <load_address>0x20000094</load_address>
         <run_address>0x20000094</run_address>
         <size>0x4</size>
         <input_file_ref idref="fl-c8"/>
      </object_component>
      <object_component id="oc-b6">
         <name>.data:$O1$$</name>
         <load_address>0x2000008c</load_address>
         <run_address>0x2000008c</run_address>
         <size>0x8</size>
         <input_file_ref idref="fl-c9"/>
      </object_component>
      <object_component id="oc-c5">
         <name>.bss:_ZN12Peripherials3TA0E</name>
         <uninitialized>true</uninitialized>
         <run_address>0x20000000</run_address>
         <size>0x20</size>
         <input_file_ref idref="fl-5"/>
      </object_component>
      <object_component id="oc-c8">
         <name>.bss:_ZN12Peripherials3TA1E</name>
         <uninitialized>true</uninitialized>
         <run_address>0x20000020</run_address>
         <size>0x20</size>
         <input_file_ref idref="fl-5"/>
      </object_component>
      <object_component id="oc-cb">
         <name>.bss:_ZN12Peripherials3TA2E</name>
         <uninitialized>true</uninitialized>
         <run_address>0x20000040</run_address>
         <size>0x20</size>
         <input_file_ref idref="fl-5"/>
      </object_component>
      <object_component id="oc-ce">
         <name>.bss:_ZN12Peripherials3TA3E</name>
         <uninitialized>true</uninitialized>
         <run_address>0x20000060</run_address>
         <size>0x20</size>
         <input_file_ref idref="fl-5"/>
      </object_component>
      <object_component id="oc-30">
         <name>.stack</name>
         <uninitialized>true</uninitialized>
         <run_address>0x2000fe00</run_address>
         <size>0x0</size>
         <input_file_ref idref="fl-bf"/>
      </object_component>
      <object_component id="oc-15d">
         <name>.stack</name>
         <uninitialized>true</uninitialized>
         <run_address>0x2000fe00</run_address>
         <size>0x0</size>
      </object_component>
      <object_component id="oc-11d">
         <name>.debug_info</name>
         <load_address>0x0</load_address>
         <run_address>0x0</run_address>
         <size>0x125c</size>
         <input_file_ref idref="fl-2"/>
      </object_component>
      <object_component id="oc-ac">
         <name>.debug_info</name>
         <load_address>0x125c</load_address>
         <run_address>0x125c</run_address>
         <size>0x314</size>
         <input_file_ref idref="fl-2"/>
      </object_component>
      <object_component id="oc-121">
         <name>.debug_info</name>
         <load_address>0x1570</load_address>
         <run_address>0x1570</run_address>
         <size>0x1251</size>
         <input_file_ref idref="fl-2"/>
      </object_component>
      <object_component id="oc-de">
         <name>.debug_info</name>
         <load_address>0x27c1</load_address>
         <run_address>0x27c1</run_address>
         <size>0x3f65</size>
         <input_file_ref idref="fl-2"/>
      </object_component>
      <object_component id="oc-d2">
         <name>.debug_info</name>
         <load_address>0x6726</load_address>
         <run_address>0x6726</run_address>
         <size>0x21a</size>
         <input_file_ref idref="fl-2"/>
      </object_component>
      <object_component id="oc-37">
         <name>.debug_info</name>
         <load_address>0x6940</load_address>
         <run_address>0x6940</run_address>
         <size>0x84</size>
         <input_file_ref idref="fl-2"/>
      </object_component>
      <object_component id="oc-d9">
         <name>.debug_info</name>
         <load_address>0x69c4</load_address>
         <run_address>0x69c4</run_address>
         <size>0x18b</size>
         <input_file_ref idref="fl-2"/>
      </object_component>
      <object_component id="oc-84">
         <name>.debug_info</name>
         <load_address>0x6b4f</load_address>
         <run_address>0x6b4f</run_address>
         <size>0x120</size>
         <input_file_ref idref="fl-3"/>
      </object_component>
      <object_component id="oc-2d">
         <name>.debug_info</name>
         <load_address>0x6c6f</load_address>
         <run_address>0x6c6f</run_address>
         <size>0xf8</size>
         <input_file_ref idref="fl-3"/>
      </object_component>
      <object_component id="oc-78">
         <name>.debug_info</name>
         <load_address>0x6d67</load_address>
         <run_address>0x6d67</run_address>
         <size>0x1bf</size>
         <input_file_ref idref="fl-3"/>
      </object_component>
      <object_component id="oc-110">
         <name>.debug_info</name>
         <load_address>0x6f26</load_address>
         <run_address>0x6f26</run_address>
         <size>0x18b</size>
         <input_file_ref idref="fl-3"/>
      </object_component>
      <object_component id="oc-10d">
         <name>.debug_info</name>
         <load_address>0x70b1</load_address>
         <run_address>0x70b1</run_address>
         <size>0xf1</size>
         <input_file_ref idref="fl-4"/>
      </object_component>
      <object_component id="oc-bf">
         <name>.debug_info</name>
         <load_address>0x71a2</load_address>
         <run_address>0x71a2</run_address>
         <size>0x263</size>
         <input_file_ref idref="fl-4"/>
      </object_component>
      <object_component id="oc-d7">
         <name>.debug_info</name>
         <load_address>0x7405</load_address>
         <run_address>0x7405</run_address>
         <size>0x105e</size>
         <input_file_ref idref="fl-5"/>
      </object_component>
      <object_component id="oc-c6">
         <name>.debug_info</name>
         <load_address>0x8463</load_address>
         <run_address>0x8463</run_address>
         <size>0xf5</size>
         <input_file_ref idref="fl-5"/>
      </object_component>
      <object_component id="oc-c9">
         <name>.debug_info</name>
         <load_address>0x8558</load_address>
         <run_address>0x8558</run_address>
         <size>0xf5</size>
         <input_file_ref idref="fl-5"/>
      </object_component>
      <object_component id="oc-cc">
         <name>.debug_info</name>
         <load_address>0x864d</load_address>
         <run_address>0x864d</run_address>
         <size>0xf5</size>
         <input_file_ref idref="fl-5"/>
      </object_component>
      <object_component id="oc-cf">
         <name>.debug_info</name>
         <load_address>0x8742</load_address>
         <run_address>0x8742</run_address>
         <size>0xf5</size>
         <input_file_ref idref="fl-5"/>
      </object_component>
      <object_component id="oc-80">
         <name>.debug_info</name>
         <load_address>0x8837</load_address>
         <run_address>0x8837</run_address>
         <size>0x1231</size>
         <input_file_ref idref="fl-5"/>
      </object_component>
      <object_component id="oc-27">
         <name>.debug_info</name>
         <load_address>0x9a68</load_address>
         <run_address>0x9a68</run_address>
         <size>0x160</size>
         <input_file_ref idref="fl-bf"/>
      </object_component>
      <object_component id="oc-8a">
         <name>.debug_info</name>
         <load_address>0x9bc8</load_address>
         <run_address>0x9bc8</run_address>
         <size>0xf9</size>
         <input_file_ref idref="fl-c0"/>
      </object_component>
      <object_component id="oc-16">
         <name>.debug_info</name>
         <load_address>0x9cc1</load_address>
         <run_address>0x9cc1</run_address>
         <size>0x245</size>
         <input_file_ref idref="fl-c0"/>
      </object_component>
      <object_component id="oc-32">
         <name>.debug_info</name>
         <load_address>0x9f06</load_address>
         <run_address>0x9f06</run_address>
         <size>0x60</size>
         <input_file_ref idref="fl-c0"/>
      </object_component>
      <object_component id="oc-85">
         <name>.debug_info</name>
         <load_address>0x9f66</load_address>
         <run_address>0x9f66</run_address>
         <size>0x46</size>
         <input_file_ref idref="fl-c0"/>
      </object_component>
      <object_component id="oc-47">
         <name>.debug_info</name>
         <load_address>0x9fac</load_address>
         <run_address>0x9fac</run_address>
         <size>0x140</size>
         <input_file_ref idref="fl-c1"/>
      </object_component>
      <object_component id="oc-1c">
         <name>.debug_info</name>
         <load_address>0xa0ec</load_address>
         <run_address>0xa0ec</run_address>
         <size>0x1df</size>
         <input_file_ref idref="fl-c1"/>
      </object_component>
      <object_component id="oc-42">
         <name>.debug_info</name>
         <load_address>0xa2cb</load_address>
         <run_address>0xa2cb</run_address>
         <size>0x46</size>
         <input_file_ref idref="fl-c1"/>
      </object_component>
      <object_component id="oc-8c">
         <name>.debug_info</name>
         <load_address>0xa311</load_address>
         <run_address>0xa311</run_address>
         <size>0x2c</size>
         <input_file_ref idref="fl-c1"/>
      </object_component>
      <object_component id="oc-53">
         <name>.debug_info</name>
         <load_address>0xa33d</load_address>
         <run_address>0xa33d</run_address>
         <size>0x12f</size>
         <input_file_ref idref="fl-c2"/>
      </object_component>
      <object_component id="oc-21">
         <name>.debug_info</name>
         <load_address>0xa46c</load_address>
         <run_address>0xa46c</run_address>
         <size>0x1aa</size>
         <input_file_ref idref="fl-c2"/>
      </object_component>
      <object_component id="oc-4e">
         <name>.debug_info</name>
         <load_address>0xa616</load_address>
         <run_address>0xa616</run_address>
         <size>0x46</size>
         <input_file_ref idref="fl-c2"/>
      </object_component>
      <object_component id="oc-94">
         <name>.debug_info</name>
         <load_address>0xa65c</load_address>
         <run_address>0xa65c</run_address>
         <size>0x2c</size>
         <input_file_ref idref="fl-c2"/>
      </object_component>
      <object_component id="oc-ba">
         <name>.debug_info</name>
         <load_address>0xa688</load_address>
         <run_address>0xa688</run_address>
         <size>0x234</size>
         <input_file_ref idref="fl-c3"/>
      </object_component>
      <object_component id="oc-b4">
         <name>.debug_info</name>
         <load_address>0xa8bc</load_address>
         <run_address>0xa8bc</run_address>
         <size>0x185</size>
         <input_file_ref idref="fl-c3"/>
      </object_component>
      <object_component id="oc-6e">
         <name>.debug_info</name>
         <load_address>0xaa41</load_address>
         <run_address>0xaa41</run_address>
         <size>0x214</size>
         <input_file_ref idref="fl-c3"/>
      </object_component>
      <object_component id="oc-3e">
         <name>.debug_info</name>
         <load_address>0xac55</load_address>
         <run_address>0xac55</run_address>
         <size>0x111</size>
         <input_file_ref idref="fl-c4"/>
      </object_component>
      <object_component id="oc-49">
         <name>.debug_info</name>
         <load_address>0xad66</load_address>
         <run_address>0xad66</run_address>
         <size>0x13f</size>
         <input_file_ref idref="fl-c5"/>
      </object_component>
      <object_component id="oc-58">
         <name>.debug_info</name>
         <load_address>0xaea5</load_address>
         <run_address>0xaea5</run_address>
         <size>0x138</size>
         <input_file_ref idref="fl-c6"/>
      </object_component>
      <object_component id="oc-5b">
         <name>.debug_info</name>
         <load_address>0xafdd</load_address>
         <run_address>0xafdd</run_address>
         <size>0x148</size>
         <input_file_ref idref="fl-c7"/>
      </object_component>
      <object_component id="oc-73">
         <name>.debug_info</name>
         <load_address>0xb125</load_address>
         <run_address>0xb125</run_address>
         <size>0x109</size>
         <input_file_ref idref="fl-c8"/>
      </object_component>
      <object_component id="oc-108">
         <name>.debug_info</name>
         <load_address>0xb22e</load_address>
         <run_address>0xb22e</run_address>
         <size>0x124</size>
         <input_file_ref idref="fl-c9"/>
      </object_component>
      <object_component id="oc-b7">
         <name>.debug_info</name>
         <load_address>0xb352</load_address>
         <run_address>0xb352</run_address>
         <size>0x113</size>
         <input_file_ref idref="fl-c9"/>
      </object_component>
      <object_component id="oc-104">
         <name>.debug_info</name>
         <load_address>0xb465</load_address>
         <run_address>0xb465</run_address>
         <size>0x21f</size>
         <input_file_ref idref="fl-c9"/>
      </object_component>
      <object_component id="oc-b2">
         <name>.debug_info</name>
         <load_address>0xb684</load_address>
         <run_address>0xb684</run_address>
         <size>0x166</size>
         <input_file_ref idref="fl-ca"/>
      </object_component>
      <object_component id="oc-69">
         <name>.debug_info</name>
         <load_address>0xb7ea</load_address>
         <run_address>0xb7ea</run_address>
         <size>0x167</size>
         <input_file_ref idref="fl-ca"/>
      </object_component>
      <object_component id="oc-f9">
         <name>.debug_info</name>
         <load_address>0xb951</load_address>
         <run_address>0xb951</run_address>
         <size>0x5e</size>
         <input_file_ref idref="fl-ca"/>
      </object_component>
      <object_component id="oc-aa">
         <name>.debug_info</name>
         <load_address>0xb9af</load_address>
         <run_address>0xb9af</run_address>
         <size>0x2e9</size>
         <input_file_ref idref="fl-cb"/>
      </object_component>
      <object_component id="oc-62">
         <name>.debug_info</name>
         <load_address>0xbc98</load_address>
         <run_address>0xbc98</run_address>
         <size>0x190</size>
         <input_file_ref idref="fl-cb"/>
      </object_component>
      <object_component id="oc-ec">
         <name>.debug_info</name>
         <load_address>0xbe28</load_address>
         <run_address>0xbe28</run_address>
         <size>0x39</size>
         <input_file_ref idref="fl-cb"/>
      </object_component>
      <object_component id="oc-f1">
         <name>.debug_info</name>
         <load_address>0xbe61</load_address>
         <run_address>0xbe61</run_address>
         <size>0xcd</size>
         <input_file_ref idref="fl-cb"/>
      </object_component>
      <object_component id="oc-e8">
         <name>.debug_info</name>
         <load_address>0xbf2e</load_address>
         <run_address>0xbf2e</run_address>
         <size>0x1e0</size>
         <input_file_ref idref="fl-cc"/>
      </object_component>
      <object_component id="oc-a1">
         <name>.debug_info</name>
         <load_address>0xc10e</load_address>
         <run_address>0xc10e</run_address>
         <size>0x183</size>
         <input_file_ref idref="fl-cc"/>
      </object_component>
      <object_component id="oc-128">
         <name>.debug_info</name>
         <load_address>0xc291</load_address>
         <run_address>0xc291</run_address>
         <size>0x2c</size>
         <input_file_ref idref="fl-cc"/>
      </object_component>
      <object_component id="oc-a6">
         <name>.debug_info</name>
         <load_address>0xc2bd</load_address>
         <run_address>0xc2bd</run_address>
         <size>0x145</size>
         <input_file_ref idref="fl-cd"/>
      </object_component>
      <object_component id="oc-15e">
         <name>.debug_info</name>
         <load_address>0xc402</load_address>
         <run_address>0xc402</run_address>
         <size>0xa7</size>
      </object_component>
      <object_component id="oc-133">
         <name>.debug_line</name>
         <load_address>0x0</load_address>
         <run_address>0x0</run_address>
         <size>0x66</size>
         <input_file_ref idref="fl-2"/>
      </object_component>
      <object_component id="oc-af">
         <name>.debug_line</name>
         <load_address>0x66</load_address>
         <run_address>0x66</run_address>
         <size>0x95</size>
         <input_file_ref idref="fl-2"/>
      </object_component>
      <object_component id="oc-124">
         <name>.debug_line</name>
         <load_address>0xfb</load_address>
         <run_address>0xfb</run_address>
         <size>0x55</size>
         <input_file_ref idref="fl-2"/>
      </object_component>
      <object_component id="oc-e1">
         <name>.debug_line</name>
         <load_address>0x150</load_address>
         <run_address>0x150</run_address>
         <size>0x52</size>
         <input_file_ref idref="fl-2"/>
      </object_component>
      <object_component id="oc-d5">
         <name>.debug_line</name>
         <load_address>0x1a2</load_address>
         <run_address>0x1a2</run_address>
         <size>0x66</size>
         <input_file_ref idref="fl-2"/>
      </object_component>
      <object_component id="oc-3a">
         <name>.debug_line</name>
         <load_address>0x208</load_address>
         <run_address>0x208</run_address>
         <size>0x20</size>
         <input_file_ref idref="fl-2"/>
      </object_component>
      <object_component id="oc-dc">
         <name>.debug_line</name>
         <load_address>0x228</load_address>
         <run_address>0x228</run_address>
         <size>0x65</size>
         <input_file_ref idref="fl-2"/>
      </object_component>
      <object_component id="oc-e4">
         <name>.debug_line</name>
         <load_address>0x28d</load_address>
         <run_address>0x28d</run_address>
         <size>0x40</size>
         <input_file_ref idref="fl-3"/>
      </object_component>
      <object_component id="oc-83">
         <name>.debug_line</name>
         <load_address>0x2cd</load_address>
         <run_address>0x2cd</run_address>
         <size>0x40</size>
         <input_file_ref idref="fl-3"/>
      </object_component>
      <object_component id="oc-7b">
         <name>.debug_line</name>
         <load_address>0x30d</load_address>
         <run_address>0x30d</run_address>
         <size>0x71</size>
         <input_file_ref idref="fl-3"/>
      </object_component>
      <object_component id="oc-113">
         <name>.debug_line</name>
         <load_address>0x37e</load_address>
         <run_address>0x37e</run_address>
         <size>0x65</size>
         <input_file_ref idref="fl-3"/>
      </object_component>
      <object_component id="oc-131">
         <name>.debug_line</name>
         <load_address>0x3e3</load_address>
         <run_address>0x3e3</run_address>
         <size>0x3b</size>
         <input_file_ref idref="fl-4"/>
      </object_component>
      <object_component id="oc-c2">
         <name>.debug_line</name>
         <load_address>0x41e</load_address>
         <run_address>0x41e</run_address>
         <size>0x15f</size>
         <input_file_ref idref="fl-4"/>
      </object_component>
      <object_component id="oc-120">
         <name>.debug_line</name>
         <load_address>0x57d</load_address>
         <run_address>0x57d</run_address>
         <size>0x20</size>
         <input_file_ref idref="fl-5"/>
      </object_component>
      <object_component id="oc-116">
         <name>.debug_line</name>
         <load_address>0x59d</load_address>
         <run_address>0x59d</run_address>
         <size>0x36</size>
         <input_file_ref idref="fl-5"/>
      </object_component>
      <object_component id="oc-118">
         <name>.debug_line</name>
         <load_address>0x5d3</load_address>
         <run_address>0x5d3</run_address>
         <size>0x36</size>
         <input_file_ref idref="fl-5"/>
      </object_component>
      <object_component id="oc-11a">
         <name>.debug_line</name>
         <load_address>0x609</load_address>
         <run_address>0x609</run_address>
         <size>0x36</size>
         <input_file_ref idref="fl-5"/>
      </object_component>
      <object_component id="oc-11c">
         <name>.debug_line</name>
         <load_address>0x63f</load_address>
         <run_address>0x63f</run_address>
         <size>0x36</size>
         <input_file_ref idref="fl-5"/>
      </object_component>
      <object_component id="oc-7e">
         <name>.debug_line</name>
         <load_address>0x675</load_address>
         <run_address>0x675</run_address>
         <size>0x3b1</size>
         <input_file_ref idref="fl-5"/>
      </object_component>
      <object_component id="oc-2a">
         <name>.debug_line</name>
         <load_address>0xa26</load_address>
         <run_address>0xa26</run_address>
         <size>0x53</size>
         <input_file_ref idref="fl-bf"/>
      </object_component>
      <object_component id="oc-e6">
         <name>.debug_line</name>
         <load_address>0xa79</load_address>
         <run_address>0xa79</run_address>
         <size>0x20</size>
         <input_file_ref idref="fl-c0"/>
      </object_component>
      <object_component id="oc-19">
         <name>.debug_line</name>
         <load_address>0xa99</load_address>
         <run_address>0xa99</run_address>
         <size>0xad</size>
         <input_file_ref idref="fl-c0"/>
      </object_component>
      <object_component id="oc-35">
         <name>.debug_line</name>
         <load_address>0xb46</load_address>
         <run_address>0xb46</run_address>
         <size>0x3a</size>
         <input_file_ref idref="fl-c0"/>
      </object_component>
      <object_component id="oc-88">
         <name>.debug_line</name>
         <load_address>0xb80</load_address>
         <run_address>0xb80</run_address>
         <size>0x8a</size>
         <input_file_ref idref="fl-c0"/>
      </object_component>
      <object_component id="oc-92">
         <name>.debug_line</name>
         <load_address>0xc0a</load_address>
         <run_address>0xc0a</run_address>
         <size>0x8a</size>
         <input_file_ref idref="fl-c1"/>
      </object_component>
      <object_component id="oc-1f">
         <name>.debug_line</name>
         <load_address>0xc94</load_address>
         <run_address>0xc94</run_address>
         <size>0x55</size>
         <input_file_ref idref="fl-c1"/>
      </object_component>
      <object_component id="oc-45">
         <name>.debug_line</name>
         <load_address>0xce9</load_address>
         <run_address>0xce9</run_address>
         <size>0x3a</size>
         <input_file_ref idref="fl-c1"/>
      </object_component>
      <object_component id="oc-8f">
         <name>.debug_line</name>
         <load_address>0xd23</load_address>
         <run_address>0xd23</run_address>
         <size>0x8a</size>
         <input_file_ref idref="fl-c1"/>
      </object_component>
      <object_component id="oc-9a">
         <name>.debug_line</name>
         <load_address>0xdad</load_address>
         <run_address>0xdad</run_address>
         <size>0x8a</size>
         <input_file_ref idref="fl-c2"/>
      </object_component>
      <object_component id="oc-25">
         <name>.debug_line</name>
         <load_address>0xe37</load_address>
         <run_address>0xe37</run_address>
         <size>0x4f</size>
         <input_file_ref idref="fl-c2"/>
      </object_component>
      <object_component id="oc-51">
         <name>.debug_line</name>
         <load_address>0xe86</load_address>
         <run_address>0xe86</run_address>
         <size>0x34</size>
         <input_file_ref idref="fl-c2"/>
      </object_component>
      <object_component id="oc-97">
         <name>.debug_line</name>
         <load_address>0xeba</load_address>
         <run_address>0xeba</run_address>
         <size>0x8a</size>
         <input_file_ref idref="fl-c2"/>
      </object_component>
      <object_component id="oc-10b">
         <name>.debug_line</name>
         <load_address>0xf44</load_address>
         <run_address>0xf44</run_address>
         <size>0xf2</size>
         <input_file_ref idref="fl-c3"/>
      </object_component>
      <object_component id="oc-ff">
         <name>.debug_line</name>
         <load_address>0x1036</load_address>
         <run_address>0x1036</run_address>
         <size>0x2a</size>
         <input_file_ref idref="fl-c3"/>
      </object_component>
      <object_component id="oc-71">
         <name>.debug_line</name>
         <load_address>0x1060</load_address>
         <run_address>0x1060</run_address>
         <size>0x86</size>
         <input_file_ref idref="fl-c3"/>
      </object_component>
      <object_component id="oc-40">
         <name>.debug_line</name>
         <load_address>0x10e6</load_address>
         <run_address>0x10e6</run_address>
         <size>0x88</size>
         <input_file_ref idref="fl-c4"/>
      </object_component>
      <object_component id="oc-4c">
         <name>.debug_line</name>
         <load_address>0x116e</load_address>
         <run_address>0x116e</run_address>
         <size>0x79</size>
         <input_file_ref idref="fl-c5"/>
      </object_component>
      <object_component id="oc-55">
         <name>.debug_line</name>
         <load_address>0x11e7</load_address>
         <run_address>0x11e7</run_address>
         <size>0x3d</size>
         <input_file_ref idref="fl-c6"/>
      </object_component>
      <object_component id="oc-5e">
         <name>.debug_line</name>
         <load_address>0x1224</load_address>
         <run_address>0x1224</run_address>
         <size>0x40</size>
         <input_file_ref idref="fl-c7"/>
      </object_component>
      <object_component id="oc-bd">
         <name>.debug_line</name>
         <load_address>0x1264</load_address>
         <run_address>0x1264</run_address>
         <size>0x33</size>
         <input_file_ref idref="fl-c8"/>
      </object_component>
      <object_component id="oc-12f">
         <name>.debug_line</name>
         <load_address>0x1297</load_address>
         <run_address>0x1297</run_address>
         <size>0x20</size>
         <input_file_ref idref="fl-c9"/>
      </object_component>
      <object_component id="oc-107">
         <name>.debug_line</name>
         <load_address>0x12b7</load_address>
         <run_address>0x12b7</run_address>
         <size>0x2b</size>
         <input_file_ref idref="fl-c9"/>
      </object_component>
      <object_component id="oc-103">
         <name>.debug_line</name>
         <load_address>0x12e2</load_address>
         <run_address>0x12e2</run_address>
         <size>0x68</size>
         <input_file_ref idref="fl-c9"/>
      </object_component>
      <object_component id="oc-f8">
         <name>.debug_line</name>
         <load_address>0x134a</load_address>
         <run_address>0x134a</run_address>
         <size>0x2b</size>
         <input_file_ref idref="fl-ca"/>
      </object_component>
      <object_component id="oc-68">
         <name>.debug_line</name>
         <load_address>0x1375</load_address>
         <run_address>0x1375</run_address>
         <size>0x50</size>
         <input_file_ref idref="fl-ca"/>
      </object_component>
      <object_component id="oc-fc">
         <name>.debug_line</name>
         <load_address>0x13c5</load_address>
         <run_address>0x13c5</run_address>
         <size>0x2b</size>
         <input_file_ref idref="fl-ca"/>
      </object_component>
      <object_component id="oc-eb">
         <name>.debug_line</name>
         <load_address>0x13f0</load_address>
         <run_address>0x13f0</run_address>
         <size>0xa9</size>
         <input_file_ref idref="fl-cb"/>
      </object_component>
      <object_component id="oc-65">
         <name>.debug_line</name>
         <load_address>0x1499</load_address>
         <run_address>0x1499</run_address>
         <size>0x8b</size>
         <input_file_ref idref="fl-cb"/>
      </object_component>
      <object_component id="oc-ef">
         <name>.debug_line</name>
         <load_address>0x1524</load_address>
         <run_address>0x1524</run_address>
         <size>0x2e</size>
         <input_file_ref idref="fl-cb"/>
      </object_component>
      <object_component id="oc-f4">
         <name>.debug_line</name>
         <load_address>0x1552</load_address>
         <run_address>0x1552</run_address>
         <size>0x8b</size>
         <input_file_ref idref="fl-cb"/>
      </object_component>
      <object_component id="oc-127">
         <name>.debug_line</name>
         <load_address>0x15dd</load_address>
         <run_address>0x15dd</run_address>
         <size>0x98</size>
         <input_file_ref idref="fl-cc"/>
      </object_component>
      <object_component id="oc-9e">
         <name>.debug_line</name>
         <load_address>0x1675</load_address>
         <run_address>0x1675</run_address>
         <size>0x68</size>
         <input_file_ref idref="fl-cc"/>
      </object_component>
      <object_component id="oc-12b">
         <name>.debug_line</name>
         <load_address>0x16dd</load_address>
         <run_address>0x16dd</run_address>
         <size>0x2e</size>
         <input_file_ref idref="fl-cc"/>
      </object_component>
      <object_component id="oc-a4">
         <name>.debug_line</name>
         <load_address>0x170b</load_address>
         <run_address>0x170b</run_address>
         <size>0x3c</size>
         <input_file_ref idref="fl-cd"/>
      </object_component>
      <object_component id="oc-b0">
         <name>.debug_frame</name>
         <load_address>0x0</load_address>
         <run_address>0x0</run_address>
         <size>0x8b</size>
         <input_file_ref idref="fl-2"/>
      </object_component>
      <object_component id="oc-77">
         <name>.debug_frame</name>
         <load_address>0x8b</load_address>
         <run_address>0x8b</run_address>
         <size>0x69</size>
         <input_file_ref idref="fl-3"/>
      </object_component>
      <object_component id="oc-c3">
         <name>.debug_frame</name>
         <load_address>0xf4</load_address>
         <run_address>0xf4</run_address>
         <size>0x6b</size>
         <input_file_ref idref="fl-4"/>
      </object_component>
      <object_component id="oc-7d">
         <name>.debug_frame</name>
         <load_address>0x15f</load_address>
         <run_address>0x15f</run_address>
         <size>0x240</size>
         <input_file_ref idref="fl-5"/>
      </object_component>
      <object_component id="oc-18">
         <name>.debug_frame</name>
         <load_address>0x39f</load_address>
         <run_address>0x39f</run_address>
         <size>0x60</size>
         <input_file_ref idref="fl-c0"/>
      </object_component>
      <object_component id="oc-1b">
         <name>.debug_frame</name>
         <load_address>0x3ff</load_address>
         <run_address>0x3ff</run_address>
         <size>0x51</size>
         <input_file_ref idref="fl-c1"/>
      </object_component>
      <object_component id="oc-24">
         <name>.debug_frame</name>
         <load_address>0x450</load_address>
         <run_address>0x450</run_address>
         <size>0x51</size>
         <input_file_ref idref="fl-c2"/>
      </object_component>
      <object_component id="oc-70">
         <name>.debug_frame</name>
         <load_address>0x4a1</load_address>
         <run_address>0x4a1</run_address>
         <size>0x85</size>
         <input_file_ref idref="fl-c3"/>
      </object_component>
      <object_component id="oc-56">
         <name>.debug_frame</name>
         <load_address>0x526</load_address>
         <run_address>0x526</run_address>
         <size>0x51</size>
         <input_file_ref idref="fl-c6"/>
      </object_component>
      <object_component id="oc-5f">
         <name>.debug_frame</name>
         <load_address>0x577</load_address>
         <run_address>0x577</run_address>
         <size>0x51</size>
         <input_file_ref idref="fl-c7"/>
      </object_component>
      <object_component id="oc-101">
         <name>.debug_frame</name>
         <load_address>0x5c8</load_address>
         <run_address>0x5c8</run_address>
         <size>0x73</size>
         <input_file_ref idref="fl-c9"/>
      </object_component>
      <object_component id="oc-67">
         <name>.debug_frame</name>
         <load_address>0x63b</load_address>
         <run_address>0x63b</run_address>
         <size>0x51</size>
         <input_file_ref idref="fl-ca"/>
      </object_component>
      <object_component id="oc-61">
         <name>.debug_frame</name>
         <load_address>0x68c</load_address>
         <run_address>0x68c</run_address>
         <size>0x5c</size>
         <input_file_ref idref="fl-cb"/>
      </object_component>
      <object_component id="oc-9f">
         <name>.debug_frame</name>
         <load_address>0x6e8</load_address>
         <run_address>0x6e8</run_address>
         <size>0x60</size>
         <input_file_ref idref="fl-cc"/>
      </object_component>
      <object_component id="oc-a8">
         <name>.debug_frame</name>
         <load_address>0x748</load_address>
         <run_address>0x748</run_address>
         <size>0x51</size>
         <input_file_ref idref="fl-cd"/>
      </object_component>
      <object_component id="oc-132">
         <name>.debug_abbrev</name>
         <load_address>0x0</load_address>
         <run_address>0x0</run_address>
         <size>0xfa</size>
         <input_file_ref idref="fl-2"/>
      </object_component>
      <object_component id="oc-f6">
         <name>.debug_abbrev</name>
         <load_address>0xfa</load_address>
         <run_address>0xfa</run_address>
         <size>0x5e</size>
         <input_file_ref idref="fl-2"/>
      </object_component>
      <object_component id="oc-123">
         <name>.debug_abbrev</name>
         <load_address>0x158</load_address>
         <run_address>0x158</run_address>
         <size>0xd4</size>
         <input_file_ref idref="fl-2"/>
      </object_component>
      <object_component id="oc-e0">
         <name>.debug_abbrev</name>
         <load_address>0x22c</load_address>
         <run_address>0x22c</run_address>
         <size>0xe9</size>
         <input_file_ref idref="fl-2"/>
      </object_component>
      <object_component id="oc-d4">
         <name>.debug_abbrev</name>
         <load_address>0x315</load_address>
         <run_address>0x315</run_address>
         <size>0xa9</size>
         <input_file_ref idref="fl-2"/>
      </object_component>
      <object_component id="oc-39">
         <name>.debug_abbrev</name>
         <load_address>0x3be</load_address>
         <run_address>0x3be</run_address>
         <size>0x1f</size>
         <input_file_ref idref="fl-2"/>
      </object_component>
      <object_component id="oc-db">
         <name>.debug_abbrev</name>
         <load_address>0x3dd</load_address>
         <run_address>0x3dd</run_address>
         <size>0x35</size>
         <input_file_ref idref="fl-2"/>
      </object_component>
      <object_component id="oc-e3">
         <name>.debug_abbrev</name>
         <load_address>0x412</load_address>
         <run_address>0x412</run_address>
         <size>0x68</size>
         <input_file_ref idref="fl-3"/>
      </object_component>
      <object_component id="oc-82">
         <name>.debug_abbrev</name>
         <load_address>0x47a</load_address>
         <run_address>0x47a</run_address>
         <size>0x29</size>
         <input_file_ref idref="fl-3"/>
      </object_component>
      <object_component id="oc-c4">
         <name>.debug_abbrev</name>
         <load_address>0x4a3</load_address>
         <run_address>0x4a3</run_address>
         <size>0x89</size>
         <input_file_ref idref="fl-3"/>
      </object_component>
      <object_component id="oc-112">
         <name>.debug_abbrev</name>
         <load_address>0x52c</load_address>
         <run_address>0x52c</run_address>
         <size>0x35</size>
         <input_file_ref idref="fl-3"/>
      </object_component>
      <object_component id="oc-130">
         <name>.debug_abbrev</name>
         <load_address>0x561</load_address>
         <run_address>0x561</run_address>
         <size>0x29</size>
         <input_file_ref idref="fl-4"/>
      </object_component>
      <object_component id="oc-10f">
         <name>.debug_abbrev</name>
         <load_address>0x58a</load_address>
         <run_address>0x58a</run_address>
         <size>0x8b</size>
         <input_file_ref idref="fl-4"/>
      </object_component>
      <object_component id="oc-11f">
         <name>.debug_abbrev</name>
         <load_address>0x615</load_address>
         <run_address>0x615</run_address>
         <size>0xc5</size>
         <input_file_ref idref="fl-5"/>
      </object_component>
      <object_component id="oc-115">
         <name>.debug_abbrev</name>
         <load_address>0x6da</load_address>
         <run_address>0x6da</run_address>
         <size>0x29</size>
         <input_file_ref idref="fl-5"/>
      </object_component>
      <object_component id="oc-117">
         <name>.debug_abbrev</name>
         <load_address>0x703</load_address>
         <run_address>0x703</run_address>
         <size>0x29</size>
         <input_file_ref idref="fl-5"/>
      </object_component>
      <object_component id="oc-119">
         <name>.debug_abbrev</name>
         <load_address>0x72c</load_address>
         <run_address>0x72c</run_address>
         <size>0x29</size>
         <input_file_ref idref="fl-5"/>
      </object_component>
      <object_component id="oc-11b">
         <name>.debug_abbrev</name>
         <load_address>0x755</load_address>
         <run_address>0x755</run_address>
         <size>0x29</size>
         <input_file_ref idref="fl-5"/>
      </object_component>
      <object_component id="oc-d1">
         <name>.debug_abbrev</name>
         <load_address>0x77e</load_address>
         <run_address>0x77e</run_address>
         <size>0xf6</size>
         <input_file_ref idref="fl-5"/>
      </object_component>
      <object_component id="oc-75">
         <name>.debug_abbrev</name>
         <load_address>0x874</load_address>
         <run_address>0x874</run_address>
         <size>0x3e</size>
         <input_file_ref idref="fl-bf"/>
      </object_component>
      <object_component id="oc-e5">
         <name>.debug_abbrev</name>
         <load_address>0x8b2</load_address>
         <run_address>0x8b2</run_address>
         <size>0x2c</size>
         <input_file_ref idref="fl-c0"/>
      </object_component>
      <object_component id="oc-31">
         <name>.debug_abbrev</name>
         <load_address>0x8de</load_address>
         <run_address>0x8de</run_address>
         <size>0x6f</size>
         <input_file_ref idref="fl-c0"/>
      </object_component>
      <object_component id="oc-34">
         <name>.debug_abbrev</name>
         <load_address>0x94d</load_address>
         <run_address>0x94d</run_address>
         <size>0x24</size>
         <input_file_ref idref="fl-c0"/>
      </object_component>
      <object_component id="oc-87">
         <name>.debug_abbrev</name>
         <load_address>0x971</load_address>
         <run_address>0x971</run_address>
         <size>0x35</size>
         <input_file_ref idref="fl-c0"/>
      </object_component>
      <object_component id="oc-91">
         <name>.debug_abbrev</name>
         <load_address>0x9a6</load_address>
         <run_address>0x9a6</run_address>
         <size>0x52</size>
         <input_file_ref idref="fl-c1"/>
      </object_component>
      <object_component id="oc-41">
         <name>.debug_abbrev</name>
         <load_address>0x9f8</load_address>
         <run_address>0x9f8</run_address>
         <size>0x74</size>
         <input_file_ref idref="fl-c1"/>
      </object_component>
      <object_component id="oc-44">
         <name>.debug_abbrev</name>
         <load_address>0xa6c</load_address>
         <run_address>0xa6c</run_address>
         <size>0x24</size>
         <input_file_ref idref="fl-c1"/>
      </object_component>
      <object_component id="oc-8e">
         <name>.debug_abbrev</name>
         <load_address>0xa90</load_address>
         <run_address>0xa90</run_address>
         <size>0x24</size>
         <input_file_ref idref="fl-c1"/>
      </object_component>
      <object_component id="oc-99">
         <name>.debug_abbrev</name>
         <load_address>0xab4</load_address>
         <run_address>0xab4</run_address>
         <size>0x52</size>
         <input_file_ref idref="fl-c2"/>
      </object_component>
      <object_component id="oc-4d">
         <name>.debug_abbrev</name>
         <load_address>0xb06</load_address>
         <run_address>0xb06</run_address>
         <size>0x74</size>
         <input_file_ref idref="fl-c2"/>
      </object_component>
      <object_component id="oc-50">
         <name>.debug_abbrev</name>
         <load_address>0xb7a</load_address>
         <run_address>0xb7a</run_address>
         <size>0x24</size>
         <input_file_ref idref="fl-c2"/>
      </object_component>
      <object_component id="oc-96">
         <name>.debug_abbrev</name>
         <load_address>0xb9e</load_address>
         <run_address>0xb9e</run_address>
         <size>0x24</size>
         <input_file_ref idref="fl-c2"/>
      </object_component>
      <object_component id="oc-10a">
         <name>.debug_abbrev</name>
         <load_address>0xbc2</load_address>
         <run_address>0xbc2</run_address>
         <size>0xa8</size>
         <input_file_ref idref="fl-c3"/>
      </object_component>
      <object_component id="oc-fe">
         <name>.debug_abbrev</name>
         <load_address>0xc6a</load_address>
         <run_address>0xc6a</run_address>
         <size>0x29</size>
         <input_file_ref idref="fl-c3"/>
      </object_component>
      <object_component id="oc-b9">
         <name>.debug_abbrev</name>
         <load_address>0xc93</load_address>
         <run_address>0xc93</run_address>
         <size>0xba</size>
         <input_file_ref idref="fl-c3"/>
      </object_component>
      <object_component id="oc-8b">
         <name>.debug_abbrev</name>
         <load_address>0xd4d</load_address>
         <run_address>0xd4d</run_address>
         <size>0x3e</size>
         <input_file_ref idref="fl-c4"/>
      </object_component>
      <object_component id="oc-93">
         <name>.debug_abbrev</name>
         <load_address>0xd8b</load_address>
         <run_address>0xd8b</run_address>
         <size>0x4f</size>
         <input_file_ref idref="fl-c5"/>
      </object_component>
      <object_component id="oc-9b">
         <name>.debug_abbrev</name>
         <load_address>0xdda</load_address>
         <run_address>0xdda</run_address>
         <size>0x53</size>
         <input_file_ref idref="fl-c6"/>
      </object_component>
      <object_component id="oc-9c">
         <name>.debug_abbrev</name>
         <load_address>0xe2d</load_address>
         <run_address>0xe2d</run_address>
         <size>0x55</size>
         <input_file_ref idref="fl-c7"/>
      </object_component>
      <object_component id="oc-bc">
         <name>.debug_abbrev</name>
         <load_address>0xe82</load_address>
         <run_address>0xe82</run_address>
         <size>0x27</size>
         <input_file_ref idref="fl-c8"/>
      </object_component>
      <object_component id="oc-12e">
         <name>.debug_abbrev</name>
         <load_address>0xea9</load_address>
         <run_address>0xea9</run_address>
         <size>0x45</size>
         <input_file_ref idref="fl-c9"/>
      </object_component>
      <object_component id="oc-106">
         <name>.debug_abbrev</name>
         <load_address>0xeee</load_address>
         <run_address>0xeee</run_address>
         <size>0x29</size>
         <input_file_ref idref="fl-c9"/>
      </object_component>
      <object_component id="oc-12d">
         <name>.debug_abbrev</name>
         <load_address>0xf17</load_address>
         <run_address>0xf17</run_address>
         <size>0x6f</size>
         <input_file_ref idref="fl-c9"/>
      </object_component>
      <object_component id="oc-f7">
         <name>.debug_abbrev</name>
         <load_address>0xf86</load_address>
         <run_address>0xf86</run_address>
         <size>0x8e</size>
         <input_file_ref idref="fl-ca"/>
      </object_component>
      <object_component id="oc-b1">
         <name>.debug_abbrev</name>
         <load_address>0x1014</load_address>
         <run_address>0x1014</run_address>
         <size>0x68</size>
         <input_file_ref idref="fl-ca"/>
      </object_component>
      <object_component id="oc-fb">
         <name>.debug_abbrev</name>
         <load_address>0x107c</load_address>
         <run_address>0x107c</run_address>
         <size>0x49</size>
         <input_file_ref idref="fl-ca"/>
      </object_component>
      <object_component id="oc-ea">
         <name>.debug_abbrev</name>
         <load_address>0x10c5</load_address>
         <run_address>0x10c5</run_address>
         <size>0xae</size>
         <input_file_ref idref="fl-cb"/>
      </object_component>
      <object_component id="oc-a9">
         <name>.debug_abbrev</name>
         <load_address>0x1173</load_address>
         <run_address>0x1173</run_address>
         <size>0x7e</size>
         <input_file_ref idref="fl-cb"/>
      </object_component>
      <object_component id="oc-ee">
         <name>.debug_abbrev</name>
         <load_address>0x11f1</load_address>
         <run_address>0x11f1</run_address>
         <size>0x24</size>
         <input_file_ref idref="fl-cb"/>
      </object_component>
      <object_component id="oc-f3">
         <name>.debug_abbrev</name>
         <load_address>0x1215</load_address>
         <run_address>0x1215</run_address>
         <size>0x4b</size>
         <input_file_ref idref="fl-cb"/>
      </object_component>
      <object_component id="oc-126">
         <name>.debug_abbrev</name>
         <load_address>0x1260</load_address>
         <run_address>0x1260</run_address>
         <size>0x9c</size>
         <input_file_ref idref="fl-cc"/>
      </object_component>
      <object_component id="oc-e7">
         <name>.debug_abbrev</name>
         <load_address>0x12fc</load_address>
         <run_address>0x12fc</run_address>
         <size>0x8c</size>
         <input_file_ref idref="fl-cc"/>
      </object_component>
      <object_component id="oc-12a">
         <name>.debug_abbrev</name>
         <load_address>0x1388</load_address>
         <run_address>0x1388</run_address>
         <size>0x24</size>
         <input_file_ref idref="fl-cc"/>
      </object_component>
      <object_component id="oc-e9">
         <name>.debug_abbrev</name>
         <load_address>0x13ac</load_address>
         <run_address>0x13ac</run_address>
         <size>0x53</size>
         <input_file_ref idref="fl-cd"/>
      </object_component>
      <object_component id="oc-15f">
         <name>.debug_abbrev</name>
         <load_address>0x13ff</load_address>
         <run_address>0x13ff</run_address>
         <size>0xf</size>
      </object_component>
      <object_component id="oc-125">
         <name>.debug_str</name>
         <load_address>0x0</load_address>
         <run_address>0x0</run_address>
         <size>0x640</size>
         <input_file_ref idref="fl-2"/>
      </object_component>
      <object_component id="oc-e2">
         <name>.debug_str</name>
         <load_address>0x640</load_address>
         <run_address>0x640</run_address>
         <size>0x2143</size>
         <input_file_ref idref="fl-2"/>
      </object_component>
      <object_component id="oc-d6">
         <name>.debug_str</name>
         <load_address>0x2783</load_address>
         <run_address>0x2783</run_address>
         <size>0x415</size>
         <input_file_ref idref="fl-2"/>
      </object_component>
      <object_component id="oc-3b">
         <name>.debug_str</name>
         <load_address>0x2b98</load_address>
         <run_address>0x2b98</run_address>
         <size>0xfa</size>
         <input_file_ref idref="fl-2"/>
      </object_component>
      <object_component id="oc-dd">
         <name>.debug_str</name>
         <load_address>0x2c92</load_address>
         <run_address>0x2c92</run_address>
         <size>0x21e</size>
         <input_file_ref idref="fl-2"/>
      </object_component>
      <object_component id="oc-114">
         <name>.debug_str</name>
         <load_address>0x2eb0</load_address>
         <run_address>0x2eb0</run_address>
         <size>0x21e</size>
         <input_file_ref idref="fl-3"/>
      </object_component>
      <object_component id="oc-36">
         <name>.debug_str</name>
         <load_address>0x30ce</load_address>
         <run_address>0x30ce</run_address>
         <size>0x10d</size>
         <input_file_ref idref="fl-c0"/>
      </object_component>
      <object_component id="oc-89">
         <name>.debug_str</name>
         <load_address>0x31db</load_address>
         <run_address>0x31db</run_address>
         <size>0x14a</size>
         <input_file_ref idref="fl-c0"/>
      </object_component>
      <object_component id="oc-46">
         <name>.debug_str</name>
         <load_address>0x3325</load_address>
         <run_address>0x3325</run_address>
         <size>0x100</size>
         <input_file_ref idref="fl-c1"/>
      </object_component>
      <object_component id="oc-90">
         <name>.debug_str</name>
         <load_address>0x3425</load_address>
         <run_address>0x3425</run_address>
         <size>0x12d</size>
         <input_file_ref idref="fl-c1"/>
      </object_component>
      <object_component id="oc-52">
         <name>.debug_str</name>
         <load_address>0x3552</load_address>
         <run_address>0x3552</run_address>
         <size>0xfa</size>
         <input_file_ref idref="fl-c2"/>
      </object_component>
      <object_component id="oc-98">
         <name>.debug_str</name>
         <load_address>0x364c</load_address>
         <run_address>0x364c</run_address>
         <size>0x12d</size>
         <input_file_ref idref="fl-c2"/>
      </object_component>
      <object_component id="oc-fd">
         <name>.debug_str</name>
         <load_address>0x3779</load_address>
         <run_address>0x3779</run_address>
         <size>0xd6</size>
         <input_file_ref idref="fl-ca"/>
      </object_component>
      <object_component id="oc-f0">
         <name>.debug_str</name>
         <load_address>0x384f</load_address>
         <run_address>0x384f</run_address>
         <size>0xe2</size>
         <input_file_ref idref="fl-cb"/>
      </object_component>
      <object_component id="oc-f5">
         <name>.debug_str</name>
         <load_address>0x3931</load_address>
         <run_address>0x3931</run_address>
         <size>0x184</size>
         <input_file_ref idref="fl-cb"/>
      </object_component>
      <object_component id="oc-12c">
         <name>.debug_str</name>
         <load_address>0x3ab5</load_address>
         <run_address>0x3ab5</run_address>
         <size>0xd7</size>
         <input_file_ref idref="fl-cc"/>
      </object_component>
      <object_component id="oc-ad">
         <name>.debug_aranges</name>
         <load_address>0x0</load_address>
         <run_address>0x0</run_address>
         <size>0x38</size>
         <input_file_ref idref="fl-2"/>
      </object_component>
      <object_component id="oc-7a">
         <name>.debug_aranges</name>
         <load_address>0x38</load_address>
         <run_address>0x38</run_address>
         <size>0x28</size>
         <input_file_ref idref="fl-3"/>
      </object_component>
      <object_component id="oc-c0">
         <name>.debug_aranges</name>
         <load_address>0x60</load_address>
         <run_address>0x60</run_address>
         <size>0x28</size>
         <input_file_ref idref="fl-4"/>
      </object_component>
      <object_component id="oc-7f">
         <name>.debug_aranges</name>
         <load_address>0x88</load_address>
         <run_address>0x88</run_address>
         <size>0xc0</size>
         <input_file_ref idref="fl-5"/>
      </object_component>
      <object_component id="oc-29">
         <name>.debug_aranges</name>
         <load_address>0x148</load_address>
         <run_address>0x148</run_address>
         <size>0x20</size>
         <input_file_ref idref="fl-bf"/>
      </object_component>
      <object_component id="oc-15">
         <name>.debug_aranges</name>
         <load_address>0x168</load_address>
         <run_address>0x168</run_address>
         <size>0x20</size>
         <input_file_ref idref="fl-c0"/>
      </object_component>
      <object_component id="oc-1e">
         <name>.debug_aranges</name>
         <load_address>0x188</load_address>
         <run_address>0x188</run_address>
         <size>0x20</size>
         <input_file_ref idref="fl-c1"/>
      </object_component>
      <object_component id="oc-22">
         <name>.debug_aranges</name>
         <load_address>0x1a8</load_address>
         <run_address>0x1a8</run_address>
         <size>0x20</size>
         <input_file_ref idref="fl-c2"/>
      </object_component>
      <object_component id="oc-6d">
         <name>.debug_aranges</name>
         <load_address>0x1c8</load_address>
         <run_address>0x1c8</run_address>
         <size>0x30</size>
         <input_file_ref idref="fl-c3"/>
      </object_component>
      <object_component id="oc-3d">
         <name>.debug_aranges</name>
         <load_address>0x1f8</load_address>
         <run_address>0x1f8</run_address>
         <size>0x20</size>
         <input_file_ref idref="fl-c4"/>
      </object_component>
      <object_component id="oc-4b">
         <name>.debug_aranges</name>
         <load_address>0x218</load_address>
         <run_address>0x218</run_address>
         <size>0x28</size>
         <input_file_ref idref="fl-c5"/>
      </object_component>
      <object_component id="oc-57">
         <name>.debug_aranges</name>
         <load_address>0x240</load_address>
         <run_address>0x240</run_address>
         <size>0x20</size>
         <input_file_ref idref="fl-c6"/>
      </object_component>
      <object_component id="oc-5c">
         <name>.debug_aranges</name>
         <load_address>0x260</load_address>
         <run_address>0x260</run_address>
         <size>0x20</size>
         <input_file_ref idref="fl-c7"/>
      </object_component>
      <object_component id="oc-102">
         <name>.debug_aranges</name>
         <load_address>0x280</load_address>
         <run_address>0x280</run_address>
         <size>0x30</size>
         <input_file_ref idref="fl-c9"/>
      </object_component>
      <object_component id="oc-6b">
         <name>.debug_aranges</name>
         <load_address>0x2b0</load_address>
         <run_address>0x2b0</run_address>
         <size>0x20</size>
         <input_file_ref idref="fl-ca"/>
      </object_component>
      <object_component id="oc-63">
         <name>.debug_aranges</name>
         <load_address>0x2d0</load_address>
         <run_address>0x2d0</run_address>
         <size>0x20</size>
         <input_file_ref idref="fl-cb"/>
      </object_component>
      <object_component id="oc-a0">
         <name>.debug_aranges</name>
         <load_address>0x2f0</load_address>
         <run_address>0x2f0</run_address>
         <size>0x20</size>
         <input_file_ref idref="fl-cc"/>
      </object_component>
      <object_component id="oc-a5">
         <name>.debug_aranges</name>
         <load_address>0x310</load_address>
         <run_address>0x310</run_address>
         <size>0x20</size>
         <input_file_ref idref="fl-cd"/>
      </object_component>
      <object_component id="oc-11e">
         <name>.debug_pubtypes</name>
         <load_address>0x0</load_address>
         <run_address>0x0</run_address>
         <size>0x28</size>
         <input_file_ref idref="fl-2"/>
      </object_component>
      <object_component id="oc-122">
         <name>.debug_pubtypes</name>
         <load_address>0x28</load_address>
         <run_address>0x28</run_address>
         <size>0x1a8</size>
         <input_file_ref idref="fl-2"/>
      </object_component>
      <object_component id="oc-df">
         <name>.debug_pubtypes</name>
         <load_address>0x1d0</load_address>
         <run_address>0x1d0</run_address>
         <size>0x573</size>
         <input_file_ref idref="fl-2"/>
      </object_component>
      <object_component id="oc-d3">
         <name>.debug_pubtypes</name>
         <load_address>0x743</load_address>
         <run_address>0x743</run_address>
         <size>0x6e</size>
         <input_file_ref idref="fl-2"/>
      </object_component>
      <object_component id="oc-38">
         <name>.debug_pubtypes</name>
         <load_address>0x7b1</load_address>
         <run_address>0x7b1</run_address>
         <size>0xed</size>
         <input_file_ref idref="fl-2"/>
      </object_component>
      <object_component id="oc-da">
         <name>.debug_pubtypes</name>
         <load_address>0x89e</load_address>
         <run_address>0x89e</run_address>
         <size>0x1c6</size>
         <input_file_ref idref="fl-2"/>
      </object_component>
      <object_component id="oc-111">
         <name>.debug_pubtypes</name>
         <load_address>0xa64</load_address>
         <run_address>0xa64</run_address>
         <size>0x1c6</size>
         <input_file_ref idref="fl-3"/>
      </object_component>
      <object_component id="oc-d8">
         <name>.debug_pubtypes</name>
         <load_address>0xc2a</load_address>
         <run_address>0xc2a</run_address>
         <size>0x28</size>
         <input_file_ref idref="fl-5"/>
      </object_component>
      <object_component id="oc-33">
         <name>.debug_pubtypes</name>
         <load_address>0xc52</load_address>
         <run_address>0xc52</run_address>
         <size>0x5d</size>
         <input_file_ref idref="fl-c0"/>
      </object_component>
      <object_component id="oc-86">
         <name>.debug_pubtypes</name>
         <load_address>0xcaf</load_address>
         <run_address>0xcaf</run_address>
         <size>0x42</size>
         <input_file_ref idref="fl-c0"/>
      </object_component>
      <object_component id="oc-43">
         <name>.debug_pubtypes</name>
         <load_address>0xcf1</load_address>
         <run_address>0xcf1</run_address>
         <size>0x48</size>
         <input_file_ref idref="fl-c1"/>
      </object_component>
      <object_component id="oc-8d">
         <name>.debug_pubtypes</name>
         <load_address>0xd39</load_address>
         <run_address>0xd39</run_address>
         <size>0x1d</size>
         <input_file_ref idref="fl-c1"/>
      </object_component>
      <object_component id="oc-4f">
         <name>.debug_pubtypes</name>
         <load_address>0xd56</load_address>
         <run_address>0xd56</run_address>
         <size>0x48</size>
         <input_file_ref idref="fl-c2"/>
      </object_component>
      <object_component id="oc-95">
         <name>.debug_pubtypes</name>
         <load_address>0xd9e</load_address>
         <run_address>0xd9e</run_address>
         <size>0x1d</size>
         <input_file_ref idref="fl-c2"/>
      </object_component>
      <object_component id="oc-bb">
         <name>.debug_pubtypes</name>
         <load_address>0xdbb</load_address>
         <run_address>0xdbb</run_address>
         <size>0x1f</size>
         <input_file_ref idref="fl-c3"/>
      </object_component>
      <object_component id="oc-109">
         <name>.debug_pubtypes</name>
         <load_address>0xdda</load_address>
         <run_address>0xdda</run_address>
         <size>0x1f</size>
         <input_file_ref idref="fl-c9"/>
      </object_component>
      <object_component id="oc-fa">
         <name>.debug_pubtypes</name>
         <load_address>0xdf9</load_address>
         <run_address>0xdf9</run_address>
         <size>0x1b</size>
         <input_file_ref idref="fl-ca"/>
      </object_component>
      <object_component id="oc-ed">
         <name>.debug_pubtypes</name>
         <load_address>0xe14</load_address>
         <run_address>0xe14</run_address>
         <size>0x32</size>
         <input_file_ref idref="fl-cb"/>
      </object_component>
      <object_component id="oc-f2">
         <name>.debug_pubtypes</name>
         <load_address>0xe46</load_address>
         <run_address>0xe46</run_address>
         <size>0x50</size>
         <input_file_ref idref="fl-cb"/>
      </object_component>
      <object_component id="oc-129">
         <name>.debug_pubtypes</name>
         <load_address>0xe96</load_address>
         <run_address>0xe96</run_address>
         <size>0x23</size>
         <input_file_ref idref="fl-cc"/>
      </object_component>
      <object_component id="oc-ae">
         <name>.debug_pubnames</name>
         <load_address>0x0</load_address>
         <run_address>0x0</run_address>
         <size>0x43</size>
         <input_file_ref idref="fl-2"/>
      </object_component>
      <object_component id="oc-2e">
         <name>.debug_pubnames</name>
         <load_address>0x43</load_address>
         <run_address>0x43</run_address>
         <size>0x27</size>
         <input_file_ref idref="fl-3"/>
      </object_component>
      <object_component id="oc-79">
         <name>.debug_pubnames</name>
         <load_address>0x6a</load_address>
         <run_address>0x6a</run_address>
         <size>0x38</size>
         <input_file_ref idref="fl-3"/>
      </object_component>
      <object_component id="oc-10e">
         <name>.debug_pubnames</name>
         <load_address>0xa2</load_address>
         <run_address>0xa2</run_address>
         <size>0x26</size>
         <input_file_ref idref="fl-4"/>
      </object_component>
      <object_component id="oc-c1">
         <name>.debug_pubnames</name>
         <load_address>0xc8</load_address>
         <run_address>0xc8</run_address>
         <size>0x3b</size>
         <input_file_ref idref="fl-4"/>
      </object_component>
      <object_component id="oc-c7">
         <name>.debug_pubnames</name>
         <load_address>0x103</load_address>
         <run_address>0x103</run_address>
         <size>0x28</size>
         <input_file_ref idref="fl-5"/>
      </object_component>
      <object_component id="oc-ca">
         <name>.debug_pubnames</name>
         <load_address>0x12b</load_address>
         <run_address>0x12b</run_address>
         <size>0x28</size>
         <input_file_ref idref="fl-5"/>
      </object_component>
      <object_component id="oc-cd">
         <name>.debug_pubnames</name>
         <load_address>0x153</load_address>
         <run_address>0x153</run_address>
         <size>0x28</size>
         <input_file_ref idref="fl-5"/>
      </object_component>
      <object_component id="oc-d0">
         <name>.debug_pubnames</name>
         <load_address>0x17b</load_address>
         <run_address>0x17b</run_address>
         <size>0x28</size>
         <input_file_ref idref="fl-5"/>
      </object_component>
      <object_component id="oc-81">
         <name>.debug_pubnames</name>
         <load_address>0x1a3</load_address>
         <run_address>0x1a3</run_address>
         <size>0x1dd</size>
         <input_file_ref idref="fl-5"/>
      </object_component>
      <object_component id="oc-28">
         <name>.debug_pubnames</name>
         <load_address>0x380</load_address>
         <run_address>0x380</run_address>
         <size>0x1f</size>
         <input_file_ref idref="fl-bf"/>
      </object_component>
      <object_component id="oc-17">
         <name>.debug_pubnames</name>
         <load_address>0x39f</load_address>
         <run_address>0x39f</run_address>
         <size>0x2b</size>
         <input_file_ref idref="fl-c0"/>
      </object_component>
      <object_component id="oc-1d">
         <name>.debug_pubnames</name>
         <load_address>0x3ca</load_address>
         <run_address>0x3ca</run_address>
         <size>0x2b</size>
         <input_file_ref idref="fl-c1"/>
      </object_component>
      <object_component id="oc-23">
         <name>.debug_pubnames</name>
         <load_address>0x3f5</load_address>
         <run_address>0x3f5</run_address>
         <size>0x25</size>
         <input_file_ref idref="fl-c2"/>
      </object_component>
      <object_component id="oc-b5">
         <name>.debug_pubnames</name>
         <load_address>0x41a</load_address>
         <run_address>0x41a</run_address>
         <size>0x5e</size>
         <input_file_ref idref="fl-c3"/>
      </object_component>
      <object_component id="oc-6f">
         <name>.debug_pubnames</name>
         <load_address>0x478</load_address>
         <run_address>0x478</run_address>
         <size>0x35</size>
         <input_file_ref idref="fl-c3"/>
      </object_component>
      <object_component id="oc-3f">
         <name>.debug_pubnames</name>
         <load_address>0x4ad</load_address>
         <run_address>0x4ad</run_address>
         <size>0x1d</size>
         <input_file_ref idref="fl-c4"/>
      </object_component>
      <object_component id="oc-4a">
         <name>.debug_pubnames</name>
         <load_address>0x4ca</load_address>
         <run_address>0x4ca</run_address>
         <size>0x37</size>
         <input_file_ref idref="fl-c5"/>
      </object_component>
      <object_component id="oc-59">
         <name>.debug_pubnames</name>
         <load_address>0x501</load_address>
         <run_address>0x501</run_address>
         <size>0x21</size>
         <input_file_ref idref="fl-c6"/>
      </object_component>
      <object_component id="oc-5d">
         <name>.debug_pubnames</name>
         <load_address>0x522</load_address>
         <run_address>0x522</run_address>
         <size>0x27</size>
         <input_file_ref idref="fl-c7"/>
      </object_component>
      <object_component id="oc-74">
         <name>.debug_pubnames</name>
         <load_address>0x549</load_address>
         <run_address>0x549</run_address>
         <size>0x23</size>
         <input_file_ref idref="fl-c8"/>
      </object_component>
      <object_component id="oc-b8">
         <name>.debug_pubnames</name>
         <load_address>0x56c</load_address>
         <run_address>0x56c</run_address>
         <size>0x28</size>
         <input_file_ref idref="fl-c9"/>
      </object_component>
      <object_component id="oc-105">
         <name>.debug_pubnames</name>
         <load_address>0x594</load_address>
         <run_address>0x594</run_address>
         <size>0x43</size>
         <input_file_ref idref="fl-c9"/>
      </object_component>
      <object_component id="oc-6a">
         <name>.debug_pubnames</name>
         <load_address>0x5d7</load_address>
         <run_address>0x5d7</run_address>
         <size>0x21</size>
         <input_file_ref idref="fl-ca"/>
      </object_component>
      <object_component id="oc-64">
         <name>.debug_pubnames</name>
         <load_address>0x5f8</load_address>
         <run_address>0x5f8</run_address>
         <size>0x25</size>
         <input_file_ref idref="fl-cb"/>
      </object_component>
      <object_component id="oc-a2">
         <name>.debug_pubnames</name>
         <load_address>0x61d</load_address>
         <run_address>0x61d</run_address>
         <size>0x1e</size>
         <input_file_ref idref="fl-cc"/>
      </object_component>
      <object_component id="oc-a7">
         <name>.debug_pubnames</name>
         <load_address>0x63b</load_address>
         <run_address>0x63b</run_address>
         <size>0x29</size>
         <input_file_ref idref="fl-cd"/>
      </object_component>
   </object_component_list>
   <logical_group_list>
      <logical_group id="lg-3" display="no" color="cyan">
         <name>.intvecs</name>
         <load_address>0x0</load_address>
         <run_address>0x0</run_address>
         <size>0xe4</size>
         <contents>
            <object_component_ref idref="oc-2c"/>
         </contents>
      </logical_group>
      <logical_group id="lg-4" display="no" color="cyan">
         <name>.text</name>
         <load_address>0xe4</load_address>
         <run_address>0xe4</run_address>
         <size>0xcf4</size>
         <contents>
            <object_component_ref idref="oc-7c"/>
            <object_component_ref idref="oc-be"/>
            <object_component_ref idref="oc-3c"/>
            <object_component_ref idref="oc-ab"/>
            <object_component_ref idref="oc-48"/>
            <object_component_ref idref="oc-54"/>
            <object_component_ref idref="oc-60"/>
            <object_component_ref idref="oc-14"/>
            <object_component_ref idref="oc-a3"/>
            <object_component_ref idref="oc-26"/>
            <object_component_ref idref="oc-6c"/>
[...]
         </usage_details>
      </memory_area>
   </placement_map>
   <cptbl_list>
      <cptbl>
         <name>__TI_cinit_table</name>
         <cprec>
            <name>.data</name>
            <load_address>0xde0</load_address>
            <load_size>0x14</load_size>
            <run_address>0x20000080</run_address>
            <run_size>0x1c</run_size>
            <compression>lzss</compression>
         </cprec>
         <cprec>
            <name>.bss</name>
            <load_address>0xe00</load_address>
            <load_size>0x8</load_size>
            <run_address>0x20000000</run_address>
            <run_size>0x80</run_size>
            <compression>zero_init</compression>
         </cprec>
      </cptbl>
   </cptbl_list>
   <handler_table>
      <handler_table_name>__TI_handler_table</handler_table_name>
      <handler>
         <index>0x0</index>
         <name>__TI_decompress_lzss</name>
      </handler>
      <handler>
         <index>0x1</index>
         <name>__TI_decompress_none</name>
      </handler>
      <handler>
         <index>0x2</index>
         <name>__TI_zero_init</name>
      </handler>
   </handler_table>
   <symbol_table>
      <symbol id="sm-1">
         <name>WDTCTL_SYM</name>
         <value>0x4000480c</value>
      </symbol>
      <symbol id="sm-2">
         <name>__TI_CINIT_Base</name>
         <value>0xe08</value>
      </symbol>
      <symbol id="sm-3">
         <name>__TI_CINIT_Limit</name>
         <value>0xe18</value>
      </symbol>
      <symbol id="sm-4">
         <name>__TI_Handler_Table_Base</name>
         <value>0xdf4</value>
      </symbol>
      <symbol id="sm-5">
         <name>__TI_Handler_Table_Limit</name>
         <value>0xe00</value>
      </symbol>
      <symbol id="sm-6">
         <name>SHT$$INIT_ARRAY$$Base</name>
         <value>0xdd8</value>
      </symbol>
      <symbol id="sm-7">
         <name>SHT$$INIT_ARRAY$$Limit</name>
         <value>0xddc</value>
      </symbol>
      <symbol id="sm-8">
         <name>binit</name>
         <value>0xffffffff</value>
      </symbol>
      <symbol id="sm-9">
         <name>__binit__</name>
         <value>0xffffffff</value>
      </symbol>
      <symbol id="sm-a">
         <name>__STACK_SIZE</name>
         <value>0x200</value>
      </symbol>
      <symbol id="sm-b">
         <name>__STACK_END</name>
         <value>0x20010000</value>
      </symbol>
      <symbol id="sm-c">
         <name>__c_args__</name>
         <value>0xffffffff</value>
      </symbol>
      <symbol id="sm-d">
         <name>__TI_pprof_out_hndl</name>
         <value>0xffffffff</value>
      </symbol>
      <symbol id="sm-e">
         <name>__TI_prof_data_start</name>
         <value>0xffffffff</value>
      </symbol>
      <symbol id="sm-f">
         <name>__TI_prof_data_size</name>
         <value>0xffffffff</value>
      </symbol>
      <symbol id="sm-5d">
         <name>_Z8ClearRedv</name>
         <value>0xaa1</value>
         <object_component_ref idref="oc-ab"/>
      </symbol>
      <symbol id="sm-5e">
         <name>main</name>
         <value>0xac5</value>
         <object_component_ref idref="oc-ab"/>
      </symbol>
      <symbol id="sm-5f">
         <name>_Z11ToggleGreenv</name>
         <value>0xab9</value>
         <object_component_ref idref="oc-ab"/>
      </symbol>
      <symbol id="sm-60">
         <name>_Z6SetRedv</name>
         <value>0xaad</value>
         <object_component_ref idref="oc-ab"/>
      </symbol>
      <symbol id="sm-7a">
         <name>Reset_Handler</name>
         <value>0xdbb</value>
         <object_component_ref idref="oc-76"/>
      </symbol>
      <symbol id="sm-7b">
         <name>Default_Handler</name>
         <value>0xdc7</value>
         <object_component_ref idref="oc-76"/>
      </symbol>
      <symbol id="sm-7c">
         <name>interruptVectors</name>
         <value>0x0</value>
         <object_component_ref idref="oc-2c"/>
      </symbol>
      <symbol id="sm-c7">
         <name>SystemInit</name>
         <value>0x909</value>
         <object_component_ref idref="oc-be"/>
      </symbol>
      <symbol id="sm-c8">
         <name>SystemCoreClockUpdate</name>
         <value>0x695</value>
         <object_component_ref idref="oc-be"/>
      </symbol>
      <symbol id="sm-c9">
         <name>SystemCoreClock</name>
         <value>0x20000098</value>
         <object_component_ref idref="oc-10c"/>
      </symbol>
      <symbol id="sm-13f">
         <name>_ZN12Peripherials5Timer15AttachInterruptENS_15TimerCapComUnitEPFvvE</name>
         <value>0x53d</value>
         <object_component_ref idref="oc-7c"/>
      </symbol>
      <symbol id="sm-140">
         <name>_ZN12Peripherials3TA2E</name>
         <value>0x20000040</value>
         <object_component_ref idref="oc-cb"/>
      </symbol>
      <symbol id="sm-141">
         <name>_ZN12Peripherials3TA3E</name>
         <value>0x20000060</value>
         <object_component_ref idref="oc-ce"/>
      </symbol>
      <symbol id="sm-142">
         <name>_ZN12Peripherials3TA0E</name>
         <value>0x20000000</value>
         <object_component_ref idref="oc-c5"/>
      </symbol>
      <symbol id="sm-143">
         <name>TA2_0_IRQHandler</name>
         <value>0x131</value>
         <object_component_ref idref="oc-7c"/>
      </symbol>
      <symbol id="sm-144">
         <name>TA3_N_IRQHandler</name>
         <value>0x14f</value>
         <object_component_ref idref="oc-7c"/>
      </symbol>
      <symbol id="sm-145">
         <name>_ZN12Peripherials5Timer9SetPeriodEf</name>
         <value>0x237</value>
         <object_component_ref idref="oc-7c"/>
      </symbol>
      <symbol id="sm-146">
         <name>_ZN12Peripherials3TA1E</name>
         <value>0x20000020</value>
         <object_component_ref idref="oc-c8"/>
      </symbol>
      <symbol id="sm-147">
         <name>_ZN12Peripherials5Timer9SetPeriodEt</name>
         <value>0x1eb</value>
         <object_component_ref idref="oc-7c"/>
      </symbol>
      <symbol id="sm-148">
         <name>TA0_0_IRQHandler</name>
         <value>0x109</value>
         <object_component_ref idref="oc-7c"/>
      </symbol>
      <symbol id="sm-149">
         <name>TA1_N_IRQHandler</name>
         <value>0x127</value>
         <object_component_ref idref="oc-7c"/>
      </symbol>
      <symbol id="sm-14a">
         <name>_ZN12Peripherials5Timer8StartPWMENS_15TimerCapComUnitEt</name>
         <value>0x3a9</value>
         <object_component_ref idref="oc-7c"/>
      </symbol>
      <symbol id="sm-14b">
         <name>_ZN12Peripherials5Timer8StartPWMENS_15TimerCapComUnitEf</name>
         <value>0x2cf</value>
         <object_component_ref idref="oc-7c"/>
      </symbol>
      <symbol id="sm-14c">
         <name>_ZN12Peripherials5TimerC2EP12Timer_A_TypeNS_16TimerClockSourceE</name>
         <value>0x159</value>
         <object_component_ref idref="oc-7c"/>
      </symbol>
      <symbol id="sm-14d">
         <name>_ZN12Peripherials5Timer9_CCR0_ISREv</name>
         <value>0x5b1</value>
         <object_component_ref idref="oc-7c"/>
      </symbol>
      <symbol id="sm-14e">
         <name>TA3_0_IRQHandler</name>
         <value>0x145</value>
         <object_component_ref idref="oc-7c"/>
      </symbol>
      <symbol id="sm-14f">
         <name>__sti___9_timer_cpp_348070d1</name>
         <value>0x64b</value>
         <object_component_ref idref="oc-7c"/>
      </symbol>
      <symbol id="sm-150">
         <name>TA1_0_IRQHandler</name>
         <value>0x11d</value>
         <object_component_ref idref="oc-7c"/>
      </symbol>
      <symbol id="sm-151">
         <name>TA2_N_IRQHandler</name>
         <value>0x13b</value>
         <object_component_ref idref="oc-7c"/>
      </symbol>
      <symbol id="sm-152">
         <name>_ZN12Peripherials5Timer23AttachOverflowInterruptEPFvvE</name>
         <value>0x4fd</value>
         <object_component_ref idref="oc-7c"/>
      </symbol>
      <symbol id="sm-153">
         <name>_ZN12Peripherials5Timer9_CCRn_ISREv</name>
         <value>0x611</value>
         <object_component_ref idref="oc-7c"/>
      </symbol>
      <symbol id="sm-154">
         <name>TA0_N_IRQHandler</name>
         <value>0x113</value>
         <object_component_ref idref="oc-7c"/>
      </symbol>
      <symbol id="sm-155">
         <name>_ZN12Peripherials5Timer6SetPWMENS_15TimerCapComUnitEf</name>
         <value>0x421</value>
         <object_component_ref idref="oc-7c"/>
      </symbol>
      <symbol id="sm-156">
         <name>_ZN12Peripherials5TimerC1EP12Timer_A_TypeNS_16TimerClockSourceE</name>
         <value>0x159</value>
         <object_component_ref idref="oc-7c"/>
      </symbol>
      <symbol id="sm-157">
         <name>_ZN12Peripherials5Timer6SetPWMENS_15TimerCapComUnitEt</name>
         <value>0x4b9</value>
         <object_component_ref idref="oc-7c"/>
      </symbol>
      <symbol id="sm-168">
         <name>_c_int00</name>
         <value>0xc8d</value>
         <object_component_ref idref="oc-26"/>
      </symbol>
      <symbol id="sm-169">
         <name>__stack</name>
         <value>0x2000fe00</value>
         <object_component_ref idref="oc-30"/>
      </symbol>
      <symbol id="sm-187">
         <name>__TI_decompress_lzss</name>
         <value>0xc25</value>
         <object_component_ref idref="oc-14"/>
      </symbol>
      <symbol id="sm-19e">
         <name>__TI_decompress_none</name>
         <value>0xdad</value>
         <object_component_ref idref="oc-1a"/>
      </symbol>
      <symbol id="sm-1b5">
         <name>__TI_zero_init</name>
         <value>0xdc9</value>
         <object_component_ref idref="oc-20"/>
      </symbol>
      <symbol id="sm-1d6">
         <name>C$$EXIT</name>
         <value>0xce1</value>
         <object_component_ref idref="oc-6c"/>
      </symbol>
      <symbol id="sm-1d7">
         <name>abort</name>
         <value>0xce5</value>
         <object_component_ref idref="oc-6c"/>
      </symbol>
      <symbol id="sm-1d8">
         <name>exit</name>
         <value>0xced</value>
         <object_component_ref idref="oc-6c"/>
      </symbol>
      <symbol id="sm-1d9">
         <name>__TI_dtors_ptr</name>
         <value>0x20000084</value>
         <object_component_ref idref="oc-b3"/>
      </symbol>
      <symbol id="sm-1da">
         <name>__TI_cleanup_ptr</name>
         <value>0x20000080</value>
         <object_component_ref idref="oc-b3"/>
      </symbol>
      <symbol id="sm-1db">
         <name>__TI_enable_exit_profile_output</name>
         <value>0x20000088</value>
         <object_component_ref idref="oc-b3"/>
      </symbol>
      <symbol id="sm-1f6">
         <name>memcpy</name>
         <value>0xa05</value>
         <object_component_ref idref="oc-3c"/>
      </symbol>
      <symbol id="sm-1f7">
         <name>__aeabi_memcpy</name>
         <value>0xa05</value>
         <object_component_ref idref="oc-3c"/>
      </symbol>
      <symbol id="sm-1f8">
         <name>__aeabi_memcpy8</name>
         <value>0xa05</value>
         <object_component_ref idref="oc-3c"/>
      </symbol>
      <symbol id="sm-1f9">
         <name>__aeabi_memcpy4</name>
         <value>0xa05</value>
         <object_component_ref idref="oc-3c"/>
      </symbol>
      <symbol id="sm-208">
         <name>__aeabi_memset</name>
         <value>0xb3b</value>
         <object_component_ref idref="oc-48"/>
      </symbol>
      <symbol id="sm-209">
         <name>memset</name>
         <value>0xb41</value>
         <object_component_ref idref="oc-48"/>
      </symbol>
      <symbol id="sm-20a">
         <name>__aeabi_memset8</name>
         <value>0xb3b</value>
         <object_component_ref idref="oc-48"/>
      </symbol>
      <symbol id="sm-20b">
         <name>__aeabi_memset4</name>
         <value>0xb3b</value>
         <object_component_ref idref="oc-48"/>
      </symbol>
      <symbol id="sm-20c">
         <name>__aeabi_memclr8</name>
         <value>0xb39</value>
         <object_component_ref idref="oc-48"/>
      </symbol>
      <symbol id="sm-20d">
         <name>__aeabi_memclr4</name>
         <value>0xb39</value>
         <object_component_ref idref="oc-48"/>
      </symbol>
      <symbol id="sm-20e">
         <name>__aeabi_memclr</name>
         <value>0xb39</value>
         <object_component_ref idref="oc-48"/>
      </symbol>
      <symbol id="sm-218">
         <name>__mpu_init</name>
         <value>0xbb3</value>
         <object_component_ref idref="oc-54"/>
      </symbol>
      <symbol id="sm-222">
         <name>_system_pre_init</name>
         <value>0xdd5</value>
         <object_component_ref idref="oc-5a"/>
      </symbol>
      <symbol id="sm-22a">
         <name>main_func_sp</name>
         <value>0x20000094</value>
         <object_component_ref idref="oc-72"/>
      </symbol>
      <symbol id="sm-243">
         <name>_nop</name>
         <value>0xda7</value>
         <object_component_ref idref="oc-100"/>
      </symbol>
      <symbol id="sm-244">
         <name>_lock</name>
         <value>0x2000008c</value>
         <object_component_ref idref="oc-b6"/>
      </symbol>
      <symbol id="sm-245">
         <name>_unlock</name>
         <value>0x20000090</value>
         <object_component_ref idref="oc-b6"/>
      </symbol>
      <symbol id="sm-246">
         <name>_register_lock</name>
         <value>0xd9f</value>
         <object_component_ref idref="oc-100"/>
      </symbol>
      <symbol id="sm-247">
         <name>_register_unlock</name>
         <value>0xd99</value>
         <object_component_ref idref="oc-100"/>
      </symbol>
      <symbol id="sm-25b">
         <name>_args_main</name>
         <value>0xd81</value>
         <object_component_ref idref="oc-66"/>
      </symbol>
      <symbol id="sm-280">
         <name>__TI_auto_init</name>
         <value>0xbb5</value>
         <object_component_ref idref="oc-60"/>
      </symbol>
      <symbol id="sm-29a">
         <name>copy_in</name>
         <value>0xd35</value>
         <object_component_ref idref="oc-9d"/>
      </symbol>
      <symbol id="sm-2a4">
         <name>_system_post_cinit</name>
         <value>0xc8b</value>
         <object_component_ref idref="oc-a3"/>
      </symbol>
      <symbol id="sm-2a5">
         <name>__TI_static_base__</name>
         <value>0x0</value>
      </symbol>
      <symbol id="sm-2a8">
         <name>NMI_Handler</name>
         <value>0xdc7</value>
      </symbol>
      <symbol id="sm-2a9">
         <name>HardFault_Handler</name>
         <value>0xdc7</value>
      </symbol>
      <symbol id="sm-2aa">
         <name>MemManage_Handler</name>
         <value>0xdc7</value>
      </symbol>
      <symbol id="sm-2ab">
         <name>BusFault_Handler</name>
         <value>0xdc7</value>
      </symbol>
      <symbol id="sm-2ac">
         <name>UsageFault_Handler</name>
         <value>0xdc7</value>
      </symbol>
      <symbol id="sm-2ad">
         <name>SVC_Handler</name>
         <value>0xdc7</value>
      </symbol>
      <symbol id="sm-2ae">
         <name>DebugMon_Handler</name>
         <value>0xdc7</value>
      </symbol>
      <symbol id="sm-2af">
         <name>PendSV_Handler</name>
         <value>0xdc7</value>
      </symbol>
      <symbol id="sm-2b0">
         <name>SysTick_Handler</name>
         <value>0xdc7</value>
      </symbol>
      <symbol id="sm-2b1">
         <name>PSS_IRQHandler</name>
         <value>0xdc7</value>
      </symbol>
      <symbol id="sm-2b2">
         <name>CS_IRQHandler</name>
         <value>0xdc7</value>
      </symbol>
      <symbol id="sm-2b3">
         <name>PCM_IRQHandler</name>
         <value>0xdc7</value>
      </symbol>
      <symbol id="sm-2b4">
         <name>WDT_A_IRQHandler</name>
         <value>0xdc7</value>
      </symbol>
      <symbol id="sm-2b5">
         <name>FPU_IRQHandler</name>
         <value>0xdc7</value>
      </symbol>
      <symbol id="sm-2b6">
         <name>FLCTL_IRQHandler</name>
         <value>0xdc7</value>
      </symbol>
      <symbol id="sm-2b7">
         <name>COMP_E0_IRQHandler</name>
         <value>0xdc7</value>
      </symbol>
      <symbol id="sm-2b8">
         <name>COMP_E1_IRQHandler</name>
         <value>0xdc7</value>
      </symbol>
      <symbol id="sm-2b9">
         <name>TA0_0_IRQHandler</name>
         <value>0x109</value>
      </symbol>
      <symbol id="sm-2ba">
         <name>TA0_N_IRQHandler</name>
         <value>0x113</value>
      </symbol>
      <symbol id="sm-2bb">
         <name>TA1_0_IRQHandler</name>
         <value>0x11d</value>
      </symbol>
      <symbol id="sm-2bc">
         <name>TA1_N_IRQHandler</name>
         <value>0x127</value>
      </symbol>
      <symbol id="sm-2bd">
         <name>TA2_0_IRQHandler</name>
         <value>0x131</value>
      </symbol>
      <symbol id="sm-2be">
         <name>TA2_N_IRQHandler</name>
         <value>0x13b</value>
      </symbol>
      <symbol id="sm-2bf">
         <name>TA3_0_IRQHandler</name>
         <value>0x145</value>
      </symbol>
      <symbol id="sm-2c0">
         <name>TA3_N_IRQHandler</name>
         <value>0x14f</value>
      </symbol>
      <symbol id="sm-2c1">
         <name>EUSCIA0_IRQHandler</name>
         <value>0xdc7</value>
      </symbol>
      <symbol id="sm-2c2">
         <name>EUSCIA1_IRQHandler</name>
         <value>0xdc7</value>
      </symbol>
      <symbol id="sm-2c3">
         <name>EUSCIA2_IRQHandler</name>
         <value>0xdc7</value>
      </symbol>
      <symbol id="sm-2c4">
         <name>EUSCIA3_IRQHandler</name>
         <value>0xdc7</value>
      </symbol>
      <symbol id="sm-2c5">
         <name>EUSCIB0_IRQHandler</name>
         <value>0xdc7</value>
      </symbol>
      <symbol id="sm-2c6">
         <name>EUSCIB1_IRQHandler</name>
         <value>0xdc7</value>
      </symbol>
      <symbol id="sm-2c7">
         <name>EUSCIB2_IRQHandler</name>
         <value>0xdc7</value>
      </symbol>
      <symbol id="sm-2c8">
         <name>EUSCIB3_IRQHandler</name>
         <value>0xdc7</value>
      </symbol>
      <symbol id="sm-2c9">
         <name>ADC14_IRQHandler</name>
         <value>0xdc7</value>
      </symbol>
      <symbol id="sm-2ca">
         <name>T32_INT1_IRQHandler</name>
         <value>0xdc7</value>
      </symbol>
      <symbol id="sm-2cb">
         <name>T32_INT2_IRQHandler</name>
         <value>0xdc7</value>
      </symbol>
      <symbol id="sm-2cc">
         <name>T32_INTC_IRQHandler</name>
         <value>0xdc7</value>
      </symbol>
      <symbol id="sm-2cd">
         <name>AES256_IRQHandler</name>
         <value>0xdc7</value>
      </symbol>
      <symbol id="sm-2ce">
         <name>RTC_C_IRQHandler</name>
         <value>0xdc7</value>
      </symbol>
      <symbol id="sm-2cf">
         <name>DMA_ERR_IRQHandler</name>
         <value>0xdc7</value>
      </symbol>
      <symbol id="sm-2d0">
         <name>DMA_INT3_IRQHandler</name>
         <value>0xdc7</value>
      </symbol>
      <symbol id="sm-2d1">
         <name>DMA_INT2_IRQHandler</name>
         <value>0xdc7</value>
      </symbol>
      <symbol id="sm-2d2">
         <name>DMA_INT1_IRQHandler</name>
         <value>0xdc7</value>
      </symbol>
      <symbol id="sm-2d3">
         <name>DMA_INT0_IRQHandler</name>
         <value>0xdc7</value>
      </symbol>
      <symbol id="sm-2d4">
         <name>PORT1_IRQHandler</name>
         <value>0xdc7</value>
      </symbol>
      <symbol id="sm-2d5">
         <name>PORT2_IRQHandler</name>
         <value>0xdc7</value>
      </symbol>
      <symbol id="sm-2d6">
         <name>PORT3_IRQHandler</name>
         <value>0xdc7</value>
      </symbol>
      <symbol id="sm-2d7">
         <name>PORT4_IRQHandler</name>
         <value>0xdc7</value>
      </symbol>
      <symbol id="sm-2d8">
         <name>PORT5_IRQHandler</name>
         <value>0xdc7</value>
      </symbol>
      <symbol id="sm-2d9">
         <name>PORT6_IRQHandler</name>
         <value>0xdc7</value>
      </symbol>
   </symbol_table>
   <title>Link successful</title>
</link_info>
