******************************************************************************
                  TI ARM Linker PC v16.6.0                     
******************************************************************************
>> Linked Sat Sep 10 11:29:25 2016

OUTPUT FILE NAME:   <ServoControl.out>
ENTRY POINT SYMBOL: "_c_int00"  address: 00001675


MEMORY CONFIGURATION

         name            origin    length      used     unused   attr    fill
----------------------  --------  ---------  --------  --------  ----  --------
  MAIN                  00000000   00040000  00001a4d  0003e5b3  R  X
  INFO                  00200000   00004000  00000000  00004000  R  X
  SRAM_CODE             01000000   00010000  00000cb4  0000f34c  RW X
  SRAM_DATA             20000000   00010000  00000cb4  0000f34c  RW  


SEGMENT ALLOCATION MAP

run origin  load origin   length   init length attrs members
----------  ----------- ---------- ----------- ----- -------
00000000    00000000    00001a50   00001a50    r-x
  00000000    00000000    000000e4   000000e4    r-- .intvecs
  000000e4    000000e4    0000174a   0000174a    r-x .text
  00001830    00001830    000001db   000001db    r-- .const
  00001a0c    00001a0c    00000004   00000004    r-- .init_array
  00001a10    00001a10    00000040   00000040    r-- .cinit
20000000    20000000    000004b4   00000000    rw-
  20000000    20000000    00000400   00000000    rw- .sysmem
  20000400    20000400    00000084   00000000    rw- .bss
  20000484    20000484    00000030   00000000    rw- .data
2000f800    2000f800    00000800   00000000    rw-
  2000f800    2000f800    00000800   00000000    rw- .stack


SECTION ALLOCATION MAP

 output                                  attributes/
section   page    origin      length       input sections
--------  ----  ----------  ----------   ----------------
.intvecs   0    00000000    000000e4     
                  00000000    000000e4     startup_msp432p401r_ccs.obj (.intvecs:retain)

.binit     0    00000000    00000000     

.text      0    000000e4    0000174a     
                  000000e4    0000066c     timer.obj (.text)
                  00000750    000003d0     rtsv7M4_T_le_v4SPD16_eabi.lib : memory.obj (.text)
                  00000b20    0000032c     system_msp432p401r.obj (.text)
                  00000e4c    0000021c     main.obj (.text)
                  00001068    000001b6     rtsv7M4_T_le_v4SPD16_eabi.lib : fd_add_t2.obj (.text)
                  0000121e    00000002                                   : mpu_init.obj (.text)
                  00001220    0000013c     TimerPWM_Servo.obj (.text)
                  0000135c    000000bc     rtsv7M4_T_le_v4SPD16_eabi.lib : typeinfo_.obj (.text)
                  00001418    0000009c                                   : memcpy_t2.obj (.text)
                  000014b4    0000007a                                   : memset_t2.obj (.text)
                  0000152e    00000002                                   : startup.obj (.text)
                  00001530    00000070                                   : autoinit.obj (.text)
                  000015a0    0000006e                                   : fd_tos_t2.obj (.text)
                  0000160e    00000066                                   : copy_decompress_lzss.obj (.text:decompress:lzss)
                  00001674    00000054                                   : boot.obj (.text)
                  000016c8    00000054                                   : exit.obj (.text)
                  0000171c    0000004c                                   : cpy_tbl.obj (.text)
                  00001768    00000038                                   : fs_tod_t2.obj (.text)
                  000017a0    00000018     PCA9685.obj (.text:_ZN5ServoC1Ev)
                  000017b8    00000018     rtsv7M4_T_le_v4SPD16_eabi.lib : args_main.obj (.text)
                  000017d0    00000014                                   : _lock.obj (.text)
                  000017e4    0000000e                                   : copy_decompress_none.obj (.text:decompress:none)
                  000017f2    0000000e     startup_msp432p401r_ccs.obj (.text)
                  00001800    0000000c     PCA9685.obj (.text:_ZN5ServoC2Ev)
                  0000180c    0000000c     rtsv7M4_T_le_v4SPD16_eabi.lib : copy_zero_init.obj (.text:decompress:ZI)
                  00001818    00000008                                   : delete.obj (.text)
                  00001820    00000006                                   : pure_virt.obj (.text)
                  00001826    00000004                                   : error.obj (.text)
                  0000182a    00000004                                   : pre_init.obj (.text)

.const     0    00001830    000001db     
                  00001830    00000028     rtsv7M4_T_le_v4SPD16_eabi.lib : typeinfo_.obj (.const:.typeinfo:_ZTSN10__cxxabiv123__fundamental_type_infoE)
                  00001858    00000025                                   : typeinfo_.obj (.const:.typeinfo:_ZTSN10__cxxabiv120__si_class_type_infoE)
                  0000187d    00000024                                   : typeinfo_.obj (.const:.typeinfo:_ZTSN10__cxxabiv119__pointer_type_infoE)
                  000018a1    00000022                                   : typeinfo_.obj (.const:.typeinfo:_ZTSN10__cxxabiv117__class_type_infoE)
                  000018c3    00000022                                   : typeinfo_.obj (.const:.typeinfo:_ZTSN10__cxxabiv117__pbase_type_infoE)
                  000018e5    00000002                                   : typeinfo_.obj (.const:.typeinfo:_ZTSe)
                  000018e7    00000001     --HOLE-- [fill = 0]
                  000018e8    00000018     TimerPWM_Servo.obj (.const:_ZTV20InternalServoControl)
                  00001900    00000018     PCA9685.obj (.const:_ZTV5Servo)
                  00001918    00000017     TimerPWM_Servo.obj (.const:.typeinfo:_ZTS20InternalServoControl)
                  0000192f    00000001     --HOLE-- [fill = 0]
                  00001930    00000010     rtsv7M4_T_le_v4SPD16_eabi.lib : typeinfo_.obj (.const:.typeinfo:_ZTIPKe)
                  00001940    00000010                                   : typeinfo_.obj (.const:_ZTVN10__cxxabiv117__class_type_infoE)
                  00001950    00000010                                   : typeinfo_.obj (.const:_ZTVN10__cxxabiv119__pointer_type_infoE)
                  00001960    00000010                                   : typeinfo_.obj (.const:_ZTVN10__cxxabiv120__si_class_type_infoE)
                  00001970    00000010                                   : typeinfo_.obj (.const:_ZTVN10__cxxabiv123__fundamental_type_infoE)
                  00001980    0000000d                                   : typeinfo_.obj (.const:.typeinfo:_ZTSSt9type_info)
                  0000198d    00000003     --HOLE-- [fill = 0]
                  00001990    0000000c     TimerPWM_Servo.obj (.const:.typeinfo:_ZTI20InternalServoControl)
                  0000199c    0000000c     rtsv7M4_T_le_v4SPD16_eabi.lib : typeinfo_.obj (.const:.typeinfo:_ZTIN10__cxxabiv117__class_type_infoE)
                  000019a8    0000000c                                   : typeinfo_.obj (.const:.typeinfo:_ZTIN10__cxxabiv117__pbase_type_infoE)
                  000019b4    0000000c                                   : typeinfo_.obj (.const:.typeinfo:_ZTIN10__cxxabiv119__pointer_type_infoE)
                  000019c0    0000000c                                   : typeinfo_.obj (.const:.typeinfo:_ZTIN10__cxxabiv120__si_class_type_infoE)
                  000019cc    0000000c                                   : typeinfo_.obj (.const:.typeinfo:_ZTIN10__cxxabiv123__fundamental_type_infoE)
                  000019d8    00000008     main.obj (.const:$P$T40$4)
                  000019e0    00000008     main.obj (.const:$P$T41$5)
                  000019e8    00000008     PCA9685.obj (.const:.typeinfo:_ZTI5Servo)
                  000019f0    00000008     rtsv7M4_T_le_v4SPD16_eabi.lib : typeinfo_.obj (.const:.typeinfo:_ZTISt9type_info)
                  000019f8    00000008                                   : typeinfo_.obj (.const:.typeinfo:_ZTIe)
                  00001a00    00000007     PCA9685.obj (.const:.typeinfo:_ZTS5Servo)
                  00001a07    00000004     rtsv7M4_T_le_v4SPD16_eabi.lib : typeinfo_.obj (.const:.typeinfo:_ZTSPKe)

.init_array 
*          0    00001a0c    00000004     
                  00001a0c    00000004     timer.obj (.init_array)

.cinit     0    00001a10    00000040     
                  00001a10    0000001c     (.cinit..data.load) [load image, compression = lzss]
                  00001a2c    0000000c     (__TI_handler_table)
                  00001a38    00000008     (.cinit..bss.load) [load image, compression = zero_init]
                  00001a40    00000010     (__TI_cinit_table)

.sysmem    0    20000000    00000400     UNINITIALIZED
                  20000000    00000008     rtsv7M4_T_le_v4SPD16_eabi.lib : memory.obj (.sysmem)
                  20000008    000003f8     --HOLE--

.bss       0    20000400    00000084     UNINITIALIZED
                  20000400    00000020     timer.obj (.bss:_ZN12Peripherials3TA0E)
                  20000420    00000020     timer.obj (.bss:_ZN12Peripherials3TA1E)
                  20000440    00000020     timer.obj (.bss:_ZN12Peripherials3TA2E)
                  20000460    00000020     timer.obj (.bss:_ZN12Peripherials3TA3E)
                  20000480    00000004     (.common:_ZSt16__dummy_typeinfo)

.data      0    20000484    00000030     UNINITIALIZED
                  20000484    0000000c     rtsv7M4_T_le_v4SPD16_eabi.lib : exit.obj (.data:$O1$$)
                  20000490    0000000c                                   : memory.obj (.data:$O1$$)
                  2000049c    00000008                                   : _lock.obj (.data:$O1$$)
                  200004a4    00000008     main.obj (.data)
                  200004ac    00000004     rtsv7M4_T_le_v4SPD16_eabi.lib : stkdepth_vars.obj (.data)
                  200004b0    00000004     system_msp432p401r.obj (.data)

.stack     0    2000f800    00000800     UNINITIALIZED
                  2000f800    00000800     --HOLE--

MODULE SUMMARY

       Module                        code   ro data   rw data
       ------                        ----   -------   -------
    .\
       system_msp432p401r.obj        812    0         8      
       main.obj                      540    16        16     
       startup_msp432p401r_ccs.obj   14     228       0      
    +--+-----------------------------+------+---------+---------+
       Total:                        1366   244       24     
                                                             
    .\Servo\
       TimerPWM_Servo.obj            316    59        0      
       PCA9685.obj                   36     39        0      
    +--+-----------------------------+------+---------+---------+
       Total:                        352    98        0      
                                                             
    .\Timer\
       timer.obj                     1644   4         256    
    +--+-----------------------------+------+---------+---------+
       Total:                        1644   4         256    
                                                             
    C:\TI\ccsv6\tools\compiler\ti-cgt-arm_16.6.0.STS\lib\rtsv7M4_T_le_v4SPD16_eabi.lib
       memory.obj                    976    0         24     
       typeinfo_.obj                 188    356       8      
       fd_add_t2.obj                 438    0         0      
       memcpy_t2.obj                 156    0         0      
       memset_t2.obj                 122    0         0      
       autoinit.obj                  112    0         0      
       fd_tos_t2.obj                 110    0         0      
       exit.obj                      84     0         24     
       copy_decompress_lzss.obj      102    0         0      
       boot.obj                      84     0         0      
       cpy_tbl.obj                   76     0         0      
       fs_tod_t2.obj                 56     0         0      
       _lock.obj                     20     0         16     
       args_main.obj                 24     0         0      
       copy_decompress_none.obj      14     0         0      
       copy_zero_init.obj            12     0         0      
       delete.obj                    8      0         0      
       stkdepth_vars.obj             0      0         8      
       pure_virt.obj                 6      0         0      
       error.obj                     4      0         0      
       pre_init.obj                  4      0         0      
       mpu_init.obj                  2      0         0      
       startup.obj                   2      0         0      
    +--+-----------------------------+------+---------+---------+
       Total:                        2600   356       80     
                                                             
       Heap:                         0      0         2048   
       Stack:                        0      0         4096   
       Linker Generated:             0      64        0      
    +--+-----------------------------+------+---------+---------+
       Grand Total:                  5962   766       6504   


LINKER GENERATED COPY TABLES

__TI_cinit_table @ 00001a40 records: 2, size/record: 8, table size: 16
	.data: load addr=00001a10, load size=0000001c bytes, run addr=20000484, run size=00000030 bytes, compression=lzss
	.bss: load addr=00001a38, load size=00000008 bytes, run addr=20000400, run size=00000084 bytes, compression=zero_init


LINKER GENERATED HANDLER TABLE

__TI_handler_table @ 00001a2c records: 3, size/record: 4, table size: 12
	index: 0, handler: __TI_decompress_lzss
	index: 1, handler: __TI_decompress_none
	index: 2, handler: __TI_zero_init


GLOBAL SYMBOLS: SORTED ALPHABETICALLY BY Name 

address   name                                                                                                  
-------   ----                                                                                                  
000017ff  ADC14_IRQHandler                                                                                      
000017ff  AES256_IRQHandler                                                                                     
000017ff  BusFault_Handler                                                                                      
000016c9  C$$EXIT                                                                                               
000017ff  COMP_E0_IRQHandler                                                                                    
000017ff  COMP_E1_IRQHandler                                                                                    
000017ff  CS_IRQHandler                                                                                         
000017ff  DMA_ERR_IRQHandler                                                                                    
000017ff  DMA_INT0_IRQHandler                                                                                   
000017ff  DMA_INT1_IRQHandler                                                                                   
000017ff  DMA_INT2_IRQHandler                                                                                   
000017ff  DMA_INT3_IRQHandler                                                                                   
000017ff  DebugMon_Handler                                                                                      
000017ff  Default_Handler                                                                                       
000017ff  EUSCIA0_IRQHandler                                                                                    
000017ff  EUSCIA1_IRQHandler                                                                                    
000017ff  EUSCIA2_IRQHandler                                                                                    
000017ff  EUSCIA3_IRQHandler                                                                                    
000017ff  EUSCIB0_IRQHandler                                                                                    
000017ff  EUSCIB1_IRQHandler                                                                                    
000017ff  EUSCIB2_IRQHandler                                                                                    
000017ff  EUSCIB3_IRQHandler                                                                                    
000017ff  FLCTL_IRQHandler                                                                                      
000017ff  FPU_IRQHandler                                                                                        
000017ff  HardFault_Handler                                                                                     
000017ff  MemManage_Handler                                                                                     
000017ff  NMI_Handler                                                                                           
000017ff  PCM_IRQHandler                                                                                        
000017ff  PORT1_IRQHandler                                                                                      
000017ff  PORT2_IRQHandler                                                                                      
000017ff  PORT3_IRQHandler                                                                                      
000017ff  PORT4_IRQHandler                                                                                      
000017ff  PORT5_IRQHandler                                                                                      
000017ff  PORT6_IRQHandler                                                                                      
000017ff  PSS_IRQHandler                                                                                        
000017ff  PendSV_Handler                                                                                        
000017ff  RTC_C_IRQHandler                                                                                      
000017f3  Reset_Handler                                                                                         
00001a0c  SHT$$INIT_ARRAY$$Base                                                                                 
00001a10  SHT$$INIT_ARRAY$$Limit                                                                                
000017ff  SVC_Handler                                                                                           
000017ff  SysTick_Handler                                                                                       
200004b0  SystemCoreClock                                                                                       
00000b21  SystemCoreClockUpdate                                                                                 
00000d95  SystemInit                                                                                            
000017ff  T32_INT1_IRQHandler                                                                                   
000017ff  T32_INT2_IRQHandler                                                                                   
000017ff  T32_INTC_IRQHandler                                                                                   
00000109  TA0_0_IRQHandler                                                                                      
00000109  TA0_0_IRQHandler                                                                                      
00000113  TA0_N_IRQHandler                                                                                      
00000113  TA0_N_IRQHandler                                                                                      
0000011d  TA1_0_IRQHandler                                                                                      
0000011d  TA1_0_IRQHandler                                                                                      
00000127  TA1_N_IRQHandler                                                                                      
00000127  TA1_N_IRQHandler                                                                                      
00000131  TA2_0_IRQHandler                                                                                      
00000131  TA2_0_IRQHandler                                                                                      
0000013b  TA2_N_IRQHandler                                                                                      
0000013b  TA2_N_IRQHandler                                                                                      
00000145  TA3_0_IRQHandler                                                                                      
00000145  TA3_0_IRQHandler                                                                                      
0000014f  TA3_N_IRQHandler                                                                                      
0000014f  TA3_N_IRQHandler                                                                                      
000017ff  UsageFault_Handler                                                                                    
4000480c  WDTCTL_SYM                                                                                            
000017ff  WDT_A_IRQHandler                                                                                      
00000e65  _Z11ToggleGreenv                                                                                      
00000e59  _Z6SetRedv                                                                                            
00000e4d  _Z8ClearRedv                                                                                          
00000e71  _Z8CycleRGBv                                                                                          
00001409  _ZN10__cxxabiv116__enum_type_infoD0Ev                                                                 
00001407  _ZN10__cxxabiv116__enum_type_infoD1Ev                                                                 
00001407  _ZN10__cxxabiv116__enum_type_infoD2Ev                                                                 
000013ff  _ZN10__cxxabiv117__array_type_infoD0Ev                                                                
000013fd  _ZN10__cxxabiv117__array_type_infoD1Ev                                                                
000013fd  _ZN10__cxxabiv117__array_type_infoD2Ev                                                                
000013f5  _ZN10__cxxabiv117__class_type_infoD0Ev                                                                
000013f3  _ZN10__cxxabiv117__class_type_infoD1Ev                                                                
000013f3  _ZN10__cxxabiv117__class_type_infoD2Ev                                                                
000013eb  _ZN10__cxxabiv117__pbase_type_infoD0Ev                                                                
000013e9  _ZN10__cxxabiv117__pbase_type_infoD1Ev                                                                
000013e9  _ZN10__cxxabiv117__pbase_type_infoD2Ev                                                                
000013e1  _ZN10__cxxabiv119__pointer_type_infoD0Ev                                                              
000013df  _ZN10__cxxabiv119__pointer_type_infoD1Ev                                                              
000013df  _ZN10__cxxabiv119__pointer_type_infoD2Ev                                                              
000013d7  _ZN10__cxxabiv120__function_type_infoD0Ev                                                             
000013d5  _ZN10__cxxabiv120__function_type_infoD1Ev                                                             
000013d5  _ZN10__cxxabiv120__function_type_infoD2Ev                                                             
000013cd  _ZN10__cxxabiv120__si_class_type_infoD0Ev                                                             
000013cb  _ZN10__cxxabiv120__si_class_type_infoD1Ev                                                             
000013cb  _ZN10__cxxabiv120__si_class_type_infoD2Ev                                                             
000013c3  _ZN10__cxxabiv121__vmi_class_type_infoD0Ev                                                            
000013c1  _ZN10__cxxabiv121__vmi_class_type_infoD1Ev                                                            
000013c1  _ZN10__cxxabiv121__vmi_class_type_infoD2Ev                                                            
000013b9  _ZN10__cxxabiv123__fundamental_type_infoD0Ev                                                          
000013b7  _ZN10__cxxabiv123__fundamental_type_infoD1Ev                                                          
000013b7  _ZN10__cxxabiv123__fundamental_type_infoD2Ev                                                          
000013af  _ZN10__cxxabiv129__pointer_to_member_type_infoD0Ev                                                    
000013ad  _ZN10__cxxabiv129__pointer_to_member_type_infoD1Ev                                                    
000013ad  _ZN10__cxxabiv129__pointer_to_member_type_infoD2Ev                                                    
20000400  _ZN12Peripherials3TA0E                                                                                
20000420  _ZN12Peripherials3TA1E                                                                                
20000440  _ZN12Peripherials3TA2E                                                                                
20000460  _ZN12Peripherials3TA3E                                                                                
00000551  _ZN12Peripherials5Timer10DisablePWMENS_15TimerCapComUnitE                                             
000005f5  _ZN12Peripherials5Timer15AttachInterruptENS_15TimerCapComUnitEPFvvE                                   
000005b9  _ZN12Peripherials5Timer23AttachOverflowInterruptEPFvvE                                                
00000481  _ZN12Peripherials5Timer6SetPWMENS_15TimerCapComUnitEf                                                 
0000050d  _ZN12Peripherials5Timer6SetPWMENS_15TimerCapComUnitEt                                                 
000002f9  _ZN12Peripherials5Timer8StartPWMENS_15TimerCapComUnitEf                                               
00000409  _ZN12Peripherials5Timer8StartPWMENS_15TimerCapComUnitEt                                               
00000583  _ZN12Peripherials5Timer9EnablePWMENS_15TimerCapComUnitE                                               
00000237  _ZN12Peripherials5Timer9SetPeriodEf                                                                   
000001eb  _ZN12Peripherials5Timer9SetPeriodEt                                                                   
00000665  _ZN12Peripherials5Timer9_CCR0_ISREv                                                                   
000006c5  _ZN12Peripherials5Timer9_CCRn_ISREv                                                                   
00000159  _ZN12Peripherials5TimerC1EP12Timer_A_TypeNS_16TimerClockSourceE                                       
00000159  _ZN12Peripherials5TimerC2EP12Timer_A_TypeNS_16TimerClockSourceE                                       
0000132b  _ZN20InternalServoControl6CenterEv                                                                    
000012b1  _ZN20InternalServoControl6ResumeEv                                                                    
0000129f  _ZN20InternalServoControl7SuspendEv                                                                   
000012c3  _ZN20InternalServoControl9GoToAngleEf                                                                 
00001221  _ZN20InternalServoControlC1ERN12Peripherials5TimerENS0_15TimerCapComUnitE24internal_servo_cal_pointS4_
00001221  _ZN20InternalServoControlC2ERN12Peripherials5TimerENS0_15TimerCapComUnitE24internal_servo_cal_pointS4_
000017a1  _ZN5ServoC1Ev                                                                                         
00001801  _ZN5ServoC2Ev                                                                                         
0000136f  _ZNKSt9type_info4nameEv                                                                               
0000139f  _ZNKSt9type_info6beforeERKS_                                                                          
00001389  _ZNKSt9type_infoeqERKS_                                                                               
00001373  _ZNKSt9type_infoneERKS_                                                                               
00001367  _ZNSt9type_infoD0Ev                                                                                   
00001365  _ZNSt9type_infoD1Ev                                                                                   
00001365  _ZNSt9type_infoD2Ev                                                                                   
20000480  _ZSt16__dummy_typeinfo                                                                                
0000135d  _ZSt21__gen_dummy_typeinfosv                                                                          
00001990  _ZTI20InternalServoControl                                                                            
000019e8  _ZTI5Servo                                                                                            
0000199c  _ZTIN10__cxxabiv117__class_type_infoE                                                                 
000019a8  _ZTIN10__cxxabiv117__pbase_type_infoE                                                                 
000019b4  _ZTIN10__cxxabiv119__pointer_type_infoE                                                               
000019c0  _ZTIN10__cxxabiv120__si_class_type_infoE                                                              
000019cc  _ZTIN10__cxxabiv123__fundamental_type_infoE                                                           
00001930  _ZTIPKe                                                                                               
000019f0  _ZTISt9type_info                                                                                      
000019f8  _ZTIe                                                                                                 
00001918  _ZTS20InternalServoControl                                                                            
00001a00  _ZTS5Servo                                                                                            
000018a1  _ZTSN10__cxxabiv117__class_type_infoE                                                                 
000018c3  _ZTSN10__cxxabiv117__pbase_type_infoE                                                                 
0000187d  _ZTSN10__cxxabiv119__pointer_type_infoE                                                               
00001858  _ZTSN10__cxxabiv120__si_class_type_infoE                                                              
00001830  _ZTSN10__cxxabiv123__fundamental_type_infoE                                                           
00001a07  _ZTSPKe                                                                                               
00001980  _ZTSSt9type_info                                                                                      
000018e5  _ZTSe                                                                                                 
000018e8  _ZTV20InternalServoControl                                                                            
00001900  _ZTV5Servo                                                                                            
00001940  _ZTVN10__cxxabiv117__class_type_infoE                                                                 
00001950  _ZTVN10__cxxabiv119__pointer_type_infoE                                                               
00001960  _ZTVN10__cxxabiv120__si_class_type_infoE                                                              
00001970  _ZTVN10__cxxabiv123__fundamental_type_infoE                                                           
00001819  _ZdlPv                                                                                                
20010000  __STACK_END                                                                                           
00000800  __STACK_SIZE                                                                                          
00000400  __SYSMEM_SIZE                                                                                         
00001a40  __TI_CINIT_Base                                                                                       
00001a50  __TI_CINIT_Limit                                                                                      
00001a2c  __TI_Handler_Table_Base                                                                               
00001a38  __TI_Handler_Table_Limit                                                                              
00001531  __TI_auto_init                                                                                        
20000484  __TI_cleanup_ptr                                                                                      
0000160f  __TI_decompress_lzss                                                                                  
000017e5  __TI_decompress_none                                                                                  
20000488  __TI_dtors_ptr                                                                                        
2000048c  __TI_enable_exit_profile_output                                                                       
ffffffff  __TI_pprof_out_hndl                                                                                   
ffffffff  __TI_prof_data_size                                                                                   
ffffffff  __TI_prof_data_start                                                                                  
00000000  __TI_static_base__                                                                                    
0000180d  __TI_zero_init                                                                                        
00001827  __abort_execution                                                                                     
000015a1  __aeabi_d2f                                                                                           
00001073  __aeabi_dadd                                                                                          
00001069  __aeabi_dsub                                                                                          
00001769  __aeabi_f2d                                                                                           
000014b5  __aeabi_memclr                                                                                        
000014b5  __aeabi_memclr4                                                                                       
000014b5  __aeabi_memclr8                                                                                       
00001419  __aeabi_memcpy                                                                                        
00001419  __aeabi_memcpy4                                                                                       
00001419  __aeabi_memcpy8                                                                                       
000014b7  __aeabi_memset                                                                                        
000014b7  __aeabi_memset4                                                                                       
000014b7  __aeabi_memset8                                                                                       
ffffffff  __binit__                                                                                             
ffffffff  __c_args__                                                                                            
00001821  __cxa_pure_virtual                                                                                    
0000121f  __mpu_init                                                                                            
2000f800  __stack                                                                                               
000006ff  __sti___9_timer_cpp_348070d1                                                                          
000017b9  _args_main                                                                                            
00001675  _c_int00                                                                                              
2000049c  _lock                                                                                                 
000017df  _nop                                                                                                  
000017d7  _register_lock                                                                                        
000017d1  _register_unlock                                                                                      
20000000  _sys_memory                                                                                           
0000152f  _system_post_cinit                                                                                    
0000182b  _system_pre_init                                                                                      
200004a0  _unlock                                                                                               
000016cd  abort                                                                                                 
ffffffff  binit                                                                                                 
00000af1  calloc                                                                                                
0000171d  copy_in                                                                                               
000016d5  exit                                                                                                  
0000083b  free                                                                                                  
00000000  interruptVectors                                                                                      
00000eb7  main                                                                                                  
200004ac  main_func_sp                                                                                          
000007d1  malloc                                                                                                
00000a05  memalign                                                                                              
00001419  memcpy                                                                                                
000014bd  memset                                                                                                
00000751  minit                                                                                                 
000008fd  realloc                                                                                               


GLOBAL SYMBOLS: SORTED BY Symbol Address 

address   name                                                                                                  
-------   ----                                                                                                  
00000000  __TI_static_base__                                                                                    
00000000  interruptVectors                                                                                      
00000109  TA0_0_IRQHandler                                                                                      
00000109  TA0_0_IRQHandler                                                                                      
00000113  TA0_N_IRQHandler                                                                                      
00000113  TA0_N_IRQHandler                                                                                      
0000011d  TA1_0_IRQHandler                                                                                      
0000011d  TA1_0_IRQHandler                                                                                      
00000127  TA1_N_IRQHandler                                                                                      
00000127  TA1_N_IRQHandler                                                                                      
00000131  TA2_0_IRQHandler                                                                                      
00000131  TA2_0_IRQHandler                                                                                      
0000013b  TA2_N_IRQHandler                                                                                      
0000013b  TA2_N_IRQHandler                                                                                      
00000145  TA3_0_IRQHandler                                                                                      
00000145  TA3_0_IRQHandler                                                                                      
0000014f  TA3_N_IRQHandler                                                                                      
0000014f  TA3_N_IRQHandler                                                                                      
00000159  _ZN12Peripherials5TimerC1EP12Timer_A_TypeNS_16TimerClockSourceE                                       
00000159  _ZN12Peripherials5TimerC2EP12Timer_A_TypeNS_16TimerClockSourceE                                       
000001eb  _ZN12Peripherials5Timer9SetPeriodEt                                                                   
00000237  _ZN12Peripherials5Timer9SetPeriodEf                                                                   
000002f9  _ZN12Peripherials5Timer8StartPWMENS_15TimerCapComUnitEf                                               
00000400  __SYSMEM_SIZE                                                                                         
00000409  _ZN12Peripherials5Timer8StartPWMENS_15TimerCapComUnitEt                                               
00000481  _ZN12Peripherials5Timer6SetPWMENS_15TimerCapComUnitEf                                                 
0000050d  _ZN12Peripherials5Timer6SetPWMENS_15TimerCapComUnitEt                                                 
00000551  _ZN12Peripherials5Timer10DisablePWMENS_15TimerCapComUnitE                                             
00000583  _ZN12Peripherials5Timer9EnablePWMENS_15TimerCapComUnitE                                               
000005b9  _ZN12Peripherials5Timer23AttachOverflowInterruptEPFvvE                                                
000005f5  _ZN12Peripherials5Timer15AttachInterruptENS_15TimerCapComUnitEPFvvE                                   
00000665  _ZN12Peripherials5Timer9_CCR0_ISREv                                                                   
000006c5  _ZN12Peripherials5Timer9_CCRn_ISREv                                                                   
000006ff  __sti___9_timer_cpp_348070d1                                                                          
00000751  minit                                                                                                 
000007d1  malloc                                                                                                
00000800  __STACK_SIZE                                                                                          
0000083b  free                                                                                                  
000008fd  realloc                                                                                               
00000a05  memalign                                                                                              
00000af1  calloc                                                                                                
00000b21  SystemCoreClockUpdate                                                                                 
00000d95  SystemInit                                                                                            
00000e4d  _Z8ClearRedv                                                                                          
00000e59  _Z6SetRedv                                                                                            
00000e65  _Z11ToggleGreenv                                                                                      
00000e71  _Z8CycleRGBv                                                                                          
00000eb7  main                                                                                                  
00001069  __aeabi_dsub                                                                                          
00001073  __aeabi_dadd                                                                                          
0000121f  __mpu_init                                                                                            
00001221  _ZN20InternalServoControlC1ERN12Peripherials5TimerENS0_15TimerCapComUnitE24internal_servo_cal_pointS4_
00001221  _ZN20InternalServoControlC2ERN12Peripherials5TimerENS0_15TimerCapComUnitE24internal_servo_cal_pointS4_
0000129f  _ZN20InternalServoControl7SuspendEv                                                                   
000012b1  _ZN20InternalServoControl6ResumeEv                                                                    
000012c3  _ZN20InternalServoControl9GoToAngleEf                                                                 
0000132b  _ZN20InternalServoControl6CenterEv                                                                    
0000135d  _ZSt21__gen_dummy_typeinfosv                                                                          
00001365  _ZNSt9type_infoD1Ev                                                                                   
00001365  _ZNSt9type_infoD2Ev                                                                                   
00001367  _ZNSt9type_infoD0Ev                                                                                   
0000136f  _ZNKSt9type_info4nameEv                                                                               
00001373  _ZNKSt9type_infoneERKS_                                                                               
00001389  _ZNKSt9type_infoeqERKS_                                                                               
0000139f  _ZNKSt9type_info6beforeERKS_                                                                          
000013ad  _ZN10__cxxabiv129__pointer_to_member_type_infoD1Ev                                                    
000013ad  _ZN10__cxxabiv129__pointer_to_member_type_infoD2Ev                                                    
000013af  _ZN10__cxxabiv129__pointer_to_member_type_infoD0Ev                                                    
000013b7  _ZN10__cxxabiv123__fundamental_type_infoD1Ev                                                          
000013b7  _ZN10__cxxabiv123__fundamental_type_infoD2Ev                                                          
000013b9  _ZN10__cxxabiv123__fundamental_type_infoD0Ev                                                          
000013c1  _ZN10__cxxabiv121__vmi_class_type_infoD1Ev                                                            
000013c1  _ZN10__cxxabiv121__vmi_class_type_infoD2Ev                                                            
000013c3  _ZN10__cxxabiv121__vmi_class_type_infoD0Ev                                                            
000013cb  _ZN10__cxxabiv120__si_class_type_infoD1Ev                                                             
000013cb  _ZN10__cxxabiv120__si_class_type_infoD2Ev                                                             
000013cd  _ZN10__cxxabiv120__si_class_type_infoD0Ev                                                             
000013d5  _ZN10__cxxabiv120__function_type_infoD1Ev                                                             
000013d5  _ZN10__cxxabiv120__function_type_infoD2Ev                                                             
000013d7  _ZN10__cxxabiv120__function_type_infoD0Ev                                                             
000013df  _ZN10__cxxabiv119__pointer_type_infoD1Ev                                                              
000013df  _ZN10__cxxabiv119__pointer_type_infoD2Ev                                                              
000013e1  _ZN10__cxxabiv119__pointer_type_infoD0Ev                                                              
000013e9  _ZN10__cxxabiv117__pbase_type_infoD1Ev                                                                
000013e9  _ZN10__cxxabiv117__pbase_type_infoD2Ev                                                                
000013eb  _ZN10__cxxabiv117__pbase_type_infoD0Ev                                                                
000013f3  _ZN10__cxxabiv117__class_type_infoD1Ev                                                                
000013f3  _ZN10__cxxabiv117__class_type_infoD2Ev                                                                
000013f5  _ZN10__cxxabiv117__class_type_infoD0Ev                                                                
000013fd  _ZN10__cxxabiv117__array_type_infoD1Ev                                                                
000013fd  _ZN10__cxxabiv117__array_type_infoD2Ev                                                                
000013ff  _ZN10__cxxabiv117__array_type_infoD0Ev                                                                
00001407  _ZN10__cxxabiv116__enum_type_infoD1Ev                                                                 
00001407  _ZN10__cxxabiv116__enum_type_infoD2Ev                                                                 
00001409  _ZN10__cxxabiv116__enum_type_infoD0Ev                                                                 
00001419  __aeabi_memcpy                                                                                        
00001419  __aeabi_memcpy4                                                                                       
00001419  __aeabi_memcpy8                                                                                       
00001419  memcpy                                                                                                
000014b5  __aeabi_memclr                                                                                        
000014b5  __aeabi_memclr4                                                                                       
000014b5  __aeabi_memclr8                                                                                       
000014b7  __aeabi_memset                                                                                        
000014b7  __aeabi_memset4                                                                                       
000014b7  __aeabi_memset8                                                                                       
000014bd  memset                                                                                                
0000152f  _system_post_cinit                                                                                    
00001531  __TI_auto_init                                                                                        
000015a1  __aeabi_d2f                                                                                           
0000160f  __TI_decompress_lzss                                                                                  
00001675  _c_int00                                                                                              
000016c9  C$$EXIT                                                                                               
000016cd  abort                                                                                                 
000016d5  exit                                                                                                  
0000171d  copy_in                                                                                               
00001769  __aeabi_f2d                                                                                           
000017a1  _ZN5ServoC1Ev                                                                                         
000017b9  _args_main                                                                                            
000017d1  _register_unlock                                                                                      
000017d7  _register_lock                                                                                        
000017df  _nop                                                                                                  
000017e5  __TI_decompress_none                                                                                  
000017f3  Reset_Handler                                                                                         
000017ff  ADC14_IRQHandler                                                                                      
000017ff  AES256_IRQHandler                                                                                     
000017ff  BusFault_Handler                                                                                      
000017ff  COMP_E0_IRQHandler                                                                                    
000017ff  COMP_E1_IRQHandler                                                                                    
000017ff  CS_IRQHandler                                                                                         
000017ff  DMA_ERR_IRQHandler                                                                                    
000017ff  DMA_INT0_IRQHandler                                                                                   
000017ff  DMA_INT1_IRQHandler                                                                                   
000017ff  DMA_INT2_IRQHandler                                                                                   
000017ff  DMA_INT3_IRQHandler                                                                                   
000017ff  DebugMon_Handler                                                                                      
000017ff  Default_Handler                                                                                       
000017ff  EUSCIA0_IRQHandler                                                                                    
000017ff  EUSCIA1_IRQHandler                                                                                    
000017ff  EUSCIA2_IRQHandler                                                                                    
000017ff  EUSCIA3_IRQHandler                                                                                    
000017ff  EUSCIB0_IRQHandler                                                                                    
000017ff  EUSCIB1_IRQHandler                                                                                    
000017ff  EUSCIB2_IRQHandler                                                                                    
000017ff  EUSCIB3_IRQHandler                                                                                    
000017ff  FLCTL_IRQHandler                                                                                      
000017ff  FPU_IRQHandler                                                                                        
000017ff  HardFault_Handler                                                                                     
000017ff  MemManage_Handler                                                                                     
000017ff  NMI_Handler                                                                                           
000017ff  PCM_IRQHandler                                                                                        
000017ff  PORT1_IRQHandler                                                                                      
000017ff  PORT2_IRQHandler                                                                                      
000017ff  PORT3_IRQHandler                                                                                      
000017ff  PORT4_IRQHandler                                                                                      
000017ff  PORT5_IRQHandler                                                                                      
000017ff  PORT6_IRQHandler                                                                                      
000017ff  PSS_IRQHandler                                                                                        
000017ff  PendSV_Handler                                                                                        
000017ff  RTC_C_IRQHandler                                                                                      
000017ff  SVC_Handler                                                                                           
000017ff  SysTick_Handler                                                                                       
000017ff  T32_INT1_IRQHandler                                                                                   
000017ff  T32_INT2_IRQHandler                                                                                   
000017ff  T32_INTC_IRQHandler                                                                                   
000017ff  UsageFault_Handler                                                                                    
000017ff  WDT_A_IRQHandler                                                                                      
00001801  _ZN5ServoC2Ev                                                                                         
0000180d  __TI_zero_init                                                                                        
00001819  _ZdlPv                                                                                                
00001821  __cxa_pure_virtual                                                                                    
00001827  __abort_execution                                                                                     
0000182b  _system_pre_init                                                                                      
00001830  _ZTSN10__cxxabiv123__fundamental_type_infoE                                                           
00001858  _ZTSN10__cxxabiv120__si_class_type_infoE                                                              
0000187d  _ZTSN10__cxxabiv119__pointer_type_infoE                                                               
000018a1  _ZTSN10__cxxabiv117__class_type_infoE                                                                 
000018c3  _ZTSN10__cxxabiv117__pbase_type_infoE                                                                 
000018e5  _ZTSe                                                                                                 
000018e8  _ZTV20InternalServoControl                                                                            
00001900  _ZTV5Servo                                                                                            
00001918  _ZTS20InternalServoControl                                                                            
00001930  _ZTIPKe                                                                                               
00001940  _ZTVN10__cxxabiv117__class_type_infoE                                                                 
00001950  _ZTVN10__cxxabiv119__pointer_type_infoE                                                               
00001960  _ZTVN10__cxxabiv120__si_class_type_infoE                                                              
00001970  _ZTVN10__cxxabiv123__fundamental_type_infoE                                                           
00001980  _ZTSSt9type_info                                                                                      
00001990  _ZTI20InternalServoControl                                                                            
0000199c  _ZTIN10__cxxabiv117__class_type_infoE                                                                 
000019a8  _ZTIN10__cxxabiv117__pbase_type_infoE                                                                 
000019b4  _ZTIN10__cxxabiv119__pointer_type_infoE                                                               
000019c0  _ZTIN10__cxxabiv120__si_class_type_infoE                                                              
000019cc  _ZTIN10__cxxabiv123__fundamental_type_infoE                                                           
000019e8  _ZTI5Servo                                                                                            
000019f0  _ZTISt9type_info                                                                                      
000019f8  _ZTIe                                                                                                 
00001a00  _ZTS5Servo                                                                                            
00001a07  _ZTSPKe                                                                                               
00001a0c  SHT$$INIT_ARRAY$$Base                                                                                 
00001a10  SHT$$INIT_ARRAY$$Limit                                                                                
00001a2c  __TI_Handler_Table_Base                                                                               
00001a38  __TI_Handler_Table_Limit                                                                              
00001a40  __TI_CINIT_Base                                                                                       
00001a50  __TI_CINIT_Limit                                                                                      
20000000  _sys_memory                                                                                           
20000400  _ZN12Peripherials3TA0E                                                                                
20000420  _ZN12Peripherials3TA1E                                                                                
20000440  _ZN12Peripherials3TA2E                                                                                
20000460  _ZN12Peripherials3TA3E                                                                                
20000480  _ZSt16__dummy_typeinfo                                                                                
20000484  __TI_cleanup_ptr                                                                                      
20000488  __TI_dtors_ptr                                                                                        
2000048c  __TI_enable_exit_profile_output                                                                       
2000049c  _lock                                                                                                 
200004a0  _unlock                                                                                               
200004ac  main_func_sp                                                                                          
200004b0  SystemCoreClock                                                                                       
2000f800  __stack                                                                                               
20010000  __STACK_END                                                                                           
4000480c  WDTCTL_SYM                                                                                            
ffffffff  __TI_pprof_out_hndl                                                                                   
ffffffff  __TI_prof_data_size                                                                                   
ffffffff  __TI_prof_data_start                                                                                  
ffffffff  __binit__                                                                                             
ffffffff  __c_args__                                                                                            
ffffffff  binit                                                                                                 

[226 symbols]
