******************************************************************************
                  TI ARM Linker PC v16.6.0                     
******************************************************************************
>> Linked Sat Sep 10 14:58:34 2016

OUTPUT FILE NAME:   <ServoControl.out>
ENTRY POINT SYMBOL: "_c_int00"  address: 0000188d


MEMORY CONFIGURATION

         name            origin    length      used     unused   attr    fill
----------------------  --------  ---------  --------  --------  ----  --------
  MAIN                  00000000   00040000  00001c2d  0003e3d3  R  X
  INFO                  00200000   00004000  00000000  00004000  R  X
  SRAM_CODE             01000000   00010000  00000cac  0000f354  RW X
  SRAM_DATA             20000000   00010000  00000cac  0000f354  RW  


SEGMENT ALLOCATION MAP

run origin  load origin   length   init length attrs members
----------  ----------- ---------- ----------- ----- -------
00000000    00000000    00001c30   00001c30    r-x
  00000000    00000000    000000e4   000000e4    r-- .intvecs
  000000e4    000000e4    0000192a   0000192a    r-x .text
  00001a10    00001a10    000001db   000001db    r-- .const
  00001bec    00001bec    00000004   00000004    r-- .init_array
  00001bf0    00001bf0    00000040   00000040    r-- .cinit
20000000    20000000    000004ac   00000000    rw-
  20000000    20000000    00000400   00000000    rw- .sysmem
  20000400    20000400    00000084   00000000    rw- .bss
  20000484    20000484    00000028   00000000    rw- .data
2000f800    2000f800    00000800   00000000    rw-
  2000f800    2000f800    00000800   00000000    rw- .stack


SECTION ALLOCATION MAP

 output                                  attributes/
section   page    origin      length       input sections
--------  ----  ----------  ----------   ----------------
.intvecs   0    00000000    000000e4     
                  00000000    000000e4     startup_msp432p401r_ccs.obj (.intvecs:retain)

.binit     0    00000000    00000000     

.text      0    000000e4    0000192a     
                  000000e4    0000066c     timer.obj (.text)
                  00000750    000004a8     PCA9685.obj (.text)
                  00000bf8    000003d0     rtsv7M4_T_le_v4SPD16_eabi.lib : memory.obj (.text)
                  00000fc8    0000032c     system_msp432p401r.obj (.text)
                  000012f4    0000019c     main.obj (.text)
                  00001490    00000150     I2C.obj (.text)
                  000015e0    000000bc     rtsv7M4_T_le_v4SPD16_eabi.lib : typeinfo_.obj (.text)
                  0000169c    0000009c                                   : memcpy_t2.obj (.text)
                  00001738    0000007a                                   : memset_t2.obj (.text)
                  000017b2    00000002                                   : mpu_init.obj (.text)
                  000017b4    00000070                                   : autoinit.obj (.text)
                  00001824    00000066                                   : copy_decompress_lzss.obj (.text:decompress:lzss)
                  0000188a    00000002                                   : startup.obj (.text)
                  0000188c    00000054                                   : boot.obj (.text)
                  000018e0    00000054                                   : exit.obj (.text)
                  00001934    0000004c                                   : cpy_tbl.obj (.text)
                  00001980    00000018     PCA9685.obj (.text:_ZN5ServoC1Ev)
                  00001998    00000018     rtsv7M4_T_le_v4SPD16_eabi.lib : args_main.obj (.text)
                  000019b0    00000014                                   : _lock.obj (.text)
                  000019c4    0000000e                                   : copy_decompress_none.obj (.text:decompress:none)
                  000019d2    0000000e     startup_msp432p401r_ccs.obj (.text)
                  000019e0    0000000c     PCA9685.obj (.text:_ZN5ServoC2Ev)
                  000019ec    0000000c     rtsv7M4_T_le_v4SPD16_eabi.lib : copy_zero_init.obj (.text:decompress:ZI)
                  000019f8    00000008                                   : delete.obj (.text)
                  00001a00    00000006                                   : pure_virt.obj (.text)
                  00001a06    00000004                                   : error.obj (.text)
                  00001a0a    00000004                                   : pre_init.obj (.text)

.const     0    00001a10    000001db     
                  00001a10    00000028     rtsv7M4_T_le_v4SPD16_eabi.lib : typeinfo_.obj (.const:.typeinfo:_ZTSN10__cxxabiv123__fundamental_type_infoE)
                  00001a38    00000025                                   : typeinfo_.obj (.const:.typeinfo:_ZTSN10__cxxabiv120__si_class_type_infoE)
                  00001a5d    00000024                                   : typeinfo_.obj (.const:.typeinfo:_ZTSN10__cxxabiv119__pointer_type_infoE)
                  00001a81    00000022                                   : typeinfo_.obj (.const:.typeinfo:_ZTSN10__cxxabiv117__class_type_infoE)
                  00001aa3    00000022                                   : typeinfo_.obj (.const:.typeinfo:_ZTSN10__cxxabiv117__pbase_type_infoE)
                  00001ac5    0000001a     PCA9685.obj (.const:.typeinfo:_ZTSN9Externals7PCA96854PortE)
                  00001adf    00000001     --HOLE-- [fill = 0]
                  00001ae0    00000018     PCA9685.obj (.const:_ZTV5Servo)
                  00001af8    00000018     PCA9685.obj (.const:_ZTVN9Externals7PCA96854PortE)
                  00001b10    00000010     rtsv7M4_T_le_v4SPD16_eabi.lib : typeinfo_.obj (.const:.typeinfo:_ZTIPKe)
                  00001b20    00000010                                   : typeinfo_.obj (.const:_ZTVN10__cxxabiv117__class_type_infoE)
                  00001b30    00000010                                   : typeinfo_.obj (.const:_ZTVN10__cxxabiv119__pointer_type_infoE)
                  00001b40    00000010                                   : typeinfo_.obj (.const:_ZTVN10__cxxabiv120__si_class_type_infoE)
                  00001b50    00000010                                   : typeinfo_.obj (.const:_ZTVN10__cxxabiv123__fundamental_type_infoE)
                  00001b60    0000000d                                   : typeinfo_.obj (.const:.typeinfo:_ZTSSt9type_info)
                  00001b6d    00000002                                   : typeinfo_.obj (.const:.typeinfo:_ZTSe)
                  00001b6f    00000001     --HOLE-- [fill = 0]
                  00001b70    0000000c                                   : typeinfo_.obj (.const:.typeinfo:_ZTIN10__cxxabiv117__class_type_infoE)
                  00001b7c    0000000c                                   : typeinfo_.obj (.const:.typeinfo:_ZTIN10__cxxabiv117__pbase_type_infoE)
                  00001b88    0000000c                                   : typeinfo_.obj (.const:.typeinfo:_ZTIN10__cxxabiv119__pointer_type_infoE)
                  00001b94    0000000c                                   : typeinfo_.obj (.const:.typeinfo:_ZTIN10__cxxabiv120__si_class_type_infoE)
                  00001ba0    0000000c                                   : typeinfo_.obj (.const:.typeinfo:_ZTIN10__cxxabiv123__fundamental_type_infoE)
                  00001bac    0000000c     PCA9685.obj (.const:.typeinfo:_ZTIN9Externals7PCA96854PortE)
                  00001bb8    00000008     main.obj (.const:$P$T40$1)
                  00001bc0    00000008     main.obj (.const:$P$T41$2)
                  00001bc8    00000008     PCA9685.obj (.const:.typeinfo:_ZTI5Servo)
                  00001bd0    00000008     rtsv7M4_T_le_v4SPD16_eabi.lib : typeinfo_.obj (.const:.typeinfo:_ZTISt9type_info)
                  00001bd8    00000008                                   : typeinfo_.obj (.const:.typeinfo:_ZTIe)
                  00001be0    00000007     PCA9685.obj (.const:.typeinfo:_ZTS5Servo)
                  00001be7    00000004     rtsv7M4_T_le_v4SPD16_eabi.lib : typeinfo_.obj (.const:.typeinfo:_ZTSPKe)

.init_array 
*          0    00001bec    00000004     
                  00001bec    00000004     timer.obj (.init_array)

.cinit     0    00001bf0    00000040     
                  00001bf0    0000001c     (.cinit..data.load) [load image, compression = lzss]
                  00001c0c    0000000c     (__TI_handler_table)
                  00001c18    00000008     (.cinit..bss.load) [load image, compression = zero_init]
                  00001c20    00000010     (__TI_cinit_table)

.sysmem    0    20000000    00000400     UNINITIALIZED
                  20000000    00000008     rtsv7M4_T_le_v4SPD16_eabi.lib : memory.obj (.sysmem)
                  20000008    000003f8     --HOLE--

.bss       0    20000400    00000084     UNINITIALIZED
                  20000400    00000020     timer.obj (.bss:_ZN12Peripherials3TA0E)
                  20000420    00000020     timer.obj (.bss:_ZN12Peripherials3TA1E)
                  20000440    00000020     timer.obj (.bss:_ZN12Peripherials3TA2E)
                  20000460    00000020     timer.obj (.bss:_ZN12Peripherials3TA3E)
                  20000480    00000004     (.common:_ZSt16__dummy_typeinfo)

.data      0    20000484    00000028     UNINITIALIZED
                  20000484    0000000c     rtsv7M4_T_le_v4SPD16_eabi.lib : exit.obj (.data:$O1$$)
                  20000490    0000000c                                   : memory.obj (.data:$O1$$)
                  2000049c    00000008                                   : _lock.obj (.data:$O1$$)
                  200004a4    00000004                                   : stkdepth_vars.obj (.data)
                  200004a8    00000004     system_msp432p401r.obj (.data)

.stack     0    2000f800    00000800     UNINITIALIZED
                  2000f800    00000800     --HOLE--

MODULE SUMMARY

       Module                        code   ro data   rw data
       ------                        ----   -------   -------
    .\
       system_msp432p401r.obj        812    0         8      
       main.obj                      412    16        0      
       startup_msp432p401r_ccs.obj   14     228       0      
    +--+-----------------------------+------+---------+---------+
       Total:                        1238   244       8      
                                                             
    .\I2C\
       I2C.obj                       336    0         0      
    +--+-----------------------------+------+---------+---------+
       Total:                        336    0         0      
                                                             
    .\Servo\
       PCA9685.obj                   1228   101       0      
    +--+-----------------------------+------+---------+---------+
       Total:                        1228   101       0      
                                                             
    .\Timer\
       timer.obj                     1644   4         256    
    +--+-----------------------------+------+---------+---------+
       Total:                        1644   4         256    
                                                             
    C:\TI\ccsv6\tools\compiler\ti-cgt-arm_16.6.0.STS\lib\rtsv7M4_T_le_v4SPD16_eabi.lib
       memory.obj                    976    0         24     
       typeinfo_.obj                 188    356       8      
       memcpy_t2.obj                 156    0         0      
       memset_t2.obj                 122    0         0      
       autoinit.obj                  112    0         0      
       exit.obj                      84     0         24     
       copy_decompress_lzss.obj      102    0         0      
       boot.obj                      84     0         0      
       cpy_tbl.obj                   76     0         0      
       _lock.obj                     20     0         16     
       args_main.obj                 24     0         0      
       copy_decompress_none.obj      14     0         0      
       copy_zero_init.obj            12     0         0      
       delete.obj                    8      0         0      
       stkdepth_vars.obj             0      0         8      
       pure_virt.obj                 6      0         0      
       error.obj                     4      0         0      
       pre_init.obj                  4      0         0      
       mpu_init.obj                  2      0         0      
       startup.obj                   2      0         0      
    +--+-----------------------------+------+---------+---------+
       Total:                        1996   356       80     
                                                             
       Heap:                         0      0         2048   
       Stack:                        0      0         4096   
       Linker Generated:             0      64        0      
    +--+-----------------------------+------+---------+---------+
       Grand Total:                  6442   769       6488   


LINKER GENERATED COPY TABLES

__TI_cinit_table @ 00001c20 records: 2, size/record: 8, table size: 16
	.data: load addr=00001bf0, load size=0000001c bytes, run addr=20000484, run size=00000028 bytes, compression=lzss
	.bss: load addr=00001c18, load size=00000008 bytes, run addr=20000400, run size=00000084 bytes, compression=zero_init


LINKER GENERATED HANDLER TABLE

__TI_handler_table @ 00001c0c records: 3, size/record: 4, table size: 12
	index: 0, handler: __TI_decompress_lzss
	index: 1, handler: __TI_decompress_none
	index: 2, handler: __TI_zero_init


GLOBAL SYMBOLS: SORTED ALPHABETICALLY BY Name 

address   name                                                                       
-------   ----                                                                       
000019df  ADC14_IRQHandler                                                           
000019df  AES256_IRQHandler                                                          
000019df  BusFault_Handler                                                           
000018e1  C$$EXIT                                                                    
000019df  COMP_E0_IRQHandler                                                         
000019df  COMP_E1_IRQHandler                                                         
000019df  CS_IRQHandler                                                              
000019df  DMA_ERR_IRQHandler                                                         
000019df  DMA_INT0_IRQHandler                                                        
000019df  DMA_INT1_IRQHandler                                                        
000019df  DMA_INT2_IRQHandler                                                        
000019df  DMA_INT3_IRQHandler                                                        
000019df  DebugMon_Handler                                                           
000019df  Default_Handler                                                            
000019df  EUSCIA0_IRQHandler                                                         
000019df  EUSCIA1_IRQHandler                                                         
000019df  EUSCIA2_IRQHandler                                                         
000019df  EUSCIA3_IRQHandler                                                         
000019df  EUSCIB0_IRQHandler                                                         
000019df  EUSCIB1_IRQHandler                                                         
000019df  EUSCIB2_IRQHandler                                                         
000019df  EUSCIB3_IRQHandler                                                         
000019df  FLCTL_IRQHandler                                                           
000019df  FPU_IRQHandler                                                             
000019df  HardFault_Handler                                                          
000019df  MemManage_Handler                                                          
000019df  NMI_Handler                                                                
000019df  PCM_IRQHandler                                                             
000019df  PORT1_IRQHandler                                                           
000019df  PORT2_IRQHandler                                                           
000019df  PORT3_IRQHandler                                                           
000019df  PORT4_IRQHandler                                                           
000019df  PORT5_IRQHandler                                                           
000019df  PORT6_IRQHandler                                                           
000019df  PSS_IRQHandler                                                             
000019df  PendSV_Handler                                                             
000019df  RTC_C_IRQHandler                                                           
000019d3  Reset_Handler                                                              
00001bec  SHT$$INIT_ARRAY$$Base                                                      
00001bf0  SHT$$INIT_ARRAY$$Limit                                                     
000019df  SVC_Handler                                                                
000019df  SysTick_Handler                                                            
200004a8  SystemCoreClock                                                            
00000fc9  SystemCoreClockUpdate                                                      
0000123d  SystemInit                                                                 
000019df  T32_INT1_IRQHandler                                                        
000019df  T32_INT2_IRQHandler                                                        
000019df  T32_INTC_IRQHandler                                                        
00000109  TA0_0_IRQHandler                                                           
00000109  TA0_0_IRQHandler                                                           
00000113  TA0_N_IRQHandler                                                           
00000113  TA0_N_IRQHandler                                                           
0000011d  TA1_0_IRQHandler                                                           
0000011d  TA1_0_IRQHandler                                                           
00000127  TA1_N_IRQHandler                                                           
00000127  TA1_N_IRQHandler                                                           
00000131  TA2_0_IRQHandler                                                           
00000131  TA2_0_IRQHandler                                                           
0000013b  TA2_N_IRQHandler                                                           
0000013b  TA2_N_IRQHandler                                                           
00000145  TA3_0_IRQHandler                                                           
00000145  TA3_0_IRQHandler                                                           
0000014f  TA3_N_IRQHandler                                                           
0000014f  TA3_N_IRQHandler                                                           
000019df  UsageFault_Handler                                                         
4000480c  WDTCTL_SYM                                                                 
000019df  WDT_A_IRQHandler                                                           
00001491  _Z7InitI2CP12EUSCI_B_Type                                                  
000014e9  _Z7ReadI2CP12EUSCI_B_TypehPhib                                             
00001565  _Z8WriteI2CP12EUSCI_B_TypehPhib                                            
0000168d  _ZN10__cxxabiv116__enum_type_infoD0Ev                                      
0000168b  _ZN10__cxxabiv116__enum_type_infoD1Ev                                      
0000168b  _ZN10__cxxabiv116__enum_type_infoD2Ev                                      
00001683  _ZN10__cxxabiv117__array_type_infoD0Ev                                     
00001681  _ZN10__cxxabiv117__array_type_infoD1Ev                                     
00001681  _ZN10__cxxabiv117__array_type_infoD2Ev                                     
00001679  _ZN10__cxxabiv117__class_type_infoD0Ev                                     
00001677  _ZN10__cxxabiv117__class_type_infoD1Ev                                     
00001677  _ZN10__cxxabiv117__class_type_infoD2Ev                                     
0000166f  _ZN10__cxxabiv117__pbase_type_infoD0Ev                                     
0000166d  _ZN10__cxxabiv117__pbase_type_infoD1Ev                                     
0000166d  _ZN10__cxxabiv117__pbase_type_infoD2Ev                                     
00001665  _ZN10__cxxabiv119__pointer_type_infoD0Ev                                   
00001663  _ZN10__cxxabiv119__pointer_type_infoD1Ev                                   
00001663  _ZN10__cxxabiv119__pointer_type_infoD2Ev                                   
0000165b  _ZN10__cxxabiv120__function_type_infoD0Ev                                  
00001659  _ZN10__cxxabiv120__function_type_infoD1Ev                                  
00001659  _ZN10__cxxabiv120__function_type_infoD2Ev                                  
00001651  _ZN10__cxxabiv120__si_class_type_infoD0Ev                                  
0000164f  _ZN10__cxxabiv120__si_class_type_infoD1Ev                                  
0000164f  _ZN10__cxxabiv120__si_class_type_infoD2Ev                                  
00001647  _ZN10__cxxabiv121__vmi_class_type_infoD0Ev                                 
00001645  _ZN10__cxxabiv121__vmi_class_type_infoD1Ev                                 
00001645  _ZN10__cxxabiv121__vmi_class_type_infoD2Ev                                 
0000163d  _ZN10__cxxabiv123__fundamental_type_infoD0Ev                               
0000163b  _ZN10__cxxabiv123__fundamental_type_infoD1Ev                               
0000163b  _ZN10__cxxabiv123__fundamental_type_infoD2Ev                               
00001633  _ZN10__cxxabiv129__pointer_to_member_type_infoD0Ev                         
00001631  _ZN10__cxxabiv129__pointer_to_member_type_infoD1Ev                         
00001631  _ZN10__cxxabiv129__pointer_to_member_type_infoD2Ev                         
20000400  _ZN12Peripherials3TA0E                                                     
20000420  _ZN12Peripherials3TA1E                                                     
20000440  _ZN12Peripherials3TA2E                                                     
20000460  _ZN12Peripherials3TA3E                                                     
00000551  _ZN12Peripherials5Timer10DisablePWMENS_15TimerCapComUnitE                  
000005f5  _ZN12Peripherials5Timer15AttachInterruptENS_15TimerCapComUnitEPFvvE        
000005b9  _ZN12Peripherials5Timer23AttachOverflowInterruptEPFvvE                     
00000481  _ZN12Peripherials5Timer6SetPWMENS_15TimerCapComUnitEf                      
0000050d  _ZN12Peripherials5Timer6SetPWMENS_15TimerCapComUnitEt                      
000002f9  _ZN12Peripherials5Timer8StartPWMENS_15TimerCapComUnitEf                    
00000409  _ZN12Peripherials5Timer8StartPWMENS_15TimerCapComUnitEt                    
00000583  _ZN12Peripherials5Timer9EnablePWMENS_15TimerCapComUnitE                    
00000237  _ZN12Peripherials5Timer9SetPeriodEf                                        
000001eb  _ZN12Peripherials5Timer9SetPeriodEt                                        
00000665  _ZN12Peripherials5Timer9_CCR0_ISREv                                        
000006c5  _ZN12Peripherials5Timer9_CCRn_ISREv                                        
00000159  _ZN12Peripherials5TimerC1EP12Timer_A_TypeNS_16TimerClockSourceE            
00000159  _ZN12Peripherials5TimerC2EP12Timer_A_TypeNS_16TimerClockSourceE            
00001981  _ZN5ServoC1Ev                                                              
000019e1  _ZN5ServoC2Ev                                                              
0000097f  _ZN9Externals7PCA968514SetServoCountsEitt                                  
00000acb  _ZN9Externals7PCA96854Port14SetCalibrationENS_23pca9685_servo_cal_pointES2_
00000b93  _ZN9Externals7PCA96854Port6CenterEv                                        
00000bd3  _ZN9Externals7PCA96854Port6ResumeEv                                        
00000bbd  _ZN9Externals7PCA96854Port7SuspendEv                                       
00000afb  _ZN9Externals7PCA96854Port9GoToAngleEf                                     
00000a81  _ZN9Externals7PCA96854PortC1EiRS0_                                         
00000a1b  _ZN9Externals7PCA96854PortC1EiRS0_NS_23pca9685_servo_cal_pointES3_         
00000a81  _ZN9Externals7PCA96854PortC2EiRS0_                                         
00000a1b  _ZN9Externals7PCA96854PortC2EiRS0_NS_23pca9685_servo_cal_pointES3_         
00000751  _ZN9Externals7PCA9685C1EP12EUSCI_B_Typeh                                   
00000751  _ZN9Externals7PCA9685C2EP12EUSCI_B_Typeh                                   
000015f3  _ZNKSt9type_info4nameEv                                                    
00001623  _ZNKSt9type_info6beforeERKS_                                               
0000160d  _ZNKSt9type_infoeqERKS_                                                    
000015f7  _ZNKSt9type_infoneERKS_                                                    
000015eb  _ZNSt9type_infoD0Ev                                                        
000015e9  _ZNSt9type_infoD1Ev                                                        
000015e9  _ZNSt9type_infoD2Ev                                                        
20000480  _ZSt16__dummy_typeinfo                                                     
000015e1  _ZSt21__gen_dummy_typeinfosv                                               
00001bc8  _ZTI5Servo                                                                 
00001b70  _ZTIN10__cxxabiv117__class_type_infoE                                      
00001b7c  _ZTIN10__cxxabiv117__pbase_type_infoE                                      
00001b88  _ZTIN10__cxxabiv119__pointer_type_infoE                                    
00001b94  _ZTIN10__cxxabiv120__si_class_type_infoE                                   
00001ba0  _ZTIN10__cxxabiv123__fundamental_type_infoE                                
00001bac  _ZTIN9Externals7PCA96854PortE                                              
00001b10  _ZTIPKe                                                                    
00001bd0  _ZTISt9type_info                                                           
00001bd8  _ZTIe                                                                      
00001be0  _ZTS5Servo                                                                 
00001a81  _ZTSN10__cxxabiv117__class_type_infoE                                      
00001aa3  _ZTSN10__cxxabiv117__pbase_type_infoE                                      
00001a5d  _ZTSN10__cxxabiv119__pointer_type_infoE                                    
00001a38  _ZTSN10__cxxabiv120__si_class_type_infoE                                   
00001a10  _ZTSN10__cxxabiv123__fundamental_type_infoE                                
00001ac5  _ZTSN9Externals7PCA96854PortE                                              
00001be7  _ZTSPKe                                                                    
00001b60  _ZTSSt9type_info                                                           
00001b6d  _ZTSe                                                                      
00001ae0  _ZTV5Servo                                                                 
00001b20  _ZTVN10__cxxabiv117__class_type_infoE                                      
00001b30  _ZTVN10__cxxabiv119__pointer_type_infoE                                    
00001b40  _ZTVN10__cxxabiv120__si_class_type_infoE                                   
00001b50  _ZTVN10__cxxabiv123__fundamental_type_infoE                                
00001af8  _ZTVN9Externals7PCA96854PortE                                              
000019f9  _ZdlPv                                                                     
20010000  __STACK_END                                                                
00000800  __STACK_SIZE                                                               
00000400  __SYSMEM_SIZE                                                              
00001c20  __TI_CINIT_Base                                                            
00001c30  __TI_CINIT_Limit                                                           
00001c0c  __TI_Handler_Table_Base                                                    
00001c18  __TI_Handler_Table_Limit                                                   
000017b5  __TI_auto_init                                                             
20000484  __TI_cleanup_ptr                                                           
00001825  __TI_decompress_lzss                                                       
000019c5  __TI_decompress_none                                                       
20000488  __TI_dtors_ptr                                                             
2000048c  __TI_enable_exit_profile_output                                            
ffffffff  __TI_pprof_out_hndl                                                        
ffffffff  __TI_prof_data_size                                                        
ffffffff  __TI_prof_data_start                                                       
00000000  __TI_static_base__                                                         
000019ed  __TI_zero_init                                                             
00001a07  __abort_execution                                                          
00001739  __aeabi_memclr                                                             
00001739  __aeabi_memclr4                                                            
00001739  __aeabi_memclr8                                                            
0000169d  __aeabi_memcpy                                                             
0000169d  __aeabi_memcpy4                                                            
0000169d  __aeabi_memcpy8                                                            
0000173b  __aeabi_memset                                                             
0000173b  __aeabi_memset4                                                            
0000173b  __aeabi_memset8                                                            
ffffffff  __binit__                                                                  
ffffffff  __c_args__                                                                 
00001a01  __cxa_pure_virtual                                                         
000017b3  __mpu_init                                                                 
2000f800  __stack                                                                    
000006ff  __sti___9_timer_cpp_348070d1                                               
00001999  _args_main                                                                 
0000188d  _c_int00                                                                   
2000049c  _lock                                                                      
000019bf  _nop                                                                       
000019b7  _register_lock                                                             
000019b1  _register_unlock                                                           
20000000  _sys_memory                                                                
0000188b  _system_post_cinit                                                         
00001a0b  _system_pre_init                                                           
200004a0  _unlock                                                                    
000018e5  abort                                                                      
ffffffff  binit                                                                      
00000f99  calloc                                                                     
00001935  copy_in                                                                    
000018ed  exit                                                                       
00000ce3  free                                                                       
00000000  interruptVectors                                                           
000012f5  main                                                                       
200004a4  main_func_sp                                                               
00000c79  malloc                                                                     
00000ead  memalign                                                                   
0000169d  memcpy                                                                     
00001741  memset                                                                     
00000bf9  minit                                                                      
00000da5  realloc                                                                    


GLOBAL SYMBOLS: SORTED BY Symbol Address 

address   name                                                                       
-------   ----                                                                       
00000000  __TI_static_base__                                                         
00000000  interruptVectors                                                           
00000109  TA0_0_IRQHandler                                                           
00000109  TA0_0_IRQHandler                                                           
00000113  TA0_N_IRQHandler                                                           
00000113  TA0_N_IRQHandler                                                           
0000011d  TA1_0_IRQHandler                                                           
0000011d  TA1_0_IRQHandler                                                           
00000127  TA1_N_IRQHandler                                                           
00000127  TA1_N_IRQHandler                                                           
00000131  TA2_0_IRQHandler                                                           
00000131  TA2_0_IRQHandler                                                           
0000013b  TA2_N_IRQHandler                                                           
0000013b  TA2_N_IRQHandler                                                           
00000145  TA3_0_IRQHandler                                                           
00000145  TA3_0_IRQHandler                                                           
0000014f  TA3_N_IRQHandler                                                           
0000014f  TA3_N_IRQHandler                                                           
00000159  _ZN12Peripherials5TimerC1EP12Timer_A_TypeNS_16TimerClockSourceE            
00000159  _ZN12Peripherials5TimerC2EP12Timer_A_TypeNS_16TimerClockSourceE            
000001eb  _ZN12Peripherials5Timer9SetPeriodEt                                        
00000237  _ZN12Peripherials5Timer9SetPeriodEf                                        
000002f9  _ZN12Peripherials5Timer8StartPWMENS_15TimerCapComUnitEf                    
00000400  __SYSMEM_SIZE                                                              
00000409  _ZN12Peripherials5Timer8StartPWMENS_15TimerCapComUnitEt                    
00000481  _ZN12Peripherials5Timer6SetPWMENS_15TimerCapComUnitEf                      
0000050d  _ZN12Peripherials5Timer6SetPWMENS_15TimerCapComUnitEt                      
00000551  _ZN12Peripherials5Timer10DisablePWMENS_15TimerCapComUnitE                  
00000583  _ZN12Peripherials5Timer9EnablePWMENS_15TimerCapComUnitE                    
000005b9  _ZN12Peripherials5Timer23AttachOverflowInterruptEPFvvE                     
000005f5  _ZN12Peripherials5Timer15AttachInterruptENS_15TimerCapComUnitEPFvvE        
00000665  _ZN12Peripherials5Timer9_CCR0_ISREv                                        
000006c5  _ZN12Peripherials5Timer9_CCRn_ISREv                                        
000006ff  __sti___9_timer_cpp_348070d1                                               
00000751  _ZN9Externals7PCA9685C1EP12EUSCI_B_Typeh                                   
00000751  _ZN9Externals7PCA9685C2EP12EUSCI_B_Typeh                                   
00000800  __STACK_SIZE                                                               
0000097f  _ZN9Externals7PCA968514SetServoCountsEitt                                  
00000a1b  _ZN9Externals7PCA96854PortC1EiRS0_NS_23pca9685_servo_cal_pointES3_         
00000a1b  _ZN9Externals7PCA96854PortC2EiRS0_NS_23pca9685_servo_cal_pointES3_         
00000a81  _ZN9Externals7PCA96854PortC1EiRS0_                                         
00000a81  _ZN9Externals7PCA96854PortC2EiRS0_                                         
00000acb  _ZN9Externals7PCA96854Port14SetCalibrationENS_23pca9685_servo_cal_pointES2_
00000afb  _ZN9Externals7PCA96854Port9GoToAngleEf                                     
00000b93  _ZN9Externals7PCA96854Port6CenterEv                                        
00000bbd  _ZN9Externals7PCA96854Port7SuspendEv                                       
00000bd3  _ZN9Externals7PCA96854Port6ResumeEv                                        
00000bf9  minit                                                                      
00000c79  malloc                                                                     
00000ce3  free                                                                       
00000da5  realloc                                                                    
00000ead  memalign                                                                   
00000f99  calloc                                                                     
00000fc9  SystemCoreClockUpdate                                                      
0000123d  SystemInit                                                                 
000012f5  main                                                                       
00001491  _Z7InitI2CP12EUSCI_B_Type                                                  
000014e9  _Z7ReadI2CP12EUSCI_B_TypehPhib                                             
00001565  _Z8WriteI2CP12EUSCI_B_TypehPhib                                            
000015e1  _ZSt21__gen_dummy_typeinfosv                                               
000015e9  _ZNSt9type_infoD1Ev                                                        
000015e9  _ZNSt9type_infoD2Ev                                                        
000015eb  _ZNSt9type_infoD0Ev                                                        
000015f3  _ZNKSt9type_info4nameEv                                                    
000015f7  _ZNKSt9type_infoneERKS_                                                    
0000160d  _ZNKSt9type_infoeqERKS_                                                    
00001623  _ZNKSt9type_info6beforeERKS_                                               
00001631  _ZN10__cxxabiv129__pointer_to_member_type_infoD1Ev                         
00001631  _ZN10__cxxabiv129__pointer_to_member_type_infoD2Ev                         
00001633  _ZN10__cxxabiv129__pointer_to_member_type_infoD0Ev                         
0000163b  _ZN10__cxxabiv123__fundamental_type_infoD1Ev                               
0000163b  _ZN10__cxxabiv123__fundamental_type_infoD2Ev                               
0000163d  _ZN10__cxxabiv123__fundamental_type_infoD0Ev                               
00001645  _ZN10__cxxabiv121__vmi_class_type_infoD1Ev                                 
00001645  _ZN10__cxxabiv121__vmi_class_type_infoD2Ev                                 
00001647  _ZN10__cxxabiv121__vmi_class_type_infoD0Ev                                 
0000164f  _ZN10__cxxabiv120__si_class_type_infoD1Ev                                  
0000164f  _ZN10__cxxabiv120__si_class_type_infoD2Ev                                  
00001651  _ZN10__cxxabiv120__si_class_type_infoD0Ev                                  
00001659  _ZN10__cxxabiv120__function_type_infoD1Ev                                  
00001659  _ZN10__cxxabiv120__function_type_infoD2Ev                                  
0000165b  _ZN10__cxxabiv120__function_type_infoD0Ev                                  
00001663  _ZN10__cxxabiv119__pointer_type_infoD1Ev                                   
00001663  _ZN10__cxxabiv119__pointer_type_infoD2Ev                                   
00001665  _ZN10__cxxabiv119__pointer_type_infoD0Ev                                   
0000166d  _ZN10__cxxabiv117__pbase_type_infoD1Ev                                     
0000166d  _ZN10__cxxabiv117__pbase_type_infoD2Ev                                     
0000166f  _ZN10__cxxabiv117__pbase_type_infoD0Ev                                     
00001677  _ZN10__cxxabiv117__class_type_infoD1Ev                                     
00001677  _ZN10__cxxabiv117__class_type_infoD2Ev                                     
00001679  _ZN10__cxxabiv117__class_type_infoD0Ev                                     
00001681  _ZN10__cxxabiv117__array_type_infoD1Ev                                     
00001681  _ZN10__cxxabiv117__array_type_infoD2Ev                                     
00001683  _ZN10__cxxabiv117__array_type_infoD0Ev                                     
0000168b  _ZN10__cxxabiv116__enum_type_infoD1Ev                                      
0000168b  _ZN10__cxxabiv116__enum_type_infoD2Ev                                      
0000168d  _ZN10__cxxabiv116__enum_type_infoD0Ev                                      
0000169d  __aeabi_memcpy                                                             
0000169d  __aeabi_memcpy4                                                            
0000169d  __aeabi_memcpy8                                                            
0000169d  memcpy                                                                     
00001739  __aeabi_memclr                                                             
00001739  __aeabi_memclr4                                                            
00001739  __aeabi_memclr8                                                            
0000173b  __aeabi_memset                                                             
0000173b  __aeabi_memset4                                                            
0000173b  __aeabi_memset8                                                            
00001741  memset                                                                     
000017b3  __mpu_init                                                                 
000017b5  __TI_auto_init                                                             
00001825  __TI_decompress_lzss                                                       
0000188b  _system_post_cinit                                                         
0000188d  _c_int00                                                                   
000018e1  C$$EXIT                                                                    
000018e5  abort                                                                      
000018ed  exit                                                                       
00001935  copy_in                                                                    
00001981  _ZN5ServoC1Ev                                                              
00001999  _args_main                                                                 
000019b1  _register_unlock                                                           
000019b7  _register_lock                                                             
000019bf  _nop                                                                       
000019c5  __TI_decompress_none                                                       
000019d3  Reset_Handler                                                              
000019df  ADC14_IRQHandler                                                           
000019df  AES256_IRQHandler                                                          
000019df  BusFault_Handler                                                           
000019df  COMP_E0_IRQHandler                                                         
000019df  COMP_E1_IRQHandler                                                         
000019df  CS_IRQHandler                                                              
000019df  DMA_ERR_IRQHandler                                                         
000019df  DMA_INT0_IRQHandler                                                        
000019df  DMA_INT1_IRQHandler                                                        
000019df  DMA_INT2_IRQHandler                                                        
000019df  DMA_INT3_IRQHandler                                                        
000019df  DebugMon_Handler                                                           
000019df  Default_Handler                                                            
000019df  EUSCIA0_IRQHandler                                                         
000019df  EUSCIA1_IRQHandler                                                         
000019df  EUSCIA2_IRQHandler                                                         
000019df  EUSCIA3_IRQHandler                                                         
000019df  EUSCIB0_IRQHandler                                                         
000019df  EUSCIB1_IRQHandler                                                         
000019df  EUSCIB2_IRQHandler                                                         
000019df  EUSCIB3_IRQHandler                                                         
000019df  FLCTL_IRQHandler                                                           
000019df  FPU_IRQHandler                                                             
000019df  HardFault_Handler                                                          
000019df  MemManage_Handler                                                          
000019df  NMI_Handler                                                                
000019df  PCM_IRQHandler                                                             
000019df  PORT1_IRQHandler                                                           
000019df  PORT2_IRQHandler                                                           
000019df  PORT3_IRQHandler                                                           
000019df  PORT4_IRQHandler                                                           
000019df  PORT5_IRQHandler                                                           
000019df  PORT6_IRQHandler                                                           
000019df  PSS_IRQHandler                                                             
000019df  PendSV_Handler                                                             
000019df  RTC_C_IRQHandler                                                           
000019df  SVC_Handler                                                                
000019df  SysTick_Handler                                                            
000019df  T32_INT1_IRQHandler                                                        
000019df  T32_INT2_IRQHandler                                                        
000019df  T32_INTC_IRQHandler                                                        
000019df  UsageFault_Handler                                                         
000019df  WDT_A_IRQHandler                                                           
000019e1  _ZN5ServoC2Ev                                                              
000019ed  __TI_zero_init                                                             
000019f9  _ZdlPv                                                                     
00001a01  __cxa_pure_virtual                                                         
00001a07  __abort_execution                                                          
00001a0b  _system_pre_init                                                           
00001a10  _ZTSN10__cxxabiv123__fundamental_type_infoE                                
00001a38  _ZTSN10__cxxabiv120__si_class_type_infoE                                   
00001a5d  _ZTSN10__cxxabiv119__pointer_type_infoE                                    
00001a81  _ZTSN10__cxxabiv117__class_type_infoE                                      
00001aa3  _ZTSN10__cxxabiv117__pbase_type_infoE                                      
00001ac5  _ZTSN9Externals7PCA96854PortE                                              
00001ae0  _ZTV5Servo                                                                 
00001af8  _ZTVN9Externals7PCA96854PortE                                              
00001b10  _ZTIPKe                                                                    
00001b20  _ZTVN10__cxxabiv117__class_type_infoE                                      
00001b30  _ZTVN10__cxxabiv119__pointer_type_infoE                                    
00001b40  _ZTVN10__cxxabiv120__si_class_type_infoE                                   
00001b50  _ZTVN10__cxxabiv123__fundamental_type_infoE                                
00001b60  _ZTSSt9type_info                                                           
00001b6d  _ZTSe                                                                      
00001b70  _ZTIN10__cxxabiv117__class_type_infoE                                      
00001b7c  _ZTIN10__cxxabiv117__pbase_type_infoE                                      
00001b88  _ZTIN10__cxxabiv119__pointer_type_infoE                                    
00001b94  _ZTIN10__cxxabiv120__si_class_type_infoE                                   
00001ba0  _ZTIN10__cxxabiv123__fundamental_type_infoE                                
00001bac  _ZTIN9Externals7PCA96854PortE                                              
00001bc8  _ZTI5Servo                                                                 
00001bd0  _ZTISt9type_info                                                           
00001bd8  _ZTIe                                                                      
00001be0  _ZTS5Servo                                                                 
00001be7  _ZTSPKe                                                                    
00001bec  SHT$$INIT_ARRAY$$Base                                                      
00001bf0  SHT$$INIT_ARRAY$$Limit                                                     
00001c0c  __TI_Handler_Table_Base                                                    
00001c18  __TI_Handler_Table_Limit                                                   
00001c20  __TI_CINIT_Base                                                            
00001c30  __TI_CINIT_Limit                                                           
20000000  _sys_memory                                                                
20000400  _ZN12Peripherials3TA0E                                                     
20000420  _ZN12Peripherials3TA1E                                                     
20000440  _ZN12Peripherials3TA2E                                                     
20000460  _ZN12Peripherials3TA3E                                                     
20000480  _ZSt16__dummy_typeinfo                                                     
20000484  __TI_cleanup_ptr                                                           
20000488  __TI_dtors_ptr                                                             
2000048c  __TI_enable_exit_profile_output                                            
2000049c  _lock                                                                      
200004a0  _unlock                                                                    
200004a4  main_func_sp                                                               
200004a8  SystemCoreClock                                                            
2000f800  __stack                                                                    
20010000  __STACK_END                                                                
4000480c  WDTCTL_SYM                                                                 
ffffffff  __TI_pprof_out_hndl                                                        
ffffffff  __TI_prof_data_size                                                        
ffffffff  __TI_prof_data_start                                                       
ffffffff  __binit__                                                                  
ffffffff  __c_args__                                                                 
ffffffff  binit                                                                      

[227 symbols]
