<?xml version="1.0"?>
<link_info>
   <banner>TI ARM Linker PC v16.6.0.STS</banner>
   <copyright>Copyright (c) 1996-2015 Texas Instruments Incorporated</copyright>
   <link_time>0x5842fc45</link_time>
   <link_errors>0x0</link_errors>
   <output_file>ServoControl.out</output_file>
   <entry_point>
      <name>_c_int00</name>
      <address>0x126d</address>
   </entry_point>
   <input_file_list>
      <input_file id="fl-2">
         <path>.\</path>
         <kind>object</kind>
         <file>main.obj</file>
         <name>main.obj</name>
      </input_file>
      <input_file id="fl-3">
         <path>.\</path>
         <kind>object</kind>
         <file>startup_msp432p401r_ccs.obj</file>
         <name>startup_msp432p401r_ccs.obj</name>
      </input_file>
      <input_file id="fl-4">
         <path>.\</path>
         <kind>object</kind>
         <file>system_msp432p401r.obj</file>
         <name>system_msp432p401r.obj</name>
      </input_file>
      <input_file id="fl-bf">
         <path>C:\TI\ccsv6\tools\compiler\ti-cgt-arm_16.6.0.STS\lib\</path>
         <kind>archive</kind>
         <file>rtsv7M4_T_le_v4SPD16_eabi.lib</file>
         <name>boot.obj</name>
      </input_file>
      <input_file id="fl-c0">
         <path>C:\TI\ccsv6\tools\compiler\ti-cgt-arm_16.6.0.STS\lib\</path>
         <kind>archive</kind>
         <file>rtsv7M4_T_le_v4SPD16_eabi.lib</file>
         <name>copy_decompress_lzss.obj</name>
      </input_file>
      <input_file id="fl-c1">
         <path>C:\TI\ccsv6\tools\compiler\ti-cgt-arm_16.6.0.STS\lib\</path>
         <kind>archive</kind>
         <file>rtsv7M4_T_le_v4SPD16_eabi.lib</file>
         <name>copy_decompress_none.obj</name>
      </input_file>
      <input_file id="fl-c2">
         <path>C:\TI\ccsv6\tools\compiler\ti-cgt-arm_16.6.0.STS\lib\</path>
         <kind>archive</kind>
         <file>rtsv7M4_T_le_v4SPD16_eabi.lib</file>
         <name>copy_zero_init.obj</name>
      </input_file>
      <input_file id="fl-c3">
         <path>C:\TI\ccsv6\tools\compiler\ti-cgt-arm_16.6.0.STS\lib\</path>
         <kind>archive</kind>
         <file>rtsv7M4_T_le_v4SPD16_eabi.lib</file>
         <name>exit.obj</name>
      </input_file>
      <input_file id="fl-c4">
         <path>C:\TI\ccsv6\tools\compiler\ti-cgt-arm_16.6.0.STS\lib\</path>
         <kind>archive</kind>
         <file>rtsv7M4_T_le_v4SPD16_eabi.lib</file>
         <name>memcpy_t2.obj</name>
      </input_file>
      <input_file id="fl-c5">
         <path>C:\TI\ccsv6\tools\compiler\ti-cgt-arm_16.6.0.STS\lib\</path>
         <kind>archive</kind>
         <file>rtsv7M4_T_le_v4SPD16_eabi.lib</file>
         <name>memset_t2.obj</name>
      </input_file>
      <input_file id="fl-c6">
         <path>C:\TI\ccsv6\tools\compiler\ti-cgt-arm_16.6.0.STS\lib\</path>
         <kind>archive</kind>
         <file>rtsv7M4_T_le_v4SPD16_eabi.lib</file>
         <name>mpu_init.obj</name>
      </input_file>
      <input_file id="fl-c7">
         <path>C:\TI\ccsv6\tools\compiler\ti-cgt-arm_16.6.0.STS\lib\</path>
         <kind>archive</kind>
         <file>rtsv7M4_T_le_v4SPD16_eabi.lib</file>
         <name>pre_init.obj</name>
      </input_file>
      <input_file id="fl-c8">
         <path>C:\TI\ccsv6\tools\compiler\ti-cgt-arm_16.6.0.STS\lib\</path>
         <kind>archive</kind>
         <file>rtsv7M4_T_le_v4SPD16_eabi.lib</file>
         <name>stkdepth_vars.obj</name>
      </input_file>
      <input_file id="fl-c9">
         <path>C:\TI\ccsv6\tools\compiler\ti-cgt-arm_16.6.0.STS\lib\</path>
         <kind>archive</kind>
         <file>rtsv7M4_T_le_v4SPD16_eabi.lib</file>
         <name>_lock.obj</name>
      </input_file>
      <input_file id="fl-ca">
         <path>C:\TI\ccsv6\tools\compiler\ti-cgt-arm_16.6.0.STS\lib\</path>
         <kind>archive</kind>
         <file>rtsv7M4_T_le_v4SPD16_eabi.lib</file>
         <name>args_main.obj</name>
      </input_file>
      <input_file id="fl-cb">
         <path>C:\TI\ccsv6\tools\compiler\ti-cgt-arm_16.6.0.STS\lib\</path>
         <kind>archive</kind>
         <file>rtsv7M4_T_le_v4SPD16_eabi.lib</file>
         <name>autoinit.obj</name>
      </input_file>
      <input_file id="fl-cc">
         <path>C:\TI\ccsv6\tools\compiler\ti-cgt-arm_16.6.0.STS\lib\</path>
         <kind>archive</kind>
         <file>rtsv7M4_T_le_v4SPD16_eabi.lib</file>
         <name>cpy_tbl.obj</name>
      </input_file>
      <input_file id="fl-cd">
         <path>C:\TI\ccsv6\tools\compiler\ti-cgt-arm_16.6.0.STS\lib\</path>
         <kind>archive</kind>
         <file>rtsv7M4_T_le_v4SPD16_eabi.lib</file>
         <name>startup.obj</name>
      </input_file>
      <input_file id="fl-ce">
         <path>G:\Data\MAVRIC\MAVRIC_Firmware\FW2017\Shared\Debug\</path>
         <kind>archive</kind>
         <file>Shared.lib</file>
         <name>PCA9685.obj</name>
      </input_file>
      <input_file id="fl-cf">
         <path>G:\Data\MAVRIC\MAVRIC_Firmware\FW2017\Shared\Debug\</path>
         <kind>archive</kind>
         <file>Shared.lib</file>
         <name>I2C.obj</name>
      </input_file>
      <input_file id="fl-d0">
         <path>C:\TI\ccsv6\tools\compiler\ti-cgt-arm_16.6.0.STS\lib\</path>
         <kind>archive</kind>
         <file>rtsv7M4_T_le_v4SPD16_eabi.lib</file>
         <name>pure_virt.obj</name>
      </input_file>
      <input_file id="fl-d1">
         <path>C:\TI\ccsv6\tools\compiler\ti-cgt-arm_16.6.0.STS\lib\</path>
         <kind>archive</kind>
         <file>rtsv7M4_T_le_v4SPD16_eabi.lib</file>
         <name>typeinfo_.obj</name>
      </input_file>
      <input_file id="fl-d2">
         <path>C:\TI\ccsv6\tools\compiler\ti-cgt-arm_16.6.0.STS\lib\</path>
         <kind>archive</kind>
         <file>rtsv7M4_T_le_v4SPD16_eabi.lib</file>
         <name>delete.obj</name>
      </input_file>
      <input_file id="fl-d3">
         <path>C:\TI\ccsv6\tools\compiler\ti-cgt-arm_16.6.0.STS\lib\</path>
         <kind>archive</kind>
         <file>rtsv7M4_T_le_v4SPD16_eabi.lib</file>
         <name>error.obj</name>
      </input_file>
      <input_file id="fl-d4">
         <path>C:\TI\ccsv6\tools\compiler\ti-cgt-arm_16.6.0.STS\lib\</path>
         <kind>archive</kind>
         <file>rtsv7M4_T_le_v4SPD16_eabi.lib</file>
         <name>memory.obj</name>
      </input_file>
   </input_file_list>
   <object_component_list>
      <object_component id="oc-2c">
         <name>.intvecs:retain</name>
         <load_address>0x0</load_address>
         <run_address>0x0</run_address>
         <size>0xe4</size>
         <input_file_ref idref="fl-3"/>
      </object_component>
      <object_component id="oc-e4">
         <name>.text</name>
         <load_address>0xe4</load_address>
         <run_address>0xe4</run_address>
         <size>0x4a8</size>
         <input_file_ref idref="fl-ce"/>
      </object_component>
      <object_component id="oc-1e4">
         <name>.text</name>
         <load_address>0x58c</load_address>
         <run_address>0x58c</run_address>
         <size>0x3d0</size>
         <input_file_ref idref="fl-d4"/>
      </object_component>
      <object_component id="oc-be">
         <name>.text</name>
         <load_address>0x95c</load_address>
         <run_address>0x95c</run_address>
         <size>0x32c</size>
         <input_file_ref idref="fl-4"/>
      </object_component>
      <object_component id="oc-ab">
         <name>.text</name>
         <load_address>0xc88</load_address>
         <run_address>0xc88</run_address>
         <size>0x1e8</size>
         <input_file_ref idref="fl-2"/>
      </object_component>
      <object_component id="oc-11d">
         <name>.text</name>
         <load_address>0xe70</load_address>
         <run_address>0xe70</run_address>
         <size>0x150</size>
         <input_file_ref idref="fl-cf"/>
      </object_component>
      <object_component id="oc-192">
         <name>.text</name>
         <load_address>0xfc0</load_address>
         <run_address>0xfc0</run_address>
         <size>0xbc</size>
         <input_file_ref idref="fl-d1"/>
      </object_component>
      <object_component id="oc-3e">
         <name>.text</name>
         <load_address>0x107c</load_address>
         <run_address>0x107c</run_address>
         <size>0x9c</size>
         <input_file_ref idref="fl-c4"/>
      </object_component>
      <object_component id="oc-4a">
         <name>.text</name>
         <load_address>0x1118</load_address>
         <run_address>0x1118</run_address>
         <size>0x7a</size>
         <input_file_ref idref="fl-c5"/>
      </object_component>
      <object_component id="oc-56">
         <name>.text</name>
         <load_address>0x1192</load_address>
         <run_address>0x1192</run_address>
         <size>0x2</size>
         <input_file_ref idref="fl-c6"/>
      </object_component>
      <object_component id="oc-62">
         <name>.text</name>
         <load_address>0x1194</load_address>
         <run_address>0x1194</run_address>
         <size>0x70</size>
         <input_file_ref idref="fl-cb"/>
      </object_component>
      <object_component id="oc-14">
         <name>.text:decompress:lzss</name>
         <load_address>0x1204</load_address>
         <run_address>0x1204</run_address>
         <size>0x66</size>
         <input_file_ref idref="fl-c0"/>
      </object_component>
      <object_component id="oc-a3">
         <name>.text</name>
         <load_address>0x126a</load_address>
         <run_address>0x126a</run_address>
         <size>0x2</size>
         <input_file_ref idref="fl-cd"/>
      </object_component>
      <object_component id="oc-26">
         <name>.text</name>
         <load_address>0x126c</load_address>
         <run_address>0x126c</run_address>
         <size>0x54</size>
         <input_file_ref idref="fl-bf"/>
      </object_component>
      <object_component id="oc-6e">
         <name>.text</name>
         <load_address>0x12c0</load_address>
         <run_address>0x12c0</run_address>
         <size>0x54</size>
         <input_file_ref idref="fl-c3"/>
      </object_component>
      <object_component id="oc-9d">
         <name>.text</name>
         <load_address>0x1314</load_address>
         <run_address>0x1314</run_address>
         <size>0x4c</size>
         <input_file_ref idref="fl-cc"/>
      </object_component>
      <object_component id="oc-163">
         <name>.text:_ZN5ServoC1Ev</name>
         <load_address>0x1360</load_address>
         <run_address>0x1360</run_address>
         <size>0x18</size>
         <input_file_ref idref="fl-ce"/>
      </object_component>
      <object_component id="oc-68">
         <name>.text</name>
         <load_address>0x1378</load_address>
         <run_address>0x1378</run_address>
         <size>0x18</size>
         <input_file_ref idref="fl-ca"/>
      </object_component>
      <object_component id="oc-101">
         <name>.text</name>
         <load_address>0x1390</load_address>
         <run_address>0x1390</run_address>
         <size>0x14</size>
         <input_file_ref idref="fl-c9"/>
      </object_component>
      <object_component id="oc-1a">
         <name>.text:decompress:none</name>
         <load_address>0x13a4</load_address>
         <run_address>0x13a4</run_address>
         <size>0xe</size>
         <input_file_ref idref="fl-c1"/>
      </object_component>
      <object_component id="oc-78">
         <name>.text</name>
         <load_address>0x13b2</load_address>
         <run_address>0x13b2</run_address>
         <size>0xe</size>
         <input_file_ref idref="fl-3"/>
      </object_component>
      <object_component id="oc-123">
         <name>.text:_ZN5ServoC2Ev</name>
         <load_address>0x13c0</load_address>
         <run_address>0x13c0</run_address>
         <size>0xc</size>
         <input_file_ref idref="fl-ce"/>
      </object_component>
      <object_component id="oc-20">
         <name>.text:decompress:ZI</name>
         <load_address>0x13cc</load_address>
         <run_address>0x13cc</run_address>
         <size>0xc</size>
         <input_file_ref idref="fl-c2"/>
      </object_component>
      <object_component id="oc-1b6">
         <name>.text</name>
         <load_address>0x13d8</load_address>
         <run_address>0x13d8</run_address>
         <size>0x8</size>
         <input_file_ref idref="fl-d2"/>
      </object_component>
      <object_component id="oc-187">
         <name>.text</name>
         <load_address>0x13e0</load_address>
         <run_address>0x13e0</run_address>
         <size>0x6</size>
         <input_file_ref idref="fl-d0"/>
      </object_component>
      <object_component id="oc-1a5">
         <name>.text</name>
         <load_address>0x13e6</load_address>
         <run_address>0x13e6</run_address>
         <size>0x4</size>
         <input_file_ref idref="fl-d3"/>
      </object_component>
      <object_component id="oc-5c">
         <name>.text</name>
         <load_address>0x13ea</load_address>
         <run_address>0x13ea</run_address>
         <size>0x4</size>
         <input_file_ref idref="fl-c7"/>
      </object_component>
      <object_component id="oc-22b">
         <name>.const:.typeinfo:_ZTSN10__cxxabiv123__fundamental_type_infoE</name>
         <load_address>0x13f0</load_address>
         <run_address>0x13f0</run_address>
         <size>0x28</size>
         <input_file_ref idref="fl-d1"/>
      </object_component>
      <object_component id="oc-1ac">
         <name>.const:.typeinfo:_ZTSN10__cxxabiv120__si_class_type_infoE</name>
         <load_address>0x1418</load_address>
         <run_address>0x1418</run_address>
         <size>0x25</size>
         <input_file_ref idref="fl-d1"/>
      </object_component>
      <object_component id="oc-217">
         <name>.const:.typeinfo:_ZTSN10__cxxabiv119__pointer_type_infoE</name>
         <load_address>0x143d</load_address>
         <run_address>0x143d</run_address>
         <size>0x24</size>
         <input_file_ref idref="fl-d1"/>
      </object_component>
      <object_component id="oc-1da">
         <name>.const:.typeinfo:_ZTSN10__cxxabiv117__class_type_infoE</name>
         <load_address>0x1461</load_address>
         <run_address>0x1461</run_address>
         <size>0x22</size>
         <input_file_ref idref="fl-d1"/>
      </object_component>
      <object_component id="oc-226">
         <name>.const:.typeinfo:_ZTSN10__cxxabiv117__pbase_type_infoE</name>
         <load_address>0x1483</load_address>
         <run_address>0x1483</run_address>
         <size>0x22</size>
         <input_file_ref idref="fl-d1"/>
      </object_component>
      <object_component id="oc-17d">
         <name>.const:.typeinfo:_ZTSN9Externals7PCA96854PortE</name>
         <load_address>0x14a5</load_address>
         <run_address>0x14a5</run_address>
         <size>0x1a</size>
         <input_file_ref idref="fl-ce"/>
      </object_component>
      <object_component id="oc-173">
         <name>.const:_ZTV5Servo</name>
         <load_address>0x14c0</load_address>
         <run_address>0x14c0</run_address>
         <size>0x18</size>
         <input_file_ref idref="fl-ce"/>
      </object_component>
      <object_component id="oc-12a">
         <name>.const:_ZTVN9Externals7PCA96854PortE</name>
         <load_address>0x14d8</load_address>
         <run_address>0x14d8</run_address>
         <size>0x18</size>
         <input_file_ref idref="fl-ce"/>
      </object_component>
      <object_component id="oc-1bd">
         <name>.const:.typeinfo:_ZTIPKe</name>
         <load_address>0x14f0</load_address>
         <run_address>0x14f0</run_address>
         <size>0x10</size>
         <input_file_ref idref="fl-d1"/>
      </object_component>
      <object_component id="oc-19b">
         <name>.const:_ZTVN10__cxxabiv117__class_type_infoE</name>
         <load_address>0x1500</load_address>
         <run_address>0x1500</run_address>
         <size>0x10</size>
         <input_file_ref idref="fl-d1"/>
      </object_component>
      <object_component id="oc-1ec">
         <name>.const:_ZTVN10__cxxabiv119__pointer_type_infoE</name>
         <load_address>0x1510</load_address>
         <run_address>0x1510</run_address>
         <size>0x10</size>
         <input_file_ref idref="fl-d1"/>
      </object_component>
      <object_component id="oc-178">
         <name>.const:_ZTVN10__cxxabiv120__si_class_type_infoE</name>
         <load_address>0x1520</load_address>
         <run_address>0x1520</run_address>
         <size>0x10</size>
         <input_file_ref idref="fl-d1"/>
      </object_component>
      <object_component id="oc-20b">
         <name>.const:_ZTVN10__cxxabiv123__fundamental_type_infoE</name>
         <load_address>0x1530</load_address>
         <run_address>0x1530</run_address>
         <size>0x10</size>
         <input_file_ref idref="fl-d1"/>
      </object_component>
      <object_component id="oc-1fb">
         <name>.const:.typeinfo:_ZTSSt9type_info</name>
         <load_address>0x1540</load_address>
         <run_address>0x1540</run_address>
         <size>0xd</size>
         <input_file_ref idref="fl-d1"/>
      </object_component>
      <object_component id="oc-210">
         <name>.const:.typeinfo:_ZTSe</name>
         <load_address>0x154d</load_address>
         <run_address>0x154d</run_address>
         <size>0x2</size>
         <input_file_ref idref="fl-d1"/>
      </object_component>
      <object_component id="oc-1b1">
         <name>.const:.typeinfo:_ZTIN10__cxxabiv117__class_type_infoE</name>
         <load_address>0x1550</load_address>
         <run_address>0x1550</run_address>
         <size>0xc</size>
         <input_file_ref idref="fl-d1"/>
      </object_component>
      <object_component id="oc-21c">
         <name>.const:.typeinfo:_ZTIN10__cxxabiv117__pbase_type_infoE</name>
         <load_address>0x155c</load_address>
         <run_address>0x155c</run_address>
         <size>0xc</size>
         <input_file_ref idref="fl-d1"/>
      </object_component>
      <object_component id="oc-206">
         <name>.const:.typeinfo:_ZTIN10__cxxabiv119__pointer_type_infoE</name>
         <load_address>0x1568</load_address>
         <run_address>0x1568</run_address>
         <size>0xc</size>
         <input_file_ref idref="fl-d1"/>
      </object_component>
      <object_component id="oc-18d">
         <name>.const:.typeinfo:_ZTIN10__cxxabiv120__si_class_type_infoE</name>
         <load_address>0x1574</load_address>
         <run_address>0x1574</run_address>
         <size>0xc</size>
         <input_file_ref idref="fl-d1"/>
      </object_component>
      <object_component id="oc-221">
         <name>.const:.typeinfo:_ZTIN10__cxxabiv123__fundamental_type_infoE</name>
         <load_address>0x1580</load_address>
         <run_address>0x1580</run_address>
         <size>0xc</size>
         <input_file_ref idref="fl-d1"/>
      </object_component>
      <object_component id="oc-16a">
         <name>.const:.typeinfo:_ZTIN9Externals7PCA96854PortE</name>
         <load_address>0x158c</load_address>
         <run_address>0x158c</run_address>
         <size>0xc</size>
         <input_file_ref idref="fl-ce"/>
      </object_component>
      <object_component id="oc-ea">
         <name>.const:$P$T40$1</name>
         <load_address>0x1598</load_address>
         <run_address>0x1598</run_address>
         <size>0x8</size>
         <input_file_ref idref="fl-2"/>
      </object_component>
      <object_component id="oc-ed">
         <name>.const:$P$T41$2</name>
         <load_address>0x15a0</load_address>
         <run_address>0x15a0</run_address>
         <size>0x8</size>
         <input_file_ref idref="fl-2"/>
      </object_component>
      <object_component id="oc-182">
         <name>.const:.typeinfo:_ZTI5Servo</name>
         <load_address>0x15a8</load_address>
         <run_address>0x15a8</run_address>
         <size>0x8</size>
         <input_file_ref idref="fl-ce"/>
      </object_component>
      <object_component id="oc-1df">
         <name>.const:.typeinfo:_ZTISt9type_info</name>
         <load_address>0x15b0</load_address>
         <run_address>0x15b0</run_address>
         <size>0x8</size>
         <input_file_ref idref="fl-d1"/>
      </object_component>
      <object_component id="oc-1f6">
         <name>.const:.typeinfo:_ZTIe</name>
         <load_address>0x15b8</load_address>
         <run_address>0x15b8</run_address>
         <size>0x8</size>
         <input_file_ref idref="fl-d1"/>
      </object_component>
      <object_component id="oc-1a0">
         <name>.const:.typeinfo:_ZTS5Servo</name>
         <load_address>0x15c0</load_address>
         <run_address>0x15c0</run_address>
         <size>0x7</size>
         <input_file_ref idref="fl-ce"/>
      </object_component>
      <object_component id="oc-1f1">
         <name>.const:.typeinfo:_ZTSPKe</name>
         <load_address>0x15c7</load_address>
         <run_address>0x15c7</run_address>
         <size>0x4</size>
         <input_file_ref idref="fl-d1"/>
      </object_component>
      <object_component id="oc-257">
         <name>.cinit..data.load</name>
         <load_address>0x15d0</load_address>
         <run_address>0x15d0</run_address>
         <size>0x1c</size>
      </object_component>
      <object_component id="oc-255">
         <name>__TI_handler_table</name>
         <load_address>0x15ec</load_address>
         <run_address>0x15ec</run_address>
         <size>0xc</size>
      </object_component>
      <object_component id="oc-258">
         <name>.cinit..bss.load</name>
         <load_address>0x15f8</load_address>
         <run_address>0x15f8</run_address>
         <size>0x8</size>
      </object_component>
      <object_component id="oc-256">
         <name>__TI_cinit_table</name>
         <load_address>0x1600</load_address>
         <run_address>0x1600</run_address>
         <size>0x10</size>
      </object_component>
      <object_component id="oc-232">
         <name>.binit</name>
         <load_address>0x0</load_address>
         <run_address>0x0</run_address>
         <size>0x0</size>
      </object_component>
      <object_component id="oc-10d">
         <name>.data</name>
         <load_address>0x20000424</load_address>
         <run_address>0x20000424</run_address>
         <size>0x4</size>
         <input_file_ref idref="fl-4"/>
      </object_component>
      <object_component id="oc-b3">
         <name>.data:$O1$$</name>
         <load_address>0x20000400</load_address>
         <run_address>0x20000400</run_address>
         <size>0xc</size>
         <input_file_ref idref="fl-c3"/>
      </object_component>
      <object_component id="oc-74">
         <name>.data</name>
         <load_address>0x20000420</load_address>
         <run_address>0x20000420</run_address>
         <size>0x4</size>
         <input_file_ref idref="fl-c8"/>
      </object_component>
      <object_component id="oc-b6">
         <name>.data:$O1$$</name>
         <load_address>0x20000418</load_address>
         <run_address>0x20000418</run_address>
         <size>0x8</size>
         <input_file_ref idref="fl-c9"/>
      </object_component>
      <object_component id="oc-200">
         <name>.data:$O1$$</name>
         <load_address>0x2000040c</load_address>
         <run_address>0x2000040c</run_address>
         <size>0xc</size>
         <input_file_ref idref="fl-d4"/>
      </object_component>
      <object_component id="oc-1bc">
         <name>.common:_ZSt16__dummy_typeinfo</name>
         <uninitialized>true</uninitialized>
         <run_address>0x20000428</run_address>
         <size>0x4</size>
      </object_component>
      <object_component id="oc-30">
         <name>.sysmem</name>
         <uninitialized>true</uninitialized>
         <run_address>0x20000000</run_address>
         <size>0x8</size>
         <input_file_ref idref="fl-d4"/>
      </object_component>
      <object_component id="oc-25a">
         <name>.sysmem</name>
         <uninitialized>true</uninitialized>
         <run_address>0x20000000</run_address>
         <size>0x0</size>
      </object_component>
      <object_component id="oc-2f">
         <name>.stack</name>
         <uninitialized>true</uninitialized>
         <run_address>0x2000f800</run_address>
         <size>0x0</size>
         <input_file_ref idref="fl-bf"/>
      </object_component>
      <object_component id="oc-259">
         <name>.stack</name>
         <uninitialized>true</uninitialized>
         <run_address>0x2000f800</run_address>
         <size>0x0</size>
      </object_component>
      <object_component id="oc-f6">
         <name>.debug_info</name>
         <load_address>0x0</load_address>
         <run_address>0x0</run_address>
         <size>0x168d</size>
         <input_file_ref idref="fl-2"/>
      </object_component>
      <object_component id="oc-eb">
         <name>.debug_info</name>
         <load_address>0x168d</load_address>
         <run_address>0x168d</run_address>
         <size>0xd6</size>
         <input_file_ref idref="fl-2"/>
      </object_component>
      <object_component id="oc-ee">
         <name>.debug_info</name>
         <load_address>0x1763</load_address>
         <run_address>0x1763</run_address>
         <size>0xd6</size>
         <input_file_ref idref="fl-2"/>
      </object_component>
      <object_component id="oc-ad">
         <name>.debug_info</name>
         <load_address>0x1839</load_address>
         <run_address>0x1839</run_address>
         <size>0x2af</size>
         <input_file_ref idref="fl-2"/>
      </object_component>
      <object_component id="oc-147">
         <name>.debug_info</name>
         <load_address>0x1ae8</load_address>
         <run_address>0x1ae8</run_address>
         <size>0x1251</size>
         <input_file_ref idref="fl-2"/>
      </object_component>
      <object_component id="oc-14c">
         <name>.debug_info</name>
         <load_address>0x2d39</load_address>
         <run_address>0x2d39</run_address>
         <size>0x3f65</size>
         <input_file_ref idref="fl-2"/>
      </object_component>
      <object_component id="oc-151">
         <name>.debug_info</name>
         <load_address>0x6c9e</load_address>
         <run_address>0x6c9e</run_address>
         <size>0x182</size>
         <input_file_ref idref="fl-2"/>
      </object_component>
      <object_component id="oc-f1">
         <name>.debug_info</name>
         <load_address>0x6e20</load_address>
         <run_address>0x6e20</run_address>
         <size>0x3f1</size>
         <input_file_ref idref="fl-2"/>
      </object_component>
      <object_component id="oc-140">
         <name>.debug_info</name>
         <load_address>0x7211</load_address>
         <run_address>0x7211</run_address>
         <size>0xc0</size>
         <input_file_ref idref="fl-2"/>
      </object_component>
      <object_component id="oc-156">
         <name>.debug_info</name>
         <load_address>0x72d1</load_address>
         <run_address>0x72d1</run_address>
         <size>0x267</size>
         <input_file_ref idref="fl-2"/>
      </object_component>
      <object_component id="oc-39">
         <name>.debug_info</name>
         <load_address>0x7538</load_address>
         <run_address>0x7538</run_address>
         <size>0x84</size>
         <input_file_ref idref="fl-2"/>
      </object_component>
      <object_component id="oc-13b">
         <name>.debug_info</name>
         <load_address>0x75bc</load_address>
         <run_address>0x75bc</run_address>
         <size>0x18b</size>
         <input_file_ref idref="fl-2"/>
      </object_component>
      <object_component id="oc-80">
         <name>.debug_info</name>
         <load_address>0x7747</load_address>
         <run_address>0x7747</run_address>
         <size>0x120</size>
         <input_file_ref idref="fl-3"/>
      </object_component>
      <object_component id="oc-2d">
         <name>.debug_info</name>
         <load_address>0x7867</load_address>
         <run_address>0x7867</run_address>
         <size>0xf8</size>
         <input_file_ref idref="fl-3"/>
      </object_component>
      <object_component id="oc-7b">
         <name>.debug_info</name>
         <load_address>0x795f</load_address>
         <run_address>0x795f</run_address>
         <size>0x1bf</size>
         <input_file_ref idref="fl-3"/>
      </object_component>
      <object_component id="oc-111">
         <name>.debug_info</name>
         <load_address>0x7b1e</load_address>
         <run_address>0x7b1e</run_address>
         <size>0x18b</size>
         <input_file_ref idref="fl-3"/>
      </object_component>
      <object_component id="oc-10e">
         <name>.debug_info</name>
         <load_address>0x7ca9</load_address>
         <run_address>0x7ca9</run_address>
         <size>0xf1</size>
         <input_file_ref idref="fl-4"/>
      </object_component>
      <object_component id="oc-bf">
         <name>.debug_info</name>
         <load_address>0x7d9a</load_address>
         <run_address>0x7d9a</run_address>
         <size>0x263</size>
         <input_file_ref idref="fl-4"/>
      </object_component>
      <object_component id="oc-27">
         <name>.debug_info</name>
         <load_address>0x7ffd</load_address>
         <run_address>0x7ffd</run_address>
         <size>0x160</size>
         <input_file_ref idref="fl-bf"/>
      </object_component>
      <object_component id="oc-8a">
         <name>.debug_info</name>
         <load_address>0x815d</load_address>
         <run_address>0x815d</run_address>
         <size>0xf9</size>
         <input_file_ref idref="fl-c0"/>
      </object_component>
      <object_component id="oc-16">
         <name>.debug_info</name>
         <load_address>0x8256</load_address>
         <run_address>0x8256</run_address>
         <size>0x245</size>
         <input_file_ref idref="fl-c0"/>
      </object_component>
      <object_component id="oc-34">
         <name>.debug_info</name>
         <load_address>0x849b</load_address>
         <run_address>0x849b</run_address>
         <size>0x60</size>
         <input_file_ref idref="fl-c0"/>
      </object_component>
      <object_component id="oc-85">
         <name>.debug_info</name>
         <load_address>0x84fb</load_address>
         <run_address>0x84fb</run_address>
         <size>0x46</size>
         <input_file_ref idref="fl-c0"/>
      </object_component>
      <object_component id="oc-49">
         <name>.debug_info</name>
         <load_address>0x8541</load_address>
         <run_address>0x8541</run_address>
         <size>0x140</size>
         <input_file_ref idref="fl-c1"/>
      </object_component>
      <object_component id="oc-1e">
         <name>.debug_info</name>
         <load_address>0x8681</load_address>
         <run_address>0x8681</run_address>
         <size>0x1df</size>
         <input_file_ref idref="fl-c1"/>
      </object_component>
      <object_component id="oc-44">
         <name>.debug_info</name>
         <load_address>0x8860</load_address>
         <run_address>0x8860</run_address>
         <size>0x46</size>
         <input_file_ref idref="fl-c1"/>
      </object_component>
      <object_component id="oc-8c">
         <name>.debug_info</name>
         <load_address>0x88a6</load_address>
         <run_address>0x88a6</run_address>
         <size>0x2c</size>
         <input_file_ref idref="fl-c1"/>
      </object_component>
      <object_component id="oc-55">
         <name>.debug_info</name>
         <load_address>0x88d2</load_address>
         <run_address>0x88d2</run_address>
         <size>0x12f</size>
         <input_file_ref idref="fl-c2"/>
      </object_component>
      <object_component id="oc-23">
         <name>.debug_info</name>
         <load_address>0x8a01</load_address>
         <run_address>0x8a01</run_address>
         <size>0x1aa</size>
         <input_file_ref idref="fl-c2"/>
      </object_component>
      <object_component id="oc-50">
         <name>.debug_info</name>
         <load_address>0x8bab</load_address>
         <run_address>0x8bab</run_address>
         <size>0x46</size>
         <input_file_ref idref="fl-c2"/>
      </object_component>
      <object_component id="oc-94">
         <name>.debug_info</name>
         <load_address>0x8bf1</load_address>
         <run_address>0x8bf1</run_address>
         <size>0x2c</size>
         <input_file_ref idref="fl-c2"/>
      </object_component>
      <object_component id="oc-ba">
         <name>.debug_info</name>
         <load_address>0x8c1d</load_address>
         <run_address>0x8c1d</run_address>
         <size>0x234</size>
         <input_file_ref idref="fl-c3"/>
      </object_component>
      <object_component id="oc-b4">
         <name>.debug_info</name>
         <load_address>0x8e51</load_address>
         <run_address>0x8e51</run_address>
         <size>0x185</size>
         <input_file_ref idref="fl-c3"/>
      </object_component>
      <object_component id="oc-6f">
         <name>.debug_info</name>
         <load_address>0x8fd6</load_address>
         <run_address>0x8fd6</run_address>
         <size>0x214</size>
         <input_file_ref idref="fl-c3"/>
      </object_component>
      <object_component id="oc-3f">
         <name>.debug_info</name>
         <load_address>0x91ea</load_address>
         <run_address>0x91ea</run_address>
         <size>0x111</size>
         <input_file_ref idref="fl-c4"/>
      </object_component>
      <object_component id="oc-4b">
         <name>.debug_info</name>
         <load_address>0x92fb</load_address>
         <run_address>0x92fb</run_address>
         <size>0x13f</size>
         <input_file_ref idref="fl-c5"/>
      </object_component>
      <object_component id="oc-58">
         <name>.debug_info</name>
         <load_address>0x943a</load_address>
         <run_address>0x943a</run_address>
         <size>0x138</size>
         <input_file_ref idref="fl-c6"/>
      </object_component>
      <object_component id="oc-5e">
         <name>.debug_info</name>
         <load_address>0x9572</load_address>
         <run_address>0x9572</run_address>
         <size>0x148</size>
         <input_file_ref idref="fl-c7"/>
      </object_component>
      <object_component id="oc-75">
         <name>.debug_info</name>
         <load_address>0x96ba</load_address>
         <run_address>0x96ba</run_address>
         <size>0x109</size>
         <input_file_ref idref="fl-c8"/>
      </object_component>
      <object_component id="oc-109">
         <name>.debug_info</name>
         <load_address>0x97c3</load_address>
         <run_address>0x97c3</run_address>
         <size>0x124</size>
         <input_file_ref idref="fl-c9"/>
      </object_component>
      <object_component id="oc-b7">
         <name>.debug_info</name>
         <load_address>0x98e7</load_address>
         <run_address>0x98e7</run_address>
         <size>0x113</size>
         <input_file_ref idref="fl-c9"/>
      </object_component>
      <object_component id="oc-103">
         <name>.debug_info</name>
         <load_address>0x99fa</load_address>
         <run_address>0x99fa</run_address>
         <size>0x21f</size>
         <input_file_ref idref="fl-c9"/>
      </object_component>
      <object_component id="oc-b2">
         <name>.debug_info</name>
         <load_address>0x9c19</load_address>
         <run_address>0x9c19</run_address>
         <size>0x166</size>
         <input_file_ref idref="fl-ca"/>
      </object_component>
      <object_component id="oc-6a">
         <name>.debug_info</name>
         <load_address>0x9d7f</load_address>
         <run_address>0x9d7f</run_address>
         <size>0x167</size>
         <input_file_ref idref="fl-ca"/>
      </object_component>
      <object_component id="oc-fa">
         <name>.debug_info</name>
         <load_address>0x9ee6</load_address>
         <run_address>0x9ee6</run_address>
         <size>0x5e</size>
         <input_file_ref idref="fl-ca"/>
      </object_component>
      <object_component id="oc-aa">
         <name>.debug_info</name>
         <load_address>0x9f44</load_address>
         <run_address>0x9f44</run_address>
         <size>0x2e9</size>
         <input_file_ref idref="fl-cb"/>
      </object_component>
      <object_component id="oc-65">
         <name>.debug_info</name>
         <load_address>0xa22d</load_address>
         <run_address>0xa22d</run_address>
         <size>0x190</size>
         <input_file_ref idref="fl-cb"/>
      </object_component>
      <object_component id="oc-da">
         <name>.debug_info</name>
         <load_address>0xa3bd</load_address>
         <run_address>0xa3bd</run_address>
         <size>0x39</size>
         <input_file_ref idref="fl-cb"/>
      </object_component>
      <object_component id="oc-df">
         <name>.debug_info</name>
         <load_address>0xa3f6</load_address>
         <run_address>0xa3f6</run_address>
         <size>0xcd</size>
         <input_file_ref idref="fl-cb"/>
      </object_component>
      <object_component id="oc-d6">
         <name>.debug_info</name>
         <load_address>0xa4c3</load_address>
         <run_address>0xa4c3</run_address>
         <size>0x1e0</size>
         <input_file_ref idref="fl-cc"/>
      </object_component>
      <object_component id="oc-a1">
         <name>.debug_info</name>
         <load_address>0xa6a3</load_address>
         <run_address>0xa6a3</run_address>
         <size>0x183</size>
         <input_file_ref idref="fl-cc"/>
      </object_component>
      <object_component id="oc-118">
         <name>.debug_info</name>
         <load_address>0xa826</load_address>
         <run_address>0xa826</run_address>
         <size>0x2c</size>
         <input_file_ref idref="fl-cc"/>
      </object_component>
      <object_component id="oc-a5">
         <name>.debug_info</name>
         <load_address>0xa852</load_address>
         <run_address>0xa852</run_address>
         <size>0x145</size>
         <input_file_ref idref="fl-cd"/>
      </object_component>
      <object_component id="oc-130">
         <name>.debug_info</name>
         <load_address>0xa997</load_address>
         <run_address>0xa997</run_address>
         <size>0x1673</size>
         <input_file_ref idref="fl-ce"/>
      </object_component>
      <object_component id="oc-174">
         <name>.debug_info</name>
         <load_address>0xc00a</load_address>
         <run_address>0xc00a</run_address>
         <size>0xf4</size>
         <input_file_ref idref="fl-ce"/>
      </object_component>
      <object_component id="oc-12b">
         <name>.debug_info</name>
         <load_address>0xc0fe</load_address>
         <run_address>0xc0fe</run_address>
         <size>0x11a</size>
         <input_file_ref idref="fl-ce"/>
      </object_component>
      <object_component id="oc-183">
         <name>.debug_info</name>
         <load_address>0xc218</load_address>
         <run_address>0xc218</run_address>
         <size>0xe6</size>
         <input_file_ref idref="fl-ce"/>
      </object_component>
      <object_component id="oc-16b">
         <name>.debug_info</name>
         <load_address>0xc2fe</load_address>
         <run_address>0xc2fe</run_address>
         <size>0x10c</size>
         <input_file_ref idref="fl-ce"/>
      </object_component>
      <object_component id="oc-1a1">
         <name>.debug_info</name>
         <load_address>0xc40a</load_address>
         <run_address>0xc40a</run_address>
         <size>0xeb</size>
         <input_file_ref idref="fl-ce"/>
      </object_component>
      <object_component id="oc-17e">
         <name>.debug_info</name>
         <load_address>0xc4f5</load_address>
         <run_address>0xc4f5</run_address>
         <size>0x111</size>
         <input_file_ref idref="fl-ce"/>
      </object_component>
      <object_component id="oc-165">
         <name>.debug_info</name>
         <load_address>0xc606</load_address>
         <run_address>0xc606</run_address>
         <size>0x111</size>
         <input_file_ref idref="fl-ce"/>
      </object_component>
      <object_component id="oc-125">
         <name>.debug_info</name>
         <load_address>0xc717</load_address>
         <run_address>0xc717</run_address>
         <size>0x126</size>
         <input_file_ref idref="fl-ce"/>
      </object_component>
      <object_component id="oc-e7">
         <name>.debug_info</name>
         <load_address>0xc83d</load_address>
         <run_address>0xc83d</run_address>
         <size>0xd4a</size>
         <input_file_ref idref="fl-ce"/>
      </object_component>
      <object_component id="oc-132">
         <name>.debug_info</name>
         <load_address>0xd587</load_address>
         <run_address>0xd587</run_address>
         <size>0x8b</size>
         <input_file_ref idref="fl-ce"/>
      </object_component>
      <object_component id="oc-161">
         <name>.debug_info</name>
         <load_address>0xd612</load_address>
         <run_address>0xd612</run_address>
         <size>0xf9e</size>
         <input_file_ref idref="fl-cf"/>
      </object_component>
      <object_component id="oc-11e">
         <name>.debug_info</name>
         <load_address>0xe5b0</load_address>
         <run_address>0xe5b0</run_address>
         <size>0x3e5</size>
         <input_file_ref idref="fl-cf"/>
      </object_component>
      <object_component id="oc-189">
         <name>.debug_info</name>
         <load_address>0xe995</load_address>
         <run_address>0xe995</run_address>
         <size>0x164</size>
         <input_file_ref idref="fl-d0"/>
      </object_component>
      <object_component id="oc-1d5">
         <name>.debug_info</name>
         <load_address>0xeaf9</load_address>
         <run_address>0xeaf9</run_address>
         <size>0xc1</size>
         <input_file_ref idref="fl-d0"/>
      </object_component>
      <object_component id="oc-198">
         <name>.debug_info</name>
         <load_address>0xebba</load_address>
         <run_address>0xebba</run_address>
         <size>0x67d</size>
         <input_file_ref idref="fl-d1"/>
      </object_component>
      <object_component id="oc-19c">
         <name>.debug_info</name>
         <load_address>0xf237</load_address>
         <run_address>0xf237</run_address>
         <size>0x14d</size>
         <input_file_ref idref="fl-d1"/>
      </object_component>
      <object_component id="oc-20c">
         <name>.debug_info</name>
         <load_address>0xf384</load_address>
         <run_address>0xf384</run_address>
         <size>0x159</size>
         <input_file_ref idref="fl-d1"/>
      </object_component>
      <object_component id="oc-1ed">
         <name>.debug_info</name>
         <load_address>0xf4dd</load_address>
         <run_address>0xf4dd</run_address>
         <size>0x151</size>
         <input_file_ref idref="fl-d1"/>
      </object_component>
      <object_component id="oc-1f7">
         <name>.debug_info</name>
         <load_address>0xf62e</load_address>
         <run_address>0xf62e</run_address>
         <size>0x10d</size>
         <input_file_ref idref="fl-d1"/>
      </object_component>
      <object_component id="oc-211">
         <name>.debug_info</name>
         <load_address>0xf73b</load_address>
         <run_address>0xf73b</run_address>
         <size>0x112</size>
         <input_file_ref idref="fl-d1"/>
      </object_component>
      <object_component id="oc-1be">
         <name>.debug_info</name>
         <load_address>0xf84d</load_address>
         <run_address>0xf84d</run_address>
         <size>0x117</size>
         <input_file_ref idref="fl-d1"/>
      </object_component>
      <object_component id="oc-1f2">
         <name>.debug_info</name>
         <load_address>0xf964</load_address>
         <run_address>0xf964</run_address>
         <size>0x11c</size>
         <input_file_ref idref="fl-d1"/>
      </object_component>
      <object_component id="oc-179">
         <name>.debug_info</name>
         <load_address>0xfa80</load_address>
         <run_address>0xfa80</run_address>
         <size>0x153</size>
         <input_file_ref idref="fl-d1"/>
      </object_component>
      <object_component id="oc-1e0">
         <name>.debug_info</name>
         <load_address>0xfbd3</load_address>
         <run_address>0xfbd3</run_address>
         <size>0x11b</size>
         <input_file_ref idref="fl-d1"/>
      </object_component>
      <object_component id="oc-222">
         <name>.debug_info</name>
         <load_address>0xfcee</load_address>
         <run_address>0xfcee</run_address>
         <size>0x14b</size>
         <input_file_ref idref="fl-d1"/>
      </object_component>
      <object_component id="oc-1b2">
         <name>.debug_info</name>
         <load_address>0xfe39</load_address>
         <run_address>0xfe39</run_address>
         <size>0x13f</size>
         <input_file_ref idref="fl-d1"/>
      </object_component>
      <object_component id="oc-18e">
         <name>.debug_info</name>
         <load_address>0xff78</load_address>
         <run_address>0xff78</run_address>
         <size>0x145</size>
         <input_file_ref idref="fl-d1"/>
      </object_component>
      <object_component id="oc-21d">
         <name>.debug_info</name>
         <load_address>0x100bd</load_address>
         <run_address>0x100bd</run_address>
         <size>0x13f</size>
         <input_file_ref idref="fl-d1"/>
      </object_component>
      <object_component id="oc-207">
         <name>.debug_info</name>
         <load_address>0x101fc</load_address>
         <run_address>0x101fc</run_address>
         <size>0x143</size>
         <input_file_ref idref="fl-d1"/>
      </object_component>
      <object_component id="oc-1fc">
         <name>.debug_info</name>
         <load_address>0x1033f</load_address>
         <run_address>0x1033f</run_address>
         <size>0x120</size>
         <input_file_ref idref="fl-d1"/>
      </object_component>
      <object_component id="oc-22c">
         <name>.debug_info</name>
         <load_address>0x1045f</load_address>
         <run_address>0x1045f</run_address>
         <size>0x150</size>
         <input_file_ref idref="fl-d1"/>
      </object_component>
      <object_component id="oc-1db">
         <name>.debug_info</name>
         <load_address>0x105af</load_address>
         <run_address>0x105af</run_address>
         <size>0x144</size>
         <input_file_ref idref="fl-d1"/>
      </object_component>
      <object_component id="oc-1ad">
         <name>.debug_info</name>
         <load_address>0x106f3</load_address>
         <run_address>0x106f3</run_address>
         <size>0x14a</size>
         <input_file_ref idref="fl-d1"/>
      </object_component>
      <object_component id="oc-227">
         <name>.debug_info</name>
         <load_address>0x1083d</load_address>
         <run_address>0x1083d</run_address>
         <size>0x144</size>
         <input_file_ref idref="fl-d1"/>
      </object_component>
      <object_component id="oc-218">
         <name>.debug_info</name>
         <load_address>0x10981</load_address>
         <run_address>0x10981</run_address>
         <size>0x148</size>
         <input_file_ref idref="fl-d1"/>
      </object_component>
      <object_component id="oc-193">
         <name>.debug_info</name>
         <load_address>0x10ac9</load_address>
         <run_address>0x10ac9</run_address>
         <size>0x10ad</size>
         <input_file_ref idref="fl-d1"/>
      </object_component>
      <object_component id="oc-1c8">
         <name>.debug_info</name>
         <load_address>0x11b76</load_address>
         <run_address>0x11b76</run_address>
         <size>0x582</size>
         <input_file_ref idref="fl-d1"/>
      </object_component>
      <object_component id="oc-1cf">
         <name>.debug_info</name>
         <load_address>0x120f8</load_address>
         <run_address>0x120f8</run_address>
         <size>0x2c</size>
         <input_file_ref idref="fl-d1"/>
      </object_component>
      <object_component id="oc-1c3">
         <name>.debug_info</name>
         <load_address>0x12124</load_address>
         <run_address>0x12124</run_address>
         <size>0xec</size>
         <input_file_ref idref="fl-d1"/>
      </object_component>
      <object_component id="oc-1eb">
         <name>.debug_info</name>
         <load_address>0x12210</load_address>
         <run_address>0x12210</run_address>
         <size>0xfc</size>
         <input_file_ref idref="fl-d2"/>
      </object_component>
      <object_component id="oc-1b9">
         <name>.debug_info</name>
         <load_address>0x1230c</load_address>
         <run_address>0x1230c</run_address>
         <size>0x164</size>
         <input_file_ref idref="fl-d2"/>
      </object_component>
      <object_component id="oc-1a6">
         <name>.debug_info</name>
         <load_address>0x12470</load_address>
         <run_address>0x12470</run_address>
         <size>0x163</size>
         <input_file_ref idref="fl-d3"/>
      </object_component>
      <object_component id="oc-83">
         <name>.debug_info</name>
         <load_address>0x125d3</load_address>
         <run_address>0x125d3</run_address>
         <size>0x222</size>
         <input_file_ref idref="fl-d4"/>
      </object_component>
      <object_component id="oc-31">
         <name>.debug_info</name>
         <load_address>0x127f5</load_address>
         <run_address>0x127f5</run_address>
         <size>0x101</size>
         <input_file_ref idref="fl-d4"/>
      </object_component>
      <object_component id="oc-201">
         <name>.debug_info</name>
         <load_address>0x128f6</load_address>
         <run_address>0x128f6</run_address>
         <size>0x14c</size>
         <input_file_ref idref="fl-d4"/>
      </object_component>
      <object_component id="oc-1e8">
         <name>.debug_info</name>
         <load_address>0x12a42</load_address>
         <run_address>0x12a42</run_address>
         <size>0x885</size>
         <input_file_ref idref="fl-d4"/>
      </object_component>
      <object_component id="oc-c9">
         <name>.debug_info</name>
         <load_address>0x132c7</load_address>
         <run_address>0x132c7</run_address>
         <size>0x2c</size>
         <input_file_ref idref="fl-d4"/>
      </object_component>
      <object_component id="oc-ce">
         <name>.debug_info</name>
         <load_address>0x132f3</load_address>
         <run_address>0x132f3</run_address>
         <size>0x62</size>
         <input_file_ref idref="fl-d4"/>
      </object_component>
      <object_component id="oc-25b">
         <name>.debug_info</name>
         <load_address>0x13355</load_address>
         <run_address>0x13355</run_address>
         <size>0xa7</size>
      </object_component>
      <object_component id="oc-146">
         <name>.debug_line</name>
         <load_address>0x0</load_address>
         <run_address>0x0</run_address>
         <size>0x71</size>
         <input_file_ref idref="fl-2"/>
      </object_component>
      <object_component id="oc-138">
         <name>.debug_line</name>
         <load_address>0x71</load_address>
         <run_address>0x71</run_address>
         <size>0x2f</size>
         <input_file_ref idref="fl-2"/>
      </object_component>
      <object_component id="oc-13a">
         <name>.debug_line</name>
         <load_address>0xa0</load_address>
         <run_address>0xa0</run_address>
         <size>0x2f</size>
         <input_file_ref idref="fl-2"/>
      </object_component>
      <object_component id="oc-ac">
         <name>.debug_line</name>
         <load_address>0xcf</load_address>
         <run_address>0xcf</run_address>
         <size>0x9a</size>
         <input_file_ref idref="fl-2"/>
      </object_component>
      <object_component id="oc-14a">
         <name>.debug_line</name>
         <load_address>0x169</load_address>
         <run_address>0x169</run_address>
         <size>0x55</size>
         <input_file_ref idref="fl-2"/>
      </object_component>
      <object_component id="oc-14f">
         <name>.debug_line</name>
         <load_address>0x1be</load_address>
         <run_address>0x1be</run_address>
         <size>0x52</size>
         <input_file_ref idref="fl-2"/>
      </object_component>
      <object_component id="oc-154">
         <name>.debug_line</name>
         <load_address>0x210</load_address>
         <run_address>0x210</run_address>
         <size>0x69</size>
         <input_file_ref idref="fl-2"/>
      </object_component>
      <object_component id="oc-f4">
         <name>.debug_line</name>
         <load_address>0x279</load_address>
         <run_address>0x279</run_address>
         <size>0x62</size>
         <input_file_ref idref="fl-2"/>
      </object_component>
      <object_component id="oc-143">
         <name>.debug_line</name>
         <load_address>0x2db</load_address>
         <run_address>0x2db</run_address>
         <size>0x60</size>
         <input_file_ref idref="fl-2"/>
      </object_component>
      <object_component id="oc-159">
         <name>.debug_line</name>
         <load_address>0x33b</load_address>
         <run_address>0x33b</run_address>
         <size>0x60</size>
         <input_file_ref idref="fl-2"/>
      </object_component>
      <object_component id="oc-3c">
         <name>.debug_line</name>
         <load_address>0x39b</load_address>
         <run_address>0x39b</run_address>
         <size>0x20</size>
         <input_file_ref idref="fl-2"/>
      </object_component>
      <object_component id="oc-13e">
         <name>.debug_line</name>
         <load_address>0x3bb</load_address>
         <run_address>0x3bb</run_address>
         <size>0x65</size>
         <input_file_ref idref="fl-2"/>
      </object_component>
      <object_component id="oc-c6">
         <name>.debug_line</name>
         <load_address>0x420</load_address>
         <run_address>0x420</run_address>
         <size>0x40</size>
         <input_file_ref idref="fl-3"/>
      </object_component>
      <object_component id="oc-7f">
         <name>.debug_line</name>
         <load_address>0x460</load_address>
         <run_address>0x460</run_address>
         <size>0x40</size>
         <input_file_ref idref="fl-3"/>
      </object_component>
      <object_component id="oc-79">
         <name>.debug_line</name>
         <load_address>0x4a0</load_address>
         <run_address>0x4a0</run_address>
         <size>0x71</size>
         <input_file_ref idref="fl-3"/>
      </object_component>
      <object_component id="oc-114">
         <name>.debug_line</name>
         <load_address>0x511</load_address>
         <run_address>0x511</run_address>
         <size>0x65</size>
         <input_file_ref idref="fl-3"/>
      </object_component>
      <object_component id="oc-15f">
         <name>.debug_line</name>
         <load_address>0x576</load_address>
         <run_address>0x576</run_address>
         <size>0x3b</size>
         <input_file_ref idref="fl-4"/>
      </object_component>
      <object_component id="oc-c2">
         <name>.debug_line</name>
         <load_address>0x5b1</load_address>
         <run_address>0x5b1</run_address>
         <size>0x146</size>
         <input_file_ref idref="fl-4"/>
      </object_component>
      <object_component id="oc-2a">
         <name>.debug_line</name>
         <load_address>0x6f7</load_address>
         <run_address>0x6f7</run_address>
         <size>0x53</size>
         <input_file_ref idref="fl-bf"/>
      </object_component>
      <object_component id="oc-d4">
         <name>.debug_line</name>
         <load_address>0x74a</load_address>
         <run_address>0x74a</run_address>
         <size>0x20</size>
         <input_file_ref idref="fl-c0"/>
      </object_component>
      <object_component id="oc-18">
         <name>.debug_line</name>
         <load_address>0x76a</load_address>
         <run_address>0x76a</run_address>
         <size>0xad</size>
         <input_file_ref idref="fl-c0"/>
      </object_component>
      <object_component id="oc-37">
         <name>.debug_line</name>
         <load_address>0x817</load_address>
         <run_address>0x817</run_address>
         <size>0x3a</size>
         <input_file_ref idref="fl-c0"/>
      </object_component>
      <object_component id="oc-88">
         <name>.debug_line</name>
         <load_address>0x851</load_address>
         <run_address>0x851</run_address>
         <size>0x8a</size>
         <input_file_ref idref="fl-c0"/>
      </object_component>
      <object_component id="oc-92">
         <name>.debug_line</name>
         <load_address>0x8db</load_address>
         <run_address>0x8db</run_address>
         <size>0x8a</size>
         <input_file_ref idref="fl-c1"/>
      </object_component>
      <object_component id="oc-1c">
         <name>.debug_line</name>
         <load_address>0x965</load_address>
         <run_address>0x965</run_address>
         <size>0x55</size>
         <input_file_ref idref="fl-c1"/>
      </object_component>
      <object_component id="oc-47">
         <name>.debug_line</name>
         <load_address>0x9ba</load_address>
         <run_address>0x9ba</run_address>
         <size>0x3a</size>
         <input_file_ref idref="fl-c1"/>
      </object_component>
      <object_component id="oc-8f">
         <name>.debug_line</name>
         <load_address>0x9f4</load_address>
         <run_address>0x9f4</run_address>
         <size>0x8a</size>
         <input_file_ref idref="fl-c1"/>
      </object_component>
      <object_component id="oc-9a">
         <name>.debug_line</name>
         <load_address>0xa7e</load_address>
         <run_address>0xa7e</run_address>
         <size>0x8a</size>
         <input_file_ref idref="fl-c2"/>
      </object_component>
      <object_component id="oc-25">
         <name>.debug_line</name>
         <load_address>0xb08</load_address>
         <run_address>0xb08</run_address>
         <size>0x4f</size>
         <input_file_ref idref="fl-c2"/>
      </object_component>
      <object_component id="oc-53">
         <name>.debug_line</name>
         <load_address>0xb57</load_address>
         <run_address>0xb57</run_address>
         <size>0x34</size>
         <input_file_ref idref="fl-c2"/>
      </object_component>
      <object_component id="oc-97">
         <name>.debug_line</name>
         <load_address>0xb8b</load_address>
         <run_address>0xb8b</run_address>
         <size>0x8a</size>
         <input_file_ref idref="fl-c2"/>
      </object_component>
      <object_component id="oc-10c">
         <name>.debug_line</name>
         <load_address>0xc15</load_address>
         <run_address>0xc15</run_address>
         <size>0xf2</size>
         <input_file_ref idref="fl-c3"/>
      </object_component>
      <object_component id="oc-100">
         <name>.debug_line</name>
         <load_address>0xd07</load_address>
         <run_address>0xd07</run_address>
         <size>0x2a</size>
         <input_file_ref idref="fl-c3"/>
      </object_component>
      <object_component id="oc-73">
         <name>.debug_line</name>
         <load_address>0xd31</load_address>
         <run_address>0xd31</run_address>
         <size>0x86</size>
         <input_file_ref idref="fl-c3"/>
      </object_component>
      <object_component id="oc-42">
         <name>.debug_line</name>
         <load_address>0xdb7</load_address>
         <run_address>0xdb7</run_address>
         <size>0x88</size>
         <input_file_ref idref="fl-c4"/>
      </object_component>
      <object_component id="oc-4e">
         <name>.debug_line</name>
         <load_address>0xe3f</load_address>
         <run_address>0xe3f</run_address>
         <size>0x79</size>
         <input_file_ref idref="fl-c5"/>
      </object_component>
      <object_component id="oc-57">
         <name>.debug_line</name>
         <load_address>0xeb8</load_address>
         <run_address>0xeb8</run_address>
         <size>0x3d</size>
         <input_file_ref idref="fl-c6"/>
      </object_component>
      <object_component id="oc-60">
         <name>.debug_line</name>
         <load_address>0xef5</load_address>
         <run_address>0xef5</run_address>
         <size>0x40</size>
         <input_file_ref idref="fl-c7"/>
      </object_component>
      <object_component id="oc-bd">
         <name>.debug_line</name>
         <load_address>0xf35</load_address>
         <run_address>0xf35</run_address>
         <size>0x33</size>
         <input_file_ref idref="fl-c8"/>
      </object_component>
      <object_component id="oc-15d">
         <name>.debug_line</name>
         <load_address>0xf68</load_address>
         <run_address>0xf68</run_address>
         <size>0x20</size>
         <input_file_ref idref="fl-c9"/>
      </object_component>
      <object_component id="oc-108">
         <name>.debug_line</name>
         <load_address>0xf88</load_address>
         <run_address>0xf88</run_address>
         <size>0x2b</size>
         <input_file_ref idref="fl-c9"/>
      </object_component>
      <object_component id="oc-106">
         <name>.debug_line</name>
         <load_address>0xfb3</load_address>
         <run_address>0xfb3</run_address>
         <size>0x68</size>
         <input_file_ref idref="fl-c9"/>
      </object_component>
      <object_component id="oc-f9">
         <name>.debug_line</name>
         <load_address>0x101b</load_address>
         <run_address>0x101b</run_address>
         <size>0x2b</size>
         <input_file_ref idref="fl-ca"/>
      </object_component>
      <object_component id="oc-69">
         <name>.debug_line</name>
         <load_address>0x1046</load_address>
         <run_address>0x1046</run_address>
         <size>0x50</size>
         <input_file_ref idref="fl-ca"/>
      </object_component>
      <object_component id="oc-fd">
         <name>.debug_line</name>
         <load_address>0x1096</load_address>
         <run_address>0x1096</run_address>
         <size>0x2b</size>
         <input_file_ref idref="fl-ca"/>
      </object_component>
      <object_component id="oc-d9">
         <name>.debug_line</name>
         <load_address>0x10c1</load_address>
         <run_address>0x10c1</run_address>
         <size>0xa9</size>
         <input_file_ref idref="fl-cb"/>
      </object_component>
      <object_component id="oc-63">
         <name>.debug_line</name>
         <load_address>0x116a</load_address>
         <run_address>0x116a</run_address>
         <size>0x8b</size>
         <input_file_ref idref="fl-cb"/>
      </object_component>
      <object_component id="oc-dd">
         <name>.debug_line</name>
         <load_address>0x11f5</load_address>
         <run_address>0x11f5</run_address>
         <size>0x2e</size>
         <input_file_ref idref="fl-cb"/>
      </object_component>
      <object_component id="oc-e2">
         <name>.debug_line</name>
         <load_address>0x1223</load_address>
         <run_address>0x1223</run_address>
         <size>0x8b</size>
         <input_file_ref idref="fl-cb"/>
      </object_component>
      <object_component id="oc-117">
         <name>.debug_line</name>
         <load_address>0x12ae</load_address>
         <run_address>0x12ae</run_address>
         <size>0x98</size>
         <input_file_ref idref="fl-cc"/>
      </object_component>
      <object_component id="oc-a0">
         <name>.debug_line</name>
         <load_address>0x1346</load_address>
         <run_address>0x1346</run_address>
         <size>0x68</size>
         <input_file_ref idref="fl-cc"/>
      </object_component>
      <object_component id="oc-11b">
         <name>.debug_line</name>
         <load_address>0x13ae</load_address>
         <run_address>0x13ae</run_address>
         <size>0x2e</size>
         <input_file_ref idref="fl-cc"/>
      </object_component>
      <object_component id="oc-a7">
         <name>.debug_line</name>
         <load_address>0x13dc</load_address>
         <run_address>0x13dc</run_address>
         <size>0x3c</size>
         <input_file_ref idref="fl-cd"/>
      </object_component>
      <object_component id="oc-170">
         <name>.debug_line</name>
         <load_address>0x1418</load_address>
         <run_address>0x1418</run_address>
         <size>0x74</size>
         <input_file_ref idref="fl-ce"/>
      </object_component>
      <object_component id="oc-177">
         <name>.debug_line</name>
         <load_address>0x148c</load_address>
         <run_address>0x148c</run_address>
         <size>0x38</size>
         <input_file_ref idref="fl-ce"/>
      </object_component>
      <object_component id="oc-12e">
         <name>.debug_line</name>
         <load_address>0x14c4</load_address>
         <run_address>0x14c4</run_address>
         <size>0x38</size>
         <input_file_ref idref="fl-ce"/>
      </object_component>
      <object_component id="oc-186">
         <name>.debug_line</name>
         <load_address>0x14fc</load_address>
         <run_address>0x14fc</run_address>
         <size>0x38</size>
         <input_file_ref idref="fl-ce"/>
      </object_component>
      <object_component id="oc-16e">
         <name>.debug_line</name>
         <load_address>0x1534</load_address>
         <run_address>0x1534</run_address>
         <size>0x38</size>
         <input_file_ref idref="fl-ce"/>
      </object_component>
      <object_component id="oc-1a4">
         <name>.debug_line</name>
         <load_address>0x156c</load_address>
         <run_address>0x156c</run_address>
         <size>0x38</size>
         <input_file_ref idref="fl-ce"/>
      </object_component>
      <object_component id="oc-181">
         <name>.debug_line</name>
         <load_address>0x15a4</load_address>
         <run_address>0x15a4</run_address>
         <size>0x38</size>
         <input_file_ref idref="fl-ce"/>
      </object_component>
      <object_component id="oc-168">
         <name>.debug_line</name>
         <load_address>0x15dc</load_address>
         <run_address>0x15dc</run_address>
         <size>0x20</size>
         <input_file_ref idref="fl-ce"/>
      </object_component>
      <object_component id="oc-128">
         <name>.debug_line</name>
         <load_address>0x15fc</load_address>
         <run_address>0x15fc</run_address>
         <size>0x20</size>
         <input_file_ref idref="fl-ce"/>
      </object_component>
      <object_component id="oc-e9">
         <name>.debug_line</name>
         <load_address>0x161c</load_address>
         <run_address>0x161c</run_address>
         <size>0x1bc</size>
         <input_file_ref idref="fl-ce"/>
      </object_component>
      <object_component id="oc-135">
         <name>.debug_line</name>
         <load_address>0x17d8</load_address>
         <run_address>0x17d8</run_address>
         <size>0x20</size>
         <input_file_ref idref="fl-ce"/>
      </object_component>
      <object_component id="oc-172">
         <name>.debug_line</name>
         <load_address>0x17f8</load_address>
         <run_address>0x17f8</run_address>
         <size>0x20</size>
         <input_file_ref idref="fl-cf"/>
      </object_component>
      <object_component id="oc-122">
         <name>.debug_line</name>
         <load_address>0x1818</load_address>
         <run_address>0x1818</run_address>
         <size>0xcd</size>
         <input_file_ref idref="fl-cf"/>
      </object_component>
      <object_component id="oc-188">
         <name>.debug_line</name>
         <load_address>0x18e5</load_address>
         <run_address>0x18e5</run_address>
         <size>0x43</size>
         <input_file_ref idref="fl-d0"/>
      </object_component>
      <object_component id="oc-1d8">
         <name>.debug_line</name>
         <load_address>0x1928</load_address>
         <run_address>0x1928</run_address>
         <size>0x2b</size>
         <input_file_ref idref="fl-d0"/>
      </object_component>
      <object_component id="oc-1ce">
         <name>.debug_line</name>
         <load_address>0x1953</load_address>
         <run_address>0x1953</run_address>
         <size>0x98</size>
         <input_file_ref idref="fl-d1"/>
      </object_component>
      <object_component id="oc-19f">
         <name>.debug_line</name>
         <load_address>0x19eb</load_address>
         <run_address>0x19eb</run_address>
         <size>0x31</size>
         <input_file_ref idref="fl-d1"/>
      </object_component>
      <object_component id="oc-20f">
         <name>.debug_line</name>
         <load_address>0x1a1c</load_address>
         <run_address>0x1a1c</run_address>
         <size>0x31</size>
         <input_file_ref idref="fl-d1"/>
      </object_component>
      <object_component id="oc-1f0">
         <name>.debug_line</name>
         <load_address>0x1a4d</load_address>
         <run_address>0x1a4d</run_address>
         <size>0x31</size>
         <input_file_ref idref="fl-d1"/>
      </object_component>
      <object_component id="oc-1fa">
         <name>.debug_line</name>
         <load_address>0x1a7e</load_address>
         <run_address>0x1a7e</run_address>
         <size>0x31</size>
         <input_file_ref idref="fl-d1"/>
      </object_component>
      <object_component id="oc-214">
         <name>.debug_line</name>
         <load_address>0x1aaf</load_address>
         <run_address>0x1aaf</run_address>
         <size>0x31</size>
         <input_file_ref idref="fl-d1"/>
      </object_component>
      <object_component id="oc-1c1">
         <name>.debug_line</name>
         <load_address>0x1ae0</load_address>
         <run_address>0x1ae0</run_address>
         <size>0x31</size>
         <input_file_ref idref="fl-d1"/>
      </object_component>
      <object_component id="oc-1f5">
         <name>.debug_line</name>
         <load_address>0x1b11</load_address>
         <run_address>0x1b11</run_address>
         <size>0x31</size>
         <input_file_ref idref="fl-d1"/>
      </object_component>
      <object_component id="oc-17c">
         <name>.debug_line</name>
         <load_address>0x1b42</load_address>
         <run_address>0x1b42</run_address>
         <size>0x31</size>
         <input_file_ref idref="fl-d1"/>
      </object_component>
      <object_component id="oc-1e3">
         <name>.debug_line</name>
         <load_address>0x1b73</load_address>
         <run_address>0x1b73</run_address>
         <size>0x31</size>
         <input_file_ref idref="fl-d1"/>
      </object_component>
      <object_component id="oc-225">
         <name>.debug_line</name>
         <load_address>0x1ba4</load_address>
         <run_address>0x1ba4</run_address>
         <size>0x31</size>
         <input_file_ref idref="fl-d1"/>
      </object_component>
      <object_component id="oc-1b5">
         <name>.debug_line</name>
         <load_address>0x1bd5</load_address>
         <run_address>0x1bd5</run_address>
         <size>0x31</size>
         <input_file_ref idref="fl-d1"/>
      </object_component>
      <object_component id="oc-191">
         <name>.debug_line</name>
         <load_address>0x1c06</load_address>
         <run_address>0x1c06</run_address>
         <size>0x31</size>
         <input_file_ref idref="fl-d1"/>
      </object_component>
      <object_component id="oc-220">
         <name>.debug_line</name>
         <load_address>0x1c37</load_address>
         <run_address>0x1c37</run_address>
         <size>0x31</size>
         <input_file_ref idref="fl-d1"/>
      </object_component>
      <object_component id="oc-20a">
         <name>.debug_line</name>
         <load_address>0x1c68</load_address>
         <run_address>0x1c68</run_address>
         <size>0x31</size>
         <input_file_ref idref="fl-d1"/>
      </object_component>
      <object_component id="oc-1ff">
         <name>.debug_line</name>
         <load_address>0x1c99</load_address>
         <run_address>0x1c99</run_address>
         <size>0x31</size>
         <input_file_ref idref="fl-d1"/>
      </object_component>
      <object_component id="oc-22f">
         <name>.debug_line</name>
         <load_address>0x1cca</load_address>
         <run_address>0x1cca</run_address>
         <size>0x31</size>
         <input_file_ref idref="fl-d1"/>
      </object_component>
      <object_component id="oc-1de">
         <name>.debug_line</name>
         <load_address>0x1cfb</load_address>
         <run_address>0x1cfb</run_address>
         <size>0x31</size>
         <input_file_ref idref="fl-d1"/>
      </object_component>
      <object_component id="oc-1b0">
         <name>.debug_line</name>
         <load_address>0x1d2c</load_address>
         <run_address>0x1d2c</run_address>
         <size>0x31</size>
         <input_file_ref idref="fl-d1"/>
      </object_component>
      <object_component id="oc-22a">
         <name>.debug_line</name>
         <load_address>0x1d5d</load_address>
         <run_address>0x1d5d</run_address>
         <size>0x31</size>
         <input_file_ref idref="fl-d1"/>
      </object_component>
      <object_component id="oc-21b">
         <name>.debug_line</name>
         <load_address>0x1d8e</load_address>
         <run_address>0x1d8e</run_address>
         <size>0x31</size>
         <input_file_ref idref="fl-d1"/>
      </object_component>
      <object_component id="oc-196">
         <name>.debug_line</name>
         <load_address>0x1dbf</load_address>
         <run_address>0x1dbf</run_address>
         <size>0x18b</size>
         <input_file_ref idref="fl-d1"/>
      </object_component>
      <object_component id="oc-1cb">
         <name>.debug_line</name>
         <load_address>0x1f4a</load_address>
         <run_address>0x1f4a</run_address>
         <size>0x99</size>
         <input_file_ref idref="fl-d1"/>
      </object_component>
      <object_component id="oc-1d2">
         <name>.debug_line</name>
         <load_address>0x1fe3</load_address>
         <run_address>0x1fe3</run_address>
         <size>0x8d</size>
         <input_file_ref idref="fl-d1"/>
      </object_component>
      <object_component id="oc-1c6">
         <name>.debug_line</name>
         <load_address>0x2070</load_address>
         <run_address>0x2070</run_address>
         <size>0x8c</size>
         <input_file_ref idref="fl-d1"/>
      </object_component>
      <object_component id="oc-205">
         <name>.debug_line</name>
         <load_address>0x20fc</load_address>
         <run_address>0x20fc</run_address>
         <size>0x8a</size>
         <input_file_ref idref="fl-d2"/>
      </object_component>
      <object_component id="oc-1b8">
         <name>.debug_line</name>
         <load_address>0x2186</load_address>
         <run_address>0x2186</run_address>
         <size>0x43</size>
         <input_file_ref idref="fl-d2"/>
      </object_component>
      <object_component id="oc-1aa">
         <name>.debug_line</name>
         <load_address>0x21c9</load_address>
         <run_address>0x21c9</run_address>
         <size>0x3f</size>
         <input_file_ref idref="fl-d3"/>
      </object_component>
      <object_component id="oc-c8">
         <name>.debug_line</name>
         <load_address>0x2208</load_address>
         <run_address>0x2208</run_address>
         <size>0xff</size>
         <input_file_ref idref="fl-d4"/>
      </object_component>
      <object_component id="oc-82">
         <name>.debug_line</name>
         <load_address>0x2307</load_address>
         <run_address>0x2307</run_address>
         <size>0x2c</size>
         <input_file_ref idref="fl-d4"/>
      </object_component>
      <object_component id="oc-216">
         <name>.debug_line</name>
         <load_address>0x2333</load_address>
         <run_address>0x2333</run_address>
         <size>0x2c</size>
         <input_file_ref idref="fl-d4"/>
      </object_component>
      <object_component id="oc-1e5">
         <name>.debug_line</name>
         <load_address>0x235f</load_address>
         <run_address>0x235f</run_address>
         <size>0x306</size>
         <input_file_ref idref="fl-d4"/>
      </object_component>
      <object_component id="oc-cc">
         <name>.debug_line</name>
         <load_address>0x2665</load_address>
         <run_address>0x2665</run_address>
         <size>0x8a</size>
         <input_file_ref idref="fl-d4"/>
      </object_component>
      <object_component id="oc-d1">
         <name>.debug_line</name>
         <load_address>0x26ef</load_address>
         <run_address>0x26ef</run_address>
         <size>0x2c</size>
         <input_file_ref idref="fl-d4"/>
      </object_component>
      <object_component id="oc-b0">
         <name>.debug_frame</name>
         <load_address>0x0</load_address>
         <run_address>0x0</run_address>
         <size>0x61</size>
         <input_file_ref idref="fl-2"/>
      </object_component>
      <object_component id="oc-7a">
         <name>.debug_frame</name>
         <load_address>0x61</load_address>
         <run_address>0x61</run_address>
         <size>0x69</size>
         <input_file_ref idref="fl-3"/>
      </object_component>
      <object_component id="oc-c3">
         <name>.debug_frame</name>
         <load_address>0xca</load_address>
         <run_address>0xca</run_address>
         <size>0x6a</size>
         <input_file_ref idref="fl-4"/>
      </object_component>
      <object_component id="oc-19">
         <name>.debug_frame</name>
         <load_address>0x134</load_address>
         <run_address>0x134</run_address>
         <size>0x60</size>
         <input_file_ref idref="fl-c0"/>
      </object_component>
      <object_component id="oc-1d">
         <name>.debug_frame</name>
         <load_address>0x194</load_address>
         <run_address>0x194</run_address>
         <size>0x51</size>
         <input_file_ref idref="fl-c1"/>
      </object_component>
      <object_component id="oc-21">
         <name>.debug_frame</name>
         <load_address>0x1e5</load_address>
         <run_address>0x1e5</run_address>
         <size>0x51</size>
         <input_file_ref idref="fl-c2"/>
      </object_component>
      <object_component id="oc-72">
         <name>.debug_frame</name>
         <load_address>0x236</load_address>
         <run_address>0x236</run_address>
         <size>0x85</size>
         <input_file_ref idref="fl-c3"/>
      </object_component>
      <object_component id="oc-5b">
         <name>.debug_frame</name>
         <load_address>0x2bb</load_address>
         <run_address>0x2bb</run_address>
         <size>0x51</size>
         <input_file_ref idref="fl-c6"/>
      </object_component>
      <object_component id="oc-61">
         <name>.debug_frame</name>
         <load_address>0x30c</load_address>
         <run_address>0x30c</run_address>
         <size>0x51</size>
         <input_file_ref idref="fl-c7"/>
      </object_component>
      <object_component id="oc-105">
         <name>.debug_frame</name>
         <load_address>0x35d</load_address>
         <run_address>0x35d</run_address>
         <size>0x73</size>
         <input_file_ref idref="fl-c9"/>
      </object_component>
      <object_component id="oc-6d">
         <name>.debug_frame</name>
         <load_address>0x3d0</load_address>
         <run_address>0x3d0</run_address>
         <size>0x51</size>
         <input_file_ref idref="fl-ca"/>
      </object_component>
      <object_component id="oc-64">
         <name>.debug_frame</name>
         <load_address>0x421</load_address>
         <run_address>0x421</run_address>
         <size>0x5c</size>
         <input_file_ref idref="fl-cb"/>
      </object_component>
      <object_component id="oc-9e">
         <name>.debug_frame</name>
         <load_address>0x47d</load_address>
         <run_address>0x47d</run_address>
         <size>0x60</size>
         <input_file_ref idref="fl-cc"/>
      </object_component>
      <object_component id="oc-a8">
         <name>.debug_frame</name>
         <load_address>0x4dd</load_address>
         <run_address>0x4dd</run_address>
         <size>0x51</size>
         <input_file_ref idref="fl-cd"/>
      </object_component>
      <object_component id="oc-164">
         <name>.debug_frame</name>
         <load_address>0x52e</load_address>
         <run_address>0x52e</run_address>
         <size>0x57</size>
         <input_file_ref idref="fl-ce"/>
      </object_component>
      <object_component id="oc-124">
         <name>.debug_frame</name>
[...]
         <value>0x48f</value>
         <object_component_ref idref="oc-e4"/>
      </symbol>
      <symbol id="sm-29b">
         <name>_ZN5ServoC1Ev</name>
         <value>0x1361</value>
         <object_component_ref idref="oc-163"/>
      </symbol>
      <symbol id="sm-29c">
         <name>_ZTIN9Externals7PCA96854PortE</name>
         <value>0x158c</value>
         <object_component_ref idref="oc-16a"/>
      </symbol>
      <symbol id="sm-29d">
         <name>_ZN9Externals7PCA9685C1EP12EUSCI_B_Typeh</name>
         <value>0xe5</value>
         <object_component_ref idref="oc-e4"/>
      </symbol>
      <symbol id="sm-29e">
         <name>_ZN9Externals7PCA96854PortC2EiRS0_</name>
         <value>0x415</value>
         <object_component_ref idref="oc-e4"/>
      </symbol>
      <symbol id="sm-29f">
         <name>_ZN9Externals7PCA9685C2EP12EUSCI_B_Typeh</name>
         <value>0xe5</value>
         <object_component_ref idref="oc-e4"/>
      </symbol>
      <symbol id="sm-2a0">
         <name>_ZTVN9Externals7PCA96854PortE</name>
         <value>0x14d8</value>
         <object_component_ref idref="oc-12a"/>
      </symbol>
      <symbol id="sm-2a1">
         <name>_ZTI5Servo</name>
         <value>0x15a8</value>
         <object_component_ref idref="oc-182"/>
      </symbol>
      <symbol id="sm-2bc">
         <name>_Z7ReadI2CP12EUSCI_B_TypehPhib</name>
         <value>0xec9</value>
         <object_component_ref idref="oc-11d"/>
      </symbol>
      <symbol id="sm-2bd">
         <name>_Z8WriteI2CP12EUSCI_B_TypehPhib</name>
         <value>0xf45</value>
         <object_component_ref idref="oc-11d"/>
      </symbol>
      <symbol id="sm-2be">
         <name>_Z7InitI2CP12EUSCI_B_Type</name>
         <value>0xe71</value>
         <object_component_ref idref="oc-11d"/>
      </symbol>
      <symbol id="sm-2cd">
         <name>__cxa_pure_virtual</name>
         <value>0x13e1</value>
         <object_component_ref idref="oc-187"/>
      </symbol>
      <symbol id="sm-38d">
         <name>_ZSt16__dummy_typeinfo</name>
         <value>0x20000428</value>
      </symbol>
      <symbol id="sm-38e">
         <name>_ZN10__cxxabiv120__function_type_infoD1Ev</name>
         <value>0x1039</value>
         <object_component_ref idref="oc-192"/>
      </symbol>
      <symbol id="sm-38f">
         <name>_ZTIN10__cxxabiv119__pointer_type_infoE</name>
         <value>0x1568</value>
         <object_component_ref idref="oc-206"/>
      </symbol>
      <symbol id="sm-390">
         <name>_ZTSSt9type_info</name>
         <value>0x1540</value>
         <object_component_ref idref="oc-1fb"/>
      </symbol>
      <symbol id="sm-391">
         <name>_ZN10__cxxabiv123__fundamental_type_infoD2Ev</name>
         <value>0x101b</value>
         <object_component_ref idref="oc-192"/>
      </symbol>
      <symbol id="sm-392">
         <name>_ZN10__cxxabiv117__class_type_infoD1Ev</name>
         <value>0x1057</value>
         <object_component_ref idref="oc-192"/>
      </symbol>
      <symbol id="sm-393">
         <name>_ZN10__cxxabiv129__pointer_to_member_type_infoD2Ev</name>
         <value>0x1011</value>
         <object_component_ref idref="oc-192"/>
      </symbol>
      <symbol id="sm-394">
         <name>_ZN10__cxxabiv116__enum_type_infoD1Ev</name>
         <value>0x106b</value>
         <object_component_ref idref="oc-192"/>
      </symbol>
      <symbol id="sm-395">
         <name>_ZN10__cxxabiv121__vmi_class_type_infoD1Ev</name>
         <value>0x1025</value>
         <object_component_ref idref="oc-192"/>
      </symbol>
      <symbol id="sm-396">
         <name>_ZTSN10__cxxabiv123__fundamental_type_infoE</name>
         <value>0x13f0</value>
         <object_component_ref idref="oc-22b"/>
      </symbol>
      <symbol id="sm-397">
         <name>_ZN10__cxxabiv117__pbase_type_infoD1Ev</name>
         <value>0x104d</value>
         <object_component_ref idref="oc-192"/>
      </symbol>
      <symbol id="sm-398">
         <name>_ZTVN10__cxxabiv123__fundamental_type_infoE</name>
         <value>0x1530</value>
         <object_component_ref idref="oc-20b"/>
      </symbol>
      <symbol id="sm-399">
         <name>_ZTSN10__cxxabiv120__si_class_type_infoE</name>
         <value>0x1418</value>
         <object_component_ref idref="oc-1ac"/>
      </symbol>
      <symbol id="sm-39a">
         <name>_ZN10__cxxabiv117__array_type_infoD1Ev</name>
         <value>0x1061</value>
         <object_component_ref idref="oc-192"/>
      </symbol>
      <symbol id="sm-39b">
         <name>_ZTVN10__cxxabiv119__pointer_type_infoE</name>
         <value>0x1510</value>
         <object_component_ref idref="oc-1ec"/>
      </symbol>
      <symbol id="sm-39c">
         <name>_ZTSPKe</name>
         <value>0x15c7</value>
         <object_component_ref idref="oc-1f1"/>
      </symbol>
      <symbol id="sm-39d">
         <name>_ZNKSt9type_infoneERKS_</name>
         <value>0xfd7</value>
         <object_component_ref idref="oc-192"/>
      </symbol>
      <symbol id="sm-39e">
         <name>_ZN10__cxxabiv119__pointer_type_infoD1Ev</name>
         <value>0x1043</value>
         <object_component_ref idref="oc-192"/>
      </symbol>
      <symbol id="sm-39f">
         <name>_ZNSt9type_infoD2Ev</name>
         <value>0xfc9</value>
         <object_component_ref idref="oc-192"/>
      </symbol>
      <symbol id="sm-3a0">
         <name>_ZNKSt9type_info6beforeERKS_</name>
         <value>0x1003</value>
         <object_component_ref idref="oc-192"/>
      </symbol>
      <symbol id="sm-3a1">
         <name>_ZN10__cxxabiv123__fundamental_type_infoD1Ev</name>
         <value>0x101b</value>
         <object_component_ref idref="oc-192"/>
      </symbol>
      <symbol id="sm-3a2">
         <name>_ZTSN10__cxxabiv119__pointer_type_infoE</name>
         <value>0x143d</value>
         <object_component_ref idref="oc-217"/>
      </symbol>
      <symbol id="sm-3a3">
         <name>_ZN10__cxxabiv121__vmi_class_type_infoD2Ev</name>
         <value>0x1025</value>
         <object_component_ref idref="oc-192"/>
      </symbol>
      <symbol id="sm-3a4">
         <name>_ZTSN10__cxxabiv117__class_type_infoE</name>
         <value>0x1461</value>
         <object_component_ref idref="oc-1da"/>
      </symbol>
      <symbol id="sm-3a5">
         <name>_ZN10__cxxabiv120__function_type_infoD2Ev</name>
         <value>0x1039</value>
         <object_component_ref idref="oc-192"/>
      </symbol>
      <symbol id="sm-3a6">
         <name>_ZN10__cxxabiv117__class_type_infoD2Ev</name>
         <value>0x1057</value>
         <object_component_ref idref="oc-192"/>
      </symbol>
      <symbol id="sm-3a7">
         <name>_ZN10__cxxabiv116__enum_type_infoD2Ev</name>
         <value>0x106b</value>
         <object_component_ref idref="oc-192"/>
      </symbol>
      <symbol id="sm-3a8">
         <name>_ZN10__cxxabiv119__pointer_type_infoD2Ev</name>
         <value>0x1043</value>
         <object_component_ref idref="oc-192"/>
      </symbol>
      <symbol id="sm-3a9">
         <name>_ZN10__cxxabiv120__si_class_type_infoD2Ev</name>
         <value>0x102f</value>
         <object_component_ref idref="oc-192"/>
      </symbol>
      <symbol id="sm-3aa">
         <name>_ZN10__cxxabiv117__pbase_type_infoD2Ev</name>
         <value>0x104d</value>
         <object_component_ref idref="oc-192"/>
      </symbol>
      <symbol id="sm-3ab">
         <name>_ZTVN10__cxxabiv117__class_type_infoE</name>
         <value>0x1500</value>
         <object_component_ref idref="oc-19b"/>
      </symbol>
      <symbol id="sm-3ac">
         <name>_ZN10__cxxabiv117__array_type_infoD2Ev</name>
         <value>0x1061</value>
         <object_component_ref idref="oc-192"/>
      </symbol>
      <symbol id="sm-3ad">
         <name>_ZNSt9type_infoD1Ev</name>
         <value>0xfc9</value>
         <object_component_ref idref="oc-192"/>
      </symbol>
      <symbol id="sm-3ae">
         <name>_ZTIN10__cxxabiv123__fundamental_type_infoE</name>
         <value>0x1580</value>
         <object_component_ref idref="oc-221"/>
      </symbol>
      <symbol id="sm-3af">
         <name>_ZTISt9type_info</name>
         <value>0x15b0</value>
         <object_component_ref idref="oc-1df"/>
      </symbol>
      <symbol id="sm-3b0">
         <name>_ZN10__cxxabiv123__fundamental_type_infoD0Ev</name>
         <value>0x101d</value>
         <object_component_ref idref="oc-192"/>
      </symbol>
      <symbol id="sm-3b1">
         <name>_ZTIN10__cxxabiv117__pbase_type_infoE</name>
         <value>0x155c</value>
         <object_component_ref idref="oc-21c"/>
      </symbol>
      <symbol id="sm-3b2">
         <name>_ZTSe</name>
         <value>0x154d</value>
         <object_component_ref idref="oc-210"/>
      </symbol>
      <symbol id="sm-3b3">
         <name>_ZNKSt9type_info4nameEv</name>
         <value>0xfd3</value>
         <object_component_ref idref="oc-192"/>
      </symbol>
      <symbol id="sm-3b4">
         <name>_ZTIN10__cxxabiv117__class_type_infoE</name>
         <value>0x1550</value>
         <object_component_ref idref="oc-1b1"/>
      </symbol>
      <symbol id="sm-3b5">
         <name>_ZN10__cxxabiv129__pointer_to_member_type_infoD0Ev</name>
         <value>0x1013</value>
         <object_component_ref idref="oc-192"/>
      </symbol>
      <symbol id="sm-3b6">
         <name>_ZN10__cxxabiv120__si_class_type_infoD1Ev</name>
         <value>0x102f</value>
         <object_component_ref idref="oc-192"/>
      </symbol>
      <symbol id="sm-3b7">
         <name>_ZTIN10__cxxabiv120__si_class_type_infoE</name>
         <value>0x1574</value>
         <object_component_ref idref="oc-18d"/>
      </symbol>
      <symbol id="sm-3b8">
         <name>_ZNSt9type_infoD0Ev</name>
         <value>0xfcb</value>
         <object_component_ref idref="oc-192"/>
      </symbol>
      <symbol id="sm-3b9">
         <name>_ZN10__cxxabiv120__function_type_infoD0Ev</name>
         <value>0x103b</value>
         <object_component_ref idref="oc-192"/>
      </symbol>
      <symbol id="sm-3ba">
         <name>_ZN10__cxxabiv117__class_type_infoD0Ev</name>
         <value>0x1059</value>
         <object_component_ref idref="oc-192"/>
      </symbol>
      <symbol id="sm-3bb">
         <name>_ZTSN10__cxxabiv117__pbase_type_infoE</name>
         <value>0x1483</value>
         <object_component_ref idref="oc-226"/>
      </symbol>
      <symbol id="sm-3bc">
         <name>_ZN10__cxxabiv116__enum_type_infoD0Ev</name>
         <value>0x106d</value>
         <object_component_ref idref="oc-192"/>
      </symbol>
      <symbol id="sm-3bd">
         <name>_ZTIe</name>
         <value>0x15b8</value>
         <object_component_ref idref="oc-1f6"/>
      </symbol>
      <symbol id="sm-3be">
         <name>_ZN10__cxxabiv121__vmi_class_type_infoD0Ev</name>
         <value>0x1027</value>
         <object_component_ref idref="oc-192"/>
      </symbol>
      <symbol id="sm-3bf">
         <name>_ZTVN10__cxxabiv120__si_class_type_infoE</name>
         <value>0x1520</value>
         <object_component_ref idref="oc-178"/>
      </symbol>
      <symbol id="sm-3c0">
         <name>_ZN10__cxxabiv117__pbase_type_infoD0Ev</name>
         <value>0x104f</value>
         <object_component_ref idref="oc-192"/>
      </symbol>
      <symbol id="sm-3c1">
         <name>_ZN10__cxxabiv117__array_type_infoD0Ev</name>
         <value>0x1063</value>
         <object_component_ref idref="oc-192"/>
      </symbol>
      <symbol id="sm-3c2">
         <name>_ZSt21__gen_dummy_typeinfosv</name>
         <value>0xfc1</value>
         <object_component_ref idref="oc-192"/>
      </symbol>
      <symbol id="sm-3c3">
         <name>_ZN10__cxxabiv129__pointer_to_member_type_infoD1Ev</name>
         <value>0x1011</value>
         <object_component_ref idref="oc-192"/>
      </symbol>
      <symbol id="sm-3c4">
         <name>_ZN10__cxxabiv119__pointer_type_infoD0Ev</name>
         <value>0x1045</value>
         <object_component_ref idref="oc-192"/>
      </symbol>
      <symbol id="sm-3c5">
         <name>_ZN10__cxxabiv120__si_class_type_infoD0Ev</name>
         <value>0x1031</value>
         <object_component_ref idref="oc-192"/>
      </symbol>
      <symbol id="sm-3c6">
         <name>_ZTIPKe</name>
         <value>0x14f0</value>
         <object_component_ref idref="oc-1bd"/>
      </symbol>
      <symbol id="sm-3c7">
         <name>_ZNKSt9type_infoeqERKS_</name>
         <value>0xfed</value>
         <object_component_ref idref="oc-192"/>
      </symbol>
      <symbol id="sm-3d5">
         <name>_ZdlPv</name>
         <value>0x13d9</value>
         <object_component_ref idref="oc-1b6"/>
      </symbol>
      <symbol id="sm-3df">
         <name>__abort_execution</name>
         <value>0x13e7</value>
         <object_component_ref idref="oc-1a5"/>
      </symbol>
      <symbol id="sm-453">
         <name>_sys_memory</name>
         <value>0x20000000</value>
         <object_component_ref idref="oc-30"/>
      </symbol>
      <symbol id="sm-454">
         <name>free</name>
         <value>0x677</value>
         <object_component_ref idref="oc-1e4"/>
      </symbol>
      <symbol id="sm-455">
         <name>realloc</name>
         <value>0x739</value>
         <object_component_ref idref="oc-1e4"/>
      </symbol>
      <symbol id="sm-456">
         <name>memalign</name>
         <value>0x841</value>
         <object_component_ref idref="oc-1e4"/>
      </symbol>
      <symbol id="sm-457">
         <name>calloc</name>
         <value>0x92d</value>
         <object_component_ref idref="oc-1e4"/>
      </symbol>
      <symbol id="sm-458">
         <name>malloc</name>
         <value>0x60d</value>
         <object_component_ref idref="oc-1e4"/>
      </symbol>
      <symbol id="sm-459">
         <name>minit</name>
         <value>0x58d</value>
         <object_component_ref idref="oc-1e4"/>
      </symbol>
      <symbol id="sm-45a">
         <name>__TI_static_base__</name>
         <value>0x0</value>
      </symbol>
      <symbol id="sm-45d">
         <name>SHT$$INIT_ARRAY$$Limit</name>
         <value>0x0</value>
      </symbol>
      <symbol id="sm-45e">
         <name>SHT$$INIT_ARRAY$$Base</name>
         <value>0x0</value>
      </symbol>
      <symbol id="sm-45f">
         <name>NMI_Handler</name>
         <value>0x13bf</value>
      </symbol>
      <symbol id="sm-460">
         <name>HardFault_Handler</name>
         <value>0x13bf</value>
      </symbol>
      <symbol id="sm-461">
         <name>MemManage_Handler</name>
         <value>0x13bf</value>
      </symbol>
      <symbol id="sm-462">
         <name>BusFault_Handler</name>
         <value>0x13bf</value>
      </symbol>
      <symbol id="sm-463">
         <name>UsageFault_Handler</name>
         <value>0x13bf</value>
      </symbol>
      <symbol id="sm-464">
         <name>SVC_Handler</name>
         <value>0x13bf</value>
      </symbol>
      <symbol id="sm-465">
         <name>DebugMon_Handler</name>
         <value>0x13bf</value>
      </symbol>
      <symbol id="sm-466">
         <name>PendSV_Handler</name>
         <value>0x13bf</value>
      </symbol>
      <symbol id="sm-467">
         <name>SysTick_Handler</name>
         <value>0x13bf</value>
      </symbol>
      <symbol id="sm-468">
         <name>PSS_IRQHandler</name>
         <value>0x13bf</value>
      </symbol>
      <symbol id="sm-469">
         <name>CS_IRQHandler</name>
         <value>0x13bf</value>
      </symbol>
      <symbol id="sm-46a">
         <name>PCM_IRQHandler</name>
         <value>0x13bf</value>
      </symbol>
      <symbol id="sm-46b">
         <name>WDT_A_IRQHandler</name>
         <value>0x13bf</value>
      </symbol>
      <symbol id="sm-46c">
         <name>FPU_IRQHandler</name>
         <value>0x13bf</value>
      </symbol>
      <symbol id="sm-46d">
         <name>FLCTL_IRQHandler</name>
         <value>0x13bf</value>
      </symbol>
      <symbol id="sm-46e">
         <name>COMP_E0_IRQHandler</name>
         <value>0x13bf</value>
      </symbol>
      <symbol id="sm-46f">
         <name>COMP_E1_IRQHandler</name>
         <value>0x13bf</value>
      </symbol>
      <symbol id="sm-470">
         <name>TA0_0_IRQHandler</name>
         <value>0x13bf</value>
      </symbol>
      <symbol id="sm-471">
         <name>TA0_N_IRQHandler</name>
         <value>0x13bf</value>
      </symbol>
      <symbol id="sm-472">
         <name>TA1_0_IRQHandler</name>
         <value>0x13bf</value>
      </symbol>
      <symbol id="sm-473">
         <name>TA1_N_IRQHandler</name>
         <value>0x13bf</value>
      </symbol>
      <symbol id="sm-474">
         <name>TA2_0_IRQHandler</name>
         <value>0x13bf</value>
      </symbol>
      <symbol id="sm-475">
         <name>TA2_N_IRQHandler</name>
         <value>0x13bf</value>
      </symbol>
      <symbol id="sm-476">
         <name>TA3_0_IRQHandler</name>
         <value>0x13bf</value>
      </symbol>
      <symbol id="sm-477">
         <name>TA3_N_IRQHandler</name>
         <value>0x13bf</value>
      </symbol>
      <symbol id="sm-478">
         <name>EUSCIA0_IRQHandler</name>
         <value>0x13bf</value>
      </symbol>
      <symbol id="sm-479">
         <name>EUSCIA1_IRQHandler</name>
         <value>0x13bf</value>
      </symbol>
      <symbol id="sm-47a">
         <name>EUSCIA2_IRQHandler</name>
         <value>0x13bf</value>
      </symbol>
      <symbol id="sm-47b">
         <name>EUSCIA3_IRQHandler</name>
         <value>0x13bf</value>
      </symbol>
      <symbol id="sm-47c">
         <name>EUSCIB0_IRQHandler</name>
         <value>0x13bf</value>
      </symbol>
      <symbol id="sm-47d">
         <name>EUSCIB1_IRQHandler</name>
         <value>0x13bf</value>
      </symbol>
      <symbol id="sm-47e">
         <name>EUSCIB2_IRQHandler</name>
         <value>0x13bf</value>
      </symbol>
      <symbol id="sm-47f">
         <name>EUSCIB3_IRQHandler</name>
         <value>0x13bf</value>
      </symbol>
      <symbol id="sm-480">
         <name>ADC14_IRQHandler</name>
         <value>0x13bf</value>
      </symbol>
      <symbol id="sm-481">
         <name>T32_INT1_IRQHandler</name>
         <value>0x13bf</value>
      </symbol>
      <symbol id="sm-482">
         <name>T32_INT2_IRQHandler</name>
         <value>0x13bf</value>
      </symbol>
      <symbol id="sm-483">
         <name>T32_INTC_IRQHandler</name>
         <value>0x13bf</value>
      </symbol>
      <symbol id="sm-484">
         <name>AES256_IRQHandler</name>
         <value>0x13bf</value>
      </symbol>
      <symbol id="sm-485">
         <name>RTC_C_IRQHandler</name>
         <value>0x13bf</value>
      </symbol>
      <symbol id="sm-486">
         <name>DMA_ERR_IRQHandler</name>
         <value>0x13bf</value>
      </symbol>
      <symbol id="sm-487">
         <name>DMA_INT3_IRQHandler</name>
         <value>0x13bf</value>
      </symbol>
      <symbol id="sm-488">
         <name>DMA_INT2_IRQHandler</name>
         <value>0x13bf</value>
      </symbol>
      <symbol id="sm-489">
         <name>DMA_INT1_IRQHandler</name>
         <value>0x13bf</value>
      </symbol>
      <symbol id="sm-48a">
         <name>DMA_INT0_IRQHandler</name>
         <value>0x13bf</value>
      </symbol>
      <symbol id="sm-48b">
         <name>PORT1_IRQHandler</name>
         <value>0x13bf</value>
      </symbol>
      <symbol id="sm-48c">
         <name>PORT2_IRQHandler</name>
         <value>0x13bf</value>
      </symbol>
      <symbol id="sm-48d">
         <name>PORT3_IRQHandler</name>
         <value>0x13bf</value>
      </symbol>
      <symbol id="sm-48e">
         <name>PORT4_IRQHandler</name>
         <value>0x13bf</value>
      </symbol>
      <symbol id="sm-48f">
         <name>PORT5_IRQHandler</name>
         <value>0x13bf</value>
      </symbol>
      <symbol id="sm-490">
         <name>PORT6_IRQHandler</name>
         <value>0x13bf</value>
      </symbol>
   </symbol_table>
   <title>Link successful</title>
</link_info>
