******************************************************************************
                  TI ARM Linker PC v16.6.0                     
******************************************************************************
>> Linked Mon Nov 28 18:26:16 2016

OUTPUT FILE NAME:   <ServoControl.out>
ENTRY POINT SYMBOL: "_c_int00"  address: 0000126d


MEMORY CONFIGURATION

         name            origin    length      used     unused   attr    fill
----------------------  --------  ---------  --------  --------  ----  --------
  MAIN                  00000000   00040000  00001609  0003e9f7  R  X
  INFO                  00200000   00004000  00000000  00004000  R  X
  SRAM_CODE             01000000   00010000  00000c2c  0000f3d4  RW X
  SRAM_DATA             20000000   00010000  00000c2c  0000f3d4  RW  


SEGMENT ALLOCATION MAP

run origin  load origin   length   init length attrs members
----------  ----------- ---------- ----------- ----- -------
00000000    00000000    00001610   00001610    r-x
  00000000    00000000    000000e4   000000e4    r-- .intvecs
  000000e4    000000e4    0000130a   0000130a    r-x .text
  000013f0    000013f0    000001db   000001db    r-- .const
  000015d0    000015d0    00000040   00000040    r-- .cinit
20000000    20000000    0000042c   00000000    rw-
  20000000    20000000    00000400   00000000    rw- .sysmem
  20000400    20000400    00000028   00000000    rw- .data
  20000428    20000428    00000004   00000000    rw- .bss
2000f800    2000f800    00000800   00000000    rw-
  2000f800    2000f800    00000800   00000000    rw- .stack


SECTION ALLOCATION MAP

 output                                  attributes/
section   page    origin      length       input sections
--------  ----  ----------  ----------   ----------------
.intvecs   0    00000000    000000e4     
                  00000000    000000e4     startup_msp432p401r_ccs.obj (.intvecs:retain)

.binit     0    00000000    00000000     

.text      0    000000e4    0000130a     
                  000000e4    000004a8     Shared.lib : PCA9685.obj (.text)
                  0000058c    000003d0     rtsv7M4_T_le_v4SPD16_eabi.lib : memory.obj (.text)
                  0000095c    0000032c     system_msp432p401r.obj (.text)
                  00000c88    000001e8     main.obj (.text)
                  00000e70    00000150     Shared.lib : I2C.obj (.text)
                  00000fc0    000000bc     rtsv7M4_T_le_v4SPD16_eabi.lib : typeinfo_.obj (.text)
                  0000107c    0000009c                                   : memcpy_t2.obj (.text)
                  00001118    0000007a                                   : memset_t2.obj (.text)
                  00001192    00000002                                   : mpu_init.obj (.text)
                  00001194    00000070                                   : autoinit.obj (.text)
                  00001204    00000066                                   : copy_decompress_lzss.obj (.text:decompress:lzss)
                  0000126a    00000002                                   : startup.obj (.text)
                  0000126c    00000054                                   : boot.obj (.text)
                  000012c0    00000054                                   : exit.obj (.text)
                  00001314    0000004c                                   : cpy_tbl.obj (.text)
                  00001360    00000018     Shared.lib : PCA9685.obj (.text:_ZN5ServoC1Ev)
                  00001378    00000018     rtsv7M4_T_le_v4SPD16_eabi.lib : args_main.obj (.text)
                  00001390    00000014                                   : _lock.obj (.text)
                  000013a4    0000000e                                   : copy_decompress_none.obj (.text:decompress:none)
                  000013b2    0000000e     startup_msp432p401r_ccs.obj (.text)
                  000013c0    0000000c     Shared.lib : PCA9685.obj (.text:_ZN5ServoC2Ev)
                  000013cc    0000000c     rtsv7M4_T_le_v4SPD16_eabi.lib : copy_zero_init.obj (.text:decompress:ZI)
                  000013d8    00000008                                   : delete.obj (.text)
                  000013e0    00000006                                   : pure_virt.obj (.text)
                  000013e6    00000004                                   : error.obj (.text)
                  000013ea    00000004                                   : pre_init.obj (.text)

.const     0    000013f0    000001db     
                  000013f0    00000028     rtsv7M4_T_le_v4SPD16_eabi.lib : typeinfo_.obj (.const:.typeinfo:_ZTSN10__cxxabiv123__fundamental_type_infoE)
                  00001418    00000025                                   : typeinfo_.obj (.const:.typeinfo:_ZTSN10__cxxabiv120__si_class_type_infoE)
                  0000143d    00000024                                   : typeinfo_.obj (.const:.typeinfo:_ZTSN10__cxxabiv119__pointer_type_infoE)
                  00001461    00000022                                   : typeinfo_.obj (.const:.typeinfo:_ZTSN10__cxxabiv117__class_type_infoE)
                  00001483    00000022                                   : typeinfo_.obj (.const:.typeinfo:_ZTSN10__cxxabiv117__pbase_type_infoE)
                  000014a5    0000001a     Shared.lib : PCA9685.obj (.const:.typeinfo:_ZTSN9Externals7PCA96854PortE)
                  000014bf    00000001     --HOLE-- [fill = 0]
                  000014c0    00000018                : PCA9685.obj (.const:_ZTV5Servo)
                  000014d8    00000018                : PCA9685.obj (.const:_ZTVN9Externals7PCA96854PortE)
                  000014f0    00000010     rtsv7M4_T_le_v4SPD16_eabi.lib : typeinfo_.obj (.const:.typeinfo:_ZTIPKe)
                  00001500    00000010                                   : typeinfo_.obj (.const:_ZTVN10__cxxabiv117__class_type_infoE)
                  00001510    00000010                                   : typeinfo_.obj (.const:_ZTVN10__cxxabiv119__pointer_type_infoE)
                  00001520    00000010                                   : typeinfo_.obj (.const:_ZTVN10__cxxabiv120__si_class_type_infoE)
                  00001530    00000010                                   : typeinfo_.obj (.const:_ZTVN10__cxxabiv123__fundamental_type_infoE)
                  00001540    0000000d                                   : typeinfo_.obj (.const:.typeinfo:_ZTSSt9type_info)
                  0000154d    00000002                                   : typeinfo_.obj (.const:.typeinfo:_ZTSe)
                  0000154f    00000001     --HOLE-- [fill = 0]
                  00001550    0000000c                                   : typeinfo_.obj (.const:.typeinfo:_ZTIN10__cxxabiv117__class_type_infoE)
                  0000155c    0000000c                                   : typeinfo_.obj (.const:.typeinfo:_ZTIN10__cxxabiv117__pbase_type_infoE)
                  00001568    0000000c                                   : typeinfo_.obj (.const:.typeinfo:_ZTIN10__cxxabiv119__pointer_type_infoE)
                  00001574    0000000c                                   : typeinfo_.obj (.const:.typeinfo:_ZTIN10__cxxabiv120__si_class_type_infoE)
                  00001580    0000000c                                   : typeinfo_.obj (.const:.typeinfo:_ZTIN10__cxxabiv123__fundamental_type_infoE)
                  0000158c    0000000c     Shared.lib : PCA9685.obj (.const:.typeinfo:_ZTIN9Externals7PCA96854PortE)
                  00001598    00000008     main.obj (.const:$P$T40$1)
                  000015a0    00000008     main.obj (.const:$P$T41$2)
                  000015a8    00000008     Shared.lib : PCA9685.obj (.const:.typeinfo:_ZTI5Servo)
                  000015b0    00000008     rtsv7M4_T_le_v4SPD16_eabi.lib : typeinfo_.obj (.const:.typeinfo:_ZTISt9type_info)
                  000015b8    00000008                                   : typeinfo_.obj (.const:.typeinfo:_ZTIe)
                  000015c0    00000007     Shared.lib : PCA9685.obj (.const:.typeinfo:_ZTS5Servo)
                  000015c7    00000004     rtsv7M4_T_le_v4SPD16_eabi.lib : typeinfo_.obj (.const:.typeinfo:_ZTSPKe)

.cinit     0    000015d0    00000040     
                  000015d0    0000001c     (.cinit..data.load) [load image, compression = lzss]
                  000015ec    0000000c     (__TI_handler_table)
                  000015f8    00000008     (.cinit..bss.load) [load image, compression = zero_init]
                  00001600    00000010     (__TI_cinit_table)

.init_array 
*          0    00000000    00000000     UNINITIALIZED

.sysmem    0    20000000    00000400     UNINITIALIZED
                  20000000    00000008     rtsv7M4_T_le_v4SPD16_eabi.lib : memory.obj (.sysmem)
                  20000008    000003f8     --HOLE--

.data      0    20000400    00000028     UNINITIALIZED
                  20000400    0000000c     rtsv7M4_T_le_v4SPD16_eabi.lib : exit.obj (.data:$O1$$)
                  2000040c    0000000c                                   : memory.obj (.data:$O1$$)
                  20000418    00000008                                   : _lock.obj (.data:$O1$$)
                  20000420    00000004                                   : stkdepth_vars.obj (.data)
                  20000424    00000004     system_msp432p401r.obj (.data)

.bss       0    20000428    00000004     UNINITIALIZED
                  20000428    00000004     (.common:_ZSt16__dummy_typeinfo)

.stack     0    2000f800    00000800     UNINITIALIZED
                  2000f800    00000800     --HOLE--

MODULE SUMMARY

       Module                        code   ro data   rw data
       ------                        ----   -------   -------
    .\
       system_msp432p401r.obj        812    0         8      
       main.obj                      488    16        0      
       startup_msp432p401r_ccs.obj   14     228       0      
    +--+-----------------------------+------+---------+---------+
       Total:                        1314   244       8      
                                                             
    C:\TI\ccsv6\tools\compiler\ti-cgt-arm_16.6.0.STS\lib\rtsv7M4_T_le_v4SPD16_eabi.lib
       memory.obj                    976    0         24     
       typeinfo_.obj                 188    356       8      
       memcpy_t2.obj                 156    0         0      
       memset_t2.obj                 122    0         0      
       autoinit.obj                  112    0         0      
       exit.obj                      84     0         24     
       copy_decompress_lzss.obj      102    0         0      
       boot.obj                      84     0         0      
       cpy_tbl.obj                   76     0         0      
       _lock.obj                     20     0         16     
       args_main.obj                 24     0         0      
       copy_decompress_none.obj      14     0         0      
       copy_zero_init.obj            12     0         0      
       delete.obj                    8      0         0      
       stkdepth_vars.obj             0      0         8      
       pure_virt.obj                 6      0         0      
       error.obj                     4      0         0      
       pre_init.obj                  4      0         0      
       mpu_init.obj                  2      0         0      
       startup.obj                   2      0         0      
    +--+-----------------------------+------+---------+---------+
       Total:                        1996   356       80     
                                                             
    G:/Data/MAVRIC/MAVRIC_Firmware/FW2017/Shared/Debug/Shared.lib
       PCA9685.obj                   1228   101       0      
       I2C.obj                       336    0         0      
    +--+-----------------------------+------+---------+---------+
       Total:                        1564   101       0      
                                                             
       Heap:                         0      0         2048   
       Stack:                        0      0         4096   
       Linker Generated:             0      64        0      
    +--+-----------------------------+------+---------+---------+
       Grand Total:                  4874   765       6232   


LINKER GENERATED COPY TABLES

__TI_cinit_table @ 00001600 records: 2, size/record: 8, table size: 16
	.data: load addr=000015d0, load size=0000001c bytes, run addr=20000400, run size=00000028 bytes, compression=lzss
	.bss: load addr=000015f8, load size=00000008 bytes, run addr=20000428, run size=00000004 bytes, compression=zero_init


LINKER GENERATED HANDLER TABLE

__TI_handler_table @ 000015ec records: 3, size/record: 4, table size: 12
	index: 0, handler: __TI_decompress_lzss
	index: 1, handler: __TI_decompress_none
	index: 2, handler: __TI_zero_init


GLOBAL SYMBOLS: SORTED ALPHABETICALLY BY Name 

address   name                                                                       
-------   ----                                                                       
000013bf  ADC14_IRQHandler                                                           
000013bf  AES256_IRQHandler                                                          
000013bf  BusFault_Handler                                                           
000012c1  C$$EXIT                                                                    
000013bf  COMP_E0_IRQHandler                                                         
000013bf  COMP_E1_IRQHandler                                                         
000013bf  CS_IRQHandler                                                              
000013bf  DMA_ERR_IRQHandler                                                         
000013bf  DMA_INT0_IRQHandler                                                        
000013bf  DMA_INT1_IRQHandler                                                        
000013bf  DMA_INT2_IRQHandler                                                        
000013bf  DMA_INT3_IRQHandler                                                        
000013bf  DebugMon_Handler                                                           
000013bf  Default_Handler                                                            
000013bf  EUSCIA0_IRQHandler                                                         
000013bf  EUSCIA1_IRQHandler                                                         
000013bf  EUSCIA2_IRQHandler                                                         
000013bf  EUSCIA3_IRQHandler                                                         
000013bf  EUSCIB0_IRQHandler                                                         
000013bf  EUSCIB1_IRQHandler                                                         
000013bf  EUSCIB2_IRQHandler                                                         
000013bf  EUSCIB3_IRQHandler                                                         
000013bf  FLCTL_IRQHandler                                                           
000013bf  FPU_IRQHandler                                                             
000013bf  HardFault_Handler                                                          
000013bf  MemManage_Handler                                                          
000013bf  NMI_Handler                                                                
000013bf  PCM_IRQHandler                                                             
000013bf  PORT1_IRQHandler                                                           
000013bf  PORT2_IRQHandler                                                           
000013bf  PORT3_IRQHandler                                                           
000013bf  PORT4_IRQHandler                                                           
000013bf  PORT5_IRQHandler                                                           
000013bf  PORT6_IRQHandler                                                           
000013bf  PSS_IRQHandler                                                             
000013bf  PendSV_Handler                                                             
000013bf  RTC_C_IRQHandler                                                           
000013b3  Reset_Handler                                                              
UNDEFED   SHT$$INIT_ARRAY$$Base                                                      
UNDEFED   SHT$$INIT_ARRAY$$Limit                                                     
000013bf  SVC_Handler                                                                
000013bf  SysTick_Handler                                                            
20000424  SystemCoreClock                                                            
0000095d  SystemCoreClockUpdate                                                      
00000bd1  SystemInit                                                                 
000013bf  T32_INT1_IRQHandler                                                        
000013bf  T32_INT2_IRQHandler                                                        
000013bf  T32_INTC_IRQHandler                                                        
000013bf  TA0_0_IRQHandler                                                           
000013bf  TA0_N_IRQHandler                                                           
000013bf  TA1_0_IRQHandler                                                           
000013bf  TA1_N_IRQHandler                                                           
000013bf  TA2_0_IRQHandler                                                           
000013bf  TA2_N_IRQHandler                                                           
000013bf  TA3_0_IRQHandler                                                           
000013bf  TA3_N_IRQHandler                                                           
000013bf  UsageFault_Handler                                                         
4000480c  WDTCTL_SYM                                                                 
000013bf  WDT_A_IRQHandler                                                           
00000e71  _Z7InitI2CP12EUSCI_B_Type                                                  
00000ec9  _Z7ReadI2CP12EUSCI_B_TypehPhib                                             
00000f45  _Z8WriteI2CP12EUSCI_B_TypehPhib                                            
0000106d  _ZN10__cxxabiv116__enum_type_infoD0Ev                                      
0000106b  _ZN10__cxxabiv116__enum_type_infoD1Ev                                      
0000106b  _ZN10__cxxabiv116__enum_type_infoD2Ev                                      
00001063  _ZN10__cxxabiv117__array_type_infoD0Ev                                     
00001061  _ZN10__cxxabiv117__array_type_infoD1Ev                                     
00001061  _ZN10__cxxabiv117__array_type_infoD2Ev                                     
00001059  _ZN10__cxxabiv117__class_type_infoD0Ev                                     
00001057  _ZN10__cxxabiv117__class_type_infoD1Ev                                     
00001057  _ZN10__cxxabiv117__class_type_infoD2Ev                                     
0000104f  _ZN10__cxxabiv117__pbase_type_infoD0Ev                                     
0000104d  _ZN10__cxxabiv117__pbase_type_infoD1Ev                                     
0000104d  _ZN10__cxxabiv117__pbase_type_infoD2Ev                                     
00001045  _ZN10__cxxabiv119__pointer_type_infoD0Ev                                   
00001043  _ZN10__cxxabiv119__pointer_type_infoD1Ev                                   
00001043  _ZN10__cxxabiv119__pointer_type_infoD2Ev                                   
0000103b  _ZN10__cxxabiv120__function_type_infoD0Ev                                  
00001039  _ZN10__cxxabiv120__function_type_infoD1Ev                                  
00001039  _ZN10__cxxabiv120__function_type_infoD2Ev                                  
00001031  _ZN10__cxxabiv120__si_class_type_infoD0Ev                                  
0000102f  _ZN10__cxxabiv120__si_class_type_infoD1Ev                                  
0000102f  _ZN10__cxxabiv120__si_class_type_infoD2Ev                                  
00001027  _ZN10__cxxabiv121__vmi_class_type_infoD0Ev                                 
00001025  _ZN10__cxxabiv121__vmi_class_type_infoD1Ev                                 
00001025  _ZN10__cxxabiv121__vmi_class_type_infoD2Ev                                 
0000101d  _ZN10__cxxabiv123__fundamental_type_infoD0Ev                               
0000101b  _ZN10__cxxabiv123__fundamental_type_infoD1Ev                               
0000101b  _ZN10__cxxabiv123__fundamental_type_infoD2Ev                               
00001013  _ZN10__cxxabiv129__pointer_to_member_type_infoD0Ev                         
00001011  _ZN10__cxxabiv129__pointer_to_member_type_infoD1Ev                         
00001011  _ZN10__cxxabiv129__pointer_to_member_type_infoD2Ev                         
00001361  _ZN5ServoC1Ev                                                              
000013c1  _ZN5ServoC2Ev                                                              
00000313  _ZN9Externals7PCA968514SetServoCountsEitt                                  
0000045f  _ZN9Externals7PCA96854Port14SetCalibrationENS_23pca9685_servo_cal_pointES2_
00000527  _ZN9Externals7PCA96854Port6CenterEv                                        
00000567  _ZN9Externals7PCA96854Port6ResumeEv                                        
00000551  _ZN9Externals7PCA96854Port7SuspendEv                                       
0000048f  _ZN9Externals7PCA96854Port9GoToAngleEf                                     
00000415  _ZN9Externals7PCA96854PortC1EiRS0_                                         
000003af  _ZN9Externals7PCA96854PortC1EiRS0_NS_23pca9685_servo_cal_pointES3_         
00000415  _ZN9Externals7PCA96854PortC2EiRS0_                                         
000003af  _ZN9Externals7PCA96854PortC2EiRS0_NS_23pca9685_servo_cal_pointES3_         
000000e5  _ZN9Externals7PCA9685C1EP12EUSCI_B_Typeh                                   
000000e5  _ZN9Externals7PCA9685C2EP12EUSCI_B_Typeh                                   
00000fd3  _ZNKSt9type_info4nameEv                                                    
00001003  _ZNKSt9type_info6beforeERKS_                                               
00000fed  _ZNKSt9type_infoeqERKS_                                                    
00000fd7  _ZNKSt9type_infoneERKS_                                                    
00000fcb  _ZNSt9type_infoD0Ev                                                        
00000fc9  _ZNSt9type_infoD1Ev                                                        
00000fc9  _ZNSt9type_infoD2Ev                                                        
20000428  _ZSt16__dummy_typeinfo                                                     
00000fc1  _ZSt21__gen_dummy_typeinfosv                                               
000015a8  _ZTI5Servo                                                                 
00001550  _ZTIN10__cxxabiv117__class_type_infoE                                      
0000155c  _ZTIN10__cxxabiv117__pbase_type_infoE                                      
00001568  _ZTIN10__cxxabiv119__pointer_type_infoE                                    
00001574  _ZTIN10__cxxabiv120__si_class_type_infoE                                   
00001580  _ZTIN10__cxxabiv123__fundamental_type_infoE                                
0000158c  _ZTIN9Externals7PCA96854PortE                                              
000014f0  _ZTIPKe                                                                    
000015b0  _ZTISt9type_info                                                           
000015b8  _ZTIe                                                                      
000015c0  _ZTS5Servo                                                                 
00001461  _ZTSN10__cxxabiv117__class_type_infoE                                      
00001483  _ZTSN10__cxxabiv117__pbase_type_infoE                                      
0000143d  _ZTSN10__cxxabiv119__pointer_type_infoE                                    
00001418  _ZTSN10__cxxabiv120__si_class_type_infoE                                   
000013f0  _ZTSN10__cxxabiv123__fundamental_type_infoE                                
000014a5  _ZTSN9Externals7PCA96854PortE                                              
000015c7  _ZTSPKe                                                                    
00001540  _ZTSSt9type_info                                                           
0000154d  _ZTSe                                                                      
000014c0  _ZTV5Servo                                                                 
00001500  _ZTVN10__cxxabiv117__class_type_infoE                                      
00001510  _ZTVN10__cxxabiv119__pointer_type_infoE                                    
00001520  _ZTVN10__cxxabiv120__si_class_type_infoE                                   
00001530  _ZTVN10__cxxabiv123__fundamental_type_infoE                                
000014d8  _ZTVN9Externals7PCA96854PortE                                              
000013d9  _ZdlPv                                                                     
20010000  __STACK_END                                                                
00000800  __STACK_SIZE                                                               
00000400  __SYSMEM_SIZE                                                              
00001600  __TI_CINIT_Base                                                            
00001610  __TI_CINIT_Limit                                                           
000015ec  __TI_Handler_Table_Base                                                    
000015f8  __TI_Handler_Table_Limit                                                   
00001195  __TI_auto_init                                                             
20000400  __TI_cleanup_ptr                                                           
00001205  __TI_decompress_lzss                                                       
000013a5  __TI_decompress_none                                                       
20000404  __TI_dtors_ptr                                                             
20000408  __TI_enable_exit_profile_output                                            
ffffffff  __TI_pprof_out_hndl                                                        
ffffffff  __TI_prof_data_size                                                        
ffffffff  __TI_prof_data_start                                                       
00000000  __TI_static_base__                                                         
000013cd  __TI_zero_init                                                             
000013e7  __abort_execution                                                          
00001119  __aeabi_memclr                                                             
00001119  __aeabi_memclr4                                                            
00001119  __aeabi_memclr8                                                            
0000107d  __aeabi_memcpy                                                             
0000107d  __aeabi_memcpy4                                                            
0000107d  __aeabi_memcpy8                                                            
0000111b  __aeabi_memset                                                             
0000111b  __aeabi_memset4                                                            
0000111b  __aeabi_memset8                                                            
ffffffff  __binit__                                                                  
ffffffff  __c_args__                                                                 
000013e1  __cxa_pure_virtual                                                         
00001193  __mpu_init                                                                 
2000f800  __stack                                                                    
00001379  _args_main                                                                 
0000126d  _c_int00                                                                   
20000418  _lock                                                                      
0000139f  _nop                                                                       
00001397  _register_lock                                                             
00001391  _register_unlock                                                           
20000000  _sys_memory                                                                
0000126b  _system_post_cinit                                                         
000013eb  _system_pre_init                                                           
2000041c  _unlock                                                                    
000012c5  abort                                                                      
ffffffff  binit                                                                      
0000092d  calloc                                                                     
00001315  copy_in                                                                    
000012cd  exit                                                                       
00000677  free                                                                       
00000000  interruptVectors                                                           
00000c89  main                                                                       
20000420  main_func_sp                                                               
0000060d  malloc                                                                     
00000841  memalign                                                                   
0000107d  memcpy                                                                     
00001121  memset                                                                     
0000058d  minit                                                                      
00000739  realloc                                                                    


GLOBAL SYMBOLS: SORTED BY Symbol Address 

address   name                                                                       
-------   ----                                                                       
00000000  __TI_static_base__                                                         
00000000  interruptVectors                                                           
000000e5  _ZN9Externals7PCA9685C1EP12EUSCI_B_Typeh                                   
000000e5  _ZN9Externals7PCA9685C2EP12EUSCI_B_Typeh                                   
00000313  _ZN9Externals7PCA968514SetServoCountsEitt                                  
000003af  _ZN9Externals7PCA96854PortC1EiRS0_NS_23pca9685_servo_cal_pointES3_         
000003af  _ZN9Externals7PCA96854PortC2EiRS0_NS_23pca9685_servo_cal_pointES3_         
00000400  __SYSMEM_SIZE                                                              
00000415  _ZN9Externals7PCA96854PortC1EiRS0_                                         
00000415  _ZN9Externals7PCA96854PortC2EiRS0_                                         
0000045f  _ZN9Externals7PCA96854Port14SetCalibrationENS_23pca9685_servo_cal_pointES2_
0000048f  _ZN9Externals7PCA96854Port9GoToAngleEf                                     
00000527  _ZN9Externals7PCA96854Port6CenterEv                                        
00000551  _ZN9Externals7PCA96854Port7SuspendEv                                       
00000567  _ZN9Externals7PCA96854Port6ResumeEv                                        
0000058d  minit                                                                      
0000060d  malloc                                                                     
00000677  free                                                                       
00000739  realloc                                                                    
00000800  __STACK_SIZE                                                               
00000841  memalign                                                                   
0000092d  calloc                                                                     
0000095d  SystemCoreClockUpdate                                                      
00000bd1  SystemInit                                                                 
00000c89  main                                                                       
00000e71  _Z7InitI2CP12EUSCI_B_Type                                                  
00000ec9  _Z7ReadI2CP12EUSCI_B_TypehPhib                                             
00000f45  _Z8WriteI2CP12EUSCI_B_TypehPhib                                            
00000fc1  _ZSt21__gen_dummy_typeinfosv                                               
00000fc9  _ZNSt9type_infoD1Ev                                                        
00000fc9  _ZNSt9type_infoD2Ev                                                        
00000fcb  _ZNSt9type_infoD0Ev                                                        
00000fd3  _ZNKSt9type_info4nameEv                                                    
00000fd7  _ZNKSt9type_infoneERKS_                                                    
00000fed  _ZNKSt9type_infoeqERKS_                                                    
00001003  _ZNKSt9type_info6beforeERKS_                                               
00001011  _ZN10__cxxabiv129__pointer_to_member_type_infoD1Ev                         
00001011  _ZN10__cxxabiv129__pointer_to_member_type_infoD2Ev                         
00001013  _ZN10__cxxabiv129__pointer_to_member_type_infoD0Ev                         
0000101b  _ZN10__cxxabiv123__fundamental_type_infoD1Ev                               
0000101b  _ZN10__cxxabiv123__fundamental_type_infoD2Ev                               
0000101d  _ZN10__cxxabiv123__fundamental_type_infoD0Ev                               
00001025  _ZN10__cxxabiv121__vmi_class_type_infoD1Ev                                 
00001025  _ZN10__cxxabiv121__vmi_class_type_infoD2Ev                                 
00001027  _ZN10__cxxabiv121__vmi_class_type_infoD0Ev                                 
0000102f  _ZN10__cxxabiv120__si_class_type_infoD1Ev                                  
0000102f  _ZN10__cxxabiv120__si_class_type_infoD2Ev                                  
00001031  _ZN10__cxxabiv120__si_class_type_infoD0Ev                                  
00001039  _ZN10__cxxabiv120__function_type_infoD1Ev                                  
00001039  _ZN10__cxxabiv120__function_type_infoD2Ev                                  
0000103b  _ZN10__cxxabiv120__function_type_infoD0Ev                                  
00001043  _ZN10__cxxabiv119__pointer_type_infoD1Ev                                   
00001043  _ZN10__cxxabiv119__pointer_type_infoD2Ev                                   
00001045  _ZN10__cxxabiv119__pointer_type_infoD0Ev                                   
0000104d  _ZN10__cxxabiv117__pbase_type_infoD1Ev                                     
0000104d  _ZN10__cxxabiv117__pbase_type_infoD2Ev                                     
0000104f  _ZN10__cxxabiv117__pbase_type_infoD0Ev                                     
00001057  _ZN10__cxxabiv117__class_type_infoD1Ev                                     
00001057  _ZN10__cxxabiv117__class_type_infoD2Ev                                     
00001059  _ZN10__cxxabiv117__class_type_infoD0Ev                                     
00001061  _ZN10__cxxabiv117__array_type_infoD1Ev                                     
00001061  _ZN10__cxxabiv117__array_type_infoD2Ev                                     
00001063  _ZN10__cxxabiv117__array_type_infoD0Ev                                     
0000106b  _ZN10__cxxabiv116__enum_type_infoD1Ev                                      
0000106b  _ZN10__cxxabiv116__enum_type_infoD2Ev                                      
0000106d  _ZN10__cxxabiv116__enum_type_infoD0Ev                                      
0000107d  __aeabi_memcpy                                                             
0000107d  __aeabi_memcpy4                                                            
0000107d  __aeabi_memcpy8                                                            
0000107d  memcpy                                                                     
00001119  __aeabi_memclr                                                             
00001119  __aeabi_memclr4                                                            
00001119  __aeabi_memclr8                                                            
0000111b  __aeabi_memset                                                             
0000111b  __aeabi_memset4                                                            
0000111b  __aeabi_memset8                                                            
00001121  memset                                                                     
00001193  __mpu_init                                                                 
00001195  __TI_auto_init                                                             
00001205  __TI_decompress_lzss                                                       
0000126b  _system_post_cinit                                                         
0000126d  _c_int00                                                                   
000012c1  C$$EXIT                                                                    
000012c5  abort                                                                      
000012cd  exit                                                                       
00001315  copy_in                                                                    
00001361  _ZN5ServoC1Ev                                                              
00001379  _args_main                                                                 
00001391  _register_unlock                                                           
00001397  _register_lock                                                             
0000139f  _nop                                                                       
000013a5  __TI_decompress_none                                                       
000013b3  Reset_Handler                                                              
000013bf  ADC14_IRQHandler                                                           
000013bf  AES256_IRQHandler                                                          
000013bf  BusFault_Handler                                                           
000013bf  COMP_E0_IRQHandler                                                         
000013bf  COMP_E1_IRQHandler                                                         
000013bf  CS_IRQHandler                                                              
000013bf  DMA_ERR_IRQHandler                                                         
000013bf  DMA_INT0_IRQHandler                                                        
000013bf  DMA_INT1_IRQHandler                                                        
000013bf  DMA_INT2_IRQHandler                                                        
000013bf  DMA_INT3_IRQHandler                                                        
000013bf  DebugMon_Handler                                                           
000013bf  Default_Handler                                                            
000013bf  EUSCIA0_IRQHandler                                                         
000013bf  EUSCIA1_IRQHandler                                                         
000013bf  EUSCIA2_IRQHandler                                                         
000013bf  EUSCIA3_IRQHandler                                                         
000013bf  EUSCIB0_IRQHandler                                                         
000013bf  EUSCIB1_IRQHandler                                                         
000013bf  EUSCIB2_IRQHandler                                                         
000013bf  EUSCIB3_IRQHandler                                                         
000013bf  FLCTL_IRQHandler                                                           
000013bf  FPU_IRQHandler                                                             
000013bf  HardFault_Handler                                                          
000013bf  MemManage_Handler                                                          
000013bf  NMI_Handler                                                                
000013bf  PCM_IRQHandler                                                             
000013bf  PORT1_IRQHandler                                                           
000013bf  PORT2_IRQHandler                                                           
000013bf  PORT3_IRQHandler                                                           
000013bf  PORT4_IRQHandler                                                           
000013bf  PORT5_IRQHandler                                                           
000013bf  PORT6_IRQHandler                                                           
000013bf  PSS_IRQHandler                                                             
000013bf  PendSV_Handler                                                             
000013bf  RTC_C_IRQHandler                                                           
000013bf  SVC_Handler                                                                
000013bf  SysTick_Handler                                                            
000013bf  T32_INT1_IRQHandler                                                        
000013bf  T32_INT2_IRQHandler                                                        
000013bf  T32_INTC_IRQHandler                                                        
000013bf  TA0_0_IRQHandler                                                           
000013bf  TA0_N_IRQHandler                                                           
000013bf  TA1_0_IRQHandler                                                           
000013bf  TA1_N_IRQHandler                                                           
000013bf  TA2_0_IRQHandler                                                           
000013bf  TA2_N_IRQHandler                                                           
000013bf  TA3_0_IRQHandler                                                           
000013bf  TA3_N_IRQHandler                                                           
000013bf  UsageFault_Handler                                                         
000013bf  WDT_A_IRQHandler                                                           
000013c1  _ZN5ServoC2Ev                                                              
000013cd  __TI_zero_init                                                             
000013d9  _ZdlPv                                                                     
000013e1  __cxa_pure_virtual                                                         
000013e7  __abort_execution                                                          
000013eb  _system_pre_init                                                           
000013f0  _ZTSN10__cxxabiv123__fundamental_type_infoE                                
00001418  _ZTSN10__cxxabiv120__si_class_type_infoE                                   
0000143d  _ZTSN10__cxxabiv119__pointer_type_infoE                                    
00001461  _ZTSN10__cxxabiv117__class_type_infoE                                      
00001483  _ZTSN10__cxxabiv117__pbase_type_infoE                                      
000014a5  _ZTSN9Externals7PCA96854PortE                                              
000014c0  _ZTV5Servo                                                                 
000014d8  _ZTVN9Externals7PCA96854PortE                                              
000014f0  _ZTIPKe                                                                    
00001500  _ZTVN10__cxxabiv117__class_type_infoE                                      
00001510  _ZTVN10__cxxabiv119__pointer_type_infoE                                    
00001520  _ZTVN10__cxxabiv120__si_class_type_infoE                                   
00001530  _ZTVN10__cxxabiv123__fundamental_type_infoE                                
00001540  _ZTSSt9type_info                                                           
0000154d  _ZTSe                                                                      
00001550  _ZTIN10__cxxabiv117__class_type_infoE                                      
0000155c  _ZTIN10__cxxabiv117__pbase_type_infoE                                      
00001568  _ZTIN10__cxxabiv119__pointer_type_infoE                                    
00001574  _ZTIN10__cxxabiv120__si_class_type_infoE                                   
00001580  _ZTIN10__cxxabiv123__fundamental_type_infoE                                
0000158c  _ZTIN9Externals7PCA96854PortE                                              
000015a8  _ZTI5Servo                                                                 
000015b0  _ZTISt9type_info                                                           
000015b8  _ZTIe                                                                      
000015c0  _ZTS5Servo                                                                 
000015c7  _ZTSPKe                                                                    
000015ec  __TI_Handler_Table_Base                                                    
000015f8  __TI_Handler_Table_Limit                                                   
00001600  __TI_CINIT_Base                                                            
00001610  __TI_CINIT_Limit                                                           
20000000  _sys_memory                                                                
20000400  __TI_cleanup_ptr                                                           
20000404  __TI_dtors_ptr                                                             
20000408  __TI_enable_exit_profile_output                                            
20000418  _lock                                                                      
2000041c  _unlock                                                                    
20000420  main_func_sp                                                               
20000424  SystemCoreClock                                                            
20000428  _ZSt16__dummy_typeinfo                                                     
2000f800  __stack                                                                    
20010000  __STACK_END                                                                
4000480c  WDTCTL_SYM                                                                 
ffffffff  __TI_pprof_out_hndl                                                        
ffffffff  __TI_prof_data_size                                                        
ffffffff  __TI_prof_data_start                                                       
ffffffff  __binit__                                                                  
ffffffff  __c_args__                                                                 
ffffffff  binit                                                                      
UNDEFED   SHT$$INIT_ARRAY$$Base                                                      
UNDEFED   SHT$$INIT_ARRAY$$Limit                                                     

[200 symbols]
