******************************************************************************
                  TI ARM Linker PC v16.6.0                     
******************************************************************************
>> Linked Tue Sep 06 15:08:44 2016

OUTPUT FILE NAME:   <ServoControl.out>
ENTRY POINT SYMBOL: "_c_int00"  address: 00001055


MEMORY CONFIGURATION

         name            origin    length      used     unused   attr    fill
----------------------  --------  ---------  --------  --------  ----  --------
  MAIN                  00000000   00040000  00001214  0003edec  R  X
  INFO                  00200000   00004000  00000000  00004000  R  X
  SRAM_CODE             01000000   00010000  00000c9c  0000f364  RW X
  SRAM_DATA             20000000   00010000  00000c9c  0000f364  RW  


SEGMENT ALLOCATION MAP

run origin  load origin   length   init length attrs members
----------  ----------- ---------- ----------- ----- -------
00000000    00000000    00001218   00001218    r-x
  00000000    00000000    000000e4   000000e4    r-- .intvecs
  000000e4    000000e4    000010f4   000010f4    r-x .text
  000011d8    000011d8    00000004   00000004    r-- .init_array
  000011e0    000011e0    00000038   00000038    r-- .cinit
20000000    20000000    0000049c   00000000    rw-
  20000000    20000000    00000400   00000000    rw- .sysmem
  20000400    20000400    00000080   00000000    rw- .bss
  20000480    20000480    0000001c   00000000    rw- .data
2000f800    2000f800    00000800   00000000    rw-
  2000f800    2000f800    00000800   00000000    rw- .stack


SECTION ALLOCATION MAP

 output                                  attributes/
section   page    origin      length       input sections
--------  ----  ----------  ----------   ----------------
.intvecs   0    00000000    000000e4     
                  00000000    000000e4     startup_msp432p401r_ccs.obj (.intvecs:retain)

.binit     0    00000000    00000000     

.text      0    000000e4    000010f4     
                  000000e4    0000066c     timer.obj (.text)
                  00000750    00000370     system_msp432p401r.obj (.text)
                  00000ac0    000001b6     rtsv7M4_T_le_v4SPD16_eabi.lib : fd_add_t2.obj (.text)
                  00000c76    00000002                                   : mpu_init.obj (.text)
                  00000c78    00000180     main.obj (.text)
                  00000df8    0000009c     rtsv7M4_T_le_v4SPD16_eabi.lib : memcpy_t2.obj (.text)
                  00000e94    0000007a                                   : memset_t2.obj (.text)
                  00000f0e    00000002                                   : startup.obj (.text)
                  00000f10    00000070                                   : autoinit.obj (.text)
                  00000f80    0000006e                                   : fd_tos_t2.obj (.text)
                  00000fee    00000066                                   : copy_decompress_lzss.obj (.text:decompress:lzss)
                  00001054    00000054                                   : boot.obj (.text)
                  000010a8    00000054                                   : exit.obj (.text)
                  000010fc    0000004c                                   : cpy_tbl.obj (.text)
                  00001148    00000038                                   : fs_tod_t2.obj (.text)
                  00001180    00000018                                   : args_main.obj (.text)
                  00001198    00000014                                   : _lock.obj (.text)
                  000011ac    0000000e                                   : copy_decompress_none.obj (.text:decompress:none)
                  000011ba    0000000e     startup_msp432p401r_ccs.obj (.text)
                  000011c8    0000000c     rtsv7M4_T_le_v4SPD16_eabi.lib : copy_zero_init.obj (.text:decompress:ZI)
                  000011d4    00000004                                   : pre_init.obj (.text)

.init_array 
*          0    000011d8    00000004     
                  000011d8    00000004     timer.obj (.init_array)

.cinit     0    000011e0    00000038     
                  000011e0    00000014     (.cinit..data.load) [load image, compression = lzss]
                  000011f4    0000000c     (__TI_handler_table)
                  00001200    00000008     (.cinit..bss.load) [load image, compression = zero_init]
                  00001208    00000010     (__TI_cinit_table)

.sysmem    0    20000000    00000400     UNINITIALIZED
                  20000000    00000008     rtsv7M4_T_le_v4SPD16_eabi.lib : memory.obj (.sysmem)
                  20000008    000003f8     --HOLE--

.bss       0    20000400    00000080     UNINITIALIZED
                  20000400    00000020     timer.obj (.bss:_ZN12Peripherials3TA0E)
                  20000420    00000020     timer.obj (.bss:_ZN12Peripherials3TA1E)
                  20000440    00000020     timer.obj (.bss:_ZN12Peripherials3TA2E)
                  20000460    00000020     timer.obj (.bss:_ZN12Peripherials3TA3E)

.data      0    20000480    0000001c     UNINITIALIZED
                  20000480    0000000c     rtsv7M4_T_le_v4SPD16_eabi.lib : exit.obj (.data:$O1$$)
                  2000048c    00000008                                   : _lock.obj (.data:$O1$$)
                  20000494    00000004                                   : stkdepth_vars.obj (.data)
                  20000498    00000004     system_msp432p401r.obj (.data)

.stack     0    2000f800    00000800     UNINITIALIZED
                  2000f800    00000800     --HOLE--

MODULE SUMMARY

       Module                        code   ro data   rw data
       ------                        ----   -------   -------
    .\
       system_msp432p401r.obj        880    0         8      
       main.obj                      384    0         0      
       startup_msp432p401r_ccs.obj   14     228       0      
    +--+-----------------------------+------+---------+---------+
       Total:                        1278   228       8      
                                                             
    .\Timer\
       timer.obj                     1644   4         256    
    +--+-----------------------------+------+---------+---------+
       Total:                        1644   4         256    
                                                             
    C:\TI\ccsv6\tools\compiler\ti-cgt-arm_16.6.0.STS\lib\rtsv7M4_T_le_v4SPD16_eabi.lib
       fd_add_t2.obj                 438    0         0      
       memcpy_t2.obj                 156    0         0      
       memset_t2.obj                 122    0         0      
       autoinit.obj                  112    0         0      
       fd_tos_t2.obj                 110    0         0      
       exit.obj                      84     0         24     
       copy_decompress_lzss.obj      102    0         0      
       boot.obj                      84     0         0      
       cpy_tbl.obj                   76     0         0      
       fs_tod_t2.obj                 56     0         0      
       _lock.obj                     20     0         16     
       args_main.obj                 24     0         0      
       copy_decompress_none.obj      14     0         0      
       copy_zero_init.obj            12     0         0      
       stkdepth_vars.obj             0      0         8      
       pre_init.obj                  4      0         0      
       mpu_init.obj                  2      0         0      
       startup.obj                   2      0         0      
    +--+-----------------------------+------+---------+---------+
       Total:                        1418   0         48     
                                                             
       Heap:                         0      0         2048   
       Stack:                        0      0         4096   
       Linker Generated:             0      56        0      
    +--+-----------------------------+------+---------+---------+
       Grand Total:                  4340   288       6456   


LINKER GENERATED COPY TABLES

__TI_cinit_table @ 00001208 records: 2, size/record: 8, table size: 16
	.data: load addr=000011e0, load size=00000014 bytes, run addr=20000480, run size=0000001c bytes, compression=lzss
	.bss: load addr=00001200, load size=00000008 bytes, run addr=20000400, run size=00000080 bytes, compression=zero_init


LINKER GENERATED HANDLER TABLE

__TI_handler_table @ 000011f4 records: 3, size/record: 4, table size: 12
	index: 0, handler: __TI_decompress_lzss
	index: 1, handler: __TI_decompress_none
	index: 2, handler: __TI_zero_init


GLOBAL SYMBOLS: SORTED ALPHABETICALLY BY Name 

address   name                                                               
-------   ----                                                               
000011c7  ADC14_IRQHandler                                                   
000011c7  AES256_IRQHandler                                                  
000011c7  BusFault_Handler                                                   
000010a9  C$$EXIT                                                            
000011c7  COMP_E0_IRQHandler                                                 
000011c7  COMP_E1_IRQHandler                                                 
000011c7  CS_IRQHandler                                                      
000011c7  DMA_ERR_IRQHandler                                                 
000011c7  DMA_INT0_IRQHandler                                                
000011c7  DMA_INT1_IRQHandler                                                
000011c7  DMA_INT2_IRQHandler                                                
000011c7  DMA_INT3_IRQHandler                                                
000011c7  DebugMon_Handler                                                   
000011c7  Default_Handler                                                    
000011c7  EUSCIA0_IRQHandler                                                 
000011c7  EUSCIA1_IRQHandler                                                 
000011c7  EUSCIA2_IRQHandler                                                 
000011c7  EUSCIA3_IRQHandler                                                 
000011c7  EUSCIB0_IRQHandler                                                 
000011c7  EUSCIB1_IRQHandler                                                 
000011c7  EUSCIB2_IRQHandler                                                 
000011c7  EUSCIB3_IRQHandler                                                 
000011c7  FLCTL_IRQHandler                                                   
000011c7  FPU_IRQHandler                                                     
000011c7  HardFault_Handler                                                  
000011c7  MemManage_Handler                                                  
000011c7  NMI_Handler                                                        
000011c7  PCM_IRQHandler                                                     
000011c7  PORT1_IRQHandler                                                   
000011c7  PORT2_IRQHandler                                                   
000011c7  PORT3_IRQHandler                                                   
000011c7  PORT4_IRQHandler                                                   
000011c7  PORT5_IRQHandler                                                   
000011c7  PORT6_IRQHandler                                                   
000011c7  PSS_IRQHandler                                                     
000011c7  PendSV_Handler                                                     
000011c7  RTC_C_IRQHandler                                                   
000011bb  Reset_Handler                                                      
000011d8  SHT$$INIT_ARRAY$$Base                                              
000011dc  SHT$$INIT_ARRAY$$Limit                                             
000011c7  SVC_Handler                                                        
000011c7  SysTick_Handler                                                    
20000498  SystemCoreClock                                                    
00000751  SystemCoreClockUpdate                                              
000009c5  SystemInit                                                         
000011c7  T32_INT1_IRQHandler                                                
000011c7  T32_INT2_IRQHandler                                                
000011c7  T32_INTC_IRQHandler                                                
00000109  TA0_0_IRQHandler                                                   
00000109  TA0_0_IRQHandler                                                   
00000113  TA0_N_IRQHandler                                                   
00000113  TA0_N_IRQHandler                                                   
0000011d  TA1_0_IRQHandler                                                   
0000011d  TA1_0_IRQHandler                                                   
00000127  TA1_N_IRQHandler                                                   
00000127  TA1_N_IRQHandler                                                   
00000131  TA2_0_IRQHandler                                                   
00000131  TA2_0_IRQHandler                                                   
0000013b  TA2_N_IRQHandler                                                   
0000013b  TA2_N_IRQHandler                                                   
00000145  TA3_0_IRQHandler                                                   
00000145  TA3_0_IRQHandler                                                   
0000014f  TA3_N_IRQHandler                                                   
0000014f  TA3_N_IRQHandler                                                   
000011c7  UsageFault_Handler                                                 
4000480c  WDTCTL_SYM                                                         
000011c7  WDT_A_IRQHandler                                                   
00000c91  _Z11ToggleGreenv                                                   
00000c85  _Z6SetRedv                                                         
00000c79  _Z8ClearRedv                                                       
20000400  _ZN12Peripherials3TA0E                                             
20000420  _ZN12Peripherials3TA1E                                             
20000440  _ZN12Peripherials3TA2E                                             
20000460  _ZN12Peripherials3TA3E                                             
00000551  _ZN12Peripherials5Timer10DisablePWMENS_15TimerCapComUnitE          
000005f5  _ZN12Peripherials5Timer15AttachInterruptENS_15TimerCapComUnitEPFvvE
000005b9  _ZN12Peripherials5Timer23AttachOverflowInterruptEPFvvE             
00000481  _ZN12Peripherials5Timer6SetPWMENS_15TimerCapComUnitEf              
0000050d  _ZN12Peripherials5Timer6SetPWMENS_15TimerCapComUnitEt              
000002f9  _ZN12Peripherials5Timer8StartPWMENS_15TimerCapComUnitEf            
00000409  _ZN12Peripherials5Timer8StartPWMENS_15TimerCapComUnitEt            
00000583  _ZN12Peripherials5Timer9EnablePWMENS_15TimerCapComUnitE            
00000237  _ZN12Peripherials5Timer9SetPeriodEf                                
000001eb  _ZN12Peripherials5Timer9SetPeriodEt                                
00000665  _ZN12Peripherials5Timer9_CCR0_ISREv                                
000006c5  _ZN12Peripherials5Timer9_CCRn_ISREv                                
00000159  _ZN12Peripherials5TimerC1EP12Timer_A_TypeNS_16TimerClockSourceE    
00000159  _ZN12Peripherials5TimerC2EP12Timer_A_TypeNS_16TimerClockSourceE    
20010000  __STACK_END                                                        
00000800  __STACK_SIZE                                                       
00000400  __SYSMEM_SIZE                                                      
00001208  __TI_CINIT_Base                                                    
00001218  __TI_CINIT_Limit                                                   
000011f4  __TI_Handler_Table_Base                                            
00001200  __TI_Handler_Table_Limit                                           
00000f11  __TI_auto_init                                                     
20000480  __TI_cleanup_ptr                                                   
00000fef  __TI_decompress_lzss                                               
000011ad  __TI_decompress_none                                               
20000484  __TI_dtors_ptr                                                     
20000488  __TI_enable_exit_profile_output                                    
ffffffff  __TI_pprof_out_hndl                                                
ffffffff  __TI_prof_data_size                                                
ffffffff  __TI_prof_data_start                                               
00000000  __TI_static_base__                                                 
000011c9  __TI_zero_init                                                     
00000f81  __aeabi_d2f                                                        
00000acb  __aeabi_dadd                                                       
00000ac1  __aeabi_dsub                                                       
00001149  __aeabi_f2d                                                        
00000e95  __aeabi_memclr                                                     
00000e95  __aeabi_memclr4                                                    
00000e95  __aeabi_memclr8                                                    
00000df9  __aeabi_memcpy                                                     
00000df9  __aeabi_memcpy4                                                    
00000df9  __aeabi_memcpy8                                                    
00000e97  __aeabi_memset                                                     
00000e97  __aeabi_memset4                                                    
00000e97  __aeabi_memset8                                                    
ffffffff  __binit__                                                          
ffffffff  __c_args__                                                         
00000c77  __mpu_init                                                         
2000f800  __stack                                                            
000006ff  __sti___9_timer_cpp_348070d1                                       
00001181  _args_main                                                         
00001055  _c_int00                                                           
2000048c  _lock                                                              
000011a7  _nop                                                               
0000119f  _register_lock                                                     
00001199  _register_unlock                                                   
20000000  _sys_memory                                                        
00000f0f  _system_post_cinit                                                 
000011d5  _system_pre_init                                                   
20000490  _unlock                                                            
000010ad  abort                                                              
ffffffff  binit                                                              
000010fd  copy_in                                                            
000010b5  exit                                                               
00000000  interruptVectors                                                   
00000c9d  main                                                               
20000494  main_func_sp                                                       
00000df9  memcpy                                                             
00000e9d  memset                                                             


GLOBAL SYMBOLS: SORTED BY Symbol Address 

address   name                                                               
-------   ----                                                               
00000000  __TI_static_base__                                                 
00000000  interruptVectors                                                   
00000109  TA0_0_IRQHandler                                                   
00000109  TA0_0_IRQHandler                                                   
00000113  TA0_N_IRQHandler                                                   
00000113  TA0_N_IRQHandler                                                   
0000011d  TA1_0_IRQHandler                                                   
0000011d  TA1_0_IRQHandler                                                   
00000127  TA1_N_IRQHandler                                                   
00000127  TA1_N_IRQHandler                                                   
00000131  TA2_0_IRQHandler                                                   
00000131  TA2_0_IRQHandler                                                   
0000013b  TA2_N_IRQHandler                                                   
0000013b  TA2_N_IRQHandler                                                   
00000145  TA3_0_IRQHandler                                                   
00000145  TA3_0_IRQHandler                                                   
0000014f  TA3_N_IRQHandler                                                   
0000014f  TA3_N_IRQHandler                                                   
00000159  _ZN12Peripherials5TimerC1EP12Timer_A_TypeNS_16TimerClockSourceE    
00000159  _ZN12Peripherials5TimerC2EP12Timer_A_TypeNS_16TimerClockSourceE    
000001eb  _ZN12Peripherials5Timer9SetPeriodEt                                
00000237  _ZN12Peripherials5Timer9SetPeriodEf                                
000002f9  _ZN12Peripherials5Timer8StartPWMENS_15TimerCapComUnitEf            
00000400  __SYSMEM_SIZE                                                      
00000409  _ZN12Peripherials5Timer8StartPWMENS_15TimerCapComUnitEt            
00000481  _ZN12Peripherials5Timer6SetPWMENS_15TimerCapComUnitEf              
0000050d  _ZN12Peripherials5Timer6SetPWMENS_15TimerCapComUnitEt              
00000551  _ZN12Peripherials5Timer10DisablePWMENS_15TimerCapComUnitE          
00000583  _ZN12Peripherials5Timer9EnablePWMENS_15TimerCapComUnitE            
000005b9  _ZN12Peripherials5Timer23AttachOverflowInterruptEPFvvE             
000005f5  _ZN12Peripherials5Timer15AttachInterruptENS_15TimerCapComUnitEPFvvE
00000665  _ZN12Peripherials5Timer9_CCR0_ISREv                                
000006c5  _ZN12Peripherials5Timer9_CCRn_ISREv                                
000006ff  __sti___9_timer_cpp_348070d1                                       
00000751  SystemCoreClockUpdate                                              
00000800  __STACK_SIZE                                                       
000009c5  SystemInit                                                         
00000ac1  __aeabi_dsub                                                       
00000acb  __aeabi_dadd                                                       
00000c77  __mpu_init                                                         
00000c79  _Z8ClearRedv                                                       
00000c85  _Z6SetRedv                                                         
00000c91  _Z11ToggleGreenv                                                   
00000c9d  main                                                               
00000df9  __aeabi_memcpy                                                     
00000df9  __aeabi_memcpy4                                                    
00000df9  __aeabi_memcpy8                                                    
00000df9  memcpy                                                             
00000e95  __aeabi_memclr                                                     
00000e95  __aeabi_memclr4                                                    
00000e95  __aeabi_memclr8                                                    
00000e97  __aeabi_memset                                                     
00000e97  __aeabi_memset4                                                    
00000e97  __aeabi_memset8                                                    
00000e9d  memset                                                             
00000f0f  _system_post_cinit                                                 
00000f11  __TI_auto_init                                                     
00000f81  __aeabi_d2f                                                        
00000fef  __TI_decompress_lzss                                               
00001055  _c_int00                                                           
000010a9  C$$EXIT                                                            
000010ad  abort                                                              
000010b5  exit                                                               
000010fd  copy_in                                                            
00001149  __aeabi_f2d                                                        
00001181  _args_main                                                         
00001199  _register_unlock                                                   
0000119f  _register_lock                                                     
000011a7  _nop                                                               
000011ad  __TI_decompress_none                                               
000011bb  Reset_Handler                                                      
000011c7  ADC14_IRQHandler                                                   
000011c7  AES256_IRQHandler                                                  
000011c7  BusFault_Handler                                                   
000011c7  COMP_E0_IRQHandler                                                 
000011c7  COMP_E1_IRQHandler                                                 
000011c7  CS_IRQHandler                                                      
000011c7  DMA_ERR_IRQHandler                                                 
000011c7  DMA_INT0_IRQHandler                                                
000011c7  DMA_INT1_IRQHandler                                                
000011c7  DMA_INT2_IRQHandler                                                
000011c7  DMA_INT3_IRQHandler                                                
000011c7  DebugMon_Handler                                                   
000011c7  Default_Handler                                                    
000011c7  EUSCIA0_IRQHandler                                                 
000011c7  EUSCIA1_IRQHandler                                                 
000011c7  EUSCIA2_IRQHandler                                                 
000011c7  EUSCIA3_IRQHandler                                                 
000011c7  EUSCIB0_IRQHandler                                                 
000011c7  EUSCIB1_IRQHandler                                                 
000011c7  EUSCIB2_IRQHandler                                                 
000011c7  EUSCIB3_IRQHandler                                                 
000011c7  FLCTL_IRQHandler                                                   
000011c7  FPU_IRQHandler                                                     
000011c7  HardFault_Handler                                                  
000011c7  MemManage_Handler                                                  
000011c7  NMI_Handler                                                        
000011c7  PCM_IRQHandler                                                     
000011c7  PORT1_IRQHandler                                                   
000011c7  PORT2_IRQHandler                                                   
000011c7  PORT3_IRQHandler                                                   
000011c7  PORT4_IRQHandler                                                   
000011c7  PORT5_IRQHandler                                                   
000011c7  PORT6_IRQHandler                                                   
000011c7  PSS_IRQHandler                                                     
000011c7  PendSV_Handler                                                     
000011c7  RTC_C_IRQHandler                                                   
000011c7  SVC_Handler                                                        
000011c7  SysTick_Handler                                                    
000011c7  T32_INT1_IRQHandler                                                
000011c7  T32_INT2_IRQHandler                                                
000011c7  T32_INTC_IRQHandler                                                
000011c7  UsageFault_Handler                                                 
000011c7  WDT_A_IRQHandler                                                   
000011c9  __TI_zero_init                                                     
000011d5  _system_pre_init                                                   
000011d8  SHT$$INIT_ARRAY$$Base                                              
000011dc  SHT$$INIT_ARRAY$$Limit                                             
000011f4  __TI_Handler_Table_Base                                            
00001200  __TI_Handler_Table_Limit                                           
00001208  __TI_CINIT_Base                                                    
00001218  __TI_CINIT_Limit                                                   
20000000  _sys_memory                                                        
20000400  _ZN12Peripherials3TA0E                                             
20000420  _ZN12Peripherials3TA1E                                             
20000440  _ZN12Peripherials3TA2E                                             
20000460  _ZN12Peripherials3TA3E                                             
20000480  __TI_cleanup_ptr                                                   
20000484  __TI_dtors_ptr                                                     
20000488  __TI_enable_exit_profile_output                                    
2000048c  _lock                                                              
20000490  _unlock                                                            
20000494  main_func_sp                                                       
20000498  SystemCoreClock                                                    
2000f800  __stack                                                            
20010000  __STACK_END                                                        
4000480c  WDTCTL_SYM                                                         
ffffffff  __TI_pprof_out_hndl                                                
ffffffff  __TI_prof_data_size                                                
ffffffff  __TI_prof_data_start                                               
ffffffff  __binit__                                                          
ffffffff  __c_args__                                                         
ffffffff  binit                                                              

[143 symbols]
