******************************************************************************
                  TI ARM Linker PC v16.6.0                     
******************************************************************************
>> Linked Mon Nov 28 18:26:13 2016

OUTPUT FILE NAME:   <Base Station Communication.out>
ENTRY POINT SYMBOL: "_c_int00"  address: 00001995


MEMORY CONFIGURATION

         name            origin    length      used     unused   attr    fill
----------------------  --------  ---------  --------  --------  ----  --------
  MAIN                  00000000   00040000  00001e4b  0003e1b5  R  X
  INFO                  00200000   00004000  00000000  00004000  R  X
  SRAM_CODE             01000000   00010000  00000e0c  0000f1f4  RW X
  SRAM_DATA             20000000   00010000  00000e0c  0000f1f4  RW  


SEGMENT ALLOCATION MAP

run origin  load origin   length   init length attrs members
----------  ----------- ---------- ----------- ----- -------
00000000    00000000    00001e50   00001e50    r-x
  00000000    00000000    000000e4   000000e4    r-- .intvecs
  000000e4    000000e4    00001b40   00001b40    r-x .text
  00001c24    00001c24    000001db   000001db    r-- .const
  00001e00    00001e00    00000004   00000004    r-- .init_array
  00001e08    00001e08    00000048   00000048    r-- .cinit
20000000    20000000    00000c10   00000000    rw-
  20000000    20000000    000007e4   00000000    rw- .bss
  200007e8    200007e8    00000400   00000000    rw- .sysmem
  20000be8    20000be8    00000028   00000000    rw- .data
2000fe00    2000fe00    00000200   00000000    rw-
  2000fe00    2000fe00    00000200   00000000    rw- .stack


SECTION ALLOCATION MAP

 output                                  attributes/
section   page    origin      length       input sections
--------  ----  ----------  ----------   ----------------
.intvecs   0    00000000    000000e4     
                  00000000    000000e4     startup_msp432p401r_ccs.obj (.intvecs:retain)

.binit     0    00000000    00000000     

.text      0    000000e4    00001b40     
                  000000e4    000004a8     Shared.lib : PCA9685.obj (.text)
                  0000058c    000003d8                : uart.obj (.text)
                  00000964    000003d0     rtsv7M4_T_le_v4SPD16_eabi.lib : memory.obj (.text)
                  00000d34    0000032c     system_msp432p401r.obj (.text)
                  00001060    000001fc     main.obj (.text)
                  0000125c    000001f4     rtsv7M4_T_le_v4SPD16_eabi.lib : ull_div_t2.obj (.text)
                  00001450    00000150     Shared.lib : I2C.obj (.text)
                  000015a0    000000f2     Protocol.obj (.text)
                  00001692    00000002     rtsv7M4_T_le_v4SPD16_eabi.lib : mpu_init.obj (.text)
                  00001694    000000bc                                   : typeinfo_.obj (.text)
                  00001750    0000009c                                   : memcpy_t2.obj (.text)
                  000017ec    0000007a                                   : memset_t2.obj (.text)
                  00001866    00000002                                   : startup.obj (.text)
                  00001868    00000070                                   : autoinit.obj (.text)
                  000018d8    00000066                                   : copy_decompress_lzss.obj (.text:decompress:lzss)
                  0000193e    00000054     Shared.lib : uart.obj (.text:_ZN7Buffers13RollingBufferC1ENS_10BaseBufferE)
                  00001992    00000002     --HOLE-- [fill = 0]
                  00001994    00000054     rtsv7M4_T_le_v4SPD16_eabi.lib : boot.obj (.text)
                  000019e8    00000054                                   : exit.obj (.text)
                  00001a3c    0000004e     Shared.lib : uart.obj (.text:_ZN7Buffers13RollingBuffer7DequeueEv)
                  00001a8a    0000004e                : uart.obj (.text:_ZN7Buffers13RollingBuffer7EnqueueEh)
                  00001ad8    0000004c     rtsv7M4_T_le_v4SPD16_eabi.lib : cpy_tbl.obj (.text)
                  00001b24    0000001c     Shared.lib : uart.obj (.text:_ZN7Buffers10BaseBufferC1EPhi)
                  00001b40    00000018                : PCA9685.obj (.text:_ZN5ServoC1Ev)
                  00001b58    00000018     rtsv7M4_T_le_v4SPD16_eabi.lib : args_main.obj (.text)
                  00001b70    00000014     Shared.lib : uart.obj (.text:_ZN7Buffers13RollingBuffer7IsEmptyEv)
                  00001b84    00000014     rtsv7M4_T_le_v4SPD16_eabi.lib : _lock.obj (.text)
                  00001b98    0000000e     Shared.lib : uart.obj (.text:_ZN7Buffers10AutoBufferILi300EE7GetSizeEv)
                  00001ba6    0000000e     main.obj (.text:_ZN7Buffers10BaseBuffer7GetDataEv)
                  00001bb4    0000000e     Shared.lib : uart.obj (.text:_ZN7Buffers10BaseBuffer7GetSizeEv)
                  00001bc2    0000000e     rtsv7M4_T_le_v4SPD16_eabi.lib : copy_decompress_none.obj (.text:decompress:none)
                  00001bd0    0000000e     startup_msp432p401r_ccs.obj (.text)
                  00001bde    0000000c     Shared.lib : PCA9685.obj (.text:_ZN5ServoC2Ev)
                  00001bea    0000000c                : uart.obj (.text:_ZN7Buffers10AutoBufferILi300EE7GetDataEv)
                  00001bf6    0000000c                : uart.obj (.text:_ZN7Buffers10AutoBufferILi300EEC1Ev)
                  00001c02    0000000c     rtsv7M4_T_le_v4SPD16_eabi.lib : copy_zero_init.obj (.text:decompress:ZI)
                  00001c0e    00000008                                   : delete.obj (.text)
                  00001c16    00000006                                   : pure_virt.obj (.text)
                  00001c1c    00000004                                   : error.obj (.text)
                  00001c20    00000004                                   : pre_init.obj (.text)

.const     0    00001c24    000001db     
                  00001c24    00000028     rtsv7M4_T_le_v4SPD16_eabi.lib : typeinfo_.obj (.const:.typeinfo:_ZTSN10__cxxabiv123__fundamental_type_infoE)
                  00001c4c    00000025                                   : typeinfo_.obj (.const:.typeinfo:_ZTSN10__cxxabiv120__si_class_type_infoE)
                  00001c71    00000024                                   : typeinfo_.obj (.const:.typeinfo:_ZTSN10__cxxabiv119__pointer_type_infoE)
                  00001c95    00000022                                   : typeinfo_.obj (.const:.typeinfo:_ZTSN10__cxxabiv117__class_type_infoE)
                  00001cb7    00000022                                   : typeinfo_.obj (.const:.typeinfo:_ZTSN10__cxxabiv117__pbase_type_infoE)
                  00001cd9    0000001a     Shared.lib : PCA9685.obj (.const:.typeinfo:_ZTSN9Externals7PCA96854PortE)
                  00001cf3    00000001     --HOLE-- [fill = 0]
                  00001cf4    00000018                : PCA9685.obj (.const:_ZTV5Servo)
                  00001d0c    00000018                : PCA9685.obj (.const:_ZTVN9Externals7PCA96854PortE)
                  00001d24    00000010     rtsv7M4_T_le_v4SPD16_eabi.lib : typeinfo_.obj (.const:.typeinfo:_ZTIPKe)
                  00001d34    00000010                                   : typeinfo_.obj (.const:_ZTVN10__cxxabiv117__class_type_infoE)
                  00001d44    00000010                                   : typeinfo_.obj (.const:_ZTVN10__cxxabiv119__pointer_type_infoE)
                  00001d54    00000010                                   : typeinfo_.obj (.const:_ZTVN10__cxxabiv120__si_class_type_infoE)
                  00001d64    00000010                                   : typeinfo_.obj (.const:_ZTVN10__cxxabiv123__fundamental_type_infoE)
                  00001d74    0000000d                                   : typeinfo_.obj (.const:.typeinfo:_ZTSSt9type_info)
                  00001d81    00000002                                   : typeinfo_.obj (.const:.typeinfo:_ZTSe)
                  00001d83    00000001     --HOLE-- [fill = 0]
                  00001d84    0000000c                                   : typeinfo_.obj (.const:.typeinfo:_ZTIN10__cxxabiv117__class_type_infoE)
                  00001d90    0000000c                                   : typeinfo_.obj (.const:.typeinfo:_ZTIN10__cxxabiv117__pbase_type_infoE)
                  00001d9c    0000000c                                   : typeinfo_.obj (.const:.typeinfo:_ZTIN10__cxxabiv119__pointer_type_infoE)
                  00001da8    0000000c                                   : typeinfo_.obj (.const:.typeinfo:_ZTIN10__cxxabiv120__si_class_type_infoE)
                  00001db4    0000000c                                   : typeinfo_.obj (.const:.typeinfo:_ZTIN10__cxxabiv123__fundamental_type_infoE)
                  00001dc0    0000000c     Shared.lib : PCA9685.obj (.const:.typeinfo:_ZTIN9Externals7PCA96854PortE)
                  00001dcc    00000008     main.obj (.const:$P$T46$1)
                  00001dd4    00000008     main.obj (.const:$P$T47$2)
                  00001ddc    00000008     Shared.lib : PCA9685.obj (.const:.typeinfo:_ZTI5Servo)
                  00001de4    00000008     rtsv7M4_T_le_v4SPD16_eabi.lib : typeinfo_.obj (.const:.typeinfo:_ZTISt9type_info)
                  00001dec    00000008                                   : typeinfo_.obj (.const:.typeinfo:_ZTIe)
                  00001df4    00000007     Shared.lib : PCA9685.obj (.const:.typeinfo:_ZTS5Servo)
                  00001dfb    00000004     rtsv7M4_T_le_v4SPD16_eabi.lib : typeinfo_.obj (.const:.typeinfo:_ZTSPKe)

.init_array 
*          0    00001e00    00000004     
                  00001e00    00000004     Shared.lib : uart.obj (.init_array)

.cinit     0    00001e08    00000048     
                  00001e08    0000001e     (.cinit..data.load) [load image, compression = lzss]
                  00001e26    00000002     --HOLE-- [fill = 0]
                  00001e28    0000000c     (__TI_handler_table)
                  00001e34    00000004     --HOLE-- [fill = 0]
                  00001e38    00000008     (.cinit..bss.load) [load image, compression = zero_init]
                  00001e40    00000010     (__TI_cinit_table)

.bss       0    20000000    000007e4     UNINITIALIZED
                  20000000    0000012c     Shared.lib : uart.obj (.bss:_ZN12Peripherials8A1_rawRxE)
                  2000012c    0000012c                : uart.obj (.bss:_ZN12Peripherials8A1_rawTxE)
                  20000258    0000012c                : uart.obj (.bss:_ZN12Peripherials8A2_rawRxE)
                  20000384    0000012c                : uart.obj (.bss:_ZN12Peripherials8A2_rawTxE)
                  200004b0    0000012c                : uart.obj (.bss:_ZN12Peripherials8A3_rawRxE)
                  200005dc    0000012c                : uart.obj (.bss:_ZN12Peripherials8A3_rawTxE)
                  20000708    00000024                : uart.obj (.bss:_ZN12Peripherials7UART_A1E)
                  2000072c    00000024                : uart.obj (.bss:_ZN12Peripherials7UART_A2E)
                  20000750    00000024                : uart.obj (.bss:_ZN12Peripherials7UART_A3E)
                  20000774    00000014                : uart.obj (.bss:_ZN12Peripherials10A1_txQueueE)
                  20000788    00000014                : uart.obj (.bss:_ZN12Peripherials10A2_txQueueE)
                  2000079c    00000014                : uart.obj (.bss:_ZN12Peripherials10A3_txQueueE)
                  200007b0    00000008                : uart.obj (.bss:_ZN12Peripherials11A1_rxBufferE)
                  200007b8    00000008                : uart.obj (.bss:_ZN12Peripherials11A1_txBufferE)
                  200007c0    00000008                : uart.obj (.bss:_ZN12Peripherials11A2_rxBufferE)
                  200007c8    00000008                : uart.obj (.bss:_ZN12Peripherials11A2_txBufferE)
                  200007d0    00000008                : uart.obj (.bss:_ZN12Peripherials11A3_rxBufferE)
                  200007d8    00000008                : uart.obj (.bss:_ZN12Peripherials11A3_txBufferE)
                  200007e0    00000004     (.common:_ZSt16__dummy_typeinfo)

.sysmem    0    200007e8    00000400     UNINITIALIZED
                  200007e8    00000008     rtsv7M4_T_le_v4SPD16_eabi.lib : memory.obj (.sysmem)
                  200007f0    000003f8     --HOLE--

.data      0    20000be8    00000028     UNINITIALIZED
                  20000be8    0000000c     rtsv7M4_T_le_v4SPD16_eabi.lib : exit.obj (.data:$O1$$)
                  20000bf4    0000000c                                   : memory.obj (.data:$O1$$)
                  20000c00    00000008                                   : _lock.obj (.data:$O1$$)
                  20000c08    00000004                                   : stkdepth_vars.obj (.data)
                  20000c0c    00000004     system_msp432p401r.obj (.data)

.stack     0    2000fe00    00000200     UNINITIALIZED
                  2000fe00    00000200     --HOLE--

MODULE SUMMARY

       Module                        code   ro data   rw data
       ------                        ----   -------   -------
    .\
       system_msp432p401r.obj        812    0         8      
       main.obj                      522    16        0      
       startup_msp432p401r_ccs.obj   14     228       0      
    +--+-----------------------------+------+---------+---------+
       Total:                        1348   244       8      
                                                             
    .\Protocol\
       Protocol.obj                  242    0         0      
    +--+-----------------------------+------+---------+---------+
       Total:                        242    0         0      
                                                             
    C:\TI\ccsv6\tools\compiler\ti-cgt-arm_16.6.0.STS\lib\rtsv7M4_T_le_v4SPD16_eabi.lib
       memory.obj                    976    0         24     
       typeinfo_.obj                 188    356       8      
       ull_div_t2.obj                500    0         0      
       memcpy_t2.obj                 156    0         0      
       memset_t2.obj                 122    0         0      
       autoinit.obj                  112    0         0      
       exit.obj                      84     0         24     
       copy_decompress_lzss.obj      102    0         0      
       boot.obj                      84     0         0      
       cpy_tbl.obj                   76     0         0      
       _lock.obj                     20     0         16     
       args_main.obj                 24     0         0      
       copy_decompress_none.obj      14     0         0      
       copy_zero_init.obj            12     0         0      
       delete.obj                    8      0         0      
       stkdepth_vars.obj             0      0         8      
       pure_virt.obj                 6      0         0      
       error.obj                     4      0         0      
       pre_init.obj                  4      0         0      
       mpu_init.obj                  2      0         0      
       startup.obj                   2      0         0      
    +--+-----------------------------+------+---------+---------+
       Total:                        2496   356       80     
                                                             
    G:/Data/MAVRIC/MAVRIC_Firmware/FW2017/Shared/Debug/Shared.lib
       uart.obj                      1324   4         4032   
       PCA9685.obj                   1228   101       0      
       I2C.obj                       336    0         0      
    +--+-----------------------------+------+---------+---------+
       Total:                        2888   105       4032   
                                                             
       Heap:                         0      0         2048   
       Stack:                        0      0         1024   
       Linker Generated:             0      66        0      
    +--+-----------------------------+------+---------+---------+
       Grand Total:                  6974   771       7192   


LINKER GENERATED COPY TABLES

__TI_cinit_table @ 00001e40 records: 2, size/record: 8, table size: 16
	.data: load addr=00001e08, load size=0000001e bytes, run addr=20000be8, run size=00000028 bytes, compression=lzss
	.bss: load addr=00001e38, load size=00000008 bytes, run addr=20000000, run size=000007e4 bytes, compression=zero_init


LINKER GENERATED HANDLER TABLE

__TI_handler_table @ 00001e28 records: 3, size/record: 4, table size: 12
	index: 0, handler: __TI_decompress_lzss
	index: 1, handler: __TI_decompress_none
	index: 2, handler: __TI_zero_init


GLOBAL SYMBOLS: SORTED ALPHABETICALLY BY Name 

address   name                                                                                
-------   ----                                                                                
00001bdd  ADC14_IRQHandler                                                                    
00001bdd  AES256_IRQHandler                                                                   
00001bdd  BusFault_Handler                                                                    
000019e9  C$$EXIT                                                                             
00001bdd  COMP_E0_IRQHandler                                                                  
00001bdd  COMP_E1_IRQHandler                                                                  
00001bdd  CS_IRQHandler                                                                       
00001bdd  DMA_ERR_IRQHandler                                                                  
00001bdd  DMA_INT0_IRQHandler                                                                 
00001bdd  DMA_INT1_IRQHandler                                                                 
00001bdd  DMA_INT2_IRQHandler                                                                 
00001bdd  DMA_INT3_IRQHandler                                                                 
00001bdd  DebugMon_Handler                                                                    
00001bdd  Default_Handler                                                                     
00001bdd  EUSCIA0_IRQHandler                                                                  
0000058d  EUSCIA1_IRQHandler                                                                  
0000058d  EUSCIA1_IRQHandler                                                                  
00000597  EUSCIA2_IRQHandler                                                                  
00000597  EUSCIA2_IRQHandler                                                                  
000005a1  EUSCIA3_IRQHandler                                                                  
000005a1  EUSCIA3_IRQHandler                                                                  
00001bdd  EUSCIB0_IRQHandler                                                                  
00001bdd  EUSCIB1_IRQHandler                                                                  
00001bdd  EUSCIB2_IRQHandler                                                                  
00001bdd  EUSCIB3_IRQHandler                                                                  
00001bdd  FLCTL_IRQHandler                                                                    
00001bdd  FPU_IRQHandler                                                                      
00001bdd  HardFault_Handler                                                                   
00001bdd  MemManage_Handler                                                                   
00001bdd  NMI_Handler                                                                         
00001bdd  PCM_IRQHandler                                                                      
00001bdd  PORT1_IRQHandler                                                                    
00001bdd  PORT2_IRQHandler                                                                    
00001bdd  PORT3_IRQHandler                                                                    
00001bdd  PORT4_IRQHandler                                                                    
00001bdd  PORT5_IRQHandler                                                                    
00001bdd  PORT6_IRQHandler                                                                    
00001bdd  PSS_IRQHandler                                                                      
00001bdd  PendSV_Handler                                                                      
00001bdd  RTC_C_IRQHandler                                                                    
00001bd1  Reset_Handler                                                                       
00001e00  SHT$$INIT_ARRAY$$Base                                                               
00001e04  SHT$$INIT_ARRAY$$Limit                                                              
00001bdd  SVC_Handler                                                                         
00001bdd  SysTick_Handler                                                                     
20000c0c  SystemCoreClock                                                                     
00000d35  SystemCoreClockUpdate                                                               
00000fa9  SystemInit                                                                          
00001bdd  T32_INT1_IRQHandler                                                                 
00001bdd  T32_INT2_IRQHandler                                                                 
00001bdd  T32_INTC_IRQHandler                                                                 
00001bdd  TA0_0_IRQHandler                                                                    
00001bdd  TA0_N_IRQHandler                                                                    
00001bdd  TA1_0_IRQHandler                                                                    
00001bdd  TA1_N_IRQHandler                                                                    
00001bdd  TA2_0_IRQHandler                                                                    
00001bdd  TA2_N_IRQHandler                                                                    
00001bdd  TA3_0_IRQHandler                                                                    
00001bdd  TA3_N_IRQHandler                                                                    
00001bdd  UsageFault_Handler                                                                  
4000480c  WDTCTL_SYM                                                                          
00001bdd  WDT_A_IRQHandler                                                                    
000015a1  _Z10IsComplete14IncomingHeaderi                                                     
00001603  _Z6DecodePh                                                                         
00001451  _Z7InitI2CP12EUSCI_B_Type                                                           
000014a9  _Z7ReadI2CP12EUSCI_B_TypehPhib                                                      
00001525  _Z8WriteI2CP12EUSCI_B_TypehPhib                                                     
00001741  _ZN10__cxxabiv116__enum_type_infoD0Ev                                               
0000173f  _ZN10__cxxabiv116__enum_type_infoD1Ev                                               
0000173f  _ZN10__cxxabiv116__enum_type_infoD2Ev                                               
00001737  _ZN10__cxxabiv117__array_type_infoD0Ev                                              
00001735  _ZN10__cxxabiv117__array_type_infoD1Ev                                              
00001735  _ZN10__cxxabiv117__array_type_infoD2Ev                                              
0000172d  _ZN10__cxxabiv117__class_type_infoD0Ev                                              
0000172b  _ZN10__cxxabiv117__class_type_infoD1Ev                                              
0000172b  _ZN10__cxxabiv117__class_type_infoD2Ev                                              
00001723  _ZN10__cxxabiv117__pbase_type_infoD0Ev                                              
00001721  _ZN10__cxxabiv117__pbase_type_infoD1Ev                                              
00001721  _ZN10__cxxabiv117__pbase_type_infoD2Ev                                              
00001719  _ZN10__cxxabiv119__pointer_type_infoD0Ev                                            
00001717  _ZN10__cxxabiv119__pointer_type_infoD1Ev                                            
00001717  _ZN10__cxxabiv119__pointer_type_infoD2Ev                                            
0000170f  _ZN10__cxxabiv120__function_type_infoD0Ev                                           
0000170d  _ZN10__cxxabiv120__function_type_infoD1Ev                                           
0000170d  _ZN10__cxxabiv120__function_type_infoD2Ev                                           
00001705  _ZN10__cxxabiv120__si_class_type_infoD0Ev                                           
00001703  _ZN10__cxxabiv120__si_class_type_infoD1Ev                                           
00001703  _ZN10__cxxabiv120__si_class_type_infoD2Ev                                           
000016fb  _ZN10__cxxabiv121__vmi_class_type_infoD0Ev                                          
000016f9  _ZN10__cxxabiv121__vmi_class_type_infoD1Ev                                          
000016f9  _ZN10__cxxabiv121__vmi_class_type_infoD2Ev                                          
000016f1  _ZN10__cxxabiv123__fundamental_type_infoD0Ev                                        
000016ef  _ZN10__cxxabiv123__fundamental_type_infoD1Ev                                        
000016ef  _ZN10__cxxabiv123__fundamental_type_infoD2Ev                                        
000016e7  _ZN10__cxxabiv129__pointer_to_member_type_infoD0Ev                                  
000016e5  _ZN10__cxxabiv129__pointer_to_member_type_infoD1Ev                                  
000016e5  _ZN10__cxxabiv129__pointer_to_member_type_infoD2Ev                                  
20000774  _ZN12Peripherials10A1_txQueueE                                                      
20000788  _ZN12Peripherials10A2_txQueueE                                                      
2000079c  _ZN12Peripherials10A3_txQueueE                                                      
200007b0  _ZN12Peripherials11A1_rxBufferE                                                     
200007b8  _ZN12Peripherials11A1_txBufferE                                                     
200007c0  _ZN12Peripherials11A2_rxBufferE                                                     
200007c8  _ZN12Peripherials11A2_txBufferE                                                     
200007d0  _ZN12Peripherials11A3_rxBufferE                                                     
200007d8  _ZN12Peripherials11A3_txBufferE                                                     
000006ef  _ZN12Peripherials4UART11ClearBufferEv                                               
0000070d  _ZN12Peripherials4UART11OnInterruptEv                                               
000006ff  _ZN12Peripherials4UART15GetBufferLengthEv                                           
000006ad  _ZN12Peripherials4UART4SendEPc                                                      
0000068b  _ZN12Peripherials4UART4SendEc                                                       
000006db  _ZN12Peripherials4UART9GetBufferEv                                                  
000005ab  _ZN12Peripherials4UARTC1ER12EUSCI_A_TypeiN7Buffers13RollingBufferENS3_10BaseBufferEb
000005ab  _ZN12Peripherials4UARTC2ER12EUSCI_A_TypeiN7Buffers13RollingBufferENS3_10BaseBufferEb
20000708  _ZN12Peripherials7UART_A1E                                                          
2000072c  _ZN12Peripherials7UART_A2E                                                          
20000750  _ZN12Peripherials7UART_A3E                                                          
20000000  _ZN12Peripherials8A1_rawRxE                                                         
2000012c  _ZN12Peripherials8A1_rawTxE                                                         
20000258  _ZN12Peripherials8A2_rawRxE                                                         
20000384  _ZN12Peripherials8A2_rawTxE                                                         
200004b0  _ZN12Peripherials8A3_rawRxE                                                         
200005dc  _ZN12Peripherials8A3_rawTxE                                                         
00001b41  _ZN5ServoC1Ev                                                                       
00001bdf  _ZN5ServoC2Ev                                                                       
00001beb  _ZN7Buffers10AutoBufferILi300EE7GetDataEv                                           
00001b99  _ZN7Buffers10AutoBufferILi300EE7GetSizeEv                                           
00001bf7  _ZN7Buffers10AutoBufferILi300EEC1Ev                                                 
00001ba7  _ZN7Buffers10BaseBuffer7GetDataEv                                                   
00001bb5  _ZN7Buffers10BaseBuffer7GetSizeEv                                                   
00001b25  _ZN7Buffers10BaseBufferC1EPhi                                                       
00001a3d  _ZN7Buffers13RollingBuffer7DequeueEv                                                
00001a8b  _ZN7Buffers13RollingBuffer7EnqueueEh                                                
00001b71  _ZN7Buffers13RollingBuffer7IsEmptyEv                                                
0000193f  _ZN7Buffers13RollingBufferC1ENS_10BaseBufferE                                       
00000313  _ZN9Externals7PCA968514SetServoCountsEitt                                           
0000045f  _ZN9Externals7PCA96854Port14SetCalibrationENS_23pca9685_servo_cal_pointES2_         
00000527  _ZN9Externals7PCA96854Port6CenterEv                                                 
00000567  _ZN9Externals7PCA96854Port6ResumeEv                                                 
00000551  _ZN9Externals7PCA96854Port7SuspendEv                                                
0000048f  _ZN9Externals7PCA96854Port9GoToAngleEf                                              
00000415  _ZN9Externals7PCA96854PortC1EiRS0_                                                  
000003af  _ZN9Externals7PCA96854PortC1EiRS0_NS_23pca9685_servo_cal_pointES3_                  
00000415  _ZN9Externals7PCA96854PortC2EiRS0_                                                  
000003af  _ZN9Externals7PCA96854PortC2EiRS0_NS_23pca9685_servo_cal_pointES3_                  
000000e5  _ZN9Externals7PCA9685C1EP12EUSCI_B_Typeh                                            
000000e5  _ZN9Externals7PCA9685C2EP12EUSCI_B_Typeh                                            
000016a7  _ZNKSt9type_info4nameEv                                                             
000016d7  _ZNKSt9type_info6beforeERKS_                                                        
000016c1  _ZNKSt9type_infoeqERKS_                                                             
000016ab  _ZNKSt9type_infoneERKS_                                                             
0000169f  _ZNSt9type_infoD0Ev                                                                 
0000169d  _ZNSt9type_infoD1Ev                                                                 
0000169d  _ZNSt9type_infoD2Ev                                                                 
200007e0  _ZSt16__dummy_typeinfo                                                              
00001695  _ZSt21__gen_dummy_typeinfosv                                                        
00001ddc  _ZTI5Servo                                                                          
00001d84  _ZTIN10__cxxabiv117__class_type_infoE                                               
00001d90  _ZTIN10__cxxabiv117__pbase_type_infoE                                               
00001d9c  _ZTIN10__cxxabiv119__pointer_type_infoE                                             
00001da8  _ZTIN10__cxxabiv120__si_class_type_infoE                                            
00001db4  _ZTIN10__cxxabiv123__fundamental_type_infoE                                         
00001dc0  _ZTIN9Externals7PCA96854PortE                                                       
00001d24  _ZTIPKe                                                                             
00001de4  _ZTISt9type_info                                                                    
00001dec  _ZTIe                                                                               
00001df4  _ZTS5Servo                                                                          
00001c95  _ZTSN10__cxxabiv117__class_type_infoE                                               
00001cb7  _ZTSN10__cxxabiv117__pbase_type_infoE                                               
00001c71  _ZTSN10__cxxabiv119__pointer_type_infoE                                             
00001c4c  _ZTSN10__cxxabiv120__si_class_type_infoE                                            
00001c24  _ZTSN10__cxxabiv123__fundamental_type_infoE                                         
00001cd9  _ZTSN9Externals7PCA96854PortE                                                       
00001dfb  _ZTSPKe                                                                             
00001d74  _ZTSSt9type_info                                                                    
00001d81  _ZTSe                                                                               
00001cf4  _ZTV5Servo                                                                          
00001d34  _ZTVN10__cxxabiv117__class_type_infoE                                               
00001d44  _ZTVN10__cxxabiv119__pointer_type_infoE                                             
00001d54  _ZTVN10__cxxabiv120__si_class_type_infoE                                            
00001d64  _ZTVN10__cxxabiv123__fundamental_type_infoE                                         
00001d0c  _ZTVN9Externals7PCA96854PortE                                                       
00001c0f  _ZdlPv                                                                              
20010000  __STACK_END                                                                         
00000200  __STACK_SIZE                                                                        
00000400  __SYSMEM_SIZE                                                                       
00001e40  __TI_CINIT_Base                                                                     
00001e50  __TI_CINIT_Limit                                                                    
00001e28  __TI_Handler_Table_Base                                                             
00001e34  __TI_Handler_Table_Limit                                                            
00001869  __TI_auto_init                                                                      
20000be8  __TI_cleanup_ptr                                                                    
000018d9  __TI_decompress_lzss                                                                
00001bc3  __TI_decompress_none                                                                
20000bec  __TI_dtors_ptr                                                                      
20000bf0  __TI_enable_exit_profile_output                                                     
ffffffff  __TI_pprof_out_hndl                                                                 
ffffffff  __TI_prof_data_size                                                                 
ffffffff  __TI_prof_data_start                                                                
00000000  __TI_static_base__                                                                  
00001c03  __TI_zero_init                                                                      
00001c1d  __abort_execution                                                                   
000017ed  __aeabi_memclr                                                                      
000017ed  __aeabi_memclr4                                                                     
000017ed  __aeabi_memclr8                                                                     
00001751  __aeabi_memcpy                                                                      
00001751  __aeabi_memcpy4                                                                     
00001751  __aeabi_memcpy8                                                                     
000017ef  __aeabi_memset                                                                      
000017ef  __aeabi_memset4                                                                     
000017ef  __aeabi_memset8                                                                     
0000125d  __aeabi_uldivmod                                                                    
ffffffff  __binit__                                                                           
ffffffff  __c_args__                                                                          
00001c17  __cxa_pure_virtual                                                                  
00001693  __mpu_init                                                                          
2000fe00  __stack                                                                             
00000791  __sti___8_uart_cpp_4dae890a                                                         
00001b59  _args_main                                                                          
00001995  _c_int00                                                                            
20000c00  _lock                                                                               
00001b93  _nop                                                                                
00001b8b  _register_lock                                                                      
00001b85  _register_unlock                                                                    
200007e8  _sys_memory                                                                         
00001867  _system_post_cinit                                                                  
00001c21  _system_pre_init                                                                    
20000c04  _unlock                                                                             
000019ed  abort                                                                               
ffffffff  binit                                                                               
00000d05  calloc                                                                              
00001ad9  copy_in                                                                             
000019f5  exit                                                                                
00000a4f  free                                                                                
00000000  interruptVectors                                                                    
00001085  main                                                                                
20000c08  main_func_sp                                                                        
000009e5  malloc                                                                              
00000c19  memalign                                                                            
00001751  memcpy                                                                              
000017f5  memset                                                                              
00000965  minit                                                                               
00000b11  realloc                                                                             


GLOBAL SYMBOLS: SORTED BY Symbol Address 

address   name                                                                                
-------   ----                                                                                
00000000  __TI_static_base__                                                                  
00000000  interruptVectors                                                                    
000000e5  _ZN9Externals7PCA9685C1EP12EUSCI_B_Typeh                                            
000000e5  _ZN9Externals7PCA9685C2EP12EUSCI_B_Typeh                                            
00000200  __STACK_SIZE                                                                        
00000313  _ZN9Externals7PCA968514SetServoCountsEitt                                           
000003af  _ZN9Externals7PCA96854PortC1EiRS0_NS_23pca9685_servo_cal_pointES3_                  
000003af  _ZN9Externals7PCA96854PortC2EiRS0_NS_23pca9685_servo_cal_pointES3_                  
00000400  __SYSMEM_SIZE                                                                       
00000415  _ZN9Externals7PCA96854PortC1EiRS0_                                                  
00000415  _ZN9Externals7PCA96854PortC2EiRS0_                                                  
0000045f  _ZN9Externals7PCA96854Port14SetCalibrationENS_23pca9685_servo_cal_pointES2_         
0000048f  _ZN9Externals7PCA96854Port9GoToAngleEf                                              
00000527  _ZN9Externals7PCA96854Port6CenterEv                                                 
00000551  _ZN9Externals7PCA96854Port7SuspendEv                                                
00000567  _ZN9Externals7PCA96854Port6ResumeEv                                                 
0000058d  EUSCIA1_IRQHandler                                                                  
0000058d  EUSCIA1_IRQHandler                                                                  
00000597  EUSCIA2_IRQHandler                                                                  
00000597  EUSCIA2_IRQHandler                                                                  
000005a1  EUSCIA3_IRQHandler                                                                  
000005a1  EUSCIA3_IRQHandler                                                                  
000005ab  _ZN12Peripherials4UARTC1ER12EUSCI_A_TypeiN7Buffers13RollingBufferENS3_10BaseBufferEb
000005ab  _ZN12Peripherials4UARTC2ER12EUSCI_A_TypeiN7Buffers13RollingBufferENS3_10BaseBufferEb
0000068b  _ZN12Peripherials4UART4SendEc                                                       
000006ad  _ZN12Peripherials4UART4SendEPc                                                      
000006db  _ZN12Peripherials4UART9GetBufferEv                                                  
000006ef  _ZN12Peripherials4UART11ClearBufferEv                                               
000006ff  _ZN12Peripherials4UART15GetBufferLengthEv                                           
0000070d  _ZN12Peripherials4UART11OnInterruptEv                                               
00000791  __sti___8_uart_cpp_4dae890a                                                         
00000965  minit                                                                               
000009e5  malloc                                                                              
00000a4f  free                                                                                
00000b11  realloc                                                                             
00000c19  memalign                                                                            
00000d05  calloc                                                                              
00000d35  SystemCoreClockUpdate                                                               
00000fa9  SystemInit                                                                          
00001085  main                                                                                
0000125d  __aeabi_uldivmod                                                                    
00001451  _Z7InitI2CP12EUSCI_B_Type                                                           
000014a9  _Z7ReadI2CP12EUSCI_B_TypehPhib                                                      
00001525  _Z8WriteI2CP12EUSCI_B_TypehPhib                                                     
000015a1  _Z10IsComplete14IncomingHeaderi                                                     
00001603  _Z6DecodePh                                                                         
00001693  __mpu_init                                                                          
00001695  _ZSt21__gen_dummy_typeinfosv                                                        
0000169d  _ZNSt9type_infoD1Ev                                                                 
0000169d  _ZNSt9type_infoD2Ev                                                                 
0000169f  _ZNSt9type_infoD0Ev                                                                 
000016a7  _ZNKSt9type_info4nameEv                                                             
000016ab  _ZNKSt9type_infoneERKS_                                                             
000016c1  _ZNKSt9type_infoeqERKS_                                                             
000016d7  _ZNKSt9type_info6beforeERKS_                                                        
000016e5  _ZN10__cxxabiv129__pointer_to_member_type_infoD1Ev                                  
000016e5  _ZN10__cxxabiv129__pointer_to_member_type_infoD2Ev                                  
000016e7  _ZN10__cxxabiv129__pointer_to_member_type_infoD0Ev                                  
000016ef  _ZN10__cxxabiv123__fundamental_type_infoD1Ev                                        
000016ef  _ZN10__cxxabiv123__fundamental_type_infoD2Ev                                        
000016f1  _ZN10__cxxabiv123__fundamental_type_infoD0Ev                                        
000016f9  _ZN10__cxxabiv121__vmi_class_type_infoD1Ev                                          
000016f9  _ZN10__cxxabiv121__vmi_class_type_infoD2Ev                                          
000016fb  _ZN10__cxxabiv121__vmi_class_type_infoD0Ev                                          
00001703  _ZN10__cxxabiv120__si_class_type_infoD1Ev                                           
00001703  _ZN10__cxxabiv120__si_class_type_infoD2Ev                                           
00001705  _ZN10__cxxabiv120__si_class_type_infoD0Ev                                           
0000170d  _ZN10__cxxabiv120__function_type_infoD1Ev                                           
0000170d  _ZN10__cxxabiv120__function_type_infoD2Ev                                           
0000170f  _ZN10__cxxabiv120__function_type_infoD0Ev                                           
00001717  _ZN10__cxxabiv119__pointer_type_infoD1Ev                                            
00001717  _ZN10__cxxabiv119__pointer_type_infoD2Ev                                            
00001719  _ZN10__cxxabiv119__pointer_type_infoD0Ev                                            
00001721  _ZN10__cxxabiv117__pbase_type_infoD1Ev                                              
00001721  _ZN10__cxxabiv117__pbase_type_infoD2Ev                                              
00001723  _ZN10__cxxabiv117__pbase_type_infoD0Ev                                              
0000172b  _ZN10__cxxabiv117__class_type_infoD1Ev                                              
0000172b  _ZN10__cxxabiv117__class_type_infoD2Ev                                              
0000172d  _ZN10__cxxabiv117__class_type_infoD0Ev                                              
00001735  _ZN10__cxxabiv117__array_type_infoD1Ev                                              
00001735  _ZN10__cxxabiv117__array_type_infoD2Ev                                              
00001737  _ZN10__cxxabiv117__array_type_infoD0Ev                                              
0000173f  _ZN10__cxxabiv116__enum_type_infoD1Ev                                               
0000173f  _ZN10__cxxabiv116__enum_type_infoD2Ev                                               
00001741  _ZN10__cxxabiv116__enum_type_infoD0Ev                                               
00001751  __aeabi_memcpy                                                                      
00001751  __aeabi_memcpy4                                                                     
00001751  __aeabi_memcpy8                                                                     
00001751  memcpy                                                                              
000017ed  __aeabi_memclr                                                                      
000017ed  __aeabi_memclr4                                                                     
000017ed  __aeabi_memclr8                                                                     
000017ef  __aeabi_memset                                                                      
000017ef  __aeabi_memset4                                                                     
000017ef  __aeabi_memset8                                                                     
000017f5  memset                                                                              
00001867  _system_post_cinit                                                                  
00001869  __TI_auto_init                                                                      
000018d9  __TI_decompress_lzss                                                                
0000193f  _ZN7Buffers13RollingBufferC1ENS_10BaseBufferE                                       
00001995  _c_int00                                                                            
000019e9  C$$EXIT                                                                             
000019ed  abort                                                                               
000019f5  exit                                                                                
00001a3d  _ZN7Buffers13RollingBuffer7DequeueEv                                                
00001a8b  _ZN7Buffers13RollingBuffer7EnqueueEh                                                
00001ad9  copy_in                                                                             
00001b25  _ZN7Buffers10BaseBufferC1EPhi                                                       
00001b41  _ZN5ServoC1Ev                                                                       
00001b59  _args_main                                                                          
00001b71  _ZN7Buffers13RollingBuffer7IsEmptyEv                                                
00001b85  _register_unlock                                                                    
00001b8b  _register_lock                                                                      
00001b93  _nop                                                                                
00001b99  _ZN7Buffers10AutoBufferILi300EE7GetSizeEv                                           
00001ba7  _ZN7Buffers10BaseBuffer7GetDataEv                                                   
00001bb5  _ZN7Buffers10BaseBuffer7GetSizeEv                                                   
00001bc3  __TI_decompress_none                                                                
00001bd1  Reset_Handler                                                                       
00001bdd  ADC14_IRQHandler                                                                    
00001bdd  AES256_IRQHandler                                                                   
00001bdd  BusFault_Handler                                                                    
00001bdd  COMP_E0_IRQHandler                                                                  
00001bdd  COMP_E1_IRQHandler                                                                  
00001bdd  CS_IRQHandler                                                                       
00001bdd  DMA_ERR_IRQHandler                                                                  
00001bdd  DMA_INT0_IRQHandler                                                                 
00001bdd  DMA_INT1_IRQHandler                                                                 
00001bdd  DMA_INT2_IRQHandler                                                                 
00001bdd  DMA_INT3_IRQHandler                                                                 
00001bdd  DebugMon_Handler                                                                    
00001bdd  Default_Handler                                                                     
00001bdd  EUSCIA0_IRQHandler                                                                  
00001bdd  EUSCIB0_IRQHandler                                                                  
00001bdd  EUSCIB1_IRQHandler                                                                  
00001bdd  EUSCIB2_IRQHandler                                                                  
00001bdd  EUSCIB3_IRQHandler                                                                  
00001bdd  FLCTL_IRQHandler                                                                    
00001bdd  FPU_IRQHandler                                                                      
00001bdd  HardFault_Handler                                                                   
00001bdd  MemManage_Handler                                                                   
00001bdd  NMI_Handler                                                                         
00001bdd  PCM_IRQHandler                                                                      
00001bdd  PORT1_IRQHandler                                                                    
00001bdd  PORT2_IRQHandler                                                                    
00001bdd  PORT3_IRQHandler                                                                    
00001bdd  PORT4_IRQHandler                                                                    
00001bdd  PORT5_IRQHandler                                                                    
00001bdd  PORT6_IRQHandler                                                                    
00001bdd  PSS_IRQHandler                                                                      
00001bdd  PendSV_Handler                                                                      
00001bdd  RTC_C_IRQHandler                                                                    
00001bdd  SVC_Handler                                                                         
00001bdd  SysTick_Handler                                                                     
00001bdd  T32_INT1_IRQHandler                                                                 
00001bdd  T32_INT2_IRQHandler                                                                 
00001bdd  T32_INTC_IRQHandler                                                                 
00001bdd  TA0_0_IRQHandler                                                                    
00001bdd  TA0_N_IRQHandler                                                                    
00001bdd  TA1_0_IRQHandler                                                                    
00001bdd  TA1_N_IRQHandler                                                                    
00001bdd  TA2_0_IRQHandler                                                                    
00001bdd  TA2_N_IRQHandler                                                                    
00001bdd  TA3_0_IRQHandler                                                                    
00001bdd  TA3_N_IRQHandler                                                                    
00001bdd  UsageFault_Handler                                                                  
00001bdd  WDT_A_IRQHandler                                                                    
00001bdf  _ZN5ServoC2Ev                                                                       
00001beb  _ZN7Buffers10AutoBufferILi300EE7GetDataEv                                           
00001bf7  _ZN7Buffers10AutoBufferILi300EEC1Ev                                                 
00001c03  __TI_zero_init                                                                      
00001c0f  _ZdlPv                                                                              
00001c17  __cxa_pure_virtual                                                                  
00001c1d  __abort_execution                                                                   
00001c21  _system_pre_init                                                                    
00001c24  _ZTSN10__cxxabiv123__fundamental_type_infoE                                         
00001c4c  _ZTSN10__cxxabiv120__si_class_type_infoE                                            
00001c71  _ZTSN10__cxxabiv119__pointer_type_infoE                                             
00001c95  _ZTSN10__cxxabiv117__class_type_infoE                                               
00001cb7  _ZTSN10__cxxabiv117__pbase_type_infoE                                               
00001cd9  _ZTSN9Externals7PCA96854PortE                                                       
00001cf4  _ZTV5Servo                                                                          
00001d0c  _ZTVN9Externals7PCA96854PortE                                                       
00001d24  _ZTIPKe                                                                             
00001d34  _ZTVN10__cxxabiv117__class_type_infoE                                               
00001d44  _ZTVN10__cxxabiv119__pointer_type_infoE                                             
00001d54  _ZTVN10__cxxabiv120__si_class_type_infoE                                            
00001d64  _ZTVN10__cxxabiv123__fundamental_type_infoE                                         
00001d74  _ZTSSt9type_info                                                                    
00001d81  _ZTSe                                                                               
00001d84  _ZTIN10__cxxabiv117__class_type_infoE                                               
00001d90  _ZTIN10__cxxabiv117__pbase_type_infoE                                               
00001d9c  _ZTIN10__cxxabiv119__pointer_type_infoE                                             
00001da8  _ZTIN10__cxxabiv120__si_class_type_infoE                                            
00001db4  _ZTIN10__cxxabiv123__fundamental_type_infoE                                         
00001dc0  _ZTIN9Externals7PCA96854PortE                                                       
00001ddc  _ZTI5Servo                                                                          
00001de4  _ZTISt9type_info                                                                    
00001dec  _ZTIe                                                                               
00001df4  _ZTS5Servo                                                                          
00001dfb  _ZTSPKe                                                                             
00001e00  SHT$$INIT_ARRAY$$Base                                                               
00001e04  SHT$$INIT_ARRAY$$Limit                                                              
00001e28  __TI_Handler_Table_Base                                                             
00001e34  __TI_Handler_Table_Limit                                                            
00001e40  __TI_CINIT_Base                                                                     
00001e50  __TI_CINIT_Limit                                                                    
20000000  _ZN12Peripherials8A1_rawRxE                                                         
2000012c  _ZN12Peripherials8A1_rawTxE                                                         
20000258  _ZN12Peripherials8A2_rawRxE                                                         
20000384  _ZN12Peripherials8A2_rawTxE                                                         
200004b0  _ZN12Peripherials8A3_rawRxE                                                         
200005dc  _ZN12Peripherials8A3_rawTxE                                                         
20000708  _ZN12Peripherials7UART_A1E                                                          
2000072c  _ZN12Peripherials7UART_A2E                                                          
20000750  _ZN12Peripherials7UART_A3E                                                          
20000774  _ZN12Peripherials10A1_txQueueE                                                      
20000788  _ZN12Peripherials10A2_txQueueE                                                      
2000079c  _ZN12Peripherials10A3_txQueueE                                                      
200007b0  _ZN12Peripherials11A1_rxBufferE                                                     
200007b8  _ZN12Peripherials11A1_txBufferE                                                     
200007c0  _ZN12Peripherials11A2_rxBufferE                                                     
200007c8  _ZN12Peripherials11A2_txBufferE                                                     
200007d0  _ZN12Peripherials11A3_rxBufferE                                                     
200007d8  _ZN12Peripherials11A3_txBufferE                                                     
200007e0  _ZSt16__dummy_typeinfo                                                              
200007e8  _sys_memory                                                                         
20000be8  __TI_cleanup_ptr                                                                    
20000bec  __TI_dtors_ptr                                                                      
20000bf0  __TI_enable_exit_profile_output                                                     
20000c00  _lock                                                                               
20000c04  _unlock                                                                             
20000c08  main_func_sp                                                                        
20000c0c  SystemCoreClock                                                                     
2000fe00  __stack                                                                             
20010000  __STACK_END                                                                         
4000480c  WDTCTL_SYM                                                                          
ffffffff  __TI_pprof_out_hndl                                                                 
ffffffff  __TI_prof_data_size                                                                 
ffffffff  __TI_prof_data_start                                                                
ffffffff  __binit__                                                                           
ffffffff  __c_args__                                                                          
ffffffff  binit                                                                               

[243 symbols]
