<?xml version="1.0"?>
<link_info>
   <banner>TI ARM Linker PC v16.6.0.STS</banner>
   <copyright>Copyright (c) 1996-2015 Texas Instruments Incorporated</copyright>
   <link_time>0x583ccb25</link_time>
   <link_errors>0x0</link_errors>
   <output_file>Base Station Communication.out</output_file>
   <entry_point>
      <name>_c_int00</name>
      <address>0x1995</address>
   </entry_point>
   <input_file_list>
      <input_file id="fl-2">
         <path>.\</path>
         <kind>object</kind>
         <file>main.obj</file>
         <name>main.obj</name>
      </input_file>
      <input_file id="fl-3">
         <path>.\</path>
         <kind>object</kind>
         <file>startup_msp432p401r_ccs.obj</file>
         <name>startup_msp432p401r_ccs.obj</name>
      </input_file>
      <input_file id="fl-4">
         <path>.\</path>
         <kind>object</kind>
         <file>system_msp432p401r.obj</file>
         <name>system_msp432p401r.obj</name>
      </input_file>
      <input_file id="fl-5">
         <path>.\Protocol\</path>
         <kind>object</kind>
         <file>Protocol.obj</file>
         <name>Protocol.obj</name>
      </input_file>
      <input_file id="fl-b">
         <path>G:\Data\MAVRIC\MAVRIC_Firmware\FW2017\Shared\Debug\</path>
         <kind>archive</kind>
         <file>Shared.lib</file>
         <name>PCA9685.obj</name>
      </input_file>
      <input_file id="fl-c">
         <path>G:\Data\MAVRIC\MAVRIC_Firmware\FW2017\Shared\Debug\</path>
         <kind>archive</kind>
         <file>Shared.lib</file>
         <name>uart.obj</name>
      </input_file>
      <input_file id="fl-d">
         <path>G:\Data\MAVRIC\MAVRIC_Firmware\FW2017\Shared\Debug\</path>
         <kind>archive</kind>
         <file>Shared.lib</file>
         <name>I2C.obj</name>
      </input_file>
      <input_file id="fl-c3">
         <path>C:\TI\ccsv6\tools\compiler\ti-cgt-arm_16.6.0.STS\lib\</path>
         <kind>archive</kind>
         <file>rtsv7M4_T_le_v4SPD16_eabi.lib</file>
         <name>boot.obj</name>
      </input_file>
      <input_file id="fl-c4">
         <path>C:\TI\ccsv6\tools\compiler\ti-cgt-arm_16.6.0.STS\lib\</path>
         <kind>archive</kind>
         <file>rtsv7M4_T_le_v4SPD16_eabi.lib</file>
         <name>copy_decompress_lzss.obj</name>
      </input_file>
      <input_file id="fl-c5">
         <path>C:\TI\ccsv6\tools\compiler\ti-cgt-arm_16.6.0.STS\lib\</path>
         <kind>archive</kind>
         <file>rtsv7M4_T_le_v4SPD16_eabi.lib</file>
         <name>copy_decompress_none.obj</name>
      </input_file>
      <input_file id="fl-c6">
         <path>C:\TI\ccsv6\tools\compiler\ti-cgt-arm_16.6.0.STS\lib\</path>
         <kind>archive</kind>
         <file>rtsv7M4_T_le_v4SPD16_eabi.lib</file>
         <name>copy_zero_init.obj</name>
      </input_file>
      <input_file id="fl-c7">
         <path>C:\TI\ccsv6\tools\compiler\ti-cgt-arm_16.6.0.STS\lib\</path>
         <kind>archive</kind>
         <file>rtsv7M4_T_le_v4SPD16_eabi.lib</file>
         <name>exit.obj</name>
      </input_file>
      <input_file id="fl-c8">
         <path>C:\TI\ccsv6\tools\compiler\ti-cgt-arm_16.6.0.STS\lib\</path>
         <kind>archive</kind>
         <file>rtsv7M4_T_le_v4SPD16_eabi.lib</file>
         <name>memcpy_t2.obj</name>
      </input_file>
      <input_file id="fl-c9">
         <path>C:\TI\ccsv6\tools\compiler\ti-cgt-arm_16.6.0.STS\lib\</path>
         <kind>archive</kind>
         <file>rtsv7M4_T_le_v4SPD16_eabi.lib</file>
         <name>memset_t2.obj</name>
      </input_file>
      <input_file id="fl-ca">
         <path>C:\TI\ccsv6\tools\compiler\ti-cgt-arm_16.6.0.STS\lib\</path>
         <kind>archive</kind>
         <file>rtsv7M4_T_le_v4SPD16_eabi.lib</file>
         <name>mpu_init.obj</name>
      </input_file>
      <input_file id="fl-cb">
         <path>C:\TI\ccsv6\tools\compiler\ti-cgt-arm_16.6.0.STS\lib\</path>
         <kind>archive</kind>
         <file>rtsv7M4_T_le_v4SPD16_eabi.lib</file>
         <name>pre_init.obj</name>
      </input_file>
      <input_file id="fl-cc">
         <path>C:\TI\ccsv6\tools\compiler\ti-cgt-arm_16.6.0.STS\lib\</path>
         <kind>archive</kind>
         <file>rtsv7M4_T_le_v4SPD16_eabi.lib</file>
         <name>pure_virt.obj</name>
      </input_file>
      <input_file id="fl-cd">
         <path>C:\TI\ccsv6\tools\compiler\ti-cgt-arm_16.6.0.STS\lib\</path>
         <kind>archive</kind>
         <file>rtsv7M4_T_le_v4SPD16_eabi.lib</file>
         <name>stkdepth_vars.obj</name>
      </input_file>
      <input_file id="fl-ce">
         <path>C:\TI\ccsv6\tools\compiler\ti-cgt-arm_16.6.0.STS\lib\</path>
         <kind>archive</kind>
         <file>rtsv7M4_T_le_v4SPD16_eabi.lib</file>
         <name>typeinfo_.obj</name>
      </input_file>
      <input_file id="fl-cf">
         <path>C:\TI\ccsv6\tools\compiler\ti-cgt-arm_16.6.0.STS\lib\</path>
         <kind>archive</kind>
         <file>rtsv7M4_T_le_v4SPD16_eabi.lib</file>
         <name>ull_div_t2.obj</name>
      </input_file>
      <input_file id="fl-d0">
         <path>C:\TI\ccsv6\tools\compiler\ti-cgt-arm_16.6.0.STS\lib\</path>
         <kind>archive</kind>
         <file>rtsv7M4_T_le_v4SPD16_eabi.lib</file>
         <name>_lock.obj</name>
      </input_file>
      <input_file id="fl-d1">
         <path>C:\TI\ccsv6\tools\compiler\ti-cgt-arm_16.6.0.STS\lib\</path>
         <kind>archive</kind>
         <file>rtsv7M4_T_le_v4SPD16_eabi.lib</file>
         <name>args_main.obj</name>
      </input_file>
      <input_file id="fl-d2">
         <path>C:\TI\ccsv6\tools\compiler\ti-cgt-arm_16.6.0.STS\lib\</path>
         <kind>archive</kind>
         <file>rtsv7M4_T_le_v4SPD16_eabi.lib</file>
         <name>autoinit.obj</name>
      </input_file>
      <input_file id="fl-d3">
         <path>C:\TI\ccsv6\tools\compiler\ti-cgt-arm_16.6.0.STS\lib\</path>
         <kind>archive</kind>
         <file>rtsv7M4_T_le_v4SPD16_eabi.lib</file>
         <name>cpy_tbl.obj</name>
      </input_file>
      <input_file id="fl-d4">
         <path>C:\TI\ccsv6\tools\compiler\ti-cgt-arm_16.6.0.STS\lib\</path>
         <kind>archive</kind>
         <file>rtsv7M4_T_le_v4SPD16_eabi.lib</file>
         <name>delete.obj</name>
      </input_file>
      <input_file id="fl-d5">
         <path>C:\TI\ccsv6\tools\compiler\ti-cgt-arm_16.6.0.STS\lib\</path>
         <kind>archive</kind>
         <file>rtsv7M4_T_le_v4SPD16_eabi.lib</file>
         <name>error.obj</name>
      </input_file>
      <input_file id="fl-d6">
         <path>C:\TI\ccsv6\tools\compiler\ti-cgt-arm_16.6.0.STS\lib\</path>
         <kind>archive</kind>
         <file>rtsv7M4_T_le_v4SPD16_eabi.lib</file>
         <name>memory.obj</name>
      </input_file>
      <input_file id="fl-d7">
         <path>C:\TI\ccsv6\tools\compiler\ti-cgt-arm_16.6.0.STS\lib\</path>
         <kind>archive</kind>
         <file>rtsv7M4_T_le_v4SPD16_eabi.lib</file>
         <name>startup.obj</name>
      </input_file>
   </input_file_list>
   <object_component_list>
      <object_component id="oc-2c">
         <name>.intvecs:retain</name>
         <load_address>0x0</load_address>
         <run_address>0x0</run_address>
         <size>0xe4</size>
         <input_file_ref idref="fl-3"/>
      </object_component>
      <object_component id="oc-17d">
         <name>.text</name>
         <load_address>0xe4</load_address>
         <run_address>0xe4</run_address>
         <size>0x4a8</size>
         <input_file_ref idref="fl-b"/>
      </object_component>
      <object_component id="oc-7e">
         <name>.text</name>
         <load_address>0x58c</load_address>
         <run_address>0x58c</run_address>
         <size>0x3d8</size>
         <input_file_ref idref="fl-c"/>
      </object_component>
      <object_component id="oc-2b0">
         <name>.text</name>
         <load_address>0x964</load_address>
         <run_address>0x964</run_address>
         <size>0x3d0</size>
         <input_file_ref idref="fl-d6"/>
      </object_component>
      <object_component id="oc-c4">
         <name>.text</name>
         <load_address>0xd34</load_address>
         <run_address>0xd34</run_address>
         <size>0x32c</size>
         <input_file_ref idref="fl-4"/>
      </object_component>
      <object_component id="oc-b1">
         <name>.text</name>
         <load_address>0x1060</load_address>
         <run_address>0x1060</run_address>
         <size>0x1fc</size>
         <input_file_ref idref="fl-2"/>
      </object_component>
      <object_component id="oc-cb">
         <name>.text</name>
         <load_address>0x125c</load_address>
         <run_address>0x125c</run_address>
         <size>0x1f4</size>
         <input_file_ref idref="fl-cf"/>
      </object_component>
      <object_component id="oc-1fd">
         <name>.text</name>
         <load_address>0x1450</load_address>
         <run_address>0x1450</run_address>
         <size>0x150</size>
         <input_file_ref idref="fl-d"/>
      </object_component>
      <object_component id="oc-183">
         <name>.text</name>
         <load_address>0x15a0</load_address>
         <run_address>0x15a0</run_address>
         <size>0xf2</size>
         <input_file_ref idref="fl-5"/>
      </object_component>
      <object_component id="oc-56">
         <name>.text</name>
         <load_address>0x1692</load_address>
         <run_address>0x1692</run_address>
         <size>0x2</size>
         <input_file_ref idref="fl-ca"/>
      </object_component>
      <object_component id="oc-25e">
         <name>.text</name>
         <load_address>0x1694</load_address>
         <run_address>0x1694</run_address>
         <size>0xbc</size>
         <input_file_ref idref="fl-ce"/>
      </object_component>
      <object_component id="oc-3e">
         <name>.text</name>
         <load_address>0x1750</load_address>
         <run_address>0x1750</run_address>
         <size>0x9c</size>
         <input_file_ref idref="fl-c8"/>
      </object_component>
      <object_component id="oc-4a">
         <name>.text</name>
         <load_address>0x17ec</load_address>
         <run_address>0x17ec</run_address>
         <size>0x7a</size>
         <input_file_ref idref="fl-c9"/>
      </object_component>
      <object_component id="oc-a9">
         <name>.text</name>
         <load_address>0x1866</load_address>
         <run_address>0x1866</run_address>
         <size>0x2</size>
         <input_file_ref idref="fl-d7"/>
      </object_component>
      <object_component id="oc-62">
         <name>.text</name>
         <load_address>0x1868</load_address>
         <run_address>0x1868</run_address>
         <size>0x70</size>
         <input_file_ref idref="fl-d2"/>
      </object_component>
      <object_component id="oc-14">
         <name>.text:decompress:lzss</name>
         <load_address>0x18d8</load_address>
         <run_address>0x18d8</run_address>
         <size>0x66</size>
         <input_file_ref idref="fl-c4"/>
      </object_component>
      <object_component id="oc-115">
         <name>.text:_ZN7Buffers13RollingBufferC1ENS_10BaseBufferE</name>
         <load_address>0x193e</load_address>
         <run_address>0x193e</run_address>
         <size>0x54</size>
         <input_file_ref idref="fl-c"/>
      </object_component>
      <object_component id="oc-26">
         <name>.text</name>
         <load_address>0x1994</load_address>
         <run_address>0x1994</run_address>
         <size>0x54</size>
         <input_file_ref idref="fl-c3"/>
      </object_component>
      <object_component id="oc-6e">
         <name>.text</name>
         <load_address>0x19e8</load_address>
         <run_address>0x19e8</run_address>
         <size>0x54</size>
         <input_file_ref idref="fl-c7"/>
      </object_component>
      <object_component id="oc-ec">
         <name>.text:_ZN7Buffers13RollingBuffer7DequeueEv</name>
         <load_address>0x1a3c</load_address>
         <run_address>0x1a3c</run_address>
         <size>0x4e</size>
         <input_file_ref idref="fl-c"/>
      </object_component>
      <object_component id="oc-d0">
         <name>.text:_ZN7Buffers13RollingBuffer7EnqueueEh</name>
         <load_address>0x1a8a</load_address>
         <run_address>0x1a8a</run_address>
         <size>0x4e</size>
         <input_file_ref idref="fl-c"/>
      </object_component>
      <object_component id="oc-a3">
         <name>.text</name>
         <load_address>0x1ad8</load_address>
         <run_address>0x1ad8</run_address>
         <size>0x4c</size>
         <input_file_ref idref="fl-d3"/>
      </object_component>
      <object_component id="oc-10e">
         <name>.text:_ZN7Buffers10BaseBufferC1EPhi</name>
         <load_address>0x1b24</load_address>
         <run_address>0x1b24</run_address>
         <size>0x1c</size>
         <input_file_ref idref="fl-c"/>
      </object_component>
      <object_component id="oc-22d">
         <name>.text:_ZN5ServoC1Ev</name>
         <load_address>0x1b40</load_address>
         <run_address>0x1b40</run_address>
         <size>0x18</size>
         <input_file_ref idref="fl-b"/>
      </object_component>
      <object_component id="oc-68">
         <name>.text</name>
         <load_address>0x1b58</load_address>
         <run_address>0x1b58</run_address>
         <size>0x18</size>
         <input_file_ref idref="fl-d1"/>
      </object_component>
      <object_component id="oc-e5">
         <name>.text:_ZN7Buffers13RollingBuffer7IsEmptyEv</name>
         <load_address>0x1b70</load_address>
         <run_address>0x1b70</run_address>
         <size>0x14</size>
         <input_file_ref idref="fl-c"/>
      </object_component>
      <object_component id="oc-1ad">
         <name>.text</name>
         <load_address>0x1b84</load_address>
         <run_address>0x1b84</run_address>
         <size>0x14</size>
         <input_file_ref idref="fl-d0"/>
      </object_component>
      <object_component id="oc-107">
         <name>.text:_ZN7Buffers10AutoBufferILi300EE7GetSizeEv</name>
         <load_address>0x1b98</load_address>
         <run_address>0x1b98</run_address>
         <size>0xe</size>
         <input_file_ref idref="fl-c"/>
      </object_component>
      <object_component id="oc-de">
         <name>.text:_ZN7Buffers10BaseBuffer7GetDataEv</name>
         <load_address>0x1ba6</load_address>
         <run_address>0x1ba6</run_address>
         <size>0xe</size>
         <input_file_ref idref="fl-2"/>
      </object_component>
      <object_component id="oc-d7">
         <name>.text:_ZN7Buffers10BaseBuffer7GetSizeEv</name>
         <load_address>0x1bb4</load_address>
         <run_address>0x1bb4</run_address>
         <size>0xe</size>
         <input_file_ref idref="fl-c"/>
      </object_component>
      <object_component id="oc-1a">
         <name>.text:decompress:none</name>
         <load_address>0x1bc2</load_address>
         <run_address>0x1bc2</run_address>
         <size>0xe</size>
         <input_file_ref idref="fl-c5"/>
      </object_component>
      <object_component id="oc-78">
         <name>.text</name>
         <load_address>0x1bd0</load_address>
         <run_address>0x1bd0</run_address>
         <size>0xe</size>
         <input_file_ref idref="fl-3"/>
      </object_component>
      <object_component id="oc-203">
         <name>.text:_ZN5ServoC2Ev</name>
         <load_address>0x1bde</load_address>
         <run_address>0x1bde</run_address>
         <size>0xc</size>
         <input_file_ref idref="fl-b"/>
      </object_component>
      <object_component id="oc-100">
         <name>.text:_ZN7Buffers10AutoBufferILi300EE7GetDataEv</name>
         <load_address>0x1bea</load_address>
         <run_address>0x1bea</run_address>
         <size>0xc</size>
         <input_file_ref idref="fl-c"/>
      </object_component>
      <object_component id="oc-f9">
         <name>.text:_ZN7Buffers10AutoBufferILi300EEC1Ev</name>
         <load_address>0x1bf6</load_address>
         <run_address>0x1bf6</run_address>
         <size>0xc</size>
         <input_file_ref idref="fl-c"/>
      </object_component>
      <object_component id="oc-20">
         <name>.text:decompress:ZI</name>
         <load_address>0x1c02</load_address>
         <run_address>0x1c02</run_address>
         <size>0xc</size>
         <input_file_ref idref="fl-c6"/>
      </object_component>
      <object_component id="oc-282">
         <name>.text</name>
         <load_address>0x1c0e</load_address>
         <run_address>0x1c0e</run_address>
         <size>0x8</size>
         <input_file_ref idref="fl-d4"/>
      </object_component>
      <object_component id="oc-253">
         <name>.text</name>
         <load_address>0x1c16</load_address>
         <run_address>0x1c16</run_address>
         <size>0x6</size>
         <input_file_ref idref="fl-cc"/>
      </object_component>
      <object_component id="oc-271">
         <name>.text</name>
         <load_address>0x1c1c</load_address>
         <run_address>0x1c1c</run_address>
         <size>0x4</size>
         <input_file_ref idref="fl-d5"/>
      </object_component>
      <object_component id="oc-5c">
         <name>.text</name>
         <load_address>0x1c20</load_address>
         <run_address>0x1c20</run_address>
         <size>0x4</size>
         <input_file_ref idref="fl-cb"/>
      </object_component>
      <object_component id="oc-2f7">
         <name>.const:.typeinfo:_ZTSN10__cxxabiv123__fundamental_type_infoE</name>
         <load_address>0x1c24</load_address>
         <run_address>0x1c24</run_address>
         <size>0x28</size>
         <input_file_ref idref="fl-ce"/>
      </object_component>
      <object_component id="oc-278">
         <name>.const:.typeinfo:_ZTSN10__cxxabiv120__si_class_type_infoE</name>
         <load_address>0x1c4c</load_address>
         <run_address>0x1c4c</run_address>
         <size>0x25</size>
         <input_file_ref idref="fl-ce"/>
      </object_component>
      <object_component id="oc-2e3">
         <name>.const:.typeinfo:_ZTSN10__cxxabiv119__pointer_type_infoE</name>
         <load_address>0x1c71</load_address>
         <run_address>0x1c71</run_address>
         <size>0x24</size>
         <input_file_ref idref="fl-ce"/>
      </object_component>
      <object_component id="oc-2a6">
         <name>.const:.typeinfo:_ZTSN10__cxxabiv117__class_type_infoE</name>
         <load_address>0x1c95</load_address>
         <run_address>0x1c95</run_address>
         <size>0x22</size>
         <input_file_ref idref="fl-ce"/>
      </object_component>
      <object_component id="oc-2f2">
         <name>.const:.typeinfo:_ZTSN10__cxxabiv117__pbase_type_infoE</name>
         <load_address>0x1cb7</load_address>
         <run_address>0x1cb7</run_address>
         <size>0x22</size>
         <input_file_ref idref="fl-ce"/>
      </object_component>
      <object_component id="oc-249">
         <name>.const:.typeinfo:_ZTSN9Externals7PCA96854PortE</name>
         <load_address>0x1cd9</load_address>
         <run_address>0x1cd9</run_address>
         <size>0x1a</size>
         <input_file_ref idref="fl-b"/>
      </object_component>
      <object_component id="oc-23f">
         <name>.const:_ZTV5Servo</name>
         <load_address>0x1cf4</load_address>
         <run_address>0x1cf4</run_address>
         <size>0x18</size>
         <input_file_ref idref="fl-b"/>
      </object_component>
      <object_component id="oc-20a">
         <name>.const:_ZTVN9Externals7PCA96854PortE</name>
         <load_address>0x1d0c</load_address>
         <run_address>0x1d0c</run_address>
         <size>0x18</size>
         <input_file_ref idref="fl-b"/>
      </object_component>
      <object_component id="oc-289">
         <name>.const:.typeinfo:_ZTIPKe</name>
         <load_address>0x1d24</load_address>
         <run_address>0x1d24</run_address>
         <size>0x10</size>
         <input_file_ref idref="fl-ce"/>
      </object_component>
      <object_component id="oc-267">
         <name>.const:_ZTVN10__cxxabiv117__class_type_infoE</name>
         <load_address>0x1d34</load_address>
         <run_address>0x1d34</run_address>
         <size>0x10</size>
         <input_file_ref idref="fl-ce"/>
      </object_component>
      <object_component id="oc-2b8">
         <name>.const:_ZTVN10__cxxabiv119__pointer_type_infoE</name>
         <load_address>0x1d44</load_address>
         <run_address>0x1d44</run_address>
         <size>0x10</size>
         <input_file_ref idref="fl-ce"/>
      </object_component>
      <object_component id="oc-244">
         <name>.const:_ZTVN10__cxxabiv120__si_class_type_infoE</name>
         <load_address>0x1d54</load_address>
         <run_address>0x1d54</run_address>
         <size>0x10</size>
         <input_file_ref idref="fl-ce"/>
      </object_component>
      <object_component id="oc-2d7">
         <name>.const:_ZTVN10__cxxabiv123__fundamental_type_infoE</name>
         <load_address>0x1d64</load_address>
         <run_address>0x1d64</run_address>
         <size>0x10</size>
         <input_file_ref idref="fl-ce"/>
      </object_component>
      <object_component id="oc-2c7">
         <name>.const:.typeinfo:_ZTSSt9type_info</name>
         <load_address>0x1d74</load_address>
         <run_address>0x1d74</run_address>
         <size>0xd</size>
         <input_file_ref idref="fl-ce"/>
      </object_component>
      <object_component id="oc-2dc">
         <name>.const:.typeinfo:_ZTSe</name>
         <load_address>0x1d81</load_address>
         <run_address>0x1d81</run_address>
         <size>0x2</size>
         <input_file_ref idref="fl-ce"/>
      </object_component>
      <object_component id="oc-27d">
         <name>.const:.typeinfo:_ZTIN10__cxxabiv117__class_type_infoE</name>
         <load_address>0x1d84</load_address>
         <run_address>0x1d84</run_address>
         <size>0xc</size>
         <input_file_ref idref="fl-ce"/>
      </object_component>
      <object_component id="oc-2e8">
         <name>.const:.typeinfo:_ZTIN10__cxxabiv117__pbase_type_infoE</name>
         <load_address>0x1d90</load_address>
         <run_address>0x1d90</run_address>
         <size>0xc</size>
         <input_file_ref idref="fl-ce"/>
      </object_component>
      <object_component id="oc-2d2">
         <name>.const:.typeinfo:_ZTIN10__cxxabiv119__pointer_type_infoE</name>
         <load_address>0x1d9c</load_address>
         <run_address>0x1d9c</run_address>
         <size>0xc</size>
         <input_file_ref idref="fl-ce"/>
      </object_component>
      <object_component id="oc-259">
         <name>.const:.typeinfo:_ZTIN10__cxxabiv120__si_class_type_infoE</name>
         <load_address>0x1da8</load_address>
         <run_address>0x1da8</run_address>
         <size>0xc</size>
         <input_file_ref idref="fl-ce"/>
      </object_component>
      <object_component id="oc-2ed">
         <name>.const:.typeinfo:_ZTIN10__cxxabiv123__fundamental_type_infoE</name>
         <load_address>0x1db4</load_address>
         <run_address>0x1db4</run_address>
         <size>0xc</size>
         <input_file_ref idref="fl-ce"/>
      </object_component>
      <object_component id="oc-234">
         <name>.const:.typeinfo:_ZTIN9Externals7PCA96854PortE</name>
         <load_address>0x1dc0</load_address>
         <run_address>0x1dc0</run_address>
         <size>0xc</size>
         <input_file_ref idref="fl-b"/>
      </object_component>
      <object_component id="oc-189">
         <name>.const:$P$T46$1</name>
         <load_address>0x1dcc</load_address>
         <run_address>0x1dcc</run_address>
         <size>0x8</size>
         <input_file_ref idref="fl-2"/>
      </object_component>
      <object_component id="oc-18c">
         <name>.const:$P$T47$2</name>
         <load_address>0x1dd4</load_address>
         <run_address>0x1dd4</run_address>
         <size>0x8</size>
         <input_file_ref idref="fl-2"/>
      </object_component>
      <object_component id="oc-24e">
         <name>.const:.typeinfo:_ZTI5Servo</name>
         <load_address>0x1ddc</load_address>
         <run_address>0x1ddc</run_address>
         <size>0x8</size>
         <input_file_ref idref="fl-b"/>
      </object_component>
      <object_component id="oc-2ab">
         <name>.const:.typeinfo:_ZTISt9type_info</name>
         <load_address>0x1de4</load_address>
         <run_address>0x1de4</run_address>
         <size>0x8</size>
         <input_file_ref idref="fl-ce"/>
      </object_component>
      <object_component id="oc-2c2">
         <name>.const:.typeinfo:_ZTIe</name>
         <load_address>0x1dec</load_address>
         <run_address>0x1dec</run_address>
         <size>0x8</size>
         <input_file_ref idref="fl-ce"/>
      </object_component>
      <object_component id="oc-26c">
         <name>.const:.typeinfo:_ZTS5Servo</name>
         <load_address>0x1df4</load_address>
         <run_address>0x1df4</run_address>
         <size>0x7</size>
         <input_file_ref idref="fl-b"/>
      </object_component>
      <object_component id="oc-2bd">
         <name>.const:.typeinfo:_ZTSPKe</name>
         <load_address>0x1dfb</load_address>
         <run_address>0x1dfb</run_address>
         <size>0x4</size>
         <input_file_ref idref="fl-ce"/>
      </object_component>
      <object_component id="oc-323">
         <name>.cinit..data.load</name>
         <load_address>0x1e08</load_address>
         <run_address>0x1e08</run_address>
         <size>0x1e</size>
      </object_component>
      <object_component id="oc-321">
         <name>__TI_handler_table</name>
         <load_address>0x1e28</load_address>
         <run_address>0x1e28</run_address>
         <size>0xc</size>
      </object_component>
      <object_component id="oc-324">
         <name>.cinit..bss.load</name>
         <load_address>0x1e38</load_address>
         <run_address>0x1e38</run_address>
         <size>0x8</size>
      </object_component>
      <object_component id="oc-322">
         <name>__TI_cinit_table</name>
         <load_address>0x1e40</load_address>
         <run_address>0x1e40</run_address>
         <size>0x10</size>
      </object_component>
      <object_component id="oc-1c5">
         <name>.init_array</name>
         <load_address>0x1e00</load_address>
         <run_address>0x1e00</run_address>
         <size>0x4</size>
         <input_file_ref idref="fl-c"/>
      </object_component>
      <object_component id="oc-2fe">
         <name>.binit</name>
         <load_address>0x0</load_address>
         <run_address>0x0</run_address>
         <size>0x0</size>
      </object_component>
      <object_component id="oc-1b9">
         <name>.data</name>
         <load_address>0x20000c0c</load_address>
         <run_address>0x20000c0c</run_address>
         <size>0x4</size>
         <input_file_ref idref="fl-4"/>
      </object_component>
      <object_component id="oc-b9">
         <name>.data:$O1$$</name>
         <load_address>0x20000be8</load_address>
         <run_address>0x20000be8</run_address>
         <size>0xc</size>
         <input_file_ref idref="fl-c7"/>
      </object_component>
      <object_component id="oc-74">
         <name>.data</name>
         <load_address>0x20000c08</load_address>
         <run_address>0x20000c08</run_address>
         <size>0x4</size>
         <input_file_ref idref="fl-cd"/>
      </object_component>
      <object_component id="oc-bc">
         <name>.data:$O1$$</name>
         <load_address>0x20000c00</load_address>
         <run_address>0x20000c00</run_address>
         <size>0x8</size>
         <input_file_ref idref="fl-d0"/>
      </object_component>
      <object_component id="oc-2cc">
         <name>.data:$O1$$</name>
         <load_address>0x20000bf4</load_address>
         <run_address>0x20000bf4</run_address>
         <size>0xc</size>
         <input_file_ref idref="fl-d6"/>
      </object_component>
      <object_component id="oc-11f">
         <name>.bss:_ZN12Peripherials8A1_rawTxE</name>
         <uninitialized>true</uninitialized>
         <run_address>0x2000012c</run_address>
         <size>0x12c</size>
         <input_file_ref idref="fl-c"/>
      </object_component>
      <object_component id="oc-122">
         <name>.bss:_ZN12Peripherials11A1_txBufferE</name>
         <uninitialized>true</uninitialized>
         <run_address>0x200007b8</run_address>
         <size>0x8</size>
         <input_file_ref idref="fl-c"/>
      </object_component>
      <object_component id="oc-125">
         <name>.bss:_ZN12Peripherials10A1_txQueueE</name>
         <uninitialized>true</uninitialized>
         <run_address>0x20000774</run_address>
         <size>0x14</size>
         <input_file_ref idref="fl-c"/>
      </object_component>
      <object_component id="oc-128">
         <name>.bss:_ZN12Peripherials8A1_rawRxE</name>
         <uninitialized>true</uninitialized>
         <run_address>0x20000000</run_address>
         <size>0x12c</size>
         <input_file_ref idref="fl-c"/>
      </object_component>
      <object_component id="oc-12b">
         <name>.bss:_ZN12Peripherials11A1_rxBufferE</name>
         <uninitialized>true</uninitialized>
         <run_address>0x200007b0</run_address>
         <size>0x8</size>
         <input_file_ref idref="fl-c"/>
      </object_component>
      <object_component id="oc-11c">
         <name>.bss:_ZN12Peripherials7UART_A1E</name>
         <uninitialized>true</uninitialized>
         <run_address>0x20000708</run_address>
         <size>0x24</size>
         <input_file_ref idref="fl-c"/>
      </object_component>
      <object_component id="oc-12e">
         <name>.bss:_ZN12Peripherials8A2_rawTxE</name>
         <uninitialized>true</uninitialized>
         <run_address>0x20000384</run_address>
         <size>0x12c</size>
         <input_file_ref idref="fl-c"/>
      </object_component>
      <object_component id="oc-131">
         <name>.bss:_ZN12Peripherials11A2_txBufferE</name>
         <uninitialized>true</uninitialized>
         <run_address>0x200007c8</run_address>
         <size>0x8</size>
         <input_file_ref idref="fl-c"/>
      </object_component>
      <object_component id="oc-134">
         <name>.bss:_ZN12Peripherials10A2_txQueueE</name>
         <uninitialized>true</uninitialized>
         <run_address>0x20000788</run_address>
         <size>0x14</size>
         <input_file_ref idref="fl-c"/>
      </object_component>
      <object_component id="oc-137">
         <name>.bss:_ZN12Peripherials8A2_rawRxE</name>
         <uninitialized>true</uninitialized>
         <run_address>0x20000258</run_address>
         <size>0x12c</size>
         <input_file_ref idref="fl-c"/>
      </object_component>
      <object_component id="oc-13a">
         <name>.bss:_ZN12Peripherials11A2_rxBufferE</name>
         <uninitialized>true</uninitialized>
         <run_address>0x200007c0</run_address>
         <size>0x8</size>
         <input_file_ref idref="fl-c"/>
      </object_component>
      <object_component id="oc-f3">
         <name>.bss:_ZN12Peripherials7UART_A2E</name>
         <uninitialized>true</uninitialized>
         <run_address>0x2000072c</run_address>
         <size>0x24</size>
         <input_file_ref idref="fl-c"/>
      </object_component>
      <object_component id="oc-13d">
         <name>.bss:_ZN12Peripherials8A3_rawTxE</name>
         <uninitialized>true</uninitialized>
         <run_address>0x200005dc</run_address>
         <size>0x12c</size>
         <input_file_ref idref="fl-c"/>
      </object_component>
      <object_component id="oc-140">
         <name>.bss:_ZN12Peripherials11A3_txBufferE</name>
         <uninitialized>true</uninitialized>
         <run_address>0x200007d8</run_address>
         <size>0x8</size>
         <input_file_ref idref="fl-c"/>
      </object_component>
      <object_component id="oc-143">
         <name>.bss:_ZN12Peripherials10A3_txQueueE</name>
         <uninitialized>true</uninitialized>
         <run_address>0x2000079c</run_address>
         <size>0x14</size>
         <input_file_ref idref="fl-c"/>
      </object_component>
      <object_component id="oc-146">
         <name>.bss:_ZN12Peripherials8A3_rawRxE</name>
         <uninitialized>true</uninitialized>
         <run_address>0x200004b0</run_address>
         <size>0x12c</size>
         <input_file_ref idref="fl-c"/>
      </object_component>
      <object_component id="oc-149">
         <name>.bss:_ZN12Peripherials11A3_rxBufferE</name>
         <uninitialized>true</uninitialized>
         <run_address>0x200007d0</run_address>
         <size>0x8</size>
         <input_file_ref idref="fl-c"/>
      </object_component>
      <object_component id="oc-f6">
         <name>.bss:_ZN12Peripherials7UART_A3E</name>
         <uninitialized>true</uninitialized>
         <run_address>0x20000750</run_address>
         <size>0x24</size>
         <input_file_ref idref="fl-c"/>
      </object_component>
      <object_component id="oc-288">
         <name>.common:_ZSt16__dummy_typeinfo</name>
         <uninitialized>true</uninitialized>
         <run_address>0x200007e0</run_address>
         <size>0x4</size>
      </object_component>
      <object_component id="oc-30">
         <name>.sysmem</name>
         <uninitialized>true</uninitialized>
         <run_address>0x200007e8</run_address>
         <size>0x8</size>
         <input_file_ref idref="fl-d6"/>
      </object_component>
      <object_component id="oc-326">
         <name>.sysmem</name>
         <uninitialized>true</uninitialized>
         <run_address>0x200007e8</run_address>
         <size>0x0</size>
      </object_component>
      <object_component id="oc-2f">
         <name>.stack</name>
         <uninitialized>true</uninitialized>
         <run_address>0x2000fe00</run_address>
         <size>0x0</size>
         <input_file_ref idref="fl-c3"/>
      </object_component>
      <object_component id="oc-325">
         <name>.stack</name>
         <uninitialized>true</uninitialized>
         <run_address>0x2000fe00</run_address>
         <size>0x0</size>
      </object_component>
      <object_component id="oc-1c3">
         <name>.debug_info</name>
         <load_address>0x0</load_address>
         <run_address>0x0</run_address>
         <size>0x174b</size>
         <input_file_ref idref="fl-2"/>
      </object_component>
      <object_component id="oc-18a">
         <name>.debug_info</name>
         <load_address>0x174b</load_address>
         <run_address>0x174b</run_address>
         <size>0xe4</size>
         <input_file_ref idref="fl-2"/>
      </object_component>
      <object_component id="oc-18d">
         <name>.debug_info</name>
         <load_address>0x182f</load_address>
         <run_address>0x182f</run_address>
         <size>0xe4</size>
         <input_file_ref idref="fl-2"/>
      </object_component>
      <object_component id="oc-b2">
         <name>.debug_info</name>
         <load_address>0x1913</load_address>
         <run_address>0x1913</run_address>
         <size>0x68a</size>
         <input_file_ref idref="fl-2"/>
      </object_component>
      <object_component id="oc-df">
         <name>.debug_info</name>
         <load_address>0x1f9d</load_address>
         <run_address>0x1f9d</run_address>
         <size>0x1bb</size>
         <input_file_ref idref="fl-2"/>
      </object_component>
      <object_component id="oc-1ec">
         <name>.debug_info</name>
         <load_address>0x2158</load_address>
         <run_address>0x2158</run_address>
         <size>0x1251</size>
         <input_file_ref idref="fl-2"/>
      </object_component>
      <object_component id="oc-19f">
         <name>.debug_info</name>
         <load_address>0x33a9</load_address>
         <run_address>0x33a9</run_address>
         <size>0x3f65</size>
         <input_file_ref idref="fl-2"/>
      </object_component>
      <object_component id="oc-190">
         <name>.debug_info</name>
         <load_address>0x730e</load_address>
         <run_address>0x730e</run_address>
         <size>0x588</size>
         <input_file_ref idref="fl-2"/>
      </object_component>
      <object_component id="oc-19a">
         <name>.debug_info</name>
         <load_address>0x7896</load_address>
         <run_address>0x7896</run_address>
         <size>0x24c</size>
         <input_file_ref idref="fl-2"/>
      </object_component>
      <object_component id="oc-195">
         <name>.debug_info</name>
         <load_address>0x7ae2</load_address>
         <run_address>0x7ae2</run_address>
         <size>0x3f1</size>
         <input_file_ref idref="fl-2"/>
      </object_component>
      <object_component id="oc-21e">
         <name>.debug_info</name>
         <load_address>0x7ed3</load_address>
         <run_address>0x7ed3</run_address>
         <size>0xc0</size>
         <input_file_ref idref="fl-2"/>
      </object_component>
      <object_component id="oc-14d">
         <name>.debug_info</name>
         <load_address>0x7f93</load_address>
         <run_address>0x7f93</run_address>
         <size>0x132</size>
         <input_file_ref idref="fl-2"/>
      </object_component>
      <object_component id="oc-154">
         <name>.debug_info</name>
         <load_address>0x80c5</load_address>
         <run_address>0x80c5</run_address>
         <size>0x8b</size>
         <input_file_ref idref="fl-2"/>
      </object_component>
      <object_component id="oc-1f1">
         <name>.debug_info</name>
         <load_address>0x8150</load_address>
         <run_address>0x8150</run_address>
         <size>0x18b</size>
         <input_file_ref idref="fl-2"/>
      </object_component>
      <object_component id="oc-86">
         <name>.debug_info</name>
         <load_address>0x82db</load_address>
         <run_address>0x82db</run_address>
         <size>0x12e</size>
         <input_file_ref idref="fl-3"/>
      </object_component>
      <object_component id="oc-2d">
         <name>.debug_info</name>
         <load_address>0x8409</load_address>
         <run_address>0x8409</run_address>
         <size>0x106</size>
         <input_file_ref idref="fl-3"/>
      </object_component>
      <object_component id="oc-79">
         <name>.debug_info</name>
         <load_address>0x850f</load_address>
         <run_address>0x850f</run_address>
         <size>0x1cd</size>
         <input_file_ref idref="fl-3"/>
      </object_component>
      <object_component id="oc-39">
         <name>.debug_info</name>
         <load_address>0x86dc</load_address>
         <run_address>0x86dc</run_address>
         <size>0x84</size>
         <input_file_ref idref="fl-3"/>
      </object_component>
      <object_component id="oc-1bd">
         <name>.debug_info</name>
         <load_address>0x8760</load_address>
         <run_address>0x8760</run_address>
         <size>0x18b</size>
         <input_file_ref idref="fl-3"/>
      </object_component>
      <object_component id="oc-1ba">
         <name>.debug_info</name>
         <load_address>0x88eb</load_address>
         <run_address>0x88eb</run_address>
         <size>0xff</size>
         <input_file_ref idref="fl-4"/>
      </object_component>
      <object_component id="oc-c5">
         <name>.debug_info</name>
         <load_address>0x89ea</load_address>
         <run_address>0x89ea</run_address>
         <size>0x271</size>
         <input_file_ref idref="fl-4"/>
      </object_component>
      <object_component id="oc-218">
         <name>.debug_info</name>
         <load_address>0x8c5b</load_address>
         <run_address>0x8c5b</run_address>
         <size>0x2bc</size>
         <input_file_ref idref="fl-5"/>
      </object_component>
      <object_component id="oc-186">
         <name>.debug_info</name>
         <load_address>0x8f17</load_address>
         <run_address>0x8f17</run_address>
         <size>0x266</size>
         <input_file_ref idref="fl-5"/>
      </object_component>
      <object_component id="oc-213">
         <name>.debug_info</name>
         <load_address>0x917d</load_address>
         <run_address>0x917d</run_address>
         <size>0x588</size>
         <input_file_ref idref="fl-5"/>
      </object_component>
      <object_component id="oc-210">
         <name>.debug_info</name>
         <load_address>0x9705</load_address>
         <run_address>0x9705</run_address>
         <size>0x1673</size>
         <input_file_ref idref="fl-b"/>
      </object_component>
      <object_component id="oc-240">
         <name>.debug_info</name>
         <load_address>0xad78</load_address>
         <run_address>0xad78</run_address>
         <size>0xf4</size>
         <input_file_ref idref="fl-b"/>
      </object_component>
      <object_component id="oc-20b">
         <name>.debug_info</name>
         <load_address>0xae6c</load_address>
         <run_address>0xae6c</run_address>
         <size>0x11a</size>
         <input_file_ref idref="fl-b"/>
      </object_component>
      <object_component id="oc-24f">
         <name>.debug_info</name>
         <load_address>0xaf86</load_address>
         <run_address>0xaf86</run_address>
         <size>0xe6</size>
         <input_file_ref idref="fl-b"/>
      </object_component>
      <object_component id="oc-235">
         <name>.debug_info</name>
         <load_address>0xb06c</load_address>
         <run_address>0xb06c</run_address>
         <size>0x10c</size>
         <input_file_ref idref="fl-b"/>
      </object_component>
      <object_component id="oc-26d">
         <name>.debug_info</name>
         <load_address>0xb178</load_address>
         <run_address>0xb178</run_address>
         <size>0xeb</size>
         <input_file_ref idref="fl-b"/>
      </object_component>
      <object_component id="oc-24a">
         <name>.debug_info</name>
         <load_address>0xb263</load_address>
         <run_address>0xb263</run_address>
         <size>0x111</size>
         <input_file_ref idref="fl-b"/>
      </object_component>
      <object_component id="oc-22f">
         <name>.debug_info</name>
         <load_address>0xb374</load_address>
         <run_address>0xb374</run_address>
         <size>0x111</size>
         <input_file_ref idref="fl-b"/>
      </object_component>
      <object_component id="oc-205">
         <name>.debug_info</name>
         <load_address>0xb485</load_address>
         <run_address>0xb485</run_address>
         <size>0x126</size>
         <input_file_ref idref="fl-b"/>
      </object_component>
      <object_component id="oc-180">
         <name>.debug_info</name>
         <load_address>0xb5ab</load_address>
         <run_address>0xb5ab</run_address>
         <size>0xd54</size>
         <input_file_ref idref="fl-b"/>
      </object_component>
      <object_component id="oc-152">
         <name>.debug_info</name>
         <load_address>0xc2ff</load_address>
         <run_address>0xc2ff</run_address>
         <size>0x1116</size>
         <input_file_ref idref="fl-c"/>
      </object_component>
      <object_component id="oc-120">
         <name>.debug_info</name>
         <load_address>0xd415</load_address>
         <run_address>0xd415</run_address>
         <size>0xf7</size>
         <input_file_ref idref="fl-c"/>
      </object_component>
      <object_component id="oc-123">
         <name>.debug_info</name>
         <load_address>0xd50c</load_address>
         <run_address>0xd50c</run_address>
         <size>0xfe</size>
         <input_file_ref idref="fl-c"/>
      </object_component>
      <object_component id="oc-126">
         <name>.debug_info</name>
         <load_address>0xd60a</load_address>
         <run_address>0xd60a</run_address>
         <size>0xfc</size>
         <input_file_ref idref="fl-c"/>
      </object_component>
      <object_component id="oc-129">
         <name>.debug_info</name>
         <load_address>0xd706</load_address>
         <run_address>0xd706</run_address>
         <size>0xf7</size>
         <input_file_ref idref="fl-c"/>
      </object_component>
      <object_component id="oc-12c">
         <name>.debug_info</name>
         <load_address>0xd7fd</load_address>
         <run_address>0xd7fd</run_address>
         <size>0xfe</size>
         <input_file_ref idref="fl-c"/>
      </object_component>
      <object_component id="oc-11d">
         <name>.debug_info</name>
         <load_address>0xd8fb</load_address>
         <run_address>0xd8fb</run_address>
         <size>0xf5</size>
         <input_file_ref idref="fl-c"/>
      </object_component>
      <object_component id="oc-12f">
         <name>.debug_info</name>
         <load_address>0xd9f0</load_address>
         <run_address>0xd9f0</run_address>
         <size>0xf7</size>
         <input_file_ref idref="fl-c"/>
      </object_component>
      <object_component id="oc-132">
         <name>.debug_info</name>
         <load_address>0xdae7</load_address>
         <run_address>0xdae7</run_address>
         <size>0xfe</size>
         <input_file_ref idref="fl-c"/>
      </object_component>
      <object_component id="oc-135">
         <name>.debug_info</name>
         <load_address>0xdbe5</load_address>
         <run_address>0xdbe5</run_address>
         <size>0xfc</size>
         <input_file_ref idref="fl-c"/>
      </object_component>
      <object_component id="oc-138">
         <name>.debug_info</name>
         <load_address>0xdce1</load_address>
         <run_address>0xdce1</run_address>
         <size>0xf7</size>
         <input_file_ref idref="fl-c"/>
      </object_component>
      <object_component id="oc-13b">
         <name>.debug_info</name>
         <load_address>0xddd8</load_address>
         <run_address>0xddd8</run_address>
         <size>0xfe</size>
         <input_file_ref idref="fl-c"/>
      </object_component>
      <object_component id="oc-f4">
         <name>.debug_info</name>
         <load_address>0xded6</load_address>
         <run_address>0xded6</run_address>
         <size>0xf5</size>
         <input_file_ref idref="fl-c"/>
      </object_component>
      <object_component id="oc-13e">
         <name>.debug_info</name>
         <load_address>0xdfcb</load_address>
         <run_address>0xdfcb</run_address>
         <size>0xf7</size>
         <input_file_ref idref="fl-c"/>
      </object_component>
      <object_component id="oc-141">
         <name>.debug_info</name>
         <load_address>0xe0c2</load_address>
         <run_address>0xe0c2</run_address>
         <size>0xfe</size>
         <input_file_ref idref="fl-c"/>
      </object_component>
      <object_component id="oc-144">
         <name>.debug_info</name>
         <load_address>0xe1c0</load_address>
         <run_address>0xe1c0</run_address>
         <size>0xfc</size>
         <input_file_ref idref="fl-c"/>
      </object_component>
      <object_component id="oc-147">
         <name>.debug_info</name>
         <load_address>0xe2bc</load_address>
         <run_address>0xe2bc</run_address>
         <size>0xf7</size>
         <input_file_ref idref="fl-c"/>
      </object_component>
      <object_component id="oc-14a">
         <name>.debug_info</name>
         <load_address>0xe3b3</load_address>
         <run_address>0xe3b3</run_address>
         <size>0xfe</size>
         <input_file_ref idref="fl-c"/>
      </object_component>
      <object_component id="oc-f7">
         <name>.debug_info</name>
         <load_address>0xe4b1</load_address>
         <run_address>0xe4b1</run_address>
         <size>0xf5</size>
         <input_file_ref idref="fl-c"/>
      </object_component>
      <object_component id="oc-110">
         <name>.debug_info</name>
         <load_address>0xe5a6</load_address>
         <run_address>0xe5a6</run_address>
         <size>0x1f5</size>
         <input_file_ref idref="fl-c"/>
      </object_component>
      <object_component id="oc-d9">
         <name>.debug_info</name>
         <load_address>0xe79b</load_address>
         <run_address>0xe79b</run_address>
         <size>0x1ac</size>
         <input_file_ref idref="fl-c"/>
      </object_component>
      <object_component id="oc-117">
         <name>.debug_info</name>
         <load_address>0xe947</load_address>
         <run_address>0xe947</run_address>
         <size>0x248</size>
         <input_file_ref idref="fl-c"/>
      </object_component>
      <object_component id="oc-d2">
         <name>.debug_info</name>
         <load_address>0xeb8f</load_address>
         <run_address>0xeb8f</run_address>
         <size>0x1c6</size>
         <input_file_ref idref="fl-c"/>
      </object_component>
      <object_component id="oc-ee">
         <name>.debug_info</name>
         <load_address>0xed55</load_address>
         <run_address>0xed55</run_address>
         <size>0x1bb</size>
         <input_file_ref idref="fl-c"/>
      </object_component>
      <object_component id="oc-e7">
         <name>.debug_info</name>
         <load_address>0xef10</load_address>
         <run_address>0xef10</run_address>
         <size>0x1af</size>
         <input_file_ref idref="fl-c"/>
      </object_component>
      <object_component id="oc-fb">
         <name>.debug_info</name>
         <load_address>0xf0bf</load_address>
         <run_address>0xf0bf</run_address>
         <size>0x1b1</size>
         <input_file_ref idref="fl-c"/>
      </object_component>
      <object_component id="oc-102">
         <name>.debug_info</name>
         <load_address>0xf270</load_address>
         <run_address>0xf270</run_address>
         <size>0x1b4</size>
         <input_file_ref idref="fl-c"/>
      </object_component>
      <object_component id="oc-109">
         <name>.debug_info</name>
         <load_address>0xf424</load_address>
         <run_address>0xf424</run_address>
         <size>0x1b4</size>
         <input_file_ref idref="fl-c"/>
      </object_component>
      <object_component id="oc-81">
         <name>.debug_info</name>
         <load_address>0xf5d8</load_address>
         <run_address>0xf5d8</run_address>
         <size>0xeca</size>
         <input_file_ref idref="fl-c"/>
      </object_component>
      <object_component id="oc-159">
         <name>.debug_info</name>
         <load_address>0x104a2</load_address>
         <run_address>0x104a2</run_address>
         <size>0x2cd</size>
         <input_file_ref idref="fl-c"/>
      </object_component>
      <object_component id="oc-22b">
         <name>.debug_info</name>
         <load_address>0x1076f</load_address>
         <run_address>0x1076f</run_address>
         <size>0xf9e</size>
         <input_file_ref idref="fl-d"/>
      </object_component>
      <object_component id="oc-200">
         <name>.debug_info</name>
         <load_address>0x1170d</load_address>
         <run_address>0x1170d</run_address>
         <size>0x3e5</size>
         <input_file_ref idref="fl-d"/>
      </object_component>
      <object_component id="oc-28">
         <name>.debug_info</name>
         <load_address>0x11af2</load_address>
         <run_address>0x11af2</run_address>
         <size>0x160</size>
         <input_file_ref idref="fl-c3"/>
      </object_component>
      <object_component id="oc-90">
         <name>.debug_info</name>
         <load_address>0x11c52</load_address>
         <run_address>0x11c52</run_address>
         <size>0xf9</size>
         <input_file_ref idref="fl-c4"/>
      </object_component>
      <object_component id="oc-18">
         <name>.debug_info</name>
         <load_address>0x11d4b</load_address>
         <run_address>0x11d4b</run_address>
         <size>0x245</size>
         <input_file_ref idref="fl-c4"/>
      </object_component>
      <object_component id="oc-34">
         <name>.debug_info</name>
         <load_address>0x11f90</load_address>
         <run_address>0x11f90</run_address>
         <size>0x60</size>
         <input_file_ref idref="fl-c4"/>
      </object_component>
      <object_component id="oc-8b">
         <name>.debug_info</name>
         <load_address>0x11ff0</load_address>
         <run_address>0x11ff0</run_address>
         <size>0x46</size>
         <input_file_ref idref="fl-c4"/>
      </object_component>
      <object_component id="oc-49">
         <name>.debug_info</name>
         <load_address>0x12036</load_address>
         <run_address>0x12036</run_address>
         <size>0x140</size>
         <input_file_ref idref="fl-c5"/>
      </object_component>
      <object_component id="oc-1b">
         <name>.debug_info</name>
         <load_address>0x12176</load_address>
         <run_address>0x12176</run_address>
         <size>0x1df</size>
         <input_file_ref idref="fl-c5"/>
      </object_component>
      <object_component id="oc-44">
         <name>.debug_info</name>
         <load_address>0x12355</load_address>
         <run_address>0x12355</run_address>
         <size>0x46</size>
         <input_file_ref idref="fl-c5"/>
      </object_component>
      <object_component id="oc-92">
         <name>.debug_info</name>
         <load_address>0x1239b</load_address>
         <run_address>0x1239b</run_address>
         <size>0x2c</size>
         <input_file_ref idref="fl-c5"/>
      </object_component>
      <object_component id="oc-55">
         <name>.debug_info</name>
         <load_address>0x123c7</load_address>
         <run_address>0x123c7</run_address>
         <size>0x12f</size>
         <input_file_ref idref="fl-c6"/>
      </object_component>
      <object_component id="oc-22">
         <name>.debug_info</name>
         <load_address>0x124f6</load_address>
         <run_address>0x124f6</run_address>
         <size>0x1aa</size>
         <input_file_ref idref="fl-c6"/>
      </object_component>
      <object_component id="oc-50">
         <name>.debug_info</name>
         <load_address>0x126a0</load_address>
         <run_address>0x126a0</run_address>
         <size>0x46</size>
         <input_file_ref idref="fl-c6"/>
      </object_component>
      <object_component id="oc-9a">
         <name>.debug_info</name>
         <load_address>0x126e6</load_address>
         <run_address>0x126e6</run_address>
         <size>0x2c</size>
         <input_file_ref idref="fl-c6"/>
      </object_component>
      <object_component id="oc-c0">
         <name>.debug_info</name>
         <load_address>0x12712</load_address>
         <run_address>0x12712</run_address>
         <size>0x234</size>
         <input_file_ref idref="fl-c7"/>
      </object_component>
      <object_component id="oc-ba">
         <name>.debug_info</name>
         <load_address>0x12946</load_address>
         <run_address>0x12946</run_address>
         <size>0x185</size>
         <input_file_ref idref="fl-c7"/>
      </object_component>
      <object_component id="oc-71">
         <name>.debug_info</name>
         <load_address>0x12acb</load_address>
         <run_address>0x12acb</run_address>
         <size>0x214</size>
         <input_file_ref idref="fl-c7"/>
      </object_component>
      <object_component id="oc-3f">
         <name>.debug_info</name>
         <load_address>0x12cdf</load_address>
         <run_address>0x12cdf</run_address>
         <size>0x111</size>
         <input_file_ref idref="fl-c8"/>
      </object_component>
      <object_component id="oc-4b">
         <name>.debug_info</name>
         <load_address>0x12df0</load_address>
         <run_address>0x12df0</run_address>
         <size>0x13f</size>
         <input_file_ref idref="fl-c9"/>
      </object_component>
      <object_component id="oc-5a">
         <name>.debug_info</name>
         <load_address>0x12f2f</load_address>
         <run_address>0x12f2f</run_address>
         <size>0x138</size>
         <input_file_ref idref="fl-ca"/>
      </object_component>
      <object_component id="oc-5e">
         <name>.debug_info</name>
         <load_address>0x13067</load_address>
         <run_address>0x13067</run_address>
         <size>0x148</size>
         <input_file_ref idref="fl-cb"/>
      </object_component>
      <object_component id="oc-255">
         <name>.debug_info</name>
         <load_address>0x131af</load_address>
         <run_address>0x131af</run_address>
         <size>0x164</size>
         <input_file_ref idref="fl-cc"/>
      </object_component>
      <object_component id="oc-2a1">
         <name>.debug_info</name>
         <load_address>0x13313</load_address>
         <run_address>0x13313</run_address>
         <size>0xc1</size>
         <input_file_ref idref="fl-cc"/>
      </object_component>
      <object_component id="oc-75">
         <name>.debug_info</name>
         <load_address>0x133d4</load_address>
         <run_address>0x133d4</run_address>
         <size>0x109</size>
         <input_file_ref idref="fl-cd"/>
      </object_component>
      <object_component id="oc-264">
         <name>.debug_info</name>
         <load_address>0x134dd</load_address>
         <run_address>0x134dd</run_address>
         <size>0x67d</size>
         <input_file_ref idref="fl-ce"/>
      </object_component>
      <object_component id="oc-268">
         <name>.debug_info</name>
         <load_address>0x13b5a</load_address>
         <run_address>0x13b5a</run_address>
         <size>0x14d</size>
         <input_file_ref idref="fl-ce"/>
      </object_component>
      <object_component id="oc-2d8">
         <name>.debug_info</name>
         <load_address>0x13ca7</load_address>
         <run_address>0x13ca7</run_address>
         <size>0x159</size>
         <input_file_ref idref="fl-ce"/>
      </object_component>
      <object_component id="oc-2b9">
         <name>.debug_info</name>
         <load_address>0x13e00</load_address>
         <run_address>0x13e00</run_address>
         <size>0x151</size>
         <input_file_ref idref="fl-ce"/>
      </object_component>
      <object_component id="oc-2c3">
         <name>.debug_info</name>
         <load_address>0x13f51</load_address>
         <run_address>0x13f51</run_address>
         <size>0x10d</size>
         <input_file_ref idref="fl-ce"/>
      </object_component>
      <object_component id="oc-2dd">
         <name>.debug_info</name>
         <load_address>0x1405e</load_address>
         <run_address>0x1405e</run_address>
         <size>0x112</size>
         <input_file_ref idref="fl-ce"/>
      </object_component>
      <object_component id="oc-28a">
         <name>.debug_info</name>
         <load_address>0x14170</load_address>
         <run_address>0x14170</run_address>
         <size>0x117</size>
         <input_file_ref idref="fl-ce"/>
      </object_component>
      <object_component id="oc-2be">
         <name>.debug_info</name>
         <load_address>0x14287</load_address>
         <run_address>0x14287</run_address>
         <size>0x11c</size>
         <input_file_ref idref="fl-ce"/>
      </object_component>
      <object_component id="oc-245">
         <name>.debug_info</name>
         <load_address>0x143a3</load_address>
         <run_address>0x143a3</run_address>
         <size>0x153</size>
         <input_file_ref idref="fl-ce"/>
      </object_component>
      <object_component id="oc-2ac">
         <name>.debug_info</name>
         <load_address>0x144f6</load_address>
         <run_address>0x144f6</run_address>
         <size>0x11b</size>
         <input_file_ref idref="fl-ce"/>
      </object_component>
      <object_component id="oc-2ee">
         <name>.debug_info</name>
         <load_address>0x14611</load_address>
         <run_address>0x14611</run_address>
         <size>0x14b</size>
         <input_file_ref idref="fl-ce"/>
      </object_component>
      <object_component id="oc-27e">
         <name>.debug_info</name>
         <load_address>0x1475c</load_address>
         <run_address>0x1475c</run_address>
         <size>0x13f</size>
         <input_file_ref idref="fl-ce"/>
      </object_component>
      <object_component id="oc-25a">
         <name>.debug_info</name>
         <load_address>0x1489b</load_address>
         <run_address>0x1489b</run_address>
         <size>0x145</size>
         <input_file_ref idref="fl-ce"/>
      </object_component>
      <object_component id="oc-2e9">
         <name>.debug_info</name>
         <load_address>0x149e0</load_address>
         <run_address>0x149e0</run_address>
         <size>0x13f</size>
         <input_file_ref idref="fl-ce"/>
      </object_component>
      <object_component id="oc-2d3">
         <name>.debug_info</name>
         <load_address>0x14b1f</load_address>
         <run_address>0x14b1f</run_address>
         <size>0x143</size>
         <input_file_ref idref="fl-ce"/>
      </object_component>
      <object_component id="oc-2c8">
         <name>.debug_info</name>
         <load_address>0x14c62</load_address>
         <run_address>0x14c62</run_address>
         <size>0x120</size>
         <input_file_ref idref="fl-ce"/>
      </object_component>
      <object_component id="oc-2f8">
         <name>.debug_info</name>
         <load_address>0x14d82</load_address>
         <run_address>0x14d82</run_address>
         <size>0x150</size>
         <input_file_ref idref="fl-ce"/>
      </object_component>
      <object_component id="oc-2a7">
         <name>.debug_info</name>
         <load_address>0x14ed2</load_address>
         <run_address>0x14ed2</run_address>
         <size>0x144</size>
         <input_file_ref idref="fl-ce"/>
      </object_component>
      <object_component id="oc-279">
         <name>.debug_info</name>
         <load_address>0x15016</load_address>
         <run_address>0x15016</run_address>
         <size>0x14a</size>
         <input_file_ref idref="fl-ce"/>
      </object_component>
      <object_component id="oc-2f3">
         <name>.debug_info</name>
         <load_address>0x15160</load_address>
         <run_address>0x15160</run_address>
         <size>0x144</size>
         <input_file_ref idref="fl-ce"/>
      </object_component>
      <object_component id="oc-2e4">
         <name>.debug_info</name>
         <load_address>0x152a4</load_address>
         <run_address>0x152a4</run_address>
         <size>0x148</size>
         <input_file_ref idref="fl-ce"/>
      </object_component>
      <object_component id="oc-25f">
         <name>.debug_info</name>
         <load_address>0x153ec</load_address>
         <run_address>0x153ec</run_address>
         <size>0x10ad</size>
         <input_file_ref idref="fl-ce"/>
      </object_component>
      <object_component id="oc-294">
         <name>.debug_info</name>
         <load_address>0x16499</load_address>
         <run_address>0x16499</run_address>
         <size>0x582</size>
         <input_file_ref idref="fl-ce"/>
      </object_component>
      <object_component id="oc-29b">
         <name>.debug_info</name>
         <load_address>0x16a1b</load_address>
         <run_address>0x16a1b</run_address>
         <size>0x2c</size>
         <input_file_ref idref="fl-ce"/>
      </object_component>
      <object_component id="oc-28f">
         <name>.debug_info</name>
         <load_address>0x16a47</load_address>
         <run_address>0x16a47</run_address>
         <size>0xec</size>
         <input_file_ref idref="fl-ce"/>
      </object_component>
      <object_component id="oc-cc">
         <name>.debug_info</name>
         <load_address>0x16b33</load_address>
         <run_address>0x16b33</run_address>
         <size>0x17d</size>
         <input_file_ref idref="fl-cf"/>
      </object_component>
      <object_component id="oc-1b5">
         <name>.debug_info</name>
         <load_address>0x16cb0</load_address>
         <run_address>0x16cb0</run_address>
         <size>0x124</size>
         <input_file_ref idref="fl-d0"/>
      </object_component>
      <object_component id="oc-bd">
         <name>.debug_info</name>
         <load_address>0x16dd4</load_address>
         <run_address>0x16dd4</run_address>
         <size>0x113</size>
         <input_file_ref idref="fl-d0"/>
      </object_component>
      <object_component id="oc-1af">
         <name>.debug_info</name>
         <load_address>0x16ee7</load_address>
         <run_address>0x16ee7</run_address>
         <size>0x21f</size>
         <input_file_ref idref="fl-d0"/>
      </object_component>
      <object_component id="oc-b8">
         <name>.debug_info</name>
         <load_address>0x17106</load_address>
         <run_address>0x17106</run_address>
         <size>0x166</size>
         <input_file_ref idref="fl-d1"/>
      </object_component>
      <object_component id="oc-6a">
         <name>.debug_info</name>
         <load_address>0x1726c</load_address>
         <run_address>0x1726c</run_address>
         <size>0x167</size>
         <input_file_ref idref="fl-d1"/>
      </object_component>
      <object_component id="oc-1a6">
         <name>.debug_info</name>
         <load_address>0x173d3</load_address>
         <run_address>0x173d3</run_address>
         <size>0x5e</size>
         <input_file_ref idref="fl-d1"/>
      </object_component>
      <object_component id="oc-b0">
         <name>.debug_info</name>
         <load_address>0x17431</load_address>
         <run_address>0x17431</run_address>
         <size>0x2e9</size>
         <input_file_ref idref="fl-d2"/>
      </object_component>
      <object_component id="oc-64">
         <name>.debug_info</name>
         <load_address>0x1771a</load_address>
         <run_address>0x1771a</run_address>
         <size>0x190</size>
         <input_file_ref idref="fl-d2"/>
      </object_component>
      <object_component id="oc-173">
         <name>.debug_info</name>
         <load_address>0x178aa</load_address>
         <run_address>0x178aa</run_address>
         <size>0x39</size>
         <input_file_ref idref="fl-d2"/>
      </object_component>
      <object_component id="oc-178">
         <name>.debug_info</name>
         <load_address>0x178e3</load_address>
         <run_address>0x178e3</run_address>
         <size>0xcd</size>
         <input_file_ref idref="fl-d2"/>
      </object_component>
      <object_component id="oc-16f">
         <name>.debug_info</name>
         <load_address>0x179b0</load_address>
         <run_address>0x179b0</run_address>
         <size>0x1e0</size>
         <input_file_ref idref="fl-d3"/>
      </object_component>
      <object_component id="oc-a6">
         <name>.debug_info</name>
         <load_address>0x17b90</load_address>
         <run_address>0x17b90</run_address>
         <size>0x183</size>
         <input_file_ref idref="fl-d3"/>
      </object_component>
      <object_component id="oc-1f8">
         <name>.debug_info</name>
         <load_address>0x17d13</load_address>
         <run_address>0x17d13</run_address>
         <size>0x2c</size>
         <input_file_ref idref="fl-d3"/>
      </object_component>
      <object_component id="oc-2b7">
         <name>.debug_info</name>
         <load_address>0x17d3f</load_address>
         <run_address>0x17d3f</run_address>
         <size>0xfc</size>
         <input_file_ref idref="fl-d4"/>
      </object_component>
      <object_component id="oc-285">
         <name>.debug_info</name>
         <load_address>0x17e3b</load_address>
         <run_address>0x17e3b</run_address>
         <size>0x164</size>
         <input_file_ref idref="fl-d4"/>
      </object_component>
      <object_component id="oc-274">
         <name>.debug_info</name>
         <load_address>0x17f9f</load_address>
         <run_address>0x17f9f</run_address>
         <size>0x163</size>
         <input_file_ref idref="fl-d5"/>
      </object_component>
      <object_component id="oc-89">
         <name>.debug_info</name>
         <load_address>0x18102</load_address>
         <run_address>0x18102</run_address>
         <size>0x222</size>
         <input_file_ref idref="fl-d6"/>
      </object_component>
      <object_component id="oc-31">
         <name>.debug_info</name>
         <load_address>0x18324</load_address>
         <run_address>0x18324</run_address>
         <size>0x101</size>
         <input_file_ref idref="fl-d6"/>
      </object_component>
      <object_component id="oc-2cd">
         <name>.debug_info</name>
         <load_address>0x18425</load_address>
         <run_address>0x18425</run_address>
         <size>0x14c</size>
         <input_file_ref idref="fl-d6"/>
      </object_component>
      <object_component id="oc-2b1">
         <name>.debug_info</name>
         <load_address>0x18571</load_address>
         <run_address>0x18571</run_address>
         <size>0x885</size>
         <input_file_ref idref="fl-d6"/>
      </object_component>
      <object_component id="oc-162">
         <name>.debug_info</name>
         <load_address>0x18df6</load_address>
         <run_address>0x18df6</run_address>
         <size>0x2c</size>
         <input_file_ref idref="fl-d6"/>
      </object_component>
      <object_component id="oc-167">
         <name>.debug_info</name>
         <load_address>0x18e22</load_address>
         <run_address>0x18e22</run_address>
         <size>0x62</size>
         <input_file_ref idref="fl-d6"/>
      </object_component>
      <object_component id="oc-aa">
         <name>.debug_info</name>
         <load_address>0x18e84</load_address>
         <run_address>0x18e84</run_address>
         <size>0x145</size>
         <input_file_ref idref="fl-d7"/>
      </object_component>
      <object_component id="oc-327">
         <name>.debug_info</name>
         <load_address>0x18fc9</load_address>
         <run_address>0x18fc9</run_address>
         <size>0xb5</size>
      </object_component>
      <object_component id="oc-229">
         <name>.debug_line</name>
         <load_address>0x0</load_address>
         <run_address>0x0</run_address>
         <size>0xfa</size>
         <input_file_ref idref="fl-2"/>
      </object_component>
      <object_component id="oc-21b">
         <name>.debug_line</name>
         <load_address>0xfa</load_address>
         <run_address>0xfa</run_address>
         <size>0x2f</size>
         <input_file_ref idref="fl-2"/>
      </object_component>
      <object_component id="oc-21d">
         <name>.debug_line</name>
         <load_address>0x129</load_address>
         <run_address>0x129</run_address>
         <size>0x2f</size>
         <input_file_ref idref="fl-2"/>
      </object_component>
      <object_component id="oc-b5">
         <name>.debug_line</name>
         <load_address>0x158</load_address>
         <run_address>0x158</run_address>
         <size>0xe5</size>
         <input_file_ref idref="fl-2"/>
      </object_component>
      <object_component id="oc-e2">
         <name>.debug_line</name>
         <load_address>0x23d</load_address>
         <run_address>0x23d</run_address>
         <size>0x79</size>
         <input_file_ref idref="fl-2"/>
      </object_component>
      <object_component id="oc-1ef">
         <name>.debug_line</name>
         <load_address>0x2b6</load_address>
         <run_address>0x2b6</run_address>
         <size>0x55</size>
         <input_file_ref idref="fl-2"/>
      </object_component>
      <object_component id="oc-1a2">
         <name>.debug_line</name>
         <load_address>0x30b</load_address>
         <run_address>0x30b</run_address>
         <size>0x52</size>
         <input_file_ref idref="fl-2"/>
      </object_component>
      <object_component id="oc-193">
         <name>.debug_line</name>
         <load_address>0x35d</load_address>
         <run_address>0x35d</run_address>
         <size>0x7c</size>
         <input_file_ref idref="fl-2"/>
      </object_component>
      <object_component id="oc-19d">
         <name>.debug_line</name>
         <load_address>0x3d9</load_address>
         <run_address>0x3d9</run_address>
         <size>0x64</size>
         <input_file_ref idref="fl-2"/>
      </object_component>
      <object_component id="oc-198">
         <name>.debug_line</name>
         <load_address>0x43d</load_address>
         <run_address>0x43d</run_address>
         <size>0x62</size>
         <input_file_ref idref="fl-2"/>
      </object_component>
      <object_component id="oc-221">
         <name>.debug_line</name>
         <load_address>0x49f</load_address>
         <run_address>0x49f</run_address>
         <size>0x60</size>
         <input_file_ref idref="fl-2"/>
      </object_component>
      <object_component id="oc-150">
         <name>.debug_line</name>
         <load_address>0x4ff</load_address>
         <run_address>0x4ff</run_address>
         <size>0x5e</size>
         <input_file_ref idref="fl-2"/>
      </object_component>
      <object_component id="oc-157">
         <name>.debug_line</name>
         <load_address>0x55d</load_address>
         <run_address>0x55d</run_address>
         <size>0x20</size>
         <input_file_ref idref="fl-2"/>
      </object_component>
      <object_component id="oc-1f4">
         <name>.debug_line</name>
         <load_address>0x57d</load_address>
         <run_address>0x57d</run_address>
         <size>0x65</size>
         <input_file_ref idref="fl-2"/>
      </object_component>
      <object_component id="oc-15f">
         <name>.debug_line</name>
         <load_address>0x5e2</load_address>
         <run_address>0x5e2</run_address>
         <size>0x40</size>
         <input_file_ref idref="fl-3"/>
      </object_component>
      <object_component id="oc-85">
         <name>.debug_line</name>
         <load_address>0x622</load_address>
         <run_address>0x622</run_address>
         <size>0x40</size>
         <input_file_ref idref="fl-3"/>
      </object_component>
      <object_component id="oc-7d">
         <name>.debug_line</name>
         <load_address>0x662</load_address>
         <run_address>0x662</run_address>
         <size>0x71</size>
         <input_file_ref idref="fl-3"/>
      </object_component>
      <object_component id="oc-3c">
         <name>.debug_line</name>
         <load_address>0x6d3</load_address>
         <run_address>0x6d3</run_address>
         <size>0x20</size>
         <input_file_ref idref="fl-3"/>
      </object_component>
      <object_component id="oc-1c0">
         <name>.debug_line</name>
         <load_address>0x6f3</load_address>
         <run_address>0x6f3</run_address>
         <size>0x65</size>
         <input_file_ref idref="fl-3"/>
      </object_component>
      <object_component id="oc-227">
         <name>.debug_line</name>
         <load_address>0x758</load_address>
         <run_address>0x758</run_address>
         <size>0x3b</size>
         <input_file_ref idref="fl-4"/>
      </object_component>
      <object_component id="oc-c8">
         <name>.debug_line</name>
         <load_address>0x793</load_address>
         <run_address>0x793</run_address>
         <size>0x13d</size>
         <input_file_ref idref="fl-4"/>
      </object_component>
      <object_component id="oc-23c">
         <name>.debug_line</name>
         <load_address>0x8d0</load_address>
         <run_address>0x8d0</run_address>
         <size>0x20</size>
         <input_file_ref idref="fl-5"/>
      </object_component>
      <object_component id="oc-185">
         <name>.debug_line</name>
         <load_address>0x8f0</load_address>
         <run_address>0x8f0</run_address>
         <size>0xa4</size>
         <input_file_ref idref="fl-5"/>
      </object_component>
      <object_component id="oc-216">
         <name>.debug_line</name>
         <load_address>0x994</load_address>
         <run_address>0x994</run_address>
         <size>0x3e</size>
         <input_file_ref idref="fl-5"/>
      </object_component>
      <object_component id="oc-23a">
         <name>.debug_line</name>
         <load_address>0x9d2</load_address>
         <run_address>0x9d2</run_address>
         <size>0x74</size>
         <input_file_ref idref="fl-b"/>
      </object_component>
      <object_component id="oc-243">
         <name>.debug_line</name>
         <load_address>0xa46</load_address>
         <run_address>0xa46</run_address>
         <size>0x38</size>
         <input_file_ref idref="fl-b"/>
      </object_component>
      <object_component id="oc-20e">
         <name>.debug_line</name>
         <load_address>0xa7e</load_address>
         <run_address>0xa7e</run_address>
         <size>0x38</size>
         <input_file_ref idref="fl-b"/>
      </object_component>
      <object_component id="oc-252">
         <name>.debug_line</name>
         <load_address>0xab6</load_address>
         <run_address>0xab6</run_address>
         <size>0x38</size>
         <input_file_ref idref="fl-b"/>
      </object_component>
      <object_component id="oc-238">
         <name>.debug_line</name>
         <load_address>0xaee</load_address>
         <run_address>0xaee</run_address>
         <size>0x38</size>
         <input_file_ref idref="fl-b"/>
      </object_component>
      <object_component id="oc-270">
         <name>.debug_line</name>
         <load_address>0xb26</load_address>
         <run_address>0xb26</run_address>
         <size>0x38</size>
         <input_file_ref idref="fl-b"/>
      </object_component>
      <object_component id="oc-24d">
         <name>.debug_line</name>
         <load_address>0xb5e</load_address>
         <run_address>0xb5e</run_address>
         <size>0x38</size>
         <input_file_ref idref="fl-b"/>
      </object_component>
      <object_component id="oc-232">
         <name>.debug_line</name>
         <load_address>0xb96</load_address>
         <run_address>0xb96</run_address>
         <size>0x20</size>
         <input_file_ref idref="fl-b"/>
      </object_component>
      <object_component id="oc-208">
         <name>.debug_line</name>
         <load_address>0xbb6</load_address>
         <run_address>0xbb6</run_address>
         <size>0x20</size>
         <input_file_ref idref="fl-b"/>
      </object_component>
      <object_component id="oc-17e">
         <name>.debug_line</name>
         <load_address>0xbd6</load_address>
         <run_address>0xbd6</run_address>
         <size>0x1bc</size>
         <input_file_ref idref="fl-b"/>
      </object_component>
      <object_component id="oc-1eb">
         <name>.debug_line</name>
         <load_address>0xd92</load_address>
         <run_address>0xd92</run_address>
         <size>0x20</size>
         <input_file_ref idref="fl-c"/>
      </object_component>
      <object_component id="oc-1cd">
         <name>.debug_line</name>
         <load_address>0xdb2</load_address>
         <run_address>0xdb2</run_address>
         <size>0x34</size>
         <input_file_ref idref="fl-c"/>
      </object_component>
      <object_component id="oc-1cf">
         <name>.debug_line</name>
         <load_address>0xde6</load_address>
         <run_address>0xde6</run_address>
         <size>0x34</size>
         <input_file_ref idref="fl-c"/>
      </object_component>
      <object_component id="oc-1d1">
         <name>.debug_line</name>
         <load_address>0xe1a</load_address>
         <run_address>0xe1a</run_address>
         <size>0x34</size>
         <input_file_ref idref="fl-c"/>
      </object_component>
      <object_component id="oc-1d3">
         <name>.debug_line</name>
         <load_address>0xe4e</load_address>
         <run_address>0xe4e</run_address>
         <size>0x34</size>
         <input_file_ref idref="fl-c"/>
      </object_component>
      <object_component id="oc-1d5">
         <name>.debug_line</name>
         <load_address>0xe82</load_address>
         <run_address>0xe82</run_address>
         <size>0x34</size>
         <input_file_ref idref="fl-c"/>
      </object_component>
      <object_component id="oc-1cb">
         <name>.debug_line</name>
         <load_address>0xeb6</load_address>
         <run_address>0xeb6</run_address>
         <size>0x34</size>
         <input_file_ref idref="fl-c"/>
      </object_component>
      <object_component id="oc-1d7">
         <name>.debug_line</name>
         <load_address>0xeea</load_address>
         <run_address>0xeea</run_address>
         <size>0x34</size>
         <input_file_ref idref="fl-c"/>
      </object_component>
      <object_component id="oc-1d9">
         <name>.debug_line</name>
         <load_address>0xf1e</load_address>
         <run_address>0xf1e</run_address>
         <size>0x34</size>
         <input_file_ref idref="fl-c"/>
      </object_component>
      <object_component id="oc-1db">
         <name>.debug_line</name>
[...]
      </symbol>
      <symbol id="sm-378">
         <name>__mpu_init</name>
         <value>0x1693</value>
         <object_component_ref idref="oc-56"/>
      </symbol>
      <symbol id="sm-382">
         <name>_system_pre_init</name>
         <value>0x1c21</value>
         <object_component_ref idref="oc-5c"/>
      </symbol>
      <symbol id="sm-391">
         <name>__cxa_pure_virtual</name>
         <value>0x1c17</value>
         <object_component_ref idref="oc-253"/>
      </symbol>
      <symbol id="sm-399">
         <name>main_func_sp</name>
         <value>0x20000c08</value>
         <object_component_ref idref="oc-74"/>
      </symbol>
      <symbol id="sm-459">
         <name>_ZSt16__dummy_typeinfo</name>
         <value>0x200007e0</value>
      </symbol>
      <symbol id="sm-45a">
         <name>_ZN10__cxxabiv120__function_type_infoD1Ev</name>
         <value>0x170d</value>
         <object_component_ref idref="oc-25e"/>
      </symbol>
      <symbol id="sm-45b">
         <name>_ZTIN10__cxxabiv119__pointer_type_infoE</name>
         <value>0x1d9c</value>
         <object_component_ref idref="oc-2d2"/>
      </symbol>
      <symbol id="sm-45c">
         <name>_ZTSSt9type_info</name>
         <value>0x1d74</value>
         <object_component_ref idref="oc-2c7"/>
      </symbol>
      <symbol id="sm-45d">
         <name>_ZN10__cxxabiv123__fundamental_type_infoD2Ev</name>
         <value>0x16ef</value>
         <object_component_ref idref="oc-25e"/>
      </symbol>
      <symbol id="sm-45e">
         <name>_ZN10__cxxabiv117__class_type_infoD1Ev</name>
         <value>0x172b</value>
         <object_component_ref idref="oc-25e"/>
      </symbol>
      <symbol id="sm-45f">
         <name>_ZN10__cxxabiv129__pointer_to_member_type_infoD2Ev</name>
         <value>0x16e5</value>
         <object_component_ref idref="oc-25e"/>
      </symbol>
      <symbol id="sm-460">
         <name>_ZN10__cxxabiv116__enum_type_infoD1Ev</name>
         <value>0x173f</value>
         <object_component_ref idref="oc-25e"/>
      </symbol>
      <symbol id="sm-461">
         <name>_ZN10__cxxabiv121__vmi_class_type_infoD1Ev</name>
         <value>0x16f9</value>
         <object_component_ref idref="oc-25e"/>
      </symbol>
      <symbol id="sm-462">
         <name>_ZTSN10__cxxabiv123__fundamental_type_infoE</name>
         <value>0x1c24</value>
         <object_component_ref idref="oc-2f7"/>
      </symbol>
      <symbol id="sm-463">
         <name>_ZN10__cxxabiv117__pbase_type_infoD1Ev</name>
         <value>0x1721</value>
         <object_component_ref idref="oc-25e"/>
      </symbol>
      <symbol id="sm-464">
         <name>_ZTVN10__cxxabiv123__fundamental_type_infoE</name>
         <value>0x1d64</value>
         <object_component_ref idref="oc-2d7"/>
      </symbol>
      <symbol id="sm-465">
         <name>_ZTSN10__cxxabiv120__si_class_type_infoE</name>
         <value>0x1c4c</value>
         <object_component_ref idref="oc-278"/>
      </symbol>
      <symbol id="sm-466">
         <name>_ZN10__cxxabiv117__array_type_infoD1Ev</name>
         <value>0x1735</value>
         <object_component_ref idref="oc-25e"/>
      </symbol>
      <symbol id="sm-467">
         <name>_ZTVN10__cxxabiv119__pointer_type_infoE</name>
         <value>0x1d44</value>
         <object_component_ref idref="oc-2b8"/>
      </symbol>
      <symbol id="sm-468">
         <name>_ZTSPKe</name>
         <value>0x1dfb</value>
         <object_component_ref idref="oc-2bd"/>
      </symbol>
      <symbol id="sm-469">
         <name>_ZNKSt9type_infoneERKS_</name>
         <value>0x16ab</value>
         <object_component_ref idref="oc-25e"/>
      </symbol>
      <symbol id="sm-46a">
         <name>_ZN10__cxxabiv119__pointer_type_infoD1Ev</name>
         <value>0x1717</value>
         <object_component_ref idref="oc-25e"/>
      </symbol>
      <symbol id="sm-46b">
         <name>_ZNSt9type_infoD2Ev</name>
         <value>0x169d</value>
         <object_component_ref idref="oc-25e"/>
      </symbol>
      <symbol id="sm-46c">
         <name>_ZNKSt9type_info6beforeERKS_</name>
         <value>0x16d7</value>
         <object_component_ref idref="oc-25e"/>
      </symbol>
      <symbol id="sm-46d">
         <name>_ZN10__cxxabiv123__fundamental_type_infoD1Ev</name>
         <value>0x16ef</value>
         <object_component_ref idref="oc-25e"/>
      </symbol>
      <symbol id="sm-46e">
         <name>_ZTSN10__cxxabiv119__pointer_type_infoE</name>
         <value>0x1c71</value>
         <object_component_ref idref="oc-2e3"/>
      </symbol>
      <symbol id="sm-46f">
         <name>_ZN10__cxxabiv121__vmi_class_type_infoD2Ev</name>
         <value>0x16f9</value>
         <object_component_ref idref="oc-25e"/>
      </symbol>
      <symbol id="sm-470">
         <name>_ZTSN10__cxxabiv117__class_type_infoE</name>
         <value>0x1c95</value>
         <object_component_ref idref="oc-2a6"/>
      </symbol>
      <symbol id="sm-471">
         <name>_ZN10__cxxabiv120__function_type_infoD2Ev</name>
         <value>0x170d</value>
         <object_component_ref idref="oc-25e"/>
      </symbol>
      <symbol id="sm-472">
         <name>_ZN10__cxxabiv117__class_type_infoD2Ev</name>
         <value>0x172b</value>
         <object_component_ref idref="oc-25e"/>
      </symbol>
      <symbol id="sm-473">
         <name>_ZN10__cxxabiv116__enum_type_infoD2Ev</name>
         <value>0x173f</value>
         <object_component_ref idref="oc-25e"/>
      </symbol>
      <symbol id="sm-474">
         <name>_ZN10__cxxabiv119__pointer_type_infoD2Ev</name>
         <value>0x1717</value>
         <object_component_ref idref="oc-25e"/>
      </symbol>
      <symbol id="sm-475">
         <name>_ZN10__cxxabiv120__si_class_type_infoD2Ev</name>
         <value>0x1703</value>
         <object_component_ref idref="oc-25e"/>
      </symbol>
      <symbol id="sm-476">
         <name>_ZN10__cxxabiv117__pbase_type_infoD2Ev</name>
         <value>0x1721</value>
         <object_component_ref idref="oc-25e"/>
      </symbol>
      <symbol id="sm-477">
         <name>_ZTVN10__cxxabiv117__class_type_infoE</name>
         <value>0x1d34</value>
         <object_component_ref idref="oc-267"/>
      </symbol>
      <symbol id="sm-478">
         <name>_ZN10__cxxabiv117__array_type_infoD2Ev</name>
         <value>0x1735</value>
         <object_component_ref idref="oc-25e"/>
      </symbol>
      <symbol id="sm-479">
         <name>_ZNSt9type_infoD1Ev</name>
         <value>0x169d</value>
         <object_component_ref idref="oc-25e"/>
      </symbol>
      <symbol id="sm-47a">
         <name>_ZTIN10__cxxabiv123__fundamental_type_infoE</name>
         <value>0x1db4</value>
         <object_component_ref idref="oc-2ed"/>
      </symbol>
      <symbol id="sm-47b">
         <name>_ZTISt9type_info</name>
         <value>0x1de4</value>
         <object_component_ref idref="oc-2ab"/>
      </symbol>
      <symbol id="sm-47c">
         <name>_ZN10__cxxabiv123__fundamental_type_infoD0Ev</name>
         <value>0x16f1</value>
         <object_component_ref idref="oc-25e"/>
      </symbol>
      <symbol id="sm-47d">
         <name>_ZTIN10__cxxabiv117__pbase_type_infoE</name>
         <value>0x1d90</value>
         <object_component_ref idref="oc-2e8"/>
      </symbol>
      <symbol id="sm-47e">
         <name>_ZTSe</name>
         <value>0x1d81</value>
         <object_component_ref idref="oc-2dc"/>
      </symbol>
      <symbol id="sm-47f">
         <name>_ZNKSt9type_info4nameEv</name>
         <value>0x16a7</value>
         <object_component_ref idref="oc-25e"/>
      </symbol>
      <symbol id="sm-480">
         <name>_ZTIN10__cxxabiv117__class_type_infoE</name>
         <value>0x1d84</value>
         <object_component_ref idref="oc-27d"/>
      </symbol>
      <symbol id="sm-481">
         <name>_ZN10__cxxabiv129__pointer_to_member_type_infoD0Ev</name>
         <value>0x16e7</value>
         <object_component_ref idref="oc-25e"/>
      </symbol>
      <symbol id="sm-482">
         <name>_ZN10__cxxabiv120__si_class_type_infoD1Ev</name>
         <value>0x1703</value>
         <object_component_ref idref="oc-25e"/>
      </symbol>
      <symbol id="sm-483">
         <name>_ZTIN10__cxxabiv120__si_class_type_infoE</name>
         <value>0x1da8</value>
         <object_component_ref idref="oc-259"/>
      </symbol>
      <symbol id="sm-484">
         <name>_ZNSt9type_infoD0Ev</name>
         <value>0x169f</value>
         <object_component_ref idref="oc-25e"/>
      </symbol>
      <symbol id="sm-485">
         <name>_ZN10__cxxabiv120__function_type_infoD0Ev</name>
         <value>0x170f</value>
         <object_component_ref idref="oc-25e"/>
      </symbol>
      <symbol id="sm-486">
         <name>_ZN10__cxxabiv117__class_type_infoD0Ev</name>
         <value>0x172d</value>
         <object_component_ref idref="oc-25e"/>
      </symbol>
      <symbol id="sm-487">
         <name>_ZTSN10__cxxabiv117__pbase_type_infoE</name>
         <value>0x1cb7</value>
         <object_component_ref idref="oc-2f2"/>
      </symbol>
      <symbol id="sm-488">
         <name>_ZN10__cxxabiv116__enum_type_infoD0Ev</name>
         <value>0x1741</value>
         <object_component_ref idref="oc-25e"/>
      </symbol>
      <symbol id="sm-489">
         <name>_ZTIe</name>
         <value>0x1dec</value>
         <object_component_ref idref="oc-2c2"/>
      </symbol>
      <symbol id="sm-48a">
         <name>_ZN10__cxxabiv121__vmi_class_type_infoD0Ev</name>
         <value>0x16fb</value>
         <object_component_ref idref="oc-25e"/>
      </symbol>
      <symbol id="sm-48b">
         <name>_ZTVN10__cxxabiv120__si_class_type_infoE</name>
         <value>0x1d54</value>
         <object_component_ref idref="oc-244"/>
      </symbol>
      <symbol id="sm-48c">
         <name>_ZN10__cxxabiv117__pbase_type_infoD0Ev</name>
         <value>0x1723</value>
         <object_component_ref idref="oc-25e"/>
      </symbol>
      <symbol id="sm-48d">
         <name>_ZN10__cxxabiv117__array_type_infoD0Ev</name>
         <value>0x1737</value>
         <object_component_ref idref="oc-25e"/>
      </symbol>
      <symbol id="sm-48e">
         <name>_ZSt21__gen_dummy_typeinfosv</name>
         <value>0x1695</value>
         <object_component_ref idref="oc-25e"/>
      </symbol>
      <symbol id="sm-48f">
         <name>_ZN10__cxxabiv129__pointer_to_member_type_infoD1Ev</name>
         <value>0x16e5</value>
         <object_component_ref idref="oc-25e"/>
      </symbol>
      <symbol id="sm-490">
         <name>_ZN10__cxxabiv119__pointer_type_infoD0Ev</name>
         <value>0x1719</value>
         <object_component_ref idref="oc-25e"/>
      </symbol>
      <symbol id="sm-491">
         <name>_ZN10__cxxabiv120__si_class_type_infoD0Ev</name>
         <value>0x1705</value>
         <object_component_ref idref="oc-25e"/>
      </symbol>
      <symbol id="sm-492">
         <name>_ZTIPKe</name>
         <value>0x1d24</value>
         <object_component_ref idref="oc-289"/>
      </symbol>
      <symbol id="sm-493">
         <name>_ZNKSt9type_infoeqERKS_</name>
         <value>0x16c1</value>
         <object_component_ref idref="oc-25e"/>
      </symbol>
      <symbol id="sm-4af">
         <name>__aeabi_uldivmod</name>
         <value>0x125d</value>
         <object_component_ref idref="oc-cb"/>
      </symbol>
      <symbol id="sm-4c8">
         <name>_nop</name>
         <value>0x1b93</value>
         <object_component_ref idref="oc-1ad"/>
      </symbol>
      <symbol id="sm-4c9">
         <name>_lock</name>
         <value>0x20000c00</value>
         <object_component_ref idref="oc-bc"/>
      </symbol>
      <symbol id="sm-4ca">
         <name>_unlock</name>
         <value>0x20000c04</value>
         <object_component_ref idref="oc-bc"/>
      </symbol>
      <symbol id="sm-4cb">
         <name>_register_lock</name>
         <value>0x1b8b</value>
         <object_component_ref idref="oc-1ad"/>
      </symbol>
      <symbol id="sm-4cc">
         <name>_register_unlock</name>
         <value>0x1b85</value>
         <object_component_ref idref="oc-1ad"/>
      </symbol>
      <symbol id="sm-4e0">
         <name>_args_main</name>
         <value>0x1b59</value>
         <object_component_ref idref="oc-68"/>
      </symbol>
      <symbol id="sm-505">
         <name>__TI_auto_init</name>
         <value>0x1869</value>
         <object_component_ref idref="oc-62"/>
      </symbol>
      <symbol id="sm-51f">
         <name>copy_in</name>
         <value>0x1ad9</value>
         <object_component_ref idref="oc-a3"/>
      </symbol>
      <symbol id="sm-52d">
         <name>_ZdlPv</name>
         <value>0x1c0f</value>
         <object_component_ref idref="oc-282"/>
      </symbol>
      <symbol id="sm-537">
         <name>__abort_execution</name>
         <value>0x1c1d</value>
         <object_component_ref idref="oc-271"/>
      </symbol>
      <symbol id="sm-5ab">
         <name>_sys_memory</name>
         <value>0x200007e8</value>
         <object_component_ref idref="oc-30"/>
      </symbol>
      <symbol id="sm-5ac">
         <name>free</name>
         <value>0xa4f</value>
         <object_component_ref idref="oc-2b0"/>
      </symbol>
      <symbol id="sm-5ad">
         <name>realloc</name>
         <value>0xb11</value>
         <object_component_ref idref="oc-2b0"/>
      </symbol>
      <symbol id="sm-5ae">
         <name>memalign</name>
         <value>0xc19</value>
         <object_component_ref idref="oc-2b0"/>
      </symbol>
      <symbol id="sm-5af">
         <name>calloc</name>
         <value>0xd05</value>
         <object_component_ref idref="oc-2b0"/>
      </symbol>
      <symbol id="sm-5b0">
         <name>malloc</name>
         <value>0x9e5</value>
         <object_component_ref idref="oc-2b0"/>
      </symbol>
      <symbol id="sm-5b1">
         <name>minit</name>
         <value>0x965</value>
         <object_component_ref idref="oc-2b0"/>
      </symbol>
      <symbol id="sm-5bb">
         <name>_system_post_cinit</name>
         <value>0x1867</value>
         <object_component_ref idref="oc-a9"/>
      </symbol>
      <symbol id="sm-5bc">
         <name>__TI_static_base__</name>
         <value>0x0</value>
      </symbol>
      <symbol id="sm-5bf">
         <name>NMI_Handler</name>
         <value>0x1bdd</value>
      </symbol>
      <symbol id="sm-5c0">
         <name>HardFault_Handler</name>
         <value>0x1bdd</value>
      </symbol>
      <symbol id="sm-5c1">
         <name>MemManage_Handler</name>
         <value>0x1bdd</value>
      </symbol>
      <symbol id="sm-5c2">
         <name>BusFault_Handler</name>
         <value>0x1bdd</value>
      </symbol>
      <symbol id="sm-5c3">
         <name>UsageFault_Handler</name>
         <value>0x1bdd</value>
      </symbol>
      <symbol id="sm-5c4">
         <name>SVC_Handler</name>
         <value>0x1bdd</value>
      </symbol>
      <symbol id="sm-5c5">
         <name>DebugMon_Handler</name>
         <value>0x1bdd</value>
      </symbol>
      <symbol id="sm-5c6">
         <name>PendSV_Handler</name>
         <value>0x1bdd</value>
      </symbol>
      <symbol id="sm-5c7">
         <name>SysTick_Handler</name>
         <value>0x1bdd</value>
      </symbol>
      <symbol id="sm-5c8">
         <name>PSS_IRQHandler</name>
         <value>0x1bdd</value>
      </symbol>
      <symbol id="sm-5c9">
         <name>CS_IRQHandler</name>
         <value>0x1bdd</value>
      </symbol>
      <symbol id="sm-5ca">
         <name>PCM_IRQHandler</name>
         <value>0x1bdd</value>
      </symbol>
      <symbol id="sm-5cb">
         <name>WDT_A_IRQHandler</name>
         <value>0x1bdd</value>
      </symbol>
      <symbol id="sm-5cc">
         <name>FPU_IRQHandler</name>
         <value>0x1bdd</value>
      </symbol>
      <symbol id="sm-5cd">
         <name>FLCTL_IRQHandler</name>
         <value>0x1bdd</value>
      </symbol>
      <symbol id="sm-5ce">
         <name>COMP_E0_IRQHandler</name>
         <value>0x1bdd</value>
      </symbol>
      <symbol id="sm-5cf">
         <name>COMP_E1_IRQHandler</name>
         <value>0x1bdd</value>
      </symbol>
      <symbol id="sm-5d0">
         <name>TA0_0_IRQHandler</name>
         <value>0x1bdd</value>
      </symbol>
      <symbol id="sm-5d1">
         <name>TA0_N_IRQHandler</name>
         <value>0x1bdd</value>
      </symbol>
      <symbol id="sm-5d2">
         <name>TA1_0_IRQHandler</name>
         <value>0x1bdd</value>
      </symbol>
      <symbol id="sm-5d3">
         <name>TA1_N_IRQHandler</name>
         <value>0x1bdd</value>
      </symbol>
      <symbol id="sm-5d4">
         <name>TA2_0_IRQHandler</name>
         <value>0x1bdd</value>
      </symbol>
      <symbol id="sm-5d5">
         <name>TA2_N_IRQHandler</name>
         <value>0x1bdd</value>
      </symbol>
      <symbol id="sm-5d6">
         <name>TA3_0_IRQHandler</name>
         <value>0x1bdd</value>
      </symbol>
      <symbol id="sm-5d7">
         <name>TA3_N_IRQHandler</name>
         <value>0x1bdd</value>
      </symbol>
      <symbol id="sm-5d8">
         <name>EUSCIA0_IRQHandler</name>
         <value>0x1bdd</value>
      </symbol>
      <symbol id="sm-5d9">
         <name>EUSCIA1_IRQHandler</name>
         <value>0x58d</value>
      </symbol>
      <symbol id="sm-5da">
         <name>EUSCIA2_IRQHandler</name>
         <value>0x597</value>
      </symbol>
      <symbol id="sm-5db">
         <name>EUSCIA3_IRQHandler</name>
         <value>0x5a1</value>
      </symbol>
      <symbol id="sm-5dc">
         <name>EUSCIB0_IRQHandler</name>
         <value>0x1bdd</value>
      </symbol>
      <symbol id="sm-5dd">
         <name>EUSCIB1_IRQHandler</name>
         <value>0x1bdd</value>
      </symbol>
      <symbol id="sm-5de">
         <name>EUSCIB2_IRQHandler</name>
         <value>0x1bdd</value>
      </symbol>
      <symbol id="sm-5df">
         <name>EUSCIB3_IRQHandler</name>
         <value>0x1bdd</value>
      </symbol>
      <symbol id="sm-5e0">
         <name>ADC14_IRQHandler</name>
         <value>0x1bdd</value>
      </symbol>
      <symbol id="sm-5e1">
         <name>T32_INT1_IRQHandler</name>
         <value>0x1bdd</value>
      </symbol>
      <symbol id="sm-5e2">
         <name>T32_INT2_IRQHandler</name>
         <value>0x1bdd</value>
      </symbol>
      <symbol id="sm-5e3">
         <name>T32_INTC_IRQHandler</name>
         <value>0x1bdd</value>
      </symbol>
      <symbol id="sm-5e4">
         <name>AES256_IRQHandler</name>
         <value>0x1bdd</value>
      </symbol>
      <symbol id="sm-5e5">
         <name>RTC_C_IRQHandler</name>
         <value>0x1bdd</value>
      </symbol>
      <symbol id="sm-5e6">
         <name>DMA_ERR_IRQHandler</name>
         <value>0x1bdd</value>
      </symbol>
      <symbol id="sm-5e7">
         <name>DMA_INT3_IRQHandler</name>
         <value>0x1bdd</value>
      </symbol>
      <symbol id="sm-5e8">
         <name>DMA_INT2_IRQHandler</name>
         <value>0x1bdd</value>
      </symbol>
      <symbol id="sm-5e9">
         <name>DMA_INT1_IRQHandler</name>
         <value>0x1bdd</value>
      </symbol>
      <symbol id="sm-5ea">
         <name>DMA_INT0_IRQHandler</name>
         <value>0x1bdd</value>
      </symbol>
      <symbol id="sm-5eb">
         <name>PORT1_IRQHandler</name>
         <value>0x1bdd</value>
      </symbol>
      <symbol id="sm-5ec">
         <name>PORT2_IRQHandler</name>
         <value>0x1bdd</value>
      </symbol>
      <symbol id="sm-5ed">
         <name>PORT3_IRQHandler</name>
         <value>0x1bdd</value>
      </symbol>
      <symbol id="sm-5ee">
         <name>PORT4_IRQHandler</name>
         <value>0x1bdd</value>
      </symbol>
      <symbol id="sm-5ef">
         <name>PORT5_IRQHandler</name>
         <value>0x1bdd</value>
      </symbol>
      <symbol id="sm-5f0">
         <name>PORT6_IRQHandler</name>
         <value>0x1bdd</value>
      </symbol>
   </symbol_table>
   <title>Link successful</title>
</link_info>
